******************************************************************************
                  TI ARM Linker Unix v16.9.6                   
******************************************************************************
>> Linked Wed Mar  7 22:54:54 2018

OUTPUT FILE NAME:   <test/xwr16xx/xwr16xx_adcbuf_mss.xer4f>
ENTRY POINT SYMBOL: "_c_int00"  address: 00007a4c


MEMORY CONFIGURATION

         name            origin    length      used     unused   attr    fill
----------------------  --------  ---------  --------  --------  ----  --------
  VECTORS               00000000   00000100  0000003c  000000c4     X
  PROG_RAM              00000100   0003ff00  0000c066  00033e9a  R  X
  DATA_RAM              08000000   00030000  0000ded0  00022130  RW  
  L3_RAM                51000000   000a0000  00000000  000a0000  RW  
  HS_RAM                52080000   00008000  00000000  00008000  RW  


SEGMENT ALLOCATION MAP

run origin  load origin   length   init length attrs members
----------  ----------- ---------- ----------- ----- -------
00000000    00000000    0000003c   0000003c    r--
  00000000    00000000    0000003c   0000003c    r-- .vecs
00000100    00000100    0000c070   0000c070    r-x
  00000100    00000100    00009ba2   00009ba2    r-x .text
  00009ca8    00009ca8    0000222c   0000222c    r-- .const
  0000bed8    0000bed8    00000298   00000298    r-- .cinit
08000000    08000000    0000be38   00000000    rw-
  08000000    08000000    00008000   00000000    rw- systemHeap
  08008000    08008000    00002400   00000000    rw- .MCPILogBuffer
  0800a400    0800a400    00001a38   00000000    rw- .bss
0800be40    0800be40    00002098   00000000    rw-
  0800be40    0800be40    00001000   00000000    rw- .stack
  0800ce40    0800ce40    00000898   00000000    rw- .data
  0800d6d8    0800d6d8    00000800   00000000    rw- .myFiqStack


SECTION ALLOCATION MAP

 output                                  attributes/
section   page    origin      length       input sections
--------  ----  ----------  ----------   ----------------
.vecs      0    00000000    0000003c     
                  00000000    0000003c     mss_per4ft.oer4ft (.vecs)

.myFiqStack 
*          0    0800d6d8    00000800     UNINITIALIZED
                  0800d6d8    00000800     mss_per4ft.oer4ft (.myFiqStack)

xdc.meta   0    00000000    00000107     COPY SECTION
                  00000000    00000107     mss_per4ft.oer4ft (xdc.meta)

.text      0    00000100    00009ba2     
                  00000100    0000107a     rtsv7R4_T_le_v3D16_eabi.lib : _printfi.obj (.text)
                  0000117a    00000002     adcbuf_mmwave.oer4f (.text:ADCBUF_MMWave_init)
                  0000117c    0000087f     test_adcbuf.oer4f (.text:Test_ADCBUFCmdParamsCheckTest)
                  000019fb    00000001     --HOLE-- [fill = 0]
                  000019fc    00000588     test_adcbuf.oer4f (.text:Test_ADCBUFInitTask)
                  00001f84    0000000c     sysbios.aer4ft : arm_IntrinsicsSupport_asm.obj (.text:_ti_sysbios_family_arm_IntrinsicsSupport_maxbitA)
                  00001f90    000004d9                    : BIOS.obj (.text:xdc_runtime_System_doPrint__I)
                  00002469    00000001     --HOLE-- [fill = 0]
                  0000246a    00000002     rtsv7R4_T_le_v3D16_eabi.lib : i_div0.obj (.text)
                  0000246c    00000490     adcbuf_mmwave.oer4f (.text:ADCBUF_MMWave_control)
                  000028fc    00000328     test_adcbuf.oer4f (.text:Test_ADCBUFContModeConfig)
                  00002c24    0000000c     rtsv7R4_T_le_v3D16_eabi.lib : copy_zero_init.obj (.text:decompress:ZI)
                  00002c30    00000304     sysbios.aer4ft : BIOS.obj (.text:ti_sysbios_knl_Semaphore_pend__E)
                  00002f34    000002b8     rtsv7R4_T_le_v3D16_eabi.lib : ull_div32.obj (.text)
                  000031ec    00000004     libosal_xwr16xx.aer4f : HwiP_tirtos.oer4f (.text:HwiP_disableInterrupt)
                  000031f0    000002a0     sysbios.aer4ft : BIOS.obj (.text:ti_sysbios_heaps_HeapMem_freeUnprotected__E)
                  00003490    00000280                    : BIOS.obj (.text:ti_sysbios_family_arm_exc_Exception_excDumpContext__I)
                  00003710    00000264                    : BIOS.obj (.text:ti_sysbios_knl_Task_Instance_finalize__E)
                  00003974    00000238     libsoc_xwr16xx.aer4f : soc_xwr16xx_mss.oer4f (.text:SOC_deviceInit)
                  00003bac    00000004     libosal_xwr16xx.aer4f : HwiP_tirtos.oer4f (.text:HwiP_enableInterrupt)
                  00003bb0    00000228     sysbios.aer4ft : BIOS.obj (.text:ti_sysbios_heaps_HeapMem_allocUnprotected__E)
                  00003dd8    00000008     libosal_xwr16xx.aer4f : HwiP_tirtos.oer4f (.text:HwiP_disable)
                  00003de0    000001e4     sysbios.aer4ft : BIOS.obj (.text:ti_sysbios_family_arm_v7r_vim_Hwi_dispatchIRQC__I)
                  00003fc4    0000000c     mss_per4ft.oer4ft (.text:ti_sysbios_knl_Queue_Object__get__S)
                  00003fd0    000001cc     sysbios.aer4ft : BIOS.obj (.text:ti_sysbios_knl_Task_Module_startup__E)
                  0000419c    000001c8     rtsv7R4_T_le_v3D16_eabi.lib : fopen.obj (.text)
                  00004364    0000000a     ADCBuf.oer4f (.text:ADCBuf_close)
                  0000436e    00000002     mss_per4ft.oer4ft (.text:ti_sysbios_BIOS_nullFunc__I)
                  00004370    000001bc     sysbios.aer4ft : BIOS.obj (.text:ti_sysbios_knl_Task_Instance_init__E)
                  0000452c    00000004     mss_per4ft.oer4ft (.text:ti_sysbios_BIOS_RtsGateProxy_enter__E)
                  00004530    00000198     sysbios.aer4ft : BIOS.obj (.text:xdc_runtime_Error_policyDefault__E)
                  000046c8    0000018c     test_adcbuf.oer4f (.text:Test_ADCBUFVerifyDataPattern)
                  00004854    0000000a     ADCBuf.oer4f (.text:ADCBuf_control)
                  0000485e    00000002     mss_per4ft.oer4ft (.text:xdc_runtime_Startup_reset__I)
                  00004860    00000184     sysbios.aer4ft : BIOS.obj (.text:ti_sysbios_timers_rti_Timer_Module_startup__E)
                  000049e4    0000000a     ADCBuf.oer4f (.text:ADCBuf_getChanBufAddr)
                  000049ee    00000002     --HOLE-- [fill = 0]
                  000049f0    0000017c     sysbios.aer4ft : BIOS.obj (.text:ti_sysbios_family_arm_exc_Exception_excHandler__I)
                  00004b6c    00000004     mss_per4ft.oer4ft (.text:ti_sysbios_BIOS_RtsGateProxy_leave__E)
                  00004b70    00000160     sysbios.aer4ft : BIOS.obj (.text:ti_sysbios_family_arm_v7r_vim_Hwi_reconfig__E)
                  00004cd0    00000148                    : BIOS.obj (.text:ti_sysbios_knl_Semaphore_post__E)
                  00004e18    00000008     libosal_xwr16xx.aer4f : SemaphoreP_tirtos.oer4f (.text:SemaphoreP_Params_init)
                  00004e20    00000140     sysbios.aer4ft : BIOS.obj (.text:ti_sysbios_heaps_HeapMem_Instance_init__E)
                  00004f60    00000138     rtsv7R4_T_le_v3D16_eabi.lib : fputs.obj (.text)
                  00005098    00000006     libosal_xwr16xx.aer4f : HwiP_tirtos.oer4f (.text:HwiP_restore)
                  0000509e    00000002     --HOLE-- [fill = 0]
                  000050a0    00000138     sysbios.aer4ft : BIOS.obj (.text:ti_sysbios_knl_Clock_workFunc__E)
                  000051d8    00000004     mss_per4ft.oer4ft (.text:ti_sysbios_family_arm_TaskSupport_Module__startupDone__S)
                  000051dc    00000004     mss_per4ft.oer4ft (.text:ti_sysbios_heaps_HeapMem_Module_GateProxy_enter__E)
                  000051e0    00000138     sysbios.aer4ft : BIOS.obj (.text:xdc_runtime_Core_createObject__I)
                  00005318    00000004     mss_per4ft.oer4ft (.text:ti_sysbios_heaps_HeapMem_Module_GateProxy_leave__E)
                  0000531c    00000004     mss_per4ft.oer4ft (.text:ti_sysbios_knl_Clock_TimerProxy_getMaxTicks__E)
                  00005320    00000134     sysbios.aer4ft : BIOS.obj (.text:xdc_runtime_Startup_startMods__I)
                  00005454    00000120     adcbuf_mmwave.oer4f (.text:ADCBUF_MMWave_open)
                  00005574    00000120     libtestlogger_xwr16xx.aer4f : logger.oer4f (.text:MCPI_setFeatureTestResult)
                  00005694    0000000a     libosal_xwr16xx.aer4f : MemoryP_tirtos.oer4f (.text:MemoryP_ctrlFree)
                  0000569e    00000002     --HOLE-- [fill = 0]
                  000056a0    00000114     sysbios.aer4ft : BIOS.obj (.text:ti_sysbios_knl_Swi_run__I)
                  000057b4    0000000a     libosal_xwr16xx.aer4f : SemaphoreP_tirtos.oer4f (.text:SemaphoreP_post)
                  000057be    00000002     --HOLE-- [fill = 0]
                  000057c0    00000104     sysbios.aer4ft : BIOS.obj (.text:ti_sysbios_timers_rti_Timer_getFreq__E)
                  000058c4    0000000a                    : tms570_Core_asm.obj (.text:ti_sysbios_family_arm_v7r_tms570_Core_getId__E)
                  000058ce    00000002     --HOLE-- [fill = 0]
                  000058d0    00000100                    : BIOS.obj (.text:xdc_runtime_Core_constructObject__I)
                  000059d0    000000f8     mss_per4ft.oer4ft (.text:xdc_runtime_System_printfExtend__I)
                  00005ac8    000000ec     rtsv7R4_T_le_v3D16_eabi.lib : s_scalbn.obj (.text)
                  00005bb4    0000000a     mss_per4ft.oer4ft (.text:xdc_runtime_IHeap_alloc)
                  00005bbe    00000002     --HOLE-- [fill = 0]
                  00005bc0    000000ec     sysbios.aer4ft : BIOS.obj (.text:ti_sysbios_heaps_HeapBuf_Module_startup__E)
                  00005cac    00000004     mss_per4ft.oer4ft (.text:ti_sysbios_knl_Semaphore_delete)
                  00005cb0    000000e8     sysbios.aer4ft : BIOS.obj (.text:ti_sysbios_family_arm_v7r_vim_Hwi_Instance_init__E)
                  00005d98    000000dc     rtsv7R4_T_le_v3D16_eabi.lib : setvbuf.obj (.text)
                  00005e74    0000000a     mss_per4ft.oer4ft (.text:xdc_runtime_IHeap_free)
                  00005e7e    00000002     --HOLE-- [fill = 0]
                  00005e80    000000d4     sysbios.aer4ft : BIOS.obj (.text:ti_sysbios_knl_Task_schedule__I)
                  00005f54    000000d0                    : exc_Exception_asm.obj (.text:ti_sysbios_family_arm_exc_Exception_excHandlerAsm__I)
                  00006024    00000004     mss_per4ft.oer4ft (.text:xdc_runtime_System_Module_GateProxy_enter__E)
                  00006028    00000004     mss_per4ft.oer4ft (.text:xdc_runtime_System_Module_GateProxy_leave__E)
                  0000602c    00000004     --HOLE-- [fill = 0]
                  00006030    000000d0     sysbios.aer4ft : BIOS.obj (.text:ti_sysbios_knl_Task_exit__E)
                  00006100    000000cc     rtsv7R4_T_le_v3D16_eabi.lib : fflush.obj (.text)
                  000061cc    00000004     --HOLE-- [fill = 0]
                  000061d0    000000cc     sysbios.aer4ft : BIOS.obj (.text:ti_sysbios_knl_Task_checkStacks__E)
                  0000629c    00000004     --HOLE-- [fill = 0]
                  000062a0    000000c4                    : BIOS.obj (.text:ti_sysbios_family_arm_v7r_vim_Hwi_Module_startup__E)
                  00006364    0000000c     --HOLE-- [fill = 0]
                  00006370    000000c0                    : BIOS.obj (.text:ti_sysbios_timers_rti_Timer_startup__E)
                  00006430    000000bc     rtsv7R4_T_le_v3D16_eabi.lib : open.obj (.text)
                  000064ec    00000004     --HOLE-- [fill = 0]
                  000064f0    000000b8     sysbios.aer4ft : BIOS.obj (.text:ti_sysbios_knl_Task_postInit__I)
                  000065a8    000000b6     libsoc_xwr16xx.aer4f : soc_mpu.o (.text)
                  0000665e    00000002     --HOLE-- [fill = 0]
                  00006660    000000b4     sysbios.aer4ft : BIOS.obj (.text:ti_sysbios_gates_GateMutex_enter__E)
                  00006714    0000000c     --HOLE-- [fill = 0]
                  00006720    000000b4                    : BIOS.obj (.text:ti_sysbios_knl_Task_startCore__E)
                  000067d4    0000000c     --HOLE-- [fill = 0]
                  000067e0    000000b0                    : BIOS.obj (.text:xdc_runtime_Text_putMod__E)
                  00006890    000000ae     rtsv7R4_T_le_v3D16_eabi.lib : _io_perm.obj (.text)
                  0000693e    00000002     --HOLE-- [fill = 0]
                  00006940    000000ac     libesm_xwr16xx.aer4f : esm.oer4f (.text:ESM_processInterrupt)
                  000069ec    000000a8     adcbuf_mmwave.oer4f (.text:ADCBUF_MMWave_getChanBufAddr)
                  00006a94    000000a8     libsoc_xwr16xx.aer4f : soc.oer4f (.text:SOC_deregisterSysIntListener)
                  00006b3c    000000a4     libesm_xwr16xx.aer4f : esm.oer4f (.text:ESM_init)
                  00006be0    000000a4     libsoc_xwr16xx.aer4f : soc_xwr16xx_mss.oer4f (.text:SOC_unhaltDSS)
                  00006c84    0000000c     --HOLE-- [fill = 0]
                  00006c90    000000a4     sysbios.aer4ft : BIOS.obj (.text:ti_sysbios_knl_Swi_post__E)
                  00006d34    000000a0     libsoc_xwr16xx.aer4f : soc.oer4f (.text:SOC_registerSysIntListener)
                  00006dd4    000000a0     auto_init.aer4ft : auto_init.oer4ft (.text)
                  00006e74    0000000c     --HOLE-- [fill = 0]
                  00006e80    0000009e     sysbios.aer4ft : BIOS.obj (.text:xdc_runtime_Text_putSite__E)
                  00006f1e    0000009c     rtsv7R4_T_le_v3D16_eabi.lib : memcpy_t2.obj (.text)
                  00006fba    00000006     --HOLE-- [fill = 0]
                  00006fc0    0000009c     sysbios.aer4ft : BIOS.obj (.text:ti_sysbios_family_arm_v7r_vim_Hwi_initIntController__I)
                  0000705c    00000004     --HOLE-- [fill = 0]
                  00007060    0000009c                    : BIOS.obj (.text:ti_sysbios_family_arm_v7r_vim_Hwi_mapChannel__I)
                  000070fc    00000004     --HOLE-- [fill = 0]
                  00007100    0000009c                    : BIOS.obj (.text:ti_sysbios_knl_Semaphore_Instance_init__E)
                  0000719c    00000004     --HOLE-- [fill = 0]
                  000071a0    0000009c                    : BIOS.obj (.text:ti_sysbios_knl_Task_blockI__E)
                  0000723c    00000098     rtsv7R4_T_le_v3D16_eabi.lib : fclose.obj (.text)
                  000072d4    00000098                                 : fputc.obj (.text)
                  0000736c    00000098     sysbios.aer4ft : vim_Hwi_asm_switch.obj (.text)
                  00007404    00000094     rtsv7R4_T_le_v3D16_eabi.lib : snprintf.obj (.text)
                  00007498    00000094     sysbios.aer4ft : vim_Hwi_asm.obj (.text:ti_sysbios_family_arm_v7r_vim_Hwi_dispatchIRQ__I)
                  0000752c    00000004     --HOLE-- [fill = 0]
                  00007530    0000008c                    : BIOS.obj (.text:ti_sysbios_family_arm_v7r_vim_Hwi_Instance_finalize__E)
                  000075bc    00000004     --HOLE-- [fill = 0]
                  000075c0    0000008c                    : BIOS.obj (.text:ti_sysbios_knl_Task_unblockI__E)
                  0000764c    00000004     --HOLE-- [fill = 0]
                  00007650    0000008c                    : BIOS.obj (.text:xdc_runtime_Memory_alloc__E)
                  000076dc    00000004     --HOLE-- [fill = 0]
                  000076e0    00000080                    : BIOS.obj (.text:ti_sysbios_timers_rti_Timer_initDevice__I)
                  00007760    00000080                    : BIOS.obj (.text:xdc_runtime_Text_visitRope2__I)
                  000077e0    0000007e     libosal_xwr16xx.aer4f : HwiP_tirtos.oer4f (.text:HwiP_create)
                  0000785e    00000002     --HOLE-- [fill = 0]
                  00007860    0000007c     sysbios.aer4ft : arm_TaskSupport_asm.obj (.text:_ti_sysbios_family_arm_TaskSupport_buildTaskStack)
                  000078dc    00000004     --HOLE-- [fill = 0]
                  000078e0    0000007c                    : BIOS.obj (.text:xdc_runtime_Core_deleteObject__I)
                  0000795c    0000007a     rtsv7R4_T_le_v3D16_eabi.lib : memset_t2.obj (.text)
                  000079d6    00000002     --HOLE-- [fill = 0]
                  000079d8    00000074     libsoc_xwr16xx.aer4f : soc.oer4f (.text:SOC_init)
                  00007a4c    00000074     boot.aer4ft : boot.oer4ft (.text)
                  00007ac0    00000074     rtsv7R4_T_le_v3D16_eabi.lib : getdevice.obj (.text)
                  00007b34    00000074                                 : s_frexp.obj (.text)
                  00007ba8    00000070                                 : printf.obj (.text)
                  00007c18    00000008     --HOLE-- [fill = 0]
                  00007c20    00000070     sysbios.aer4ft : BIOS.obj (.text:xdc_runtime_Error_print__E)
                  00007c90    0000006c     rtsv7R4_T_le_v3D16_eabi.lib : copy_decompress_lzss.obj (.text:decompress:lzss)
                  00007cfc    0000006c                                 : trgmsg.obj (.text)
                  00007d68    00000068                                 : hostlseek.obj (.text)
                  00007dd0    00000068                                 : hostrename.obj (.text)
                  00007e38    00000064     libosal_xwr16xx.aer4f : SemaphoreP_tirtos.oer4f (.text:SemaphoreP_create)
                  00007e9c    00000064     rtsv7R4_T_le_v3D16_eabi.lib : fseek.obj (.text)
                  00007f00    00000064                                 : sprintf.obj (.text)
                  00007f64    00000064     sysbios.aer4ft : exc_Exception_asm.obj (.text:ti_sysbios_family_arm_exc_Exception_initCore0__I)
                  00007fc8    00000008     --HOLE-- [fill = 0]
                  00007fd0    00000064                    : BIOS.obj (.text:ti_sysbios_family_arm_v7r_vim_Hwi_phantomIntHandler__I)
                  00008034    0000000c     --HOLE-- [fill = 0]
                  00008040    00000064                    : BIOS.obj (.text:ti_sysbios_knl_Swi_schedule__I)
                  000080a4    0000000c     --HOLE-- [fill = 0]
                  000080b0    00000064                    : BIOS.obj (.text:xdc_runtime_Startup_exec__E)
                  00008114    00000063     test_adcbuf.oer4f (.text:Test_ADCBUFContDataPathWithTestPattern)
                  00008177    00000009     --HOLE-- [fill = 0]
                  00008180    00000060     sysbios.aer4ft : BIOS.obj (.text:ti_sysbios_heaps_HeapMem_alloc__E)
                  000081e0    00000060                    : BIOS.obj (.text:ti_sysbios_knl_Clock_logTick__E)
                  00008240    0000005c     rtsv7R4_T_le_v3D16_eabi.lib : hostopen.obj (.text)
                  0000829c    0000005c                                 : hostread.obj (.text)
                  000082f8    00000008     --HOLE-- [fill = 0]
                  00008300    0000005c     sysbios.aer4ft : BIOS.obj (.text:xdc_runtime_Assert_raise__I)
                  0000835c    00000004     --HOLE-- [fill = 0]
                  00008360    0000005b                    : BIOS.obj (.text:xdc_runtime_Text_putLab__E)
                  000083bb    00000001     --HOLE-- [fill = 0]
                  000083bc    00000058     libesm_xwr16xx.aer4f : esm.oer4f (.text:ESM_highpriority_FIQ)
                  00008414    00000058     rtsv7R4_T_le_v3D16_eabi.lib : close.obj (.text)
                  0000846c    00000058                                 : hostwrite.obj (.text)
                  000084c4    0000000c     --HOLE-- [fill = 0]
                  000084d0    00000058     sysbios.aer4ft : BIOS.obj (.text:ti_sysbios_knl_Swi_restoreHwi__E)
                  00008528    00000054     rtsv7R4_T_le_v3D16_eabi.lib : ltoa.obj (.text)
                  0000857c    00000054     mss_per4ft.oer4ft (.text:ti_sysbios_family_arm_v7r_vim_Hwi_create)
                  000085d0    00000054     sysbios.aer4ft : BIOS.obj (.text:ti_sysbios_heaps_HeapMem_getStats__E)
                  00008624    0000000c     --HOLE-- [fill = 0]
                  00008630    00000054                    : BIOS.obj (.text:ti_sysbios_knl_Swi_runLoop__I)
                  00008684    0000000c     --HOLE-- [fill = 0]
                  00008690    00000054                    : BIOS.obj (.text:xdc_runtime_Core_assignLabel__I)
                  000086e4    00000050     rtsv7R4_T_le_v3D16_eabi.lib : atoi.obj (.text)
                  00008734    00000050                                 : exit.obj (.text)
                  00008784    00000050                                 : u_div32.obj (.text)
                  000087d4    0000000c     --HOLE-- [fill = 0]
                  000087e0    00000050     sysbios.aer4ft : BIOS.obj (.text:xdc_runtime_System_exit__E)
                  00008830    0000004c     rtsv7R4_T_le_v3D16_eabi.lib : cpy_tbl.obj (.text)
                  0000887c    00000004     --HOLE-- [fill = 0]
                  00008880    0000004c     sysbios.aer4ft : BIOS.obj (.text:ti_sysbios_family_arm_v7r_vim_Hwi_getStackInfo__E)
                  000088cc    00000004     --HOLE-- [fill = 0]
                  000088d0    0000004c                    : BIOS.obj (.text:ti_sysbios_knl_Swi_startup__E)
                  0000891c    0000004c     mss_per4ft.oer4ft (.text:ti_sysbios_knl_Task_create)
                  00008968    00000008     --HOLE-- [fill = 0]
                  00008970    0000004a     sysbios.aer4ft : BIOS.obj (.text:xdc_runtime_Text_xprintf__I)
                  000089ba    00000006     --HOLE-- [fill = 0]
                  000089c0    00000048                    : BIOS.obj (.text:xdc_runtime_Core_assignParams__I)
                  00008a08    00000044     rtsv7R4_T_le_v3D16_eabi.lib : hostclose.obj (.text)
                  00008a4c    00000044                                 : hostunlink.obj (.text)
                  00008a90    00000044     sysbios.aer4ft : BIOS.obj (.text:ti_sysbios_family_arm_v7r_tms570_Core_Module_startup__E)
                  00008ad4    0000000c     --HOLE-- [fill = 0]
                  00008ae0    00000044                    : BIOS.obj (.text:ti_sysbios_knl_Task_allBlockedFunction__I)
                  00008b24    0000000c     --HOLE-- [fill = 0]
                  00008b30    00000044                    : BIOS.obj (.text:xdc_runtime_System_atexit__E)
                  00008b74    00000040     main_mss.oer4f (.text:main)
                  00008bb4    0000000c     --HOLE-- [fill = 0]
                  00008bc0    00000040     sysbios.aer4ft : BIOS.obj (.text:ti_sysbios_family_arm_v7r_vim_Hwi_setType__E)
                  00008c00    00000040                    : BIOS.obj (.text:ti_sysbios_timers_rti_Timer_stop__E)
                  00008c40    0000003e     adcbuf_mmwave.oer4f (.text:CSL_FINSR)
                  00008c7e    0000003e     libsoc_xwr16xx.aer4f : soc.oer4f (.text:CSL_FINSR)
                  00008cbc    0000003e                          : soc_xwr16xx_mss.oer4f (.text:CSL_FINSR)
                  00008cfa    00000002     --HOLE-- [fill = 0]
                  00008cfc    0000003c                          : soc.oer4f (.text:SOC_unhaltBSS)
                  00008d38    0000003c     sysbios.aer4ft : vim_Hwi_asm.obj (.text:ti_sysbios_family_arm_v7r_vim_Hwi_init__I)
                  00008d74    0000000c     --HOLE-- [fill = 0]
                  00008d80    0000003c                    : BIOS.obj (.text:ti_sysbios_hal_Hwi_checkStack)
                  00008dbc    00000004     --HOLE-- [fill = 0]
                  00008dc0    0000003c                    : BIOS.obj (.text:ti_sysbios_heaps_HeapMem_init__I)
                  00008dfc    00000004     --HOLE-- [fill = 0]
                  00008e00    0000003c                    : BIOS.obj (.text:ti_sysbios_timers_rti_Timer_setPeriod__E)
                  00008e3c    00000038     adcbuf_mmwave.oer4f (.text:ADCBUF_MMWave_close)
                  00008e74    00000038     test_adcbuf.oer4f (.text:Test_ADCBUFIntCallBackFunc)
                  00008eac    00000036     rtsv7R4_T_le_v3D16_eabi.lib : strncpy.obj (.text)
                  00008ee2    00000002     --HOLE-- [fill = 0]
                  00008ee4    00000034     ADCBuf.oer4f (.text:ADCBuf_open)
                  00008f18    00000034     mss_per4ft.oer4ft (.text:ti_sysbios_knl_Semaphore_create)
                  00008f4c    00000004     --HOLE-- [fill = 0]
                  00008f50    00000033     sysbios.aer4ft : BIOS.obj (.text:xdc_runtime_Text_printVisFxn__I)
                  00008f83    0000000d     --HOLE-- [fill = 0]
                  00008f90    00000032                    : BIOS.obj (.text:ti_sysbios_hal_Hwi_initStack)
                  00008fc2    00000002     --HOLE-- [fill = 0]
                  00008fc4    00000030     ADCBuf.oer4f (.text:ADCBuf_init)
                  00008ff4    00000030     mss_per4ft.oer4ft (.text:ti_sysbios_BIOS_atExitFunc__I)
                  00009024    00000030     mss_per4ft.oer4ft (.text:ti_sysbios_BIOS_startFunc__I)
                  00009054    0000000c     --HOLE-- [fill = 0]
                  00009060    00000030     sysbios.aer4ft : BIOS.obj (.text:ti_sysbios_family_arm_TaskSupport_start__E)
                  00009090    00000030     mss_per4ft.oer4ft (.text:ti_sysbios_gates_GateHwi_Object__create__S)
                  000090c0    00000030     mss_per4ft.oer4ft (.text:ti_sysbios_gates_GateMutex_Object__create__S)
                  000090f0    00000030     mss_per4ft.oer4ft (.text:ti_sysbios_heaps_HeapMem_Object__create__S)
                  00009120    00000030     sysbios.aer4ft : BIOS.obj (.text:ti_sysbios_heaps_HeapMem_free__E)
                  00009150    00000030     mss_per4ft.oer4ft (.text:ti_sysbios_knl_Semaphore_construct)
                  00009180    0000002e     sysbios.aer4ft : BIOS.obj (.text:ti_sysbios_knl_Semaphore_pendTimeout__I)
                  000091ae    0000002e     mss_per4ft.oer4ft (.text:ti_sysbios_rts_gnu_MemAlloc_alloc)
                  000091dc    0000002c     rtsv7R4_T_le_v3D16_eabi.lib : unlink.obj (.text)
                  00009208    0000002c     mss_per4ft.oer4ft (.text:ti_sysbios_knl_Clock_doTick__I)
                  00009234    0000002c     mss_per4ft.oer4ft (.text:ti_sysbios_knl_Queue_construct)
                  00009260    0000002c     sysbios.aer4ft : BIOS.obj (.text:ti_sysbios_knl_Swi_Module_startup__E)
                  0000928c    00000004     --HOLE-- [fill = 0]
                  00009290    0000002c                    : BIOS.obj (.text:ti_sysbios_timers_rti_Timer_periodicStub__E)
                  000092bc    0000002a     libsoc_xwr16xx.aer4f : soc.oer4f (.text:SOC_SystemISR)
                  000092e6    00000002     --HOLE-- [fill = 0]
                  000092e8    00000028     rtsv7R4_T_le_v3D16_eabi.lib : lseek.obj (.text)
                  00009310    00000028                                 : write.obj (.text)
                  00009338    00000008     --HOLE-- [fill = 0]
                  00009340    00000028     sysbios.aer4ft : BIOS.obj (.text:ti_sysbios_knl_Idle_run__E)
                  00009368    00000008     --HOLE-- [fill = 0]
                  00009370    00000028                    : BIOS.obj (.text:xdc_runtime_SysStd_abort__E)
                  00009398    00000008     --HOLE-- [fill = 0]
                  000093a0    00000028                    : BIOS.obj (.text:xdc_runtime_System_aprintf_va__F)
                  000093c8    00000008     --HOLE-- [fill = 0]
                  000093d0    00000026                    : BIOS.obj (.text:xdc_runtime_System_printf_va__F)
                  000093f6    00000002     --HOLE-- [fill = 0]
                  000093f8    00000024     libtestlogger_xwr16xx.aer4f : logger.oer4f (.text:MCPI_Initialize)
                  0000941c    00000024     mss_per4ft.oer4ft (.text:ti_sysbios_BIOS_errorRaiseHook__I)
                  00009440    00000024     mss_per4ft.oer4ft (.text:ti_sysbios_BIOS_registerRTSLock__I)
                  00009464    00000024     mss_per4ft.oer4ft (.text:ti_sysbios_BIOS_removeRTSLock__I)
                  00009488    00000024     mss_per4ft.oer4ft (.text:ti_sysbios_gates_GateMutex_Object__delete__S)
                  000094ac    00000024     mss_per4ft.oer4ft (.text:ti_sysbios_knl_Semaphore_Object__delete__S)
                  000094d0    00000024     sysbios.aer4ft : BIOS.obj (.text:ti_sysbios_knl_Task_restoreHwi__E)
                  000094f4    00000020     libesm_xwr16xx.aer4f : esm.oer4f (.text:ESM_lowpriority_IRQ)
                  00009514    00000020     rtsv7R4_T_le_v3D16_eabi.lib : memchr.obj (.text)
                  00009534    0000000c     --HOLE-- [fill = 0]
                  00009540    00000020     sysbios.aer4ft : BIOS.obj (.text:ti_sysbios_family_arm_v7r_vim_Hwi_disableInterrupt__E)
                  00009560    00000020                    : BIOS.obj (.text:ti_sysbios_family_arm_v7r_vim_Hwi_enableInterrupt__E)
                  00009580    00000020     mss_per4ft.oer4ft (.text:ti_sysbios_gates_GateHwi_Object__delete__S)
                  000095a0    00000020     mss_per4ft.oer4ft (.text:ti_sysbios_heaps_HeapMem_Object__delete__S)
                  000095c0    00000020     sysbios.aer4ft : BIOS.obj (.text:ti_sysbios_knl_Clock_Module_startup__E)
                  000095e0    00000020     mss_per4ft.oer4ft (.text:ti_sysbios_knl_Semaphore_destruct)
                  00009600    0000001e     rtsv7R4_T_le_v3D16_eabi.lib : strcat.obj (.text)
                  0000961e    0000001c     adcbuf_mmwave.oer4f (.text:CSL_FEXTR)
                  0000963a    0000001c     libsoc_xwr16xx.aer4f : soc_xwr16xx_mss.oer4f (.text:CSL_FEXTR)
                  00009656    00000002     --HOLE-- [fill = 0]
                  00009658    0000001c     sysbios.aer4ft : arm_TaskSupport_asm.obj (.text:_ti_sysbios_family_arm_TaskSupport_glue)
                  00009674    0000001c     rtsv7R4_T_le_v3D16_eabi.lib : memccpy.obj (.text)
                  00009690    0000001c     mss_per4ft.oer4ft (.text:ti_sysbios_BIOS_rtsLock__I)
                  000096ac    00000004     --HOLE-- [fill = 0]
                  000096b0    0000001c     sysbios.aer4ft : BIOS.obj (.text:ti_sysbios_gates_GateMutex_Instance_init__E)
                  000096cc    00000004     --HOLE-- [fill = 0]
                  000096d0    0000001c                    : BIOS.obj (.text:ti_sysbios_gates_GateMutex_leave__E)
                  000096ec    0000001c     mss_per4ft.oer4ft (.text:ti_sysbios_knl_Queue_destruct)
                  00009708    0000001a     libsoc_xwr16xx.aer4f : soc.oer4f (.text:CSL_FEXTR)
                  00009722    0000001a     mss_per4ft.oer4ft (.text:free)
                  0000973c    0000001a     rtsv7R4_T_le_v3D16_eabi.lib : s_copysign.obj (.text)
                  00009756    0000001a     mss_per4ft.oer4ft (.text:ti_sysbios_gates_GateHwi_Handle__label__S)
                  00009770    0000001a     mss_per4ft.oer4ft (.text:ti_sysbios_gates_GateMutex_Handle__label__S)
                  0000978a    0000001a     mss_per4ft.oer4ft (.text:ti_sysbios_heaps_HeapMem_Handle__label__S)
                  000097a4    0000001a     mss_per4ft.oer4ft (.text:xdc_runtime_System_aprintf__E)
                  000097be    0000001a     mss_per4ft.oer4ft (.text:xdc_runtime_System_printf__E)
                  000097d8    00000018     adcbuf_mmwave.oer4f (.text:ADCBUFContinuousModeCtrl)
                  000097f0    00000018     adcbuf_mmwave.oer4f (.text:ADCBUFSetPongNumChirpThreshhold)
                  00009808    00000018     sysbios.aer4ft : arm_TaskSupport_asm.obj (.text:_ti_sysbios_family_arm_TaskSupport_swap__E)
                  00009820    00000018     rtsv7R4_T_le_v3D16_eabi.lib : args_main.obj (.text)
                  00009838    00000018                                 : strcmp.obj (.text)
                  00009850    00000018     mss_per4ft.oer4ft (.text:ti_sysbios_BIOS_rtsUnlock__I)
                  00009868    00000018     mss_per4ft.oer4ft (.text:ti_sysbios_family_arm_v7r_vim_Hwi_Module__startupDone__F)
                  00009880    00000018     mss_per4ft.oer4ft (.text:ti_sysbios_family_arm_v7r_vim_Hwi_Params__init__S)
                  00009898    00000008     --HOLE-- [fill = 0]
                  000098a0    00000018     sysbios.aer4ft : BIOS.obj (.text:ti_sysbios_family_arm_v7r_vim_Hwi_clearInterrupt__E)
                  000098b8    00000018     mss_per4ft.oer4ft (.text:ti_sysbios_knl_Semaphore_Params__init__S)
                  000098d0    00000018     mss_per4ft.oer4ft (.text:ti_sysbios_knl_Task_Params__init__S)
                  000098e8    00000008     --HOLE-- [fill = 0]
                  000098f0    00000018     sysbios.aer4ft : BIOS.obj (.text:ti_sysbios_knl_Task_enter__I)
                  00009908    00000018     mss_per4ft.oer4ft (.text:ti_sysbios_timers_rti_Timer_Module__startupDone__F)
                  00009920    00000018     sysbios.aer4ft : BIOS.obj (.text:xdc_runtime_Error_init__E)
                  00009938    00000016     rtsv7R4_T_le_v3D16_eabi.lib : strchr.obj (.text)
                  0000994e    00000016                                 : strlen.obj (.text)
                  00009964    00000016     mss_per4ft.oer4ft (.text:ti_sysbios_BIOS_exitFunc__I)
                  0000997a    00000006     --HOLE-- [fill = 0]
                  00009980    00000016     sysbios.aer4ft : BIOS.obj (.text:ti_sysbios_knl_Idle_loop__E)
                  00009996    00000014     libosal_xwr16xx.aer4f : HwiP_tirtos.oer4f (.text:HwiP_Params_init)
                  000099aa    00000002     --HOLE-- [fill = 0]
                  000099ac    00000014     libtestlogger_xwr16xx.aer4f : logger.oer4f (.text:MCPI_setTestResult)
                  000099c0    00000014     libosal_xwr16xx.aer4f : DebugP_tirtos.oer4f (.text:_DebugP_assert)
                  000099d4    00000014     rtsv7R4_T_le_v3D16_eabi.lib : _lock.obj (.text)
                  000099e8    00000014                                 : strcpy.obj (.text)
                  000099fc    00000014     mss_per4ft.oer4ft (.text:ti_sysbios_heaps_HeapMem_Object__get__S)
                  00009a10    00000014     mss_per4ft.oer4ft (.text:ti_sysbios_knl_Swi_Object__get__S)
                  00009a24    00000012     libosal_xwr16xx.aer4f : MemoryP_tirtos.oer4f (.text:MemoryP_ctrlAlloc)
                  00009a36    00000012                           : SemaphoreP_tirtos.oer4f (.text:SemaphoreP_pend)
                  00009a48    00000008     --HOLE-- [fill = 0]
                  00009a50    00000012     sysbios.aer4ft : BIOS.obj (.text:ti_sysbios_hal_Hwi_Module_startup__E)
                  00009a62    00000012     mss_per4ft.oer4ft (.text:xdc_runtime_Startup_exec__I)
                  00009a74    00000010     ADCBuf.oer4f (.text:ADCBuf_Params_init)
                  00009a84    0000000c     --HOLE-- [fill = 0]
                  00009a90    00000010     sysbios.aer4ft : BIOS.obj (.text:ti_sysbios_BIOS_exit__E)
                  00009aa0    00000010                    : BIOS.obj (.text:ti_sysbios_BIOS_setThreadType__E)
                  00009ab0    00000010                    : BIOS.obj (.text:ti_sysbios_BIOS_start__E)
                  00009ac0    00000010                    : BIOS.obj (.text:ti_sysbios_gates_GateMutex_Instance_finalize__E)
                  00009ad0    00000010     mss_per4ft.oer4ft (.text:ti_sysbios_heaps_HeapBuf_Object__get__S)
                  00009ae0    00000010     sysbios.aer4ft : BIOS.obj (.text:ti_sysbios_knl_Semaphore_Instance_finalize__E)
                  00009af0    00000010                    : BIOS.obj (.text:ti_sysbios_knl_Swi_disable__E)
                  00009b00    00000010     mss_per4ft.oer4ft (.text:ti_sysbios_knl_Task_Object__get__S)
                  00009b10    00000010     sysbios.aer4ft : BIOS.obj (.text:ti_sysbios_knl_Task_disable__E)
                  00009b20    00000010                    : BIOS.obj (.text:xdc_runtime_Memory_free__E)
                  00009b30    00000010     mss_per4ft.oer4ft (.text:xdc_runtime_Text_visitRope__I)
                  00009b40    0000000e     libosal_xwr16xx.aer4f : SemaphoreP_tirtos.oer4f (.text:SemaphoreP_delete)
                  00009b4e    0000000e     rtsv7R4_T_le_v3D16_eabi.lib : copy_decompress_none.obj (.text:decompress:none)
                  00009b5c    00000004     --HOLE-- [fill = 0]
                  00009b60    0000000e     sysbios.aer4ft : BIOS.obj (.text:ti_sysbios_knl_Queue_empty__E)
                  00009b6e    00000002     --HOLE-- [fill = 0]
                  00009b70    0000000c                    : BIOS.obj (.text:ti_sysbios_family_arm_TaskSupport_checkStack__E)
                  00009b7c    00000004     --HOLE-- [fill = 0]
                  00009b80    0000000c                    : BIOS.obj (.text:ti_sysbios_family_arm_TaskSupport_getStackAlignment__E)
                  00009b8c    00000004     --HOLE-- [fill = 0]
                  00009b90    0000000c                    : BIOS.obj (.text:ti_sysbios_family_arm_exc_Exception_Module_startup__E)
                  00009b9c    00000004     --HOLE-- [fill = 0]
                  00009ba0    0000000c                    : BIOS.obj (.text:ti_sysbios_family_arm_v7r_vim_Hwi_switchFromBootStack__E)
                  00009bac    00000004     --HOLE-- [fill = 0]
                  00009bb0    0000000c                    : BIOS.obj (.text:xdc_runtime_Startup_rtsDone__E)
                  00009bbc    00000004     --HOLE-- [fill = 0]
                  00009bc0    0000000c                    : BIOS.obj (.text:xdc_runtime_SysStd_exit__E)
                  00009bcc    00000004     --HOLE-- [fill = 0]
                  00009bd0    00000008                    : BIOS.obj (.text:ti_sysbios_gates_GateHwi_enter__E)
                  00009bd8    00000008     --HOLE-- [fill = 0]
                  00009be0    00000006                    : BIOS.obj (.text:ti_sysbios_family_arm_v7r_vim_Hwi_startup__E)
                  00009be6    0000000a     --HOLE-- [fill = 0]
                  00009bf0    00000006                    : BIOS.obj (.text:ti_sysbios_gates_GateHwi_leave__E)
                  00009bf6    0000000a     --HOLE-- [fill = 0]
                  00009c00    00000006                    : BIOS.obj (.text:ti_sysbios_heaps_HeapMem_isBlocking__E)
                  00009c06    0000000a     --HOLE-- [fill = 0]
                  00009c10    00000006                    : BIOS.obj (.text:ti_sysbios_knl_Queue_Instance_init__E)
                  00009c16    0000000a     --HOLE-- [fill = 0]
                  00009c20    00000006                    : BIOS.obj (.text:xdc_runtime_System_Module_startup__E)
                  00009c26    0000000a     --HOLE-- [fill = 0]
                  00009c30    00000004                    : BIOS.obj (.text:ti_sysbios_gates_GateHwi_query__E)
                  00009c34    0000000c     --HOLE-- [fill = 0]
                  00009c40    00000004                    : BIOS.obj (.text:ti_sysbios_gates_GateMutex_query__E)
                  00009c44    0000000c     --HOLE-- [fill = 0]
                  00009c50    00000004                    : BIOS.obj (.text:ti_sysbios_knl_Task_startup__E)
                  00009c54    0000000c     --HOLE-- [fill = 0]
                  00009c60    00000004                    : BIOS.obj (.text:ti_sysbios_timers_rti_Timer_getMaxTicks__E)
                  00009c64    0000000c     --HOLE-- [fill = 0]
                  00009c70    00000004                    : BIOS.obj (.text:xdc_runtime_SysStd_putch__E)
                  00009c74    0000000c     --HOLE-- [fill = 0]
                  00009c80    00000004                    : BIOS.obj (.text:xdc_runtime_SysStd_ready__E)
                  00009c84    0000000c     --HOLE-- [fill = 0]
                  00009c90    00000002                    : BIOS.obj (.text:ti_sysbios_BIOS_linkedWithIncorrectBootLibrary__E)
                  00009c92    0000000e     --HOLE-- [fill = 0]
                  00009ca0    00000002                    : BIOS.obj (.text:ti_sysbios_gates_GateHwi_Instance_init__E)

.const     0    00009ca8    0000222c     
                  00009ca8    00001a17     mss_per4ft.oer4ft (.const:xdc_runtime_Text_charTab__A)
                  0000b6bf    00000101     rtsv7R4_T_le_v3D16_eabi.lib : ctype.obj (.const:.string:_ctypes_)
                  0000b7c0    000000d0     mss_per4ft.oer4ft (.const:xdc_runtime_Text_nodeTab__A)
                  0000b890    00000080     mss_per4ft.oer4ft (.const:ti_sysbios_family_arm_v7r_vim_Hwi_channelMap__A)
                  0000b910    00000048     mss_per4ft.oer4ft (.const:.string)
                  0000b958    0000003c     mss_per4ft.oer4ft (.const:ti_sysbios_knl_Task_Object__PARAMS__C)
                  0000b994    00000030     mss_per4ft.oer4ft (.const:ti_sysbios_family_arm_v7r_vim_Hwi_Object__PARAMS__C)
                  0000b9c4    00000028     mss_per4ft.oer4ft (.const:ti_sysbios_heaps_HeapMem_Module__FXNS__C)
                  0000b9ec    00000028     mss_per4ft.oer4ft (.const:xdc_runtime_Startup_sfxnTab__A)
                  0000ba14    00000024     mss_per4ft.oer4ft (.const:ti_sysbios_gates_GateHwi_Module__FXNS__C)
                  0000ba38    00000024     mss_per4ft.oer4ft (.const:ti_sysbios_gates_GateMutex_Module__FXNS__C)
                  0000ba5c    00000024     mss_per4ft.oer4ft (.const:ti_sysbios_heaps_HeapMem_Object__PARAMS__C)
                  0000ba80    00000024     mss_per4ft.oer4ft (.const:ti_sysbios_knl_Semaphore_Object__PARAMS__C)
                  0000baa4    00000020     mss_per4ft.oer4ft (.const:ti_sysbios_family_arm_v7r_vim_Hwi_Object__DESC__C)
                  0000bac4    00000020     mss_per4ft.oer4ft (.const:ti_sysbios_gates_GateHwi_Object__DESC__C)
                  0000bae4    00000020     mss_per4ft.oer4ft (.const:ti_sysbios_gates_GateMutex_Object__DESC__C)
                  0000bb04    00000020     mss_per4ft.oer4ft (.const:ti_sysbios_heaps_HeapMem_Object__DESC__C)
                  0000bb24    00000020     mss_per4ft.oer4ft (.const:ti_sysbios_knl_Queue_Object__DESC__C)
                  0000bb44    00000020     mss_per4ft.oer4ft (.const:ti_sysbios_knl_Semaphore_Object__DESC__C)
                  0000bb64    00000020     mss_per4ft.oer4ft (.const:ti_sysbios_knl_Task_Object__DESC__C)
                  0000bb84    00000018     mss_per4ft.oer4ft (.const:ti_sysbios_gates_GateHwi_Object__PARAMS__C)
                  0000bb9c    00000018     mss_per4ft.oer4ft (.const:ti_sysbios_gates_GateMutex_Object__PARAMS__C)
                  0000bbb4    00000018     mss_per4ft.oer4ft (.const:ti_sysbios_knl_Queue_Object__PARAMS__C)
                  0000bbcc    00000014     adcbuf_mmwave.oer4f (.const:gADCBufFxnTable)
                  0000bbe0    00000014     mss_per4ft.oer4ft (.const:xdc_runtime_Startup_sfxnRts__A)
                  0000bbf4    00000010     adcbuf_xwr1xxx.oer4f (.const:gADCBufHwCfg)
                  0000bc04    00000010     mss_per4ft.oer4ft (.const:ti_sysbios_family_arm_v7r_vim_Hwi_intReqEnaSet__A)
                  0000bc14    00000010     mss_per4ft.oer4ft (.const:ti_sysbios_family_arm_v7r_vim_Hwi_wakeEnaSet__A)
                  0000bc24    0000000c     ADCBuf.oer4f (.const:ADCBuf_defaultParams)
                  0000bc30    00000008     mss_per4ft.oer4ft (.const:ti_sysbios_knl_Idle_funcList__C)
                  0000bc38    00000008     mss_per4ft.oer4ft (.const:xdc_runtime_Startup_firstFxns__A)
                  0000bc40    00000008     mss_per4ft.oer4ft (.const:xdc_runtime_Startup_firstFxns__C)
                  0000bc48    00000008     mss_per4ft.oer4ft (.const:xdc_runtime_Startup_lastFxns__C)
                  0000bc50    00000004     mss_per4ft.oer4ft (.const:ti_sysbios_family_arm_TaskSupport_stackAlignment__C)
                  0000bc54    00000004     mss_per4ft.oer4ft (.const:ti_sysbios_family_arm_exc_Exception_E_dataAbort__C)
                  0000bc58    00000004     mss_per4ft.oer4ft (.const:ti_sysbios_family_arm_exc_Exception_E_prefetchAbort__C)
                  0000bc5c    00000004     mss_per4ft.oer4ft (.const:ti_sysbios_family_arm_exc_Exception_E_swi__C)
                  0000bc60    00000004     mss_per4ft.oer4ft (.const:ti_sysbios_family_arm_exc_Exception_E_undefinedInstruction__C)
                  0000bc64    00000004     mss_per4ft.oer4ft (.const:ti_sysbios_family_arm_exc_Exception_excHookFuncs__A)
                  0000bc68    00000004     mss_per4ft.oer4ft (.const:ti_sysbios_family_arm_exc_Exception_excHookFuncs__C)
                  0000bc6c    00000004     mss_per4ft.oer4ft (.const:ti_sysbios_family_arm_v7r_tms570_Core_E_mismatchedIds__C)
                  0000bc70    00000004     mss_per4ft.oer4ft (.const:ti_sysbios_family_arm_v7r_tms570_Core_id__C)
                  0000bc74    00000004     mss_per4ft.oer4ft (.const:ti_sysbios_family_arm_v7r_vim_Hwi_A_badChannelId__C)
                  0000bc78    00000004     mss_per4ft.oer4ft (.const:ti_sysbios_family_arm_v7r_vim_Hwi_E_alreadyDefined__C)
                  0000bc7c    00000004     mss_per4ft.oer4ft (.const:ti_sysbios_family_arm_v7r_vim_Hwi_E_badIntNum__C)
                  0000bc80    00000004     mss_per4ft.oer4ft (.const:ti_sysbios_family_arm_v7r_vim_Hwi_E_phantomInterrupt__C)
                  0000bc84    00000004     mss_per4ft.oer4ft (.const:ti_sysbios_family_arm_v7r_vim_Hwi_E_undefined__C)
                  0000bc88    00000004     mss_per4ft.oer4ft (.const:ti_sysbios_family_arm_v7r_vim_Hwi_E_unsupportedMaskingOption__C)
                  0000bc8c    00000004     mss_per4ft.oer4ft (.const:ti_sysbios_family_arm_v7r_vim_Hwi_LD_end__C)
                  0000bc90    00000004     mss_per4ft.oer4ft (.const:ti_sysbios_family_arm_v7r_vim_Hwi_LM_begin__C)
                  0000bc94    00000004     mss_per4ft.oer4ft (.const:ti_sysbios_family_arm_v7r_vim_Hwi_Module__diagsEnabled__C)
                  0000bc98    00000004     mss_per4ft.oer4ft (.const:ti_sysbios_family_arm_v7r_vim_Hwi_Module__diagsIncluded__C)
                  0000bc9c    00000004     mss_per4ft.oer4ft (.const:ti_sysbios_family_arm_v7r_vim_Hwi_Module__diagsMask__C)
                  0000bca0    00000004     mss_per4ft.oer4ft (.const:ti_sysbios_family_arm_v7r_vim_Hwi_Module__loggerFxn1__C)
                  0000bca4    00000004     mss_per4ft.oer4ft (.const:ti_sysbios_family_arm_v7r_vim_Hwi_Module__loggerFxn8__C)
                  0000bca8    00000004     mss_per4ft.oer4ft (.const:ti_sysbios_family_arm_v7r_vim_Hwi_Module__loggerObj__C)
                  0000bcac    00000004     mss_per4ft.oer4ft (.const:ti_sysbios_family_arm_v7r_vim_Hwi_NUM_INTERRUPTS__C)
                  0000bcb0    00000004     mss_per4ft.oer4ft (.const:ti_sysbios_family_arm_v7r_vim_Hwi_channelMap__C)
                  0000bcb4    00000004     mss_per4ft.oer4ft (.const:ti_sysbios_family_arm_v7r_vim_Hwi_intReqEnaSet__C)
                  0000bcb8    00000004     mss_per4ft.oer4ft (.const:ti_sysbios_family_arm_v7r_vim_Hwi_phantomFunc__C)
                  0000bcbc    00000004     mss_per4ft.oer4ft (.const:ti_sysbios_family_arm_v7r_vim_Hwi_swiDisable__C)
                  0000bcc0    00000004     mss_per4ft.oer4ft (.const:ti_sysbios_family_arm_v7r_vim_Hwi_swiRestoreHwi__C)
                  0000bcc4    00000004     mss_per4ft.oer4ft (.const:ti_sysbios_family_arm_v7r_vim_Hwi_taskDisable__C)
                  0000bcc8    00000004     mss_per4ft.oer4ft (.const:ti_sysbios_family_arm_v7r_vim_Hwi_taskRestoreHwi__C)
                  0000bccc    00000004     mss_per4ft.oer4ft (.const:ti_sysbios_family_arm_v7r_vim_Hwi_wakeEnaSet__C)
                  0000bcd0    00000004     mss_per4ft.oer4ft (.const:ti_sysbios_gates_GateMutex_A_badContext__C)
                  0000bcd4    00000004     mss_per4ft.oer4ft (.const:ti_sysbios_gates_GateMutex_Instance_State_sem__O)
                  0000bcd8    00000004     mss_per4ft.oer4ft (.const:ti_sysbios_gates_GateMutex_Module__diagsEnabled__C)
                  0000bcdc    00000004     mss_per4ft.oer4ft (.const:ti_sysbios_gates_GateMutex_Module__diagsIncluded__C)
                  0000bce0    00000004     mss_per4ft.oer4ft (.const:ti_sysbios_gates_GateMutex_Module__diagsMask__C)
                  0000bce4    00000004     mss_per4ft.oer4ft (.const:ti_sysbios_hal_Hwi_E_stackOverflow__C)
                  0000bce8    00000004     mss_per4ft.oer4ft (.const:ti_sysbios_heaps_HeapBuf_Instance_State_freeList__O)
                  0000bcec    00000004     mss_per4ft.oer4ft (.const:ti_sysbios_heaps_HeapBuf_Object__count__C)
                  0000bcf0    00000004     mss_per4ft.oer4ft (.const:ti_sysbios_heaps_HeapBuf_numConstructedHeaps__C)
                  0000bcf4    00000004     mss_per4ft.oer4ft (.const:ti_sysbios_heaps_HeapMem_A_align__C)
                  0000bcf8    00000004     mss_per4ft.oer4ft (.const:ti_sysbios_heaps_HeapMem_A_heapSize__C)
                  0000bcfc    00000004     mss_per4ft.oer4ft (.const:ti_sysbios_heaps_HeapMem_A_invalidFree__C)
                  0000bd00    00000004     mss_per4ft.oer4ft (.const:ti_sysbios_heaps_HeapMem_A_zeroBlock__C)
                  0000bd04    00000004     mss_per4ft.oer4ft (.const:ti_sysbios_heaps_HeapMem_E_memory__C)
                  0000bd08    00000004     mss_per4ft.oer4ft (.const:ti_sysbios_heaps_HeapMem_Module__diagsEnabled__C)
                  0000bd0c    00000004     mss_per4ft.oer4ft (.const:ti_sysbios_heaps_HeapMem_Module__diagsIncluded__C)
                  0000bd10    00000004     mss_per4ft.oer4ft (.const:ti_sysbios_heaps_HeapMem_Module__diagsMask__C)
                  0000bd14    00000004     mss_per4ft.oer4ft (.const:ti_sysbios_heaps_HeapMem_Module__gateObj__C)
                  0000bd18    00000004     mss_per4ft.oer4ft (.const:ti_sysbios_heaps_HeapMem_Object__count__C)
                  0000bd1c    00000004     mss_per4ft.oer4ft (.const:ti_sysbios_heaps_HeapMem_reqAlign__C)
                  0000bd20    00000004     mss_per4ft.oer4ft (.const:ti_sysbios_knl_Clock_LM_begin__C)
                  0000bd24    00000004     mss_per4ft.oer4ft (.const:ti_sysbios_knl_Clock_LM_tick__C)
                  0000bd28    00000004     mss_per4ft.oer4ft (.const:ti_sysbios_knl_Clock_LW_delayed__C)
                  0000bd2c    00000004     mss_per4ft.oer4ft (.const:ti_sysbios_knl_Clock_Module_State_clockQ__O)
                  0000bd30    00000004     mss_per4ft.oer4ft (.const:ti_sysbios_knl_Clock_Module__diagsEnabled__C)
                  0000bd34    00000004     mss_per4ft.oer4ft (.const:ti_sysbios_knl_Clock_Module__diagsIncluded__C)
                  0000bd38    00000004     mss_per4ft.oer4ft (.const:ti_sysbios_knl_Clock_Module__diagsMask__C)
                  0000bd3c    00000004     mss_per4ft.oer4ft (.const:ti_sysbios_knl_Clock_Module__loggerFxn1__C)
                  0000bd40    00000004     mss_per4ft.oer4ft (.const:ti_sysbios_knl_Clock_Module__loggerFxn2__C)
                  0000bd44    00000004     mss_per4ft.oer4ft (.const:ti_sysbios_knl_Clock_Module__loggerObj__C)
                  0000bd48    00000004     mss_per4ft.oer4ft (.const:ti_sysbios_knl_Idle_funcList__A)
                  0000bd4c    00000004     mss_per4ft.oer4ft (.const:ti_sysbios_knl_Semaphore_A_badContext__C)
                  0000bd50    00000004     mss_per4ft.oer4ft (.const:ti_sysbios_knl_Semaphore_A_noEvents__C)
                  0000bd54    00000004     mss_per4ft.oer4ft (.const:ti_sysbios_knl_Semaphore_A_overflow__C)
                  0000bd58    00000004     mss_per4ft.oer4ft (.const:ti_sysbios_knl_Semaphore_A_pendTaskDisabled__C)
                  0000bd5c    00000004     mss_per4ft.oer4ft (.const:ti_sysbios_knl_Semaphore_Instance_State_pendQ__O)
                  0000bd60    00000004     mss_per4ft.oer4ft (.const:ti_sysbios_knl_Semaphore_LM_pend__C)
                  0000bd64    00000004     mss_per4ft.oer4ft (.const:ti_sysbios_knl_Semaphore_LM_post__C)
                  0000bd68    00000004     mss_per4ft.oer4ft (.const:ti_sysbios_knl_Semaphore_Module__diagsEnabled__C)
                  0000bd6c    00000004     mss_per4ft.oer4ft (.const:ti_sysbios_knl_Semaphore_Module__diagsIncluded__C)
                  0000bd70    00000004     mss_per4ft.oer4ft (.const:ti_sysbios_knl_Semaphore_Module__diagsMask__C)
                  0000bd74    00000004     mss_per4ft.oer4ft (.const:ti_sysbios_knl_Semaphore_Module__loggerFxn2__C)
                  0000bd78    00000004     mss_per4ft.oer4ft (.const:ti_sysbios_knl_Semaphore_Module__loggerFxn4__C)
                  0000bd7c    00000004     mss_per4ft.oer4ft (.const:ti_sysbios_knl_Semaphore_Module__loggerObj__C)
                  0000bd80    00000004     mss_per4ft.oer4ft (.const:ti_sysbios_knl_Swi_LD_end__C)
                  0000bd84    00000004     mss_per4ft.oer4ft (.const:ti_sysbios_knl_Swi_LM_begin__C)
                  0000bd88    00000004     mss_per4ft.oer4ft (.const:ti_sysbios_knl_Swi_LM_post__C)
                  0000bd8c    00000004     mss_per4ft.oer4ft (.const:ti_sysbios_knl_Swi_Module__diagsEnabled__C)
                  0000bd90    00000004     mss_per4ft.oer4ft (.const:ti_sysbios_knl_Swi_Module__diagsIncluded__C)
                  0000bd94    00000004     mss_per4ft.oer4ft (.const:ti_sysbios_knl_Swi_Module__diagsMask__C)
                  0000bd98    00000004     mss_per4ft.oer4ft (.const:ti_sysbios_knl_Swi_Module__loggerFxn1__C)
                  0000bd9c    00000004     mss_per4ft.oer4ft (.const:ti_sysbios_knl_Swi_Module__loggerFxn4__C)
                  0000bda0    00000004     mss_per4ft.oer4ft (.const:ti_sysbios_knl_Swi_Module__loggerObj__C)
                  0000bda4    00000004     mss_per4ft.oer4ft (.const:ti_sysbios_knl_Swi_Object__count__C)
                  0000bda8    00000004     mss_per4ft.oer4ft (.const:ti_sysbios_knl_Task_A_badPriority__C)
                  0000bdac    00000004     mss_per4ft.oer4ft (.const:ti_sysbios_knl_Task_A_badTaskState__C)
                  0000bdb0    00000004     mss_per4ft.oer4ft (.const:ti_sysbios_knl_Task_A_badThreadType__C)
                  0000bdb4    00000004     mss_per4ft.oer4ft (.const:ti_sysbios_knl_Task_A_noPendElem__C)
                  0000bdb8    00000004     mss_per4ft.oer4ft (.const:ti_sysbios_knl_Task_E_spOutOfBounds__C)
                  0000bdbc    00000004     mss_per4ft.oer4ft (.const:ti_sysbios_knl_Task_E_stackOverflow__C)
                  0000bdc0    00000004     mss_per4ft.oer4ft (.const:ti_sysbios_knl_Task_LD_block__C)
                  0000bdc4    00000004     mss_per4ft.oer4ft (.const:ti_sysbios_knl_Task_LD_exit__C)
                  0000bdc8    00000004     mss_per4ft.oer4ft (.const:ti_sysbios_knl_Task_LD_ready__C)
                  0000bdcc    00000004     mss_per4ft.oer4ft (.const:ti_sysbios_knl_Task_LM_switch__C)
                  0000bdd0    00000004     mss_per4ft.oer4ft (.const:ti_sysbios_knl_Task_Module_State_inactiveQ__O)
                  0000bdd4    00000004     mss_per4ft.oer4ft (.const:ti_sysbios_knl_Task_Module__diagsEnabled__C)
                  0000bdd8    00000004     mss_per4ft.oer4ft (.const:ti_sysbios_knl_Task_Module__diagsIncluded__C)
                  0000bddc    00000004     mss_per4ft.oer4ft (.const:ti_sysbios_knl_Task_Module__diagsMask__C)
                  0000bde0    00000004     mss_per4ft.oer4ft (.const:ti_sysbios_knl_Task_Module__loggerFxn2__C)
                  0000bde4    00000004     mss_per4ft.oer4ft (.const:ti_sysbios_knl_Task_Module__loggerFxn4__C)
                  0000bde8    00000004     mss_per4ft.oer4ft (.const:ti_sysbios_knl_Task_Module__loggerObj__C)
                  0000bdec    00000004     mss_per4ft.oer4ft (.const:ti_sysbios_knl_Task_Object__count__C)
                  0000bdf0    00000004     mss_per4ft.oer4ft (.const:ti_sysbios_knl_Task_allBlockedFunc__C)
                  0000bdf4    00000004     mss_per4ft.oer4ft (.const:ti_sysbios_knl_Task_defaultStackHeap__C)
                  0000bdf8    00000004     mss_per4ft.oer4ft (.const:ti_sysbios_knl_Task_defaultStackSize__C)
                  0000bdfc    00000004     mss_per4ft.oer4ft (.const:ti_sysbios_knl_Task_numConstructedTasks__C)
                  0000be00    00000004     mss_per4ft.oer4ft (.const:ti_sysbios_timers_rti_Timer_E_cannotSupport__C)
                  0000be04    00000004     mss_per4ft.oer4ft (.const:ti_sysbios_timers_rti_Timer_Module__diagsEnabled__C)
                  0000be08    00000004     mss_per4ft.oer4ft (.const:ti_sysbios_timers_rti_Timer_Module__diagsIncluded__C)
                  0000be0c    00000004     mss_per4ft.oer4ft (.const:ti_sysbios_timers_rti_Timer_Module__diagsMask__C)
                  0000be10    00000004     mss_per4ft.oer4ft (.const:ti_sysbios_timers_rti_Timer_numTimerDevices__C)
                  0000be14    00000004     mss_per4ft.oer4ft (.const:ti_sysbios_timers_rti_Timer_startupNeeded__C)
                  0000be18    00000004     mss_per4ft.oer4ft (.const:xdc_runtime_Assert_E_assertFailed__C)
                  0000be1c    00000004     mss_per4ft.oer4ft (.const:xdc_runtime_Core_A_initializedParams__C)
                  0000be20    00000004     mss_per4ft.oer4ft (.const:xdc_runtime_Core_Module__diagsEnabled__C)
                  0000be24    00000004     mss_per4ft.oer4ft (.const:xdc_runtime_Core_Module__diagsIncluded__C)
                  0000be28    00000004     mss_per4ft.oer4ft (.const:xdc_runtime_Core_Module__diagsMask__C)
                  0000be2c    00000004     mss_per4ft.oer4ft (.const:xdc_runtime_Error_E_memory__C)
                  0000be30    00000004     mss_per4ft.oer4ft (.const:xdc_runtime_Error_Module__diagsEnabled__C)
                  0000be34    00000004     mss_per4ft.oer4ft (.const:xdc_runtime_Error_Module__diagsIncluded__C)
                  0000be38    00000004     mss_per4ft.oer4ft (.const:xdc_runtime_Error_Module__diagsMask__C)
                  0000be3c    00000004     mss_per4ft.oer4ft (.const:xdc_runtime_Error_Module__loggerFxn8__C)
                  0000be40    00000004     mss_per4ft.oer4ft (.const:xdc_runtime_Error_Module__loggerObj__C)
                  0000be44    00000004     mss_per4ft.oer4ft (.const:xdc_runtime_Error_policyFxn__C)
                  0000be48    00000004     mss_per4ft.oer4ft (.const:xdc_runtime_Error_policy__C)
                  0000be4c    00000004     mss_per4ft.oer4ft (.const:xdc_runtime_Error_raiseHook__C)
                  0000be50    00000004     mss_per4ft.oer4ft (.const:xdc_runtime_IGateProvider_Interface__BASE__C)
                  0000be54    00000004     mss_per4ft.oer4ft (.const:xdc_runtime_IHeap_Interface__BASE__C)
                  0000be58    00000004     mss_per4ft.oer4ft (.const:xdc_runtime_IModule_Interface__BASE__C)
                  0000be5c    00000004     mss_per4ft.oer4ft (.const:xdc_runtime_Log_L_error__C)
                  0000be60    00000004     mss_per4ft.oer4ft (.const:xdc_runtime_Memory_defaultHeapInstance__C)
                  0000be64    00000004     mss_per4ft.oer4ft (.const:xdc_runtime_Startup_execImpl__C)
                  0000be68    00000004     mss_per4ft.oer4ft (.const:xdc_runtime_Startup_maxPasses__C)
                  0000be6c    00000004     mss_per4ft.oer4ft (.const:xdc_runtime_Startup_sfxnRts__C)
                  0000be70    00000004     mss_per4ft.oer4ft (.const:xdc_runtime_Startup_sfxnTab__C)
                  0000be74    00000004     mss_per4ft.oer4ft (.const:xdc_runtime_System_Module__gateObj__C)
                  0000be78    00000004     mss_per4ft.oer4ft (.const:xdc_runtime_System_abortFxn__C)
                  0000be7c    00000004     mss_per4ft.oer4ft (.const:xdc_runtime_System_exitFxn__C)
                  0000be80    00000004     mss_per4ft.oer4ft (.const:xdc_runtime_System_extendFxn__C)
                  0000be84    00000004     mss_per4ft.oer4ft (.const:xdc_runtime_System_maxAtexitHandlers__C)
                  0000be88    00000004     mss_per4ft.oer4ft (.const:xdc_runtime_Text_charTab__C)
                  0000be8c    00000004     mss_per4ft.oer4ft (.const:xdc_runtime_Text_nameEmpty__C)
                  0000be90    00000004     mss_per4ft.oer4ft (.const:xdc_runtime_Text_nameStatic__C)
                  0000be94    00000004     mss_per4ft.oer4ft (.const:xdc_runtime_Text_nameUnknown__C)
                  0000be98    00000004     mss_per4ft.oer4ft (.const:xdc_runtime_Text_nodeTab__C)
                  0000be9c    00000004     mss_per4ft.oer4ft (.const:xdc_runtime_Text_visitRopeFxn__C)
                  0000bea0    00000002     mss_per4ft.oer4ft (.const:ti_sysbios_family_arm_exc_Exception_Module__id__C)
                  0000bea2    00000002     mss_per4ft.oer4ft (.const:ti_sysbios_family_arm_v7r_tms570_Core_Module__id__C)
                  0000bea4    00000002     mss_per4ft.oer4ft (.const:ti_sysbios_family_arm_v7r_vim_Hwi_Module__id__C)
                  0000bea6    00000002     mss_per4ft.oer4ft (.const:ti_sysbios_family_arm_v7r_vim_Hwi_Module__loggerDefined__C)
                  0000bea8    00000002     mss_per4ft.oer4ft (.const:ti_sysbios_gates_GateMutex_Module__id__C)
                  0000beaa    00000002     mss_per4ft.oer4ft (.const:ti_sysbios_hal_Hwi_Module__id__C)
                  0000beac    00000002     mss_per4ft.oer4ft (.const:ti_sysbios_heaps_HeapMem_Module__id__C)
                  0000beae    00000002     mss_per4ft.oer4ft (.const:ti_sysbios_knl_Clock_Module__id__C)
                  0000beb0    00000002     mss_per4ft.oer4ft (.const:ti_sysbios_knl_Clock_Module__loggerDefined__C)
                  0000beb2    00000002     mss_per4ft.oer4ft (.const:ti_sysbios_knl_Semaphore_Module__id__C)
                  0000beb4    00000002     mss_per4ft.oer4ft (.const:ti_sysbios_knl_Semaphore_Module__loggerDefined__C)
                  0000beb6    00000002     mss_per4ft.oer4ft (.const:ti_sysbios_knl_Swi_Module__id__C)
                  0000beb8    00000002     mss_per4ft.oer4ft (.const:ti_sysbios_knl_Swi_Module__loggerDefined__C)
                  0000beba    00000002     mss_per4ft.oer4ft (.const:ti_sysbios_knl_Task_Module__id__C)
                  0000bebc    00000002     mss_per4ft.oer4ft (.const:ti_sysbios_knl_Task_Module__loggerDefined__C)
                  0000bebe    00000002     mss_per4ft.oer4ft (.const:ti_sysbios_timers_rti_Timer_Module__id__C)
                  0000bec0    00000002     mss_per4ft.oer4ft (.const:ti_sysbios_timers_rti_Timer_continueOnSuspend__C)
                  0000bec2    00000002     mss_per4ft.oer4ft (.const:xdc_runtime_Core_Module__id__C)
                  0000bec4    00000002     mss_per4ft.oer4ft (.const:xdc_runtime_Error_Module__loggerDefined__C)
                  0000bec6    00000002     mss_per4ft.oer4ft (.const:xdc_runtime_Error_maxDepth__C)
                  0000bec8    00000002     mss_per4ft.oer4ft (.const:xdc_runtime_Main_Module__id__C)
                  0000beca    00000002     mss_per4ft.oer4ft (.const:xdc_runtime_Memory_Module__id__C)
                  0000becc    00000002     mss_per4ft.oer4ft (.const:xdc_runtime_Text_charCnt__C)
                  0000bece    00000002     mss_per4ft.oer4ft (.const:xdc_runtime_Text_isLoaded__C)
                  0000bed0    00000002     mss_per4ft.oer4ft (.const:xdc_runtime_Text_registryModsLastId__C)
                  0000bed2    00000002     mss_per4ft.oer4ft (.const:xdc_runtime_Text_unnamedModsLastId__C)

.cinit     0    0000bed8    00000298     
                  0000bed8    00000242     (.cinit..data.load) [load image, compression = lzss]
                  0000c11a    00000002     --HOLE-- [fill = 0]
                  0000c11c    0000000c     (__TI_handler_table)
                  0000c128    00000008     (.cinit..MCPILogBuffer.load) [load image, compression = zero_init]
                  0000c130    00000008     (.cinit..bss.load) [load image, compression = zero_init]
                  0000c138    00000008     (.cinit..myFiqStack.load) [load image, compression = zero_init]
                  0000c140    00000008     (.cinit.systemHeap.load) [load image, compression = zero_init]
                  0000c148    00000028     (__TI_cinit_table)

systemHeap 
*          0    08000000    00008000     UNINITIALIZED
                  08000000    00008000     mss_per4ft.oer4ft (systemHeap)

.MCPILogBuffer 
*          0    08008000    00002400     UNINITIALIZED
                  08008000    00002400     test_adcbuf.oer4f (.MCPILogBuffer)

.bss       0    0800a400    00001a38     UNINITIALIZED
                  0800a400    00001000     (.common:ti_sysbios_family_arm_exc_Exception_Module_State_0_excStack_0__A)
                  0800b400    00000800     mss_per4ft.oer4ft (.bss:taskStackSection)
                  0800bc00    00000120     rtsv7R4_T_le_v3D16_eabi.lib : trgmsg.obj (.bss:_CIOBUF_)
                  0800bd20    000000a0     (.common:__TI_tmpnams)
                  0800bdc0    00000070     (.common:gEsmMCB)
                  0800be30    00000008     (.common:parmbuf)

.stack     0    0800be40    00001000     UNINITIALIZED
                  0800be40    00001000     --HOLE--

.data      0    0800ce40    00000898     UNINITIALIZED
                  0800ce40    00000200     mss_per4ft.oer4ft (.data:ti_sysbios_family_arm_v7r_vim_Hwi_Module_State_0_dispatchTable__A)
                  0800d040    000000f0     rtsv7R4_T_le_v3D16_eabi.lib : defs.obj (.data:_ftable)
                  0800d130    00000080     mss_per4ft.oer4ft (.data:ti_sysbios_knl_Swi_Module_State_0_readyQ__A)
                  0800d1b0    00000080     mss_per4ft.oer4ft (.data:ti_sysbios_knl_Task_Module_State_0_readyQ__A)
                  0800d230    00000078     rtsv7R4_T_le_v3D16_eabi.lib : write.obj (.data:_device)
                  0800d2a8    00000050                                 : write.obj (.data:_stream)
                  0800d2f8    0000004c     mss_per4ft.oer4ft (.data:ti_sysbios_knl_Task_Object__table__V)
                  0800d344    00000044     mss_per4ft.oer4ft (.data:ti_sysbios_knl_Task_Module__state__V)
                  0800d388    00000040     mss_per4ft.oer4ft (.data:ti_sysbios_gates_GateMutex_Object__table__V)
                  0800d3c8    0000003c     mss_per4ft.oer4ft (.data:ti_sysbios_timers_rti_Timer_Object__table__V)
                  0800d404    00000034     mss_per4ft.oer4ft (.data:ti_sysbios_family_arm_v7r_vim_Hwi_Module__state__V)
                  0800d438    00000030     mss_per4ft.oer4ft (.data:ti_sysbios_knl_Swi_Object__table__V)
                  0800d468    0000002c     mss_per4ft.oer4ft (.data:ti_sysbios_family_arm_v7r_vim_Hwi_Object__table__V)
                  0800d494    0000002c     mss_per4ft.oer4ft (.data:ti_sysbios_knl_Clock_Module__state__V)
                  0800d4c0    00000024     mss_per4ft.oer4ft (.data:ti_sysbios_BIOS_Module__state__V)
                  0800d4e4    00000020     test_adcbuf.oer4f (.data:$O1$$)
                  0800d504    00000020     mss_per4ft.oer4ft (.data:xdc_runtime_Error_IgnoreBlock)
                  0800d524    00000020     mss_per4ft.oer4ft (.data:xdc_runtime_System_Module_State_0_atexitHandlers__A)
                  0800d544    0000001c     mss_per4ft.oer4ft (.data:ti_sysbios_knl_Swi_Module__state__V)
                  0800d560    00000018     adcbuf_xwr1xxx.oer4f (.data:ADCBuf_config)
                  0800d578    00000018     mss_per4ft.oer4ft (.data:ti_sysbios_heaps_HeapMem_Object__table__V)
                  0800d590    00000018     mss_per4ft.oer4ft (.data:ti_sysbios_timers_rti_Timer_Module_State_0_device__A)
                  0800d5a8    00000014     main_mss.oer4f (.data:gADCBUFTestParam)
                  0800d5bc    00000014     libsoc_xwr16xx.aer4f : soc_xwr16xx_mss.oer4f (.data:gSOCHwAttrib)
                  0800d5d0    00000014     mss_per4ft.oer4ft (.data:ti_sysbios_family_arm_exc_Exception_Module__state__V)
                  0800d5e4    00000010     rtsv7R4_T_le_v3D16_eabi.lib : defs.obj (.data)
                  0800d5f4    00000010     mss_per4ft.oer4ft (.data:ti_sysbios_timers_rti_Timer_Module_State_0_intFreqs__A)
                  0800d604    00000010     mss_per4ft.oer4ft (.data:ti_sysbios_timers_rti_Timer_Module__state__V)
                  0800d614    0000000c     libtestlogger_xwr16xx.aer4f : logger.oer4f (.data:$O1$$)
                  0800d620    0000000c     rtsv7R4_T_le_v3D16_eabi.lib : exit.obj (.data:$O1$$)
                  0800d62c    0000000c     libesm_xwr16xx.aer4f : esm_xwr1xxx.oer4f (.data:gESMHwCfgAttrs)
                  0800d638    00000008     rtsv7R4_T_le_v3D16_eabi.lib : _lock.obj (.data:$O1$$)
                  0800d640    00000008     mss_per4ft.oer4ft (.data:ti_sysbios_family_arm_v7r_vim_Hwi_Module__root__V)
                  0800d648    00000008     mss_per4ft.oer4ft (.data:ti_sysbios_gates_GateHwi_Module__root__V)
                  0800d650    00000008     mss_per4ft.oer4ft (.data:ti_sysbios_gates_GateMutex_Module__root__V)
                  0800d658    00000008     mss_per4ft.oer4ft (.data:ti_sysbios_hal_Hwi_Object__table__V)
                  0800d660    00000008     mss_per4ft.oer4ft (.data:ti_sysbios_heaps_HeapMem_Module__root__V)
                  0800d668    00000008     mss_per4ft.oer4ft (.data:ti_sysbios_knl_Queue_Module__root__V)
                  0800d670    00000008     mss_per4ft.oer4ft (.data:ti_sysbios_knl_Semaphore_Module__root__V)
                  0800d678    00000008     mss_per4ft.oer4ft (.data:ti_sysbios_knl_Task_Module__root__V)
                  0800d680    00000008     mss_per4ft.oer4ft (.data:ti_sysbios_timers_rti_Timer_Module_State_0_handles__A)
                  0800d688    00000008     mss_per4ft.oer4ft (.data:xdc_runtime_Registry_Module__state__V)
                  0800d690    00000008     mss_per4ft.oer4ft (.data:xdc_runtime_Startup_Module__state__V)
                  0800d698    00000008     mss_per4ft.oer4ft (.data:xdc_runtime_System_Module__state__V)
                  0800d6a0    00000004     ADCBuf.oer4f (.data)
                  0800d6a4    00000004     rtsv7R4_T_le_v3D16_eabi.lib : errno.obj (.data)
                  0800d6a8    00000004                                 : fopen.obj (.data)
                  0800d6ac    00000004                                 : open.obj (.data)
                  0800d6b0    00000004                                 : stkdepth_vars.obj (.data)
                  0800d6b4    00000004     test_adcbuf.oer4f (.data)
                  0800d6b8    00000004     mss_per4ft.oer4ft (.data:ti_sysbios_family_arm_exc_Exception_Module_State_0_excContext__A)
                  0800d6bc    00000004     mss_per4ft.oer4ft (.data:ti_sysbios_family_arm_exc_Exception_Module_State_0_excStackBuffers__A)
                  0800d6c0    00000004     mss_per4ft.oer4ft (.data:ti_sysbios_family_arm_exc_Exception_Module_State_0_excStack__A)
                  0800d6c4    00000004     mss_per4ft.oer4ft (.data:ti_sysbios_gates_GateHwi_Object__table__V)
                  0800d6c8    00000004     mss_per4ft.oer4ft (.data:ti_sysbios_heaps_HeapBuf_Module__state__V)
                  0800d6cc    00000004     mss_per4ft.oer4ft (.data:ti_sysbios_knl_Task_Module_State_0_idleTask__A)
                  0800d6d0    00000004     mss_per4ft.oer4ft (.data:xdc_runtime_Memory_Module__state__V)
                  0800d6d4    00000002     mss_per4ft.oer4ft (.data:ti_sysbios_family_arm_exc_Exception_Module_State_0_excActive__A)
                  0800d6d6    00000002     mss_per4ft.oer4ft (.data:xdc_runtime_Error_Module__state__V)

MODULE SUMMARY

       Module                          code    ro data   rw data
       ------                          ----    -------   -------
    /home/gtbldadm/nightlybuilds/mmwave_sdk/ti/drivers/adcbuf/test/xwr16xx/mss_configPkg_xwr16xx/package/cfg/
       mss_per4ft.oer4ft               1714    8503      42540  
    +--+-------------------------------+-------+---------+---------+
       Total:                          1714    8503      42540  
                                                                
    obj_xwr16xx/
       test_adcbuf.oer4f               4950    0         9252   
       adcbuf_mmwave.oer4f             1820    20        0      
       ADCBuf.oer4f                    146     12        4      
       main_mss.oer4f                  64      0         20     
       adcbuf_xwr1xxx.oer4f            0       16        24     
    +--+-------------------------------+-------+---------+---------+
       Total:                          6980    48        9300   
                                                                
    /home/gtbldadm/nightlybuilds/mmwave_sdk/scripts/jenkins/../../ti/drivers/esm/lib/libesm_xwr16xx.aer4f
       esm.oer4f                       456     0         112    
       esm_xwr1xxx.oer4f               0       0         12     
    +--+-------------------------------+-------+---------+---------+
       Total:                          456     0         124    
                                                                
    /home/gtbldadm/nightlybuilds/mmwave_sdk/scripts/jenkins/../../ti/drivers/osal/lib/libosal_xwr16xx.aer4f
       HwiP_tirtos.oer4f               168     0         0      
       SemaphoreP_tirtos.oer4f         150     0         0      
       MemoryP_tirtos.oer4f            28      0         0      
       DebugP_tirtos.oer4f             20      0         0      
    +--+-------------------------------+-------+---------+---------+
       Total:                          366     0         0      
                                                                
    /home/gtbldadm/nightlybuilds/mmwave_sdk/scripts/jenkins/../../ti/drivers/soc/lib/libsoc_xwr16xx.aer4f
       soc_xwr16xx_mss.oer4f           822     0         20     
       soc.oer4f                       634     0         0      
       soc_mpu.o                       182     0         0      
    +--+-------------------------------+-------+---------+---------+
       Total:                          1638    0         20     
                                                                
    /home/gtbldadm/nightlybuilds/mmwave_sdk/scripts/jenkins/../../ti/utils/testlogger/lib/libtestlogger_xwr16xx.aer4f
       logger.oer4f                    344     0         12     
    +--+-------------------------------+-------+---------+---------+
       Total:                          344     0         12     
                                                                
    /home/gtbldadm/nightlybuilds/mmwave_sdk/ti/drivers/adcbuf/test/xwr16xx/mss_configPkg_xwr16xx/package/cfg/mss_per4ft.src/sysbios/sysbios.aer4ft
       BIOS.obj                        16809   0         0      
       exc_Exception_asm.obj           308     0         0      
       vim_Hwi_asm.obj                 208     0         0      
       arm_TaskSupport_asm.obj         176     0         0      
       vim_Hwi_asm_switch.obj          152     0         0      
       arm_IntrinsicsSupport_asm.obj   12      0         0      
       tms570_Core_asm.obj             10      0         0      
    +--+-------------------------------+-------+---------+---------+
       Total:                          17675   0         0      
                                                                
    /opt/ti/bios_6_53_02_00/packages/ti/targets/arm/rtsarm/lib/auto_init.aer4ft
       auto_init.oer4ft                160     0         0      
    +--+-------------------------------+-------+---------+---------+
       Total:                          160     0         0      
                                                                
    /opt/ti/bios_6_53_02_00/packages/ti/targets/arm/rtsarm/lib/boot.aer4ft
       boot.oer4ft                     116     0         0      
    +--+-------------------------------+-------+---------+---------+
       Total:                          116     0         0      
                                                                
    /opt/ti/ti-cgt-arm_16.9.6.LTS/lib/rtsv7R4_T_le_v3D16_eabi.lib
       _printfi.obj                    4218    0         0      
       ull_div32.obj                   696     0         0      
       fopen.obj                       456     0         4      
       defs.obj                        0       0         416    
       trgmsg.obj                      108     0         288    
       fputs.obj                       312     0         0      
       ctype.obj                       0       257       0      
       write.obj                       40      0         200    
       s_scalbn.obj                    236     0         0      
       setvbuf.obj                     220     0         0      
       fflush.obj                      204     0         0      
       open.obj                        188     0         4      
       _io_perm.obj                    174     0         0      
       memcpy_t2.obj                   156     0         0      
       fclose.obj                      152     0         0      
       fputc.obj                       152     0         0      
       snprintf.obj                    148     0         0      
       memset_t2.obj                   122     0         0      
       getdevice.obj                   116     0         0      
       s_frexp.obj                     116     0         0      
       printf.obj                      112     0         0      
       copy_decompress_lzss.obj        108     0         0      
       hostlseek.obj                   104     0         0      
       hostrename.obj                  104     0         0      
       fseek.obj                       100     0         0      
       hostopen.obj                    92      0         8      
       sprintf.obj                     100     0         0      
       exit.obj                        80      0         12     
       hostread.obj                    92      0         0      
       close.obj                       88      0         0      
       hostwrite.obj                   88      0         0      
       ltoa.obj                        84      0         0      
       atoi.obj                        80      0         0      
       u_div32.obj                     80      0         0      
       cpy_tbl.obj                     76      0         0      
       hostclose.obj                   68      0         0      
       hostunlink.obj                  68      0         0      
       strncpy.obj                     54      0         0      
       unlink.obj                      44      0         0      
       lseek.obj                       40      0         0      
       memchr.obj                      32      0         0      
       strcat.obj                      30      0         0      
       _lock.obj                       20      0         8      
       memccpy.obj                     28      0         0      
       s_copysign.obj                  26      0         0      
       args_main.obj                   24      0         0      
       strcmp.obj                      24      0         0      
       strchr.obj                      22      0         0      
       strlen.obj                      22      0         0      
       strcpy.obj                      20      0         0      
       copy_decompress_none.obj        14      0         0      
       copy_zero_init.obj              12      0         0      
       errno.obj                       0       0         4      
       stkdepth_vars.obj               0       0         4      
       i_div0.obj                      2       0         0      
    +--+-------------------------------+-------+---------+---------+
       Total:                          9752    257       948    
                                                                
       Stack:                          0       0         4096   
       Linker Generated:               0       662       0      
    +--+-------------------------------+-------+---------+---------+
       Grand Total:                    39201   9470      57040  


LINKER GENERATED COPY TABLES

__TI_cinit_table @ 0000c148 records: 5, size/record: 8, table size: 40
	.data: load addr=0000bed8, load size=00000242 bytes, run addr=0800ce40, run size=00000898 bytes, compression=lzss
[...]
0000bc94  ti_sysbios_family_arm_v7r_vim_Hwi_Module__diagsEnabled__C            
0000bc98  ti_sysbios_family_arm_v7r_vim_Hwi_Module__diagsIncluded__C           
0000bc9c  ti_sysbios_family_arm_v7r_vim_Hwi_Module__diagsMask__C               
0000bca0  ti_sysbios_family_arm_v7r_vim_Hwi_Module__loggerFxn1__C              
0000bca4  ti_sysbios_family_arm_v7r_vim_Hwi_Module__loggerFxn8__C              
0000bca8  ti_sysbios_family_arm_v7r_vim_Hwi_Module__loggerObj__C               
0000bcac  ti_sysbios_family_arm_v7r_vim_Hwi_NUM_INTERRUPTS__C                  
0000bcb0  ti_sysbios_family_arm_v7r_vim_Hwi_channelMap__C                      
0000bcb4  ti_sysbios_family_arm_v7r_vim_Hwi_intReqEnaSet__C                    
0000bcb8  ti_sysbios_family_arm_v7r_vim_Hwi_phantomFunc__C                     
0000bcbc  ti_sysbios_family_arm_v7r_vim_Hwi_swiDisable__C                      
0000bcc0  ti_sysbios_family_arm_v7r_vim_Hwi_swiRestoreHwi__C                   
0000bcc4  ti_sysbios_family_arm_v7r_vim_Hwi_taskDisable__C                     
0000bcc8  ti_sysbios_family_arm_v7r_vim_Hwi_taskRestoreHwi__C                  
0000bccc  ti_sysbios_family_arm_v7r_vim_Hwi_wakeEnaSet__C                      
0000bcd0  ti_sysbios_gates_GateMutex_A_badContext__C                           
0000bcd4  ti_sysbios_gates_GateMutex_Instance_State_sem__O                     
0000bcd8  ti_sysbios_gates_GateMutex_Module__diagsEnabled__C                   
0000bcdc  ti_sysbios_gates_GateMutex_Module__diagsIncluded__C                  
0000bce0  ti_sysbios_gates_GateMutex_Module__diagsMask__C                      
0000bce4  ti_sysbios_hal_Hwi_E_stackOverflow__C                                
0000bce8  ti_sysbios_heaps_HeapBuf_Instance_State_freeList__O                  
0000bcec  ti_sysbios_heaps_HeapBuf_Object__count__C                            
0000bcf0  ti_sysbios_heaps_HeapBuf_numConstructedHeaps__C                      
0000bcf4  ti_sysbios_heaps_HeapMem_A_align__C                                  
0000bcf8  ti_sysbios_heaps_HeapMem_A_heapSize__C                               
0000bcfc  ti_sysbios_heaps_HeapMem_A_invalidFree__C                            
0000bd00  ti_sysbios_heaps_HeapMem_A_zeroBlock__C                              
0000bd04  ti_sysbios_heaps_HeapMem_E_memory__C                                 
0000bd08  ti_sysbios_heaps_HeapMem_Module__diagsEnabled__C                     
0000bd0c  ti_sysbios_heaps_HeapMem_Module__diagsIncluded__C                    
0000bd10  ti_sysbios_heaps_HeapMem_Module__diagsMask__C                        
0000bd14  ti_sysbios_heaps_HeapMem_Module__gateObj__C                          
0000bd18  ti_sysbios_heaps_HeapMem_Object__count__C                            
0000bd1c  ti_sysbios_heaps_HeapMem_reqAlign__C                                 
0000bd20  ti_sysbios_knl_Clock_LM_begin__C                                     
0000bd24  ti_sysbios_knl_Clock_LM_tick__C                                      
0000bd28  ti_sysbios_knl_Clock_LW_delayed__C                                   
0000bd2c  ti_sysbios_knl_Clock_Module_State_clockQ__O                          
0000bd30  ti_sysbios_knl_Clock_Module__diagsEnabled__C                         
0000bd34  ti_sysbios_knl_Clock_Module__diagsIncluded__C                        
0000bd38  ti_sysbios_knl_Clock_Module__diagsMask__C                            
0000bd3c  ti_sysbios_knl_Clock_Module__loggerFxn1__C                           
0000bd40  ti_sysbios_knl_Clock_Module__loggerFxn2__C                           
0000bd44  ti_sysbios_knl_Clock_Module__loggerObj__C                            
0000bd48  ti_sysbios_knl_Idle_funcList__A                                      
0000bd4c  ti_sysbios_knl_Semaphore_A_badContext__C                             
0000bd50  ti_sysbios_knl_Semaphore_A_noEvents__C                               
0000bd54  ti_sysbios_knl_Semaphore_A_overflow__C                               
0000bd58  ti_sysbios_knl_Semaphore_A_pendTaskDisabled__C                       
0000bd5c  ti_sysbios_knl_Semaphore_Instance_State_pendQ__O                     
0000bd60  ti_sysbios_knl_Semaphore_LM_pend__C                                  
0000bd64  ti_sysbios_knl_Semaphore_LM_post__C                                  
0000bd68  ti_sysbios_knl_Semaphore_Module__diagsEnabled__C                     
0000bd6c  ti_sysbios_knl_Semaphore_Module__diagsIncluded__C                    
0000bd70  ti_sysbios_knl_Semaphore_Module__diagsMask__C                        
0000bd74  ti_sysbios_knl_Semaphore_Module__loggerFxn2__C                       
0000bd78  ti_sysbios_knl_Semaphore_Module__loggerFxn4__C                       
0000bd7c  ti_sysbios_knl_Semaphore_Module__loggerObj__C                        
0000bd80  ti_sysbios_knl_Swi_LD_end__C                                         
0000bd84  ti_sysbios_knl_Swi_LM_begin__C                                       
0000bd88  ti_sysbios_knl_Swi_LM_post__C                                        
0000bd8c  ti_sysbios_knl_Swi_Module__diagsEnabled__C                           
0000bd90  ti_sysbios_knl_Swi_Module__diagsIncluded__C                          
0000bd94  ti_sysbios_knl_Swi_Module__diagsMask__C                              
0000bd98  ti_sysbios_knl_Swi_Module__loggerFxn1__C                             
0000bd9c  ti_sysbios_knl_Swi_Module__loggerFxn4__C                             
0000bda0  ti_sysbios_knl_Swi_Module__loggerObj__C                              
0000bda4  ti_sysbios_knl_Swi_Object__count__C                                  
0000bda8  ti_sysbios_knl_Task_A_badPriority__C                                 
0000bdac  ti_sysbios_knl_Task_A_badTaskState__C                                
0000bdb0  ti_sysbios_knl_Task_A_badThreadType__C                               
0000bdb4  ti_sysbios_knl_Task_A_noPendElem__C                                  
0000bdb8  ti_sysbios_knl_Task_E_spOutOfBounds__C                               
0000bdbc  ti_sysbios_knl_Task_E_stackOverflow__C                               
0000bdc0  ti_sysbios_knl_Task_LD_block__C                                      
0000bdc4  ti_sysbios_knl_Task_LD_exit__C                                       
0000bdc8  ti_sysbios_knl_Task_LD_ready__C                                      
0000bdcc  ti_sysbios_knl_Task_LM_switch__C                                     
0000bdd0  ti_sysbios_knl_Task_Module_State_inactiveQ__O                        
0000bdd4  ti_sysbios_knl_Task_Module__diagsEnabled__C                          
0000bdd8  ti_sysbios_knl_Task_Module__diagsIncluded__C                         
0000bddc  ti_sysbios_knl_Task_Module__diagsMask__C                             
0000bde0  ti_sysbios_knl_Task_Module__loggerFxn2__C                            
0000bde4  ti_sysbios_knl_Task_Module__loggerFxn4__C                            
0000bde8  ti_sysbios_knl_Task_Module__loggerObj__C                             
0000bdec  ti_sysbios_knl_Task_Object__count__C                                 
0000bdf0  ti_sysbios_knl_Task_allBlockedFunc__C                                
0000bdf4  ti_sysbios_knl_Task_defaultStackHeap__C                              
0000bdf8  ti_sysbios_knl_Task_defaultStackSize__C                              
0000bdfc  ti_sysbios_knl_Task_numConstructedTasks__C                           
0000be00  ti_sysbios_timers_rti_Timer_E_cannotSupport__C                       
0000be04  ti_sysbios_timers_rti_Timer_Module__diagsEnabled__C                  
0000be08  ti_sysbios_timers_rti_Timer_Module__diagsIncluded__C                 
0000be0c  ti_sysbios_timers_rti_Timer_Module__diagsMask__C                     
0000be10  ti_sysbios_timers_rti_Timer_numTimerDevices__C                       
0000be14  ti_sysbios_timers_rti_Timer_startupNeeded__C                         
0000be18  xdc_runtime_Assert_E_assertFailed__C                                 
0000be1c  xdc_runtime_Core_A_initializedParams__C                              
0000be20  xdc_runtime_Core_Module__diagsEnabled__C                             
0000be24  xdc_runtime_Core_Module__diagsIncluded__C                            
0000be28  xdc_runtime_Core_Module__diagsMask__C                                
0000be2c  xdc_runtime_Error_E_memory__C                                        
0000be30  xdc_runtime_Error_Module__diagsEnabled__C                            
0000be34  xdc_runtime_Error_Module__diagsIncluded__C                           
0000be38  xdc_runtime_Error_Module__diagsMask__C                               
0000be3c  xdc_runtime_Error_Module__loggerFxn8__C                              
0000be40  xdc_runtime_Error_Module__loggerObj__C                               
0000be44  xdc_runtime_Error_policyFxn__C                                       
0000be48  xdc_runtime_Error_policy__C                                          
0000be4c  xdc_runtime_Error_raiseHook__C                                       
0000be50  xdc_runtime_IGateProvider_Interface__BASE__C                         
0000be54  xdc_runtime_IHeap_Interface__BASE__C                                 
0000be58  xdc_runtime_IModule_Interface__BASE__C                               
0000be5c  xdc_runtime_Log_L_error__C                                           
0000be60  xdc_runtime_Memory_defaultHeapInstance__C                            
0000be64  xdc_runtime_Startup_execImpl__C                                      
0000be68  xdc_runtime_Startup_maxPasses__C                                     
0000be6c  xdc_runtime_Startup_sfxnRts__C                                       
0000be70  xdc_runtime_Startup_sfxnTab__C                                       
0000be74  xdc_runtime_System_Module__gateObj__C                                
0000be78  xdc_runtime_System_abortFxn__C                                       
0000be7c  xdc_runtime_System_exitFxn__C                                        
0000be80  xdc_runtime_System_extendFxn__C                                      
0000be84  xdc_runtime_System_maxAtexitHandlers__C                              
0000be88  xdc_runtime_Text_charTab__C                                          
0000be8c  xdc_runtime_Text_nameEmpty__C                                        
0000be90  xdc_runtime_Text_nameStatic__C                                       
0000be94  xdc_runtime_Text_nameUnknown__C                                      
0000be98  xdc_runtime_Text_nodeTab__C                                          
0000be9c  xdc_runtime_Text_visitRopeFxn__C                                     
0000bea0  ti_sysbios_family_arm_exc_Exception_Module__id__C                    
0000bea2  ti_sysbios_family_arm_v7r_tms570_Core_Module__id__C                  
0000bea4  ti_sysbios_family_arm_v7r_vim_Hwi_Module__id__C                      
0000bea6  ti_sysbios_family_arm_v7r_vim_Hwi_Module__loggerDefined__C           
0000bea8  ti_sysbios_gates_GateMutex_Module__id__C                             
0000beaa  ti_sysbios_hal_Hwi_Module__id__C                                     
0000beac  ti_sysbios_heaps_HeapMem_Module__id__C                               
0000beae  ti_sysbios_knl_Clock_Module__id__C                                   
0000beb0  ti_sysbios_knl_Clock_Module__loggerDefined__C                        
0000beb2  ti_sysbios_knl_Semaphore_Module__id__C                               
0000beb4  ti_sysbios_knl_Semaphore_Module__loggerDefined__C                    
0000beb6  ti_sysbios_knl_Swi_Module__id__C                                     
0000beb8  ti_sysbios_knl_Swi_Module__loggerDefined__C                          
0000beba  ti_sysbios_knl_Task_Module__id__C                                    
0000bebc  ti_sysbios_knl_Task_Module__loggerDefined__C                         
0000bebe  ti_sysbios_timers_rti_Timer_Module__id__C                            
0000bec0  ti_sysbios_timers_rti_Timer_continueOnSuspend__C                     
0000bec2  xdc_runtime_Core_Module__id__C                                       
0000bec4  xdc_runtime_Error_Module__loggerDefined__C                           
0000bec6  xdc_runtime_Error_maxDepth__C                                        
0000bec8  xdc_runtime_Main_Module__id__C                                       
0000beca  xdc_runtime_Memory_Module__id__C                                     
0000becc  xdc_runtime_Text_charCnt__C                                          
0000bece  xdc_runtime_Text_isLoaded__C                                         
0000bed0  xdc_runtime_Text_registryModsLastId__C                               
0000bed2  xdc_runtime_Text_unnamedModsLastId__C                                
0000c11c  __TI_Handler_Table_Base                                              
0000c128  __TI_Handler_Table_Limit                                             
0000c148  __TI_CINIT_Base                                                      
0000c170  __TI_CINIT_Limit                                                     
08000000  ti_sysbios_heaps_HeapMem_Instance_State_0_buf__A                     
08008000  MCPI_logMessage                                                      
0800a400  ti_sysbios_family_arm_exc_Exception_Module_State_0_excStack_0__A     
0800b400  ti_sysbios_knl_Task_Instance_State_0_stack__A                        
0800bc00  __CIOBUF_                                                            
0800bd20  __TI_tmpnams                                                         
0800bdc0  gEsmMCB                                                              
0800be30  parmbuf                                                              
0800be40  __stack                                                              
0800ce40  __STACK_END                                                          
0800ce40  ti_sysbios_family_arm_v7r_vim_Hwi_Module_State_0_dispatchTable__A    
0800d040  _ftable                                                              
0800d130  ti_sysbios_knl_Swi_Module_State_0_readyQ__A                          
0800d1b0  ti_sysbios_knl_Task_Module_State_0_readyQ__A                         
0800d230  _device                                                              
0800d2a8  _stream                                                              
0800d2f8  ti_sysbios_knl_Task_Object__table__V                                 
0800d344  ti_sysbios_knl_Task_Module__state__V                                 
0800d388  ti_sysbios_gates_GateMutex_Object__table__V                          
0800d3c8  ti_sysbios_timers_rti_Timer_Object__table__V                         
0800d404  ti_sysbios_family_arm_v7r_vim_Hwi_Module__state__V                   
0800d438  ti_sysbios_knl_Swi_Object__table__V                                  
0800d468  ti_sysbios_family_arm_v7r_vim_Hwi_Object__table__V                   
0800d494  ti_sysbios_knl_Clock_Module__state__V                                
0800d4c0  ti_sysbios_BIOS_Module__state__V                                     
0800d4e4  gTestRun                                                             
0800d4e8  gIntSemaHandle                                                       
0800d4ec  gIntCounter                                                          
0800d4f0  gVerifyFailCount                                                     
0800d4f4  gPtrADCBUFTestParam                                                  
0800d4f8  dataFmtTestCase_xwr16xx                                              
0800d504  xdc_runtime_Error_IgnoreBlock                                        
0800d524  xdc_runtime_System_Module_State_0_atexitHandlers__A                  
0800d544  ti_sysbios_knl_Swi_Module__state__V                                  
0800d560  ADCBuf_config                                                        
0800d578  ti_sysbios_heaps_HeapMem_Object__table__V                            
0800d590  ti_sysbios_timers_rti_Timer_Module_State_0_device__A                 
0800d5a8  gADCBUFTestParam                                                     
0800d5bc  gSOCHwAttrib                                                         
0800d5d0  ti_sysbios_family_arm_exc_Exception_Module__state__V                 
0800d5e4  __TI_ft_end                                                          
0800d5e8  __aeabi_stdin                                                        
0800d5ec  __aeabi_stdout                                                       
0800d5f0  __aeabi_stderr                                                       
0800d5f4  ti_sysbios_timers_rti_Timer_Module_State_0_intFreqs__A               
0800d604  ti_sysbios_timers_rti_Timer_Module__state__V                         
0800d614  MCPI_Result                                                          
0800d618  MCPI_FailSignature                                                   
0800d620  __TI_cleanup_ptr                                                     
0800d624  __TI_dtors_ptr                                                       
0800d628  __TI_enable_exit_profile_output                                      
0800d62c  gESMHwCfgAttrs                                                       
0800d638  _lock                                                                
0800d63c  _unlock                                                              
0800d640  ti_sysbios_family_arm_v7r_vim_Hwi_Module__root__V                    
0800d648  ti_sysbios_gates_GateHwi_Module__root__V                             
0800d650  ti_sysbios_gates_GateMutex_Module__root__V                           
0800d658  ti_sysbios_hal_Hwi_Object__table__V                                  
0800d660  ti_sysbios_heaps_HeapMem_Module__root__V                             
0800d668  ti_sysbios_knl_Queue_Module__root__V                                 
0800d670  ti_sysbios_knl_Semaphore_Module__root__V                             
0800d678  ti_sysbios_knl_Task_Module__root__V                                  
0800d680  ti_sysbios_timers_rti_Timer_Module_State_0_handles__A                
0800d688  xdc_runtime_Registry_Module__state__V                                
0800d690  xdc_runtime_Startup_Module__state__V                                 
0800d698  xdc_runtime_System_Module__state__V                                  
0800d6a4  errno                                                                
0800d6b0  main_func_sp                                                         
0800d6b4  gMCPILogMessageSize                                                  
0800d6b8  ti_sysbios_family_arm_exc_Exception_Module_State_0_excContext__A     
0800d6bc  ti_sysbios_family_arm_exc_Exception_Module_State_0_excStackBuffers__A
0800d6c0  ti_sysbios_family_arm_exc_Exception_Module_State_0_excStack__A       
0800d6c4  ti_sysbios_gates_GateHwi_Object__table__V                            
0800d6c8  ti_sysbios_heaps_HeapBuf_Module__state__V                            
0800d6cc  ti_sysbios_knl_Task_Module_State_0_idleTask__A                       
0800d6d0  xdc_runtime_Memory_Module__state__V                                  
0800d6d4  ti_sysbios_family_arm_exc_Exception_Module_State_0_excActive__A      
0800d6d6  xdc_runtime_Error_Module__state__V                                   
0800d6d8  ti_sysbios_family_arm_v7r_vim_Hwi_Module_State_0_fiqStack__A         
fffffdec  ti_sysbios_family_arm_v7r_vim_Hwi_vim                                
ffffffff  __TI_pprof_out_hndl                                                  
ffffffff  __TI_prof_data_size                                                  
ffffffff  __TI_prof_data_start                                                 
ffffffff  __binit__                                                            
ffffffff  __c_args__                                                           
ffffffff  binit                                                                
UNDEFED   SHT$$INIT_ARRAY$$Base                                                
UNDEFED   SHT$$INIT_ARRAY$$Limit                                               

[678 symbols]
