******************************************************************************
                  TI ARM Linker Unix v16.9.6                   
******************************************************************************
>> Linked Wed Mar  7 22:41:09 2018

OUTPUT FILE NAME:   <test/xwr14xx/xwr14xx_hwa_mss.xer4f>
ENTRY POINT SYMBOL: "_c_int00"  address: 00006b8c


MEMORY CONFIGURATION

         name            origin    length      used     unused   attr    fill
----------------------  --------  ---------  --------  --------  ----  --------
PAGE 0:
  VECTORS               00000000   00000100  0000003c  000000c4     X
  PROG_RAM              00000100   0001ff00  00010ade  0000f422  R  X
  DATA_RAM              08000000   00010000  0000ca74  0000358c  RW  
  L3_RAM                51020000   00040000  00000000  00040000  RW  
  HWA_RAM               52030000   00010000  00000000  00010000  RW  

PAGE 1:
  L3_RAM                51020000   00040000  00000000  00040000  RW  


SEGMENT ALLOCATION MAP

run origin  load origin   length   init length attrs members
----------  ----------- ---------- ----------- ----- -------
00000000    00000000    0000003c   0000003c    r--
  00000000    00000000    0000003c   0000003c    r-- .vecs
00000100    00000100    00009082   00009082    r-x
  00000100    00000100    00009082   00009082    r-x .text
00009190    00009190    000024e4   000024e4    r--
  00009190    00009190    000024e4   000024e4    r-- .const
0000b680    0000b680    00005578   00005578    r--
  0000b680    0000b680    00005578   00005578    r-- .cinit
08000000    08000000    0000ca74   00000000    rw-
  08000000    08000000    00005c38   00000000    rw- .data
  08005c38    08005c38    00003a3c   00000000    rw- .bss
  08009674    08009674    00002400   00000000    rw- .MCPILogBuffer
  0800ba74    0800ba74    00001000   00000000    rw- .stack


SECTION ALLOCATION MAP

 output                                  attributes/
section   page    origin      length       input sections
--------  ----  ----------  ----------   ----------------
.vecs      0    00000000    0000003c     
                  00000000    0000003c     mss_per4ft.oer4ft (.vecs)

xdc.meta   0    00000000    00000104     COPY SECTION
                  00000000    00000104     mss_per4ft.oer4ft (xdc.meta)

.text      0    00000100    00009082     
                  00000100    0000107a     rtsv7R4_T_le_v3D16_eabi.lib : _printfi.obj (.text)
                  0000117a    00000002     hwa.oer4f (.text:HWA_init)
                  0000117c    00000c48     main.oer4f (.text:Test_initTask)
                  00001dc4    0000058e     hwa.oer4f (.text:HWA_configParamSet)
                  00002352    00000002     rtsv7R4_T_le_v3D16_eabi.lib : i_div0.obj (.text)
                  00002354    0000034c     ti.targets.arm.rtsarm.aer4ft : System.oer4ft (.text:xdc_runtime_System_doPrint__I)
                  000026a0    000002e8     sysbios.aer4ft : BIOS.obj (.text:ti_sysbios_knl_Semaphore_pend__E)
                  00002988    000002b8     rtsv7R4_T_le_v3D16_eabi.lib : ull_div32.obj (.text)
                  00002c40    00000280     sysbios.aer4ft : BIOS.obj (.text:ti_sysbios_family_arm_exc_Exception_excDumpContext__I)
                  00002ec0    00000250                    : BIOS.obj (.text:ti_sysbios_heaps_HeapMem_freeUnprotected__E)
                  00003110    00000220                    : BIOS.obj (.text:ti_sysbios_knl_Task_Instance_finalize__E)
                  00003330    0000021c     libsoc_xwr14xx.aer4f : soc_xwr14xx.oer4f (.text:SOC_deviceInit)
                  0000354c    00000004     libosal_xwr14xx.aer4f : HwiP_tirtos.oer4f (.text:HwiP_disableInterrupt)
                  00003550    0000020c     sysbios.aer4ft : BIOS.obj (.text:ti_sysbios_heaps_HeapMem_allocUnprotected__E)
                  0000375c    000001f2     hwa.oer4f (.text:HWA_configCommon)
                  0000394e    00000002     mss_per4ft.oer4ft (.text:ti_sysbios_BIOS_nullFunc__I)
                  00003950    000001c8     rtsv7R4_T_le_v3D16_eabi.lib : fopen.obj (.text)
                  00003b18    00000008     libosal_xwr14xx.aer4f : HwiP_tirtos.oer4f (.text:HwiP_disable)
                  00003b20    000001c8     sysbios.aer4ft : BIOS.obj (.text:ti_sysbios_knl_Task_Module_startup__E)
                  00003ce8    00000008     libosal_xwr14xx.aer4f : SemaphoreP_tirtos.oer4f (.text:SemaphoreP_Params_init)
                  00003cf0    000001bc     sysbios.aer4ft : BIOS.obj (.text:ti_sysbios_knl_Task_Instance_init__E)
                  00003eac    00000188     hwa.oer4f (.text:HWA_open)
                  00004034    0000000c     sysbios.aer4ft : arm_IntrinsicsSupport_asm.obj (.text:_ti_sysbios_family_arm_IntrinsicsSupport_maxbitA)
                  00004040    00000170                    : BIOS.obj (.text:ti_sysbios_family_arm_exc_Exception_excHandler__I)
                  000041b0    0000015c                    : BIOS.obj (.text:ti_sysbios_family_arm_v7r_vim_Hwi_reconfig__E)
                  0000430c    00000004     libosal_xwr14xx.aer4f : HwiP_tirtos.oer4f (.text:HwiP_enableInterrupt)
                  00004310    00000140     sysbios.aer4ft : BIOS.obj (.text:ti_sysbios_heaps_HeapMem_Instance_init__E)
                  00004450    00000140                    : BIOS.obj (.text:ti_sysbios_timers_rti_Timer_Module_startup__E)
                  00004590    00000138     rtsv7R4_T_le_v3D16_eabi.lib : fputs.obj (.text)
                  000046c8    0000012c     ti.targets.arm.rtsarm.aer4ft : Error.oer4ft (.text:xdc_runtime_Error_policyDefault__E)
                  000047f4    0000000c     rtsv7R4_T_le_v3D16_eabi.lib : copy_zero_init.obj (.text:decompress:ZI)
                  00004800    00000128     sysbios.aer4ft : BIOS.obj (.text:ti_sysbios_family_arm_v7r_vim_Hwi_dispatchIRQC__I)
                  00004928    00000120     libtestlogger_xwr14xx.aer4f : logger.oer4f (.text:MCPI_setFeatureTestResult)
                  00004a48    000000f8     ti.targets.arm.rtsarm.aer4ft : Startup.oer4ft (.text:xdc_runtime_Startup_startMods__I)
                  00004b40    000000f8     mss_per4ft.oer4ft (.text:xdc_runtime_System_printfExtend__I)
                  00004c38    000000ec     rtsv7R4_T_le_v3D16_eabi.lib : s_scalbn.obj (.text)
                  00004d24    0000000c     mss_per4ft.oer4ft (.text:ti_sysbios_knl_Queue_Object__get__S)
                  00004d30    000000ec     sysbios.aer4ft : BIOS.obj (.text:ti_sysbios_heaps_HeapBuf_Module_startup__E)
                  00004e1c    000000e8     ti.targets.arm.rtsarm.aer4ft : Core-mem.oer4ft (.text:xdc_runtime_Core_createObject__I)
                  00004f04    0000000c                                  : Gate.oer4ft (.text:xdc_runtime_Gate_enterSystem__E)
                  00004f10    000000e4     sysbios.aer4ft : BIOS.obj (.text:ti_sysbios_family_arm_v7r_vim_Hwi_Instance_init__E)
                  00004ff4    0000000c     ti.targets.arm.rtsarm.aer4ft : Memory.oer4ft (.text:xdc_runtime_Memory_calloc__E)
                  00005000    000000e4     sysbios.aer4ft : BIOS.obj (.text:ti_sysbios_knl_Semaphore_post__E)
                  000050e4    000000dc     rtsv7R4_T_le_v3D16_eabi.lib : setvbuf.obj (.text)
                  000051c0    000000d0     sysbios.aer4ft : exc_Exception_asm.obj (.text:ti_sysbios_family_arm_exc_Exception_excHandlerAsm__I)
                  00005290    000000d0     ti.targets.arm.rtsarm.aer4ft : Core-smem.oer4ft (.text:xdc_runtime_Core_constructObject__I)
                  00005360    000000cc     rtsv7R4_T_le_v3D16_eabi.lib : fflush.obj (.text)
                  0000542c    000000c4     main.oer4f (.text:main)
                  000054f0    000000c4     sysbios.aer4ft : BIOS.obj (.text:ti_sysbios_knl_Task_postInit__I)
                  000055b4    0000000c     ti.targets.arm.rtsarm.aer4ft : Memory.oer4ft (.text:xdc_runtime_Memory_getMaxDefaultTypeAlign__E)
                  000055c0    000000c4     sysbios.aer4ft : BIOS.obj (.text:ti_sysbios_timers_rti_Timer_getFreq__E)
                  00005684    0000000c     ti.targets.arm.rtsarm.aer4ft : Startup.oer4ft (.text:xdc_runtime_Startup_rtsDone__E)
                  00005690    000000c0     sysbios.aer4ft : BIOS.obj (.text:ti_sysbios_family_arm_v7r_vim_Hwi_Module_startup__E)
                  00005750    000000c0                    : BIOS.obj (.text:ti_sysbios_timers_rti_Timer_startup__E)
                  00005810    000000bc     rtsv7R4_T_le_v3D16_eabi.lib : open.obj (.text)
                  000058cc    000000b6     libsoc_xwr14xx.aer4f : soc_mpu.o (.text)
                  00005982    0000000e     libosal_xwr14xx.aer4f : SemaphoreP_tirtos.oer4f (.text:SemaphoreP_delete)
                  00005990    000000b4     sysbios.aer4ft : BIOS.obj (.text:ti_sysbios_gates_GateMutex_enter__E)
                  00005a44    0000000c     ti.targets.arm.rtsarm.aer4ft : SysStd.oer4ft (.text:xdc_runtime_SysStd_exit__E)
                  00005a50    000000b4     sysbios.aer4ft : BIOS.obj (.text:ti_sysbios_knl_Task_checkStacks__E)
                  00005b04    0000000a     libosal_xwr14xx.aer4f : MemoryP_tirtos.oer4f (.text:MemoryP_ctrlFree)
                  00005b0e    00000002     mss_per4ft.oer4ft (.text:xdc_runtime_Startup_reset__I)
                  00005b10    000000b0     sysbios.aer4ft : BIOS.obj (.text:ti_sysbios_knl_Swi_restoreHwi__E)
                  00005bc0    000000ae     rtsv7R4_T_le_v3D16_eabi.lib : _io_perm.obj (.text)
                  00005c6e    00000002     --HOLE-- [fill = 0]
                  00005c70    000000ac     libesm_xwr14xx.aer4f : esm.oer4f (.text:ESM_processInterrupt)
                  00005d1c    00000004     mss_per4ft.oer4ft (.text:ti_sysbios_BIOS_RtsGateProxy_enter__E)
                  00005d20    000000ac     sysbios.aer4ft : BIOS.obj (.text:ti_sysbios_knl_Task_exit__E)
                  00005dcc    00000004     mss_per4ft.oer4ft (.text:ti_sysbios_BIOS_RtsGateProxy_leave__E)
                  00005dd0    000000a8     sysbios.aer4ft : BIOS.obj (.text:ti_sysbios_knl_Swi_runLoop__I)
                  00005e78    000000a4     libesm_xwr14xx.aer4f : esm.oer4f (.text:ESM_init)
                  00005f1c    000000a0     auto_init.aer4ft : auto_init.oer4ft (.text)
                  00005fbc    0000009c     rtsv7R4_T_le_v3D16_eabi.lib : memcpy_t2.obj (.text)
                  00006058    00000006     libosal_xwr14xx.aer4f : HwiP_tirtos.oer4f (.text:HwiP_restore)
                  0000605e    00000002     --HOLE-- [fill = 0]
                  00006060    0000009c     sysbios.aer4ft : BIOS.obj (.text:ti_sysbios_family_arm_v7r_vim_Hwi_initIntController__I)
                  000060fc    00000004     mss_per4ft.oer4ft (.text:ti_sysbios_family_arm_TaskSupport_Module__startupDone__S)
                  00006100    0000009c     sysbios.aer4ft : BIOS.obj (.text:ti_sysbios_family_arm_v7r_vim_Hwi_mapChannel__I)
                  0000619c    00000004     mss_per4ft.oer4ft (.text:ti_sysbios_family_arm_v7r_vim_Hwi_delete)
                  000061a0    0000009c     sysbios.aer4ft : BIOS.obj (.text:ti_sysbios_knl_Semaphore_Instance_init__E)
                  0000623c    0000009a     ti.targets.arm.rtsarm.aer4ft : Text.oer4ft (.text:xdc_runtime_Text_putSite__E)
                  000062d6    00000002     --HOLE-- [fill = 0]
                  000062d8    00000098     rtsv7R4_T_le_v3D16_eabi.lib : fclose.obj (.text)
                  00006370    00000098                                 : fputc.obj (.text)
                  00006408    00000098     sysbios.aer4ft : vim_Hwi_asm_switch.obj (.text)
                  000064a0    00000098     ti.targets.arm.rtsarm.aer4ft : Text.oer4ft (.text:xdc_runtime_Text_putMod__E)
                  00006538    00000096     hwa.oer4f (.text:HWA_configRam)
                  000065ce    00000002     --HOLE-- [fill = 0]
                  000065d0    00000094     rtsv7R4_T_le_v3D16_eabi.lib : snprintf.obj (.text)
                  00006664    00000094     sysbios.aer4ft : vim_Hwi_asm.obj (.text:ti_sysbios_family_arm_v7r_vim_Hwi_dispatchIRQ__I)
                  000066f8    00000006     ti.targets.arm.rtsarm.aer4ft : System.oer4ft (.text:xdc_runtime_System_Module_startup__E)
                  000066fe    00000002     --HOLE-- [fill = 0]
                  00006700    0000008c     sysbios.aer4ft : BIOS.obj (.text:ti_sysbios_family_arm_v7r_vim_Hwi_Instance_finalize__E)
                  0000678c    00000088     hwa.oer4f (.text:HWA_disableParamSetInterrupt)
                  00006814    00000082     hwa.oer4f (.text:HWA_paramDoneISR)
                  00006896    0000000a     libosal_xwr14xx.aer4f : SemaphoreP_tirtos.oer4f (.text:SemaphoreP_post)
                  000068a0    00000080     sysbios.aer4ft : BIOS.obj (.text:ti_sysbios_timers_rti_Timer_initDevice__I)
                  00006920    0000007e     libosal_xwr14xx.aer4f : HwiP_tirtos.oer4f (.text:HwiP_create)
                  0000699e    00000002     --HOLE-- [fill = 0]
                  000069a0    0000007c     sysbios.aer4ft : arm_TaskSupport_asm.obj (.text:_ti_sysbios_family_arm_TaskSupport_buildTaskStack)
                  00006a1c    00000004     mss_per4ft.oer4ft (.text:ti_sysbios_heaps_HeapMem_Module_GateProxy_enter__E)
                  00006a20    0000007c     sysbios.aer4ft : BIOS.obj (.text:ti_sysbios_knl_Clock_workFunc__E)
                  00006a9c    0000007a     rtsv7R4_T_le_v3D16_eabi.lib : memset_t2.obj (.text)
                  00006b16    00000002     --HOLE-- [fill = 0]
                  00006b18    00000074     libsoc_xwr14xx.aer4f : soc.oer4f (.text:SOC_init)
                  00006b8c    00000074     boot.aer4ft : boot.oer4ft (.text)
                  00006c00    00000074     rtsv7R4_T_le_v3D16_eabi.lib : getdevice.obj (.text)
                  00006c74    00000074                                 : s_frexp.obj (.text)
                  00006ce8    00000070     hwa.oer4f (.text:HWA_close)
                  00006d58    00000070     hwa.oer4f (.text:HWA_getDriverAccess)
                  00006dc8    00000070     rtsv7R4_T_le_v3D16_eabi.lib : printf.obj (.text)
                  00006e38    00000070     ti.targets.arm.rtsarm.aer4ft : Error.oer4ft (.text:xdc_runtime_Error_print__E)
                  00006ea8    0000006d                                  : System.oer4ft (.text:xdc_runtime_System_formatNum__I)
                  00006f15    00000001     --HOLE-- [fill = 0]
                  00006f16    0000006c     rtsv7R4_T_le_v3D16_eabi.lib : copy_decompress_lzss.obj (.text:decompress:lzss)
                  00006f82    00000002     --HOLE-- [fill = 0]
                  00006f84    0000006c                                 : trgmsg.obj (.text)
                  00006ff0    0000006c     ti.targets.arm.rtsarm.aer4ft : Memory.oer4ft (.text:xdc_runtime_Memory_alloc__E)
                  0000705c    00000068     rtsv7R4_T_le_v3D16_eabi.lib : hostlseek.obj (.text)
                  000070c4    00000068                                 : hostrename.obj (.text)
                  0000712c    00000066     ti.targets.arm.rtsarm.aer4ft : Core-mem.oer4ft (.text:xdc_runtime_Core_deleteObject__I)
                  00007192    00000002     --HOLE-- [fill = 0]
                  00007194    00000064     libosal_xwr14xx.aer4f : SemaphoreP_tirtos.oer4f (.text:SemaphoreP_create)
                  000071f8    00000064     rtsv7R4_T_le_v3D16_eabi.lib : fseek.obj (.text)
                  0000725c    00000064     sysbios.aer4ft : exc_Exception_asm.obj (.text:ti_sysbios_family_arm_exc_Exception_initCore0__I)
                  000072c0    00000064                    : BIOS.obj (.text:ti_sysbios_knl_Task_schedule__I)
                  00007324    0000005c     rtsv7R4_T_le_v3D16_eabi.lib : hostopen.obj (.text)
                  00007380    0000005c                                 : hostread.obj (.text)
                  000073dc    00000004     mss_per4ft.oer4ft (.text:ti_sysbios_heaps_HeapMem_Module_GateProxy_leave__E)
                  000073e0    0000005c     sysbios.aer4ft : BIOS.obj (.text:ti_sysbios_family_arm_v7r_vim_Hwi_phantomIntHandler__I)
                  0000743c    00000004     mss_per4ft.oer4ft (.text:ti_sysbios_knl_Clock_TimerProxy_getMaxTicks__E)
                  00007440    0000005c     sysbios.aer4ft : BIOS.obj (.text:ti_sysbios_knl_Swi_schedule__I)
                  0000749c    0000005b     ti.targets.arm.rtsarm.aer4ft : Text.oer4ft (.text:xdc_runtime_Text_putLab__E)
                  000074f7    00000001     --HOLE-- [fill = 0]
                  000074f8    00000058     libesm_xwr14xx.aer4f : esm.oer4f (.text:ESM_highpriority_FIQ)
                  00007550    00000058     rtsv7R4_T_le_v3D16_eabi.lib : close.obj (.text)
                  000075a8    00000058                                 : hostwrite.obj (.text)
                  00007600    00000058     sysbios.aer4ft : BIOS.obj (.text:ti_sysbios_heaps_HeapMem_alloc__E)
                  00007658    00000054     rtsv7R4_T_le_v3D16_eabi.lib : ltoa.obj (.text)
                  000076ac    00000054     mss_per4ft.oer4ft (.text:ti_sysbios_family_arm_v7r_vim_Hwi_create)
                  00007700    00000054     sysbios.aer4ft : BIOS.obj (.text:ti_sysbios_heaps_HeapMem_getStats__E)
                  00007754    0000000a                    : tms570_Core_asm.obj (.text:ti_sysbios_family_arm_v7r_tms570_Core_getId__E)
                  0000775e    00000002     --HOLE-- [fill = 0]
                  00007760    00000054                    : BIOS.obj (.text:ti_sysbios_knl_Task_startCore__E)
                  000077b4    00000054     ti.targets.arm.rtsarm.aer4ft : Assert.oer4ft (.text:xdc_runtime_Assert_raise__I)
                  00007808    00000050     rtsv7R4_T_le_v3D16_eabi.lib : atoi.obj (.text)
                  00007858    00000050                                 : exit.obj (.text)
                  000078a8    00000050                                 : u_div32.obj (.text)
                  000078f8    00000004     mss_per4ft.oer4ft (.text:ti_sysbios_knl_Semaphore_delete)
                  000078fc    00000004     ti.targets.arm.rtsarm.aer4ft : Error.oer4ft (.text:xdc_runtime_Error_getSite__E)
                  00007900    00000050     sysbios.aer4ft : BIOS.obj (.text:ti_sysbios_timers_rti_Timer_setPeriodMicroSecs__E)
                  00007950    00000050     ti.targets.arm.rtsarm.aer4ft : Startup.oer4ft (.text:xdc_runtime_Startup_exec__E)
                  000079a0    00000050                                  : Text.oer4ft (.text:xdc_runtime_Text_visitRope2__I)
                  000079f0    0000004c     rtsv7R4_T_le_v3D16_eabi.lib : cpy_tbl.obj (.text)
                  00007a3c    00000004     ti.targets.arm.rtsarm.aer4ft : SysStd.oer4ft (.text:xdc_runtime_SysStd_putch__E)
                  00007a40    0000004c     sysbios.aer4ft : BIOS.obj (.text:ti_sysbios_family_arm_v7r_vim_Hwi_getStackInfo__E)
                  00007a8c    0000004c     mss_per4ft.oer4ft (.text:ti_sysbios_knl_Task_create)
                  00007ad8    00000048     hwa.oer4f (.text:HWA_deleteInstance)
                  00007b20    00000048     hwa.oer4f (.text:HWA_enableDoneInterrupt)
                  00007b68    00000048     ti.targets.arm.rtsarm.aer4ft : Core-params.oer4ft (.text:xdc_runtime_Core_assignParams__I)
                  00007bb0    00000044     rtsv7R4_T_le_v3D16_eabi.lib : hostclose.obj (.text)
                  00007bf4    00000044                                 : hostunlink.obj (.text)
                  00007c38    00000004     ti.targets.arm.rtsarm.aer4ft : SysStd.oer4ft (.text:xdc_runtime_SysStd_ready__E)
                  00007c3c    00000004     mss_per4ft.oer4ft (.text:xdc_runtime_System_Module_GateProxy_enter__E)
                  00007c40    00000044     sysbios.aer4ft : BIOS.obj (.text:ti_sysbios_knl_Task_allBlockedFunction__I)
                  00007c84    00000044     ti.targets.arm.rtsarm.aer4ft : Error.oer4ft (.text:xdc_runtime_Error_setX__E)
                  00007cc8    00000044                                  : Text.oer4ft (.text:xdc_runtime_Text_xprintf__I)
                  00007d0c    00000042     hwa.oer4f (.text:HWA_reset)
                  00007d4e    00000002     --HOLE-- [fill = 0]
                  00007d50    00000040     sysbios.aer4ft : BIOS.obj (.text:ti_sysbios_family_arm_v7r_vim_Hwi_setType__E)
                  00007d90    00000040                    : BIOS.obj (.text:ti_sysbios_knl_Swi_post__E)
                  00007dd0    00000040                    : BIOS.obj (.text:ti_sysbios_timers_rti_Timer_stop__E)
                  00007e10    0000003e     hwa.oer4f (.text:CSL_FINSR)
                  00007e4e    0000003e     libsoc_xwr14xx.aer4f : soc.oer4f (.text:CSL_FINSR)
                  00007e8c    0000003e                          : soc_xwr14xx.oer4f (.text:CSL_FINSR)
                  00007eca    0000003e     hwa.oer4f (.text:HWA_enable)
                  00007f08    0000003c     libsoc_xwr14xx.aer4f : soc.oer4f (.text:SOC_unhaltBSS)
                  00007f44    0000000a     mss_per4ft.oer4ft (.text:xdc_runtime_IHeap_alloc)
                  00007f4e    00000002     --HOLE-- [fill = 0]
                  00007f50    0000003c     sysbios.aer4ft : BIOS.obj (.text:ti_sysbios_family_arm_v7r_tms570_Core_Module_startup__E)
                  00007f8c    0000003c                    : vim_Hwi_asm.obj (.text:ti_sysbios_family_arm_v7r_vim_Hwi_init__I)
                  00007fc8    00000004     mss_per4ft.oer4ft (.text:xdc_runtime_System_Module_GateProxy_leave__E)
                  00007fcc    00000004     ti.targets.arm.rtsarm.aer4ft : System.oer4ft (.text:xdc_runtime_System_aprintf_va__F)
                  00007fd0    0000003c     sysbios.aer4ft : BIOS.obj (.text:ti_sysbios_heaps_HeapMem_init__I)
                  0000800c    00000004     ti.targets.arm.rtsarm.aer4ft : System.oer4ft (.text:xdc_runtime_System_printf_va__F)
                  00008010    0000003c     sysbios.aer4ft : BIOS.obj (.text:ti_sysbios_knl_Swi_startup__E)
                  0000804c    00000004     --HOLE-- [fill = 0]
                  00008050    0000003c                    : BIOS.obj (.text:ti_sysbios_timers_rti_Timer_setPeriod__E)
                  0000808c    0000003a     hwa.oer4f (.text:HWA_setDMA2ACCManualTrig)
                  000080c6    00000002     --HOLE-- [fill = 0]
                  000080c8    0000003a     libosal_xwr14xx.aer4f : HwiP_tirtos.oer4f (.text:HwiP_delete)
                  00008102    00000002     --HOLE-- [fill = 0]
                  00008104    00000038     ti.targets.arm.rtsarm.aer4ft : System.oer4ft (.text:xdc_runtime_System_atexit__E)
                  0000813c    00000036     rtsv7R4_T_le_v3D16_eabi.lib : strncpy.obj (.text)
                  00008172    00000002     --HOLE-- [fill = 0]
                  00008174    00000034     hwa.oer4f (.text:HWA_disableDoneInterrupt)
                  000081a8    00000034     libsoc_xwr14xx.aer4f : soc_xwr14xx.oer4f (.text:SOC_enableHWA)
                  000081dc    00000004     --HOLE-- [fill = 0]
                  000081e0    00000034     sysbios.aer4ft : BIOS.obj (.text:ti_sysbios_hal_Hwi_checkStack)
                  00008214    00000034     mss_per4ft.oer4ft (.text:ti_sysbios_knl_Semaphore_create)
                  00008248    00000008     --HOLE-- [fill = 0]
                  00008250    00000034     sysbios.aer4ft : BIOS.obj (.text:ti_sysbios_knl_Task_processVitalTaskFlag__I)
                  00008284    00000034     ti.targets.arm.rtsarm.aer4ft : Core-label.oer4ft (.text:xdc_runtime_Core_assignLabel__I)
                  000082b8    00000034                                  : Text.oer4ft (.text:xdc_runtime_Text_cordText__E)
                  000082ec    00000033                                  : Text.oer4ft (.text:xdc_runtime_Text_printVisFxn__I)
                  0000831f    00000001     --HOLE-- [fill = 0]
                  00008320    00000032     hwa.oer4f (.text:HWA_allParamDoneISR)
                  00008352    0000000e     rtsv7R4_T_le_v3D16_eabi.lib : copy_decompress_none.obj (.text:decompress:none)
                  00008360    00000032     sysbios.aer4ft : BIOS.obj (.text:ti_sysbios_hal_Hwi_initStack)
                  00008392    00000002     --HOLE-- [fill = 0]
                  00008394    00000030     mss_per4ft.oer4ft (.text:ti_sysbios_BIOS_atExitFunc__I)
                  000083c4    00000030     mss_per4ft.oer4ft (.text:ti_sysbios_BIOS_startFunc__I)
                  000083f4    0000000a     mss_per4ft.oer4ft (.text:xdc_runtime_IHeap_free)
                  000083fe    00000002     --HOLE-- [fill = 0]
                  00008400    00000030     sysbios.aer4ft : BIOS.obj (.text:ti_sysbios_family_arm_TaskSupport_start__E)
                  00008430    00000030     mss_per4ft.oer4ft (.text:ti_sysbios_gates_GateHwi_Object__create__S)
                  00008460    00000030     mss_per4ft.oer4ft (.text:ti_sysbios_gates_GateMutex_Object__create__S)
                  00008490    00000030     mss_per4ft.oer4ft (.text:ti_sysbios_heaps_HeapMem_Object__create__S)
                  000084c0    00000030     sysbios.aer4ft : BIOS.obj (.text:ti_sysbios_heaps_HeapMem_free__E)
                  000084f0    00000030     mss_per4ft.oer4ft (.text:ti_sysbios_knl_Semaphore_construct)
                  00008520    00000030     ti.targets.arm.rtsarm.aer4ft : System.oer4ft (.text:xdc_runtime_System_processAtExit__E)
                  00008550    0000002e     mss_per4ft.oer4ft (.text:ti_sysbios_rts_gnu_MemAlloc_alloc)
                  0000857e    0000002e     ti.targets.arm.rtsarm.aer4ft : System.oer4ft (.text:xdc_runtime_System_putchar__I)
                  000085ac    0000002c     rtsv7R4_T_le_v3D16_eabi.lib : unlink.obj (.text)
                  000085d8    0000002c     mss_per4ft.oer4ft (.text:ti_sysbios_knl_Clock_doTick__I)
                  00008604    0000002c     mss_per4ft.oer4ft (.text:ti_sysbios_knl_Queue_construct)
                  00008630    0000002c     sysbios.aer4ft : BIOS.obj (.text:ti_sysbios_knl_Semaphore_pendTimeout__I)
                  0000865c    00000004     --HOLE-- [fill = 0]
                  00008660    0000002c                    : BIOS.obj (.text:ti_sysbios_knl_Swi_Module_startup__E)
                  0000868c    00000004     --HOLE-- [fill = 0]
                  00008690    0000002c                    : BIOS.obj (.text:ti_sysbios_knl_Task_unblockI__E)
                  000086bc    00000004     --HOLE-- [fill = 0]
                  000086c0    0000002c                    : BIOS.obj (.text:ti_sysbios_timers_rti_Timer_periodicStub__E)
                  000086ec    0000002a     libsoc_xwr14xx.aer4f : soc.oer4f (.text:SOC_SystemISR)
                  00008716    00000002     --HOLE-- [fill = 0]
                  00008718    00000028     rtsv7R4_T_le_v3D16_eabi.lib : lseek.obj (.text)
                  00008740    00000028                                 : write.obj (.text)
                  00008768    00000008     --HOLE-- [fill = 0]
                  00008770    00000028     sysbios.aer4ft : BIOS.obj (.text:ti_sysbios_knl_Idle_run__E)
                  00008798    00000008     --HOLE-- [fill = 0]
                  000087a0    00000028                    : BIOS.obj (.text:ti_sysbios_knl_Task_restore__E)
                  000087c8    00000026     main.oer4f (.text:log2Approx)
                  000087ee    00000026     rtsv7R4_T_le_v3D16_eabi.lib : memcmp.obj (.text)
                  00008814    00000026     ti.targets.arm.rtsarm.aer4ft : System.oer4ft (.text:xdc_runtime_System_avprintf__E)
                  0000883a    00000002     --HOLE-- [fill = 0]
                  0000883c    00000024     libtestlogger_xwr14xx.aer4f : logger.oer4f (.text:MCPI_Initialize)
                  00008860    00000024     mss_per4ft.oer4ft (.text:ti_sysbios_BIOS_errorRaiseHook__I)
                  00008884    00000024     mss_per4ft.oer4ft (.text:ti_sysbios_BIOS_registerRTSLock__I)
                  000088a8    00000024     mss_per4ft.oer4ft (.text:ti_sysbios_BIOS_removeRTSLock__I)
                  000088cc    00000024     mss_per4ft.oer4ft (.text:ti_sysbios_gates_GateMutex_Object__delete__S)
                  000088f0    00000024     mss_per4ft.oer4ft (.text:ti_sysbios_knl_Semaphore_Object__delete__S)
                  00008914    0000000c     --HOLE-- [fill = 0]
                  00008920    00000024     sysbios.aer4ft : BIOS.obj (.text:ti_sysbios_knl_Task_restoreHwi__E)
                  00008944    00000024     ti.targets.arm.rtsarm.aer4ft : System.oer4ft (.text:xdc_runtime_System_vprintf__E)
                  00008968    00000020     libesm_xwr14xx.aer4f : esm.oer4f (.text:ESM_lowpriority_IRQ)
                  00008988    00000020     rtsv7R4_T_le_v3D16_eabi.lib : memchr.obj (.text)
                  000089a8    00000020     mss_per4ft.oer4ft (.text:ti_sysbios_family_arm_v7r_vim_Hwi_Object__delete__S)
                  000089c8    00000008     --HOLE-- [fill = 0]
                  000089d0    00000020     sysbios.aer4ft : BIOS.obj (.text:ti_sysbios_family_arm_v7r_vim_Hwi_disableInterrupt__E)
                  000089f0    00000020                    : BIOS.obj (.text:ti_sysbios_family_arm_v7r_vim_Hwi_enableInterrupt__E)
                  00008a10    00000020     mss_per4ft.oer4ft (.text:ti_sysbios_gates_GateHwi_Object__delete__S)
                  00008a30    00000020     mss_per4ft.oer4ft (.text:ti_sysbios_heaps_HeapMem_Object__delete__S)
                  00008a50    00000020     sysbios.aer4ft : BIOS.obj (.text:ti_sysbios_knl_Clock_Module_startup__E)
                  00008a70    00000020     mss_per4ft.oer4ft (.text:ti_sysbios_knl_Semaphore_destruct)
                  00008a90    00000020     ti.targets.arm.rtsarm.aer4ft : Registry.oer4ft (.text:xdc_runtime_Registry_findById__E)
                  00008ab0    00000020                                  : SysStd.oer4ft (.text:xdc_runtime_SysStd_abort__E)
                  00008ad0    0000001e     rtsv7R4_T_le_v3D16_eabi.lib : strcat.obj (.text)
                  00008aee    0000001c     hwa.oer4f (.text:CSL_FEXTR)
                  00008b0a    00000002     --HOLE-- [fill = 0]
                  00008b0c    0000001c     sysbios.aer4ft : arm_TaskSupport_asm.obj (.text:_ti_sysbios_family_arm_TaskSupport_glue)
                  00008b28    0000001c     rtsv7R4_T_le_v3D16_eabi.lib : memccpy.obj (.text)
                  00008b44    0000001c     mss_per4ft.oer4ft (.text:ti_sysbios_BIOS_rtsLock__I)
                  00008b60    0000001c     sysbios.aer4ft : BIOS.obj (.text:ti_sysbios_gates_GateMutex_Instance_init__E)
                  00008b7c    00000004     --HOLE-- [fill = 0]
                  00008b80    0000001c                    : BIOS.obj (.text:ti_sysbios_gates_GateMutex_leave__E)
                  00008b9c    0000001c     mss_per4ft.oer4ft (.text:ti_sysbios_knl_Queue_destruct)
                  00008bb8    0000001c     ti.targets.arm.rtsarm.aer4ft : Error.oer4ft (.text:xdc_runtime_Error_check__E)
                  00008bd4    0000001c                                  : Error.oer4ft (.text:xdc_runtime_Error_raiseX__E)
                  00008bf0    0000001c                                  : Memory.oer4ft (.text:xdc_runtime_Memory_valloc__E)
                  00008c0c    0000001c                                  : System.oer4ft (.text:xdc_runtime_System_abort__E)
                  00008c28    0000001a     libsoc_xwr14xx.aer4f : soc.oer4f (.text:CSL_FEXTR)
                  00008c42    0000001a     mss_per4ft.oer4ft (.text:free)
                  00008c5c    0000001a     rtsv7R4_T_le_v3D16_eabi.lib : s_copysign.obj (.text)
                  00008c76    0000001a     mss_per4ft.oer4ft (.text:ti_sysbios_gates_GateHwi_Handle__label__S)
                  00008c90    0000001a     mss_per4ft.oer4ft (.text:ti_sysbios_gates_GateMutex_Handle__label__S)
                  00008caa    0000001a     mss_per4ft.oer4ft (.text:ti_sysbios_heaps_HeapMem_Handle__label__S)
                  00008cc4    0000001a     mss_per4ft.oer4ft (.text:xdc_runtime_System_aprintf__E)
                  00008cde    0000001a     mss_per4ft.oer4ft (.text:xdc_runtime_System_printf__E)
                  00008cf8    00000018     sysbios.aer4ft : arm_TaskSupport_asm.obj (.text:_ti_sysbios_family_arm_TaskSupport_swap__E)
                  00008d10    00000018     rtsv7R4_T_le_v3D16_eabi.lib : args_main.obj (.text)
                  00008d28    00000018                                 : strcmp.obj (.text)
                  00008d40    00000018     mss_per4ft.oer4ft (.text:ti_sysbios_BIOS_rtsUnlock__I)
                  00008d58    00000018     mss_per4ft.oer4ft (.text:ti_sysbios_family_arm_v7r_vim_Hwi_Module__startupDone__F)
                  00008d70    00000018     mss_per4ft.oer4ft (.text:ti_sysbios_family_arm_v7r_vim_Hwi_Params__init__S)
                  00008d88    00000008     --HOLE-- [fill = 0]
                  00008d90    00000018     sysbios.aer4ft : BIOS.obj (.text:ti_sysbios_family_arm_v7r_vim_Hwi_clearInterrupt__E)
                  00008da8    00000018     mss_per4ft.oer4ft (.text:ti_sysbios_knl_Semaphore_Params__init__S)
                  00008dc0    00000018     mss_per4ft.oer4ft (.text:ti_sysbios_knl_Task_Params__init__S)
                  00008dd8    00000008     --HOLE-- [fill = 0]
                  00008de0    00000018     sysbios.aer4ft : BIOS.obj (.text:ti_sysbios_knl_Task_enter__I)
                  00008df8    00000018     mss_per4ft.oer4ft (.text:ti_sysbios_timers_rti_Timer_Module__startupDone__F)
                  00008e10    00000018     ti.targets.arm.rtsarm.aer4ft : Error.oer4ft (.text:xdc_runtime_Error_init__E)
                  00008e28    00000018                                  : System.oer4ft (.text:xdc_runtime_System_exit__E)
                  00008e40    00000018                                  : Text.oer4ft (.text:xdc_runtime_Text_ropeText__E)
                  00008e58    00000016     rtsv7R4_T_le_v3D16_eabi.lib : strchr.obj (.text)
                  00008e6e    00000016                                 : strlen.obj (.text)
                  00008e84    00000016     mss_per4ft.oer4ft (.text:ti_sysbios_BIOS_exitFunc__I)
                  00008e9a    00000006     --HOLE-- [fill = 0]
                  00008ea0    00000016     sysbios.aer4ft : BIOS.obj (.text:ti_sysbios_knl_Idle_loop__E)
                  00008eb6    00000002     --HOLE-- [fill = 0]
                  00008eb8    00000014     main.oer4f (.text:HWA_Test_DoneISR_Callback)
                  00008ecc    00000014     libosal_xwr14xx.aer4f : HwiP_tirtos.oer4f (.text:HwiP_Params_init)
                  00008ee0    00000014     libtestlogger_xwr14xx.aer4f : logger.oer4f (.text:MCPI_setTestResult)
                  00008ef4    00000014     libosal_xwr14xx.aer4f : DebugP_tirtos.oer4f (.text:_DebugP_assert)
                  00008f08    00000014     rtsv7R4_T_le_v3D16_eabi.lib : _lock.obj (.text)
                  00008f1c    00000014                                 : strcpy.obj (.text)
                  00008f30    00000014     mss_per4ft.oer4ft (.text:ti_sysbios_heaps_HeapMem_Object__get__S)
                  00008f44    00000014     mss_per4ft.oer4ft (.text:ti_sysbios_knl_Swi_Object__get__S)
                  00008f58    00000012     libosal_xwr14xx.aer4f : MemoryP_tirtos.oer4f (.text:MemoryP_ctrlAlloc)
                  00008f6a    00000012                           : SemaphoreP_tirtos.oer4f (.text:SemaphoreP_pend)
                  00008f7c    00000004     --HOLE-- [fill = 0]
                  00008f80    00000012     sysbios.aer4ft : BIOS.obj (.text:ti_sysbios_hal_Hwi_Module_startup__E)
                  00008f92    00000012     mss_per4ft.oer4ft (.text:xdc_runtime_Startup_exec__I)
                  00008fa4    0000000c     --HOLE-- [fill = 0]
                  00008fb0    00000010     sysbios.aer4ft : BIOS.obj (.text:ti_sysbios_BIOS_exit__E)
                  00008fc0    00000010                    : BIOS.obj (.text:ti_sysbios_BIOS_setThreadType__E)
                  00008fd0    00000010                    : BIOS.obj (.text:ti_sysbios_BIOS_start__E)
                  00008fe0    00000010                    : BIOS.obj (.text:ti_sysbios_gates_GateMutex_Instance_finalize__E)
                  00008ff0    00000010     mss_per4ft.oer4ft (.text:ti_sysbios_heaps_HeapBuf_Object__get__S)
                  00009000    00000010     sysbios.aer4ft : BIOS.obj (.text:ti_sysbios_knl_Semaphore_Instance_finalize__E)
                  00009010    00000010                    : BIOS.obj (.text:ti_sysbios_knl_Swi_disable__E)
                  00009020    00000010     mss_per4ft.oer4ft (.text:ti_sysbios_knl_Task_Object__get__S)
                  00009030    00000010     sysbios.aer4ft : BIOS.obj (.text:ti_sysbios_knl_Task_disable__E)
                  00009040    00000010     ti.targets.arm.rtsarm.aer4ft : Gate.oer4ft (.text:xdc_runtime_Gate_leaveSystem__E)
                  00009050    00000010                                  : Memory.oer4ft (.text:xdc_runtime_Memory_free__E)
                  00009060    00000010                                  : System.oer4ft (.text:xdc_runtime_System_vsnprintf__E)
                  00009070    00000010     mss_per4ft.oer4ft (.text:xdc_runtime_Text_visitRope__I)
                  00009080    0000000e     sysbios.aer4ft : BIOS.obj (.text:ti_sysbios_knl_Queue_empty__E)
                  0000908e    00000002     --HOLE-- [fill = 0]
                  00009090    0000000c                    : BIOS.obj (.text:ti_sysbios_family_arm_TaskSupport_checkStack__E)
                  0000909c    00000004     --HOLE-- [fill = 0]
                  000090a0    0000000c                    : BIOS.obj (.text:ti_sysbios_family_arm_TaskSupport_getStackAlignment__E)
                  000090ac    00000004     --HOLE-- [fill = 0]
                  000090b0    0000000c                    : BIOS.obj (.text:ti_sysbios_family_arm_exc_Exception_Module_startup__E)
                  000090bc    00000004     --HOLE-- [fill = 0]
                  000090c0    0000000c                    : BIOS.obj (.text:ti_sysbios_family_arm_v7r_vim_Hwi_switchFromBootStack__E)
                  000090cc    00000004     --HOLE-- [fill = 0]
                  000090d0    00000008                    : BIOS.obj (.text:ti_sysbios_gates_GateHwi_enter__E)
                  000090d8    00000008     --HOLE-- [fill = 0]
                  000090e0    00000006                    : BIOS.obj (.text:ti_sysbios_family_arm_v7r_vim_Hwi_startup__E)
                  000090e6    0000000a     --HOLE-- [fill = 0]
                  000090f0    00000006                    : BIOS.obj (.text:ti_sysbios_gates_GateHwi_leave__E)
                  000090f6    0000000a     --HOLE-- [fill = 0]
                  00009100    00000006                    : BIOS.obj (.text:ti_sysbios_heaps_HeapMem_isBlocking__E)
                  00009106    0000000a     --HOLE-- [fill = 0]
                  00009110    00000006                    : BIOS.obj (.text:ti_sysbios_knl_Queue_Instance_init__E)
                  00009116    0000000a     --HOLE-- [fill = 0]
                  00009120    00000004                    : BIOS.obj (.text:ti_sysbios_gates_GateHwi_query__E)
                  00009124    0000000c     --HOLE-- [fill = 0]
                  00009130    00000004                    : BIOS.obj (.text:ti_sysbios_gates_GateMutex_query__E)
                  00009134    0000000c     --HOLE-- [fill = 0]
                  00009140    00000004                    : BIOS.obj (.text:ti_sysbios_knl_Task_startup__E)
                  00009144    0000000c     --HOLE-- [fill = 0]
                  00009150    00000004                    : BIOS.obj (.text:ti_sysbios_timers_rti_Timer_getMaxTicks__E)
                  00009154    0000000c     --HOLE-- [fill = 0]
                  00009160    00000002                    : BIOS.obj (.text:ti_sysbios_BIOS_linkedWithIncorrectBootLibrary__E)
                  00009162    0000000e     --HOLE-- [fill = 0]
                  00009170    00000002                    : BIOS.obj (.text:ti_sysbios_gates_GateHwi_Instance_init__E)
                  00009172    0000000e     --HOLE-- [fill = 0]
                  00009180    00000002                    : BIOS.obj (.text:ti_sysbios_knl_Clock_logTick__E)

.const     0    00009190    000024e4     
                  00009190    00001a17     mss_per4ft.oer4ft (.const:xdc_runtime_Text_charTab__A)
                  0000aba7    00000001     mss_per4ft.oer4ft (.const:xdc_runtime_Error_policy__C)
                  0000aba8    00000384     main.oer4f (.const:win_data225)
                  0000af2c    00000101     rtsv7R4_T_le_v3D16_eabi.lib : ctype.obj (.const:.string:_ctypes_)
                  0000b02d    00000001     --HOLE-- [fill = 0]
                  0000b02e    000000d0     mss_per4ft.oer4ft (.const:xdc_runtime_Text_nodeTab__A)
                  0000b0fe    00000080     mss_per4ft.oer4ft (.const:ti_sysbios_family_arm_v7r_vim_Hwi_channelMap__A)
                  0000b17e    00000002     mss_per4ft.oer4ft (.const:ti_sysbios_family_arm_exc_Exception_Module__id__C)
                  0000b180    00000048     mss_per4ft.oer4ft (.const:.string)
                  0000b1c8    0000003c     mss_per4ft.oer4ft (.const:ti_sysbios_knl_Task_Object__PARAMS__C)
                  0000b204    00000030     mss_per4ft.oer4ft (.const:ti_sysbios_family_arm_v7r_vim_Hwi_Object__PARAMS__C)
                  0000b234    00000028     mss_per4ft.oer4ft (.const:ti_sysbios_heaps_HeapMem_Module__FXNS__C)
                  0000b25c    00000028     mss_per4ft.oer4ft (.const:xdc_runtime_Startup_sfxnTab__A)
                  0000b284    00000024     mss_per4ft.oer4ft (.const:ti_sysbios_gates_GateHwi_Module__FXNS__C)
                  0000b2a8    00000024     mss_per4ft.oer4ft (.const:ti_sysbios_gates_GateMutex_Module__FXNS__C)
                  0000b2cc    00000024     mss_per4ft.oer4ft (.const:ti_sysbios_heaps_HeapMem_Object__PARAMS__C)
                  0000b2f0    00000024     mss_per4ft.oer4ft (.const:ti_sysbios_knl_Semaphore_Object__PARAMS__C)
                  0000b314    00000020     mss_per4ft.oer4ft (.const:ti_sysbios_family_arm_v7r_vim_Hwi_Object__DESC__C)
                  0000b334    00000020     mss_per4ft.oer4ft (.const:ti_sysbios_gates_GateHwi_Object__DESC__C)
                  0000b354    00000020     mss_per4ft.oer4ft (.const:ti_sysbios_gates_GateMutex_Object__DESC__C)
                  0000b374    00000020     mss_per4ft.oer4ft (.const:ti_sysbios_heaps_HeapMem_Object__DESC__C)
                  0000b394    00000020     mss_per4ft.oer4ft (.const:ti_sysbios_knl_Queue_Object__DESC__C)
                  0000b3b4    00000020     mss_per4ft.oer4ft (.const:ti_sysbios_knl_Semaphore_Object__DESC__C)
                  0000b3d4    00000020     mss_per4ft.oer4ft (.const:ti_sysbios_knl_Task_Object__DESC__C)
                  0000b3f4    00000018     mss_per4ft.oer4ft (.const:ti_sysbios_gates_GateHwi_Object__PARAMS__C)
                  0000b40c    00000018     mss_per4ft.oer4ft (.const:ti_sysbios_gates_GateMutex_Object__PARAMS__C)
                  0000b424    00000018     mss_per4ft.oer4ft (.const:ti_sysbios_knl_Queue_Object__PARAMS__C)
                  0000b43c    00000014     mss_per4ft.oer4ft (.const:xdc_runtime_Startup_sfxnRts__A)
                  0000b450    00000010     mss_per4ft.oer4ft (.const:ti_sysbios_family_arm_v7r_vim_Hwi_intReqEnaSet__A)
                  0000b460    00000010     mss_per4ft.oer4ft (.const:ti_sysbios_family_arm_v7r_vim_Hwi_wakeEnaSet__A)
                  0000b470    00000008     mss_per4ft.oer4ft (.const:ti_sysbios_knl_Idle_funcList__C)
                  0000b478    00000008     mss_per4ft.oer4ft (.const:xdc_runtime_Startup_firstFxns__A)
                  0000b480    00000008     mss_per4ft.oer4ft (.const:xdc_runtime_Startup_firstFxns__C)
                  0000b488    00000008     mss_per4ft.oer4ft (.const:xdc_runtime_Startup_lastFxns__C)
                  0000b490    00000004     mss_per4ft.oer4ft (.const:ti_sysbios_family_arm_TaskSupport_stackAlignment__C)
                  0000b494    00000004     mss_per4ft.oer4ft (.const:ti_sysbios_family_arm_exc_Exception_E_dataAbort__C)
                  0000b498    00000004     mss_per4ft.oer4ft (.const:ti_sysbios_family_arm_exc_Exception_E_prefetchAbort__C)
                  0000b49c    00000004     mss_per4ft.oer4ft (.const:ti_sysbios_family_arm_exc_Exception_E_swi__C)
                  0000b4a0    00000004     mss_per4ft.oer4ft (.const:ti_sysbios_family_arm_exc_Exception_E_undefinedInstruction__C)
                  0000b4a4    00000004     mss_per4ft.oer4ft (.const:ti_sysbios_family_arm_exc_Exception_excHookFuncs__A)
                  0000b4a8    00000004     mss_per4ft.oer4ft (.const:ti_sysbios_family_arm_exc_Exception_excHookFuncs__C)
                  0000b4ac    00000004     mss_per4ft.oer4ft (.const:ti_sysbios_family_arm_v7r_tms570_Core_E_mismatchedIds__C)
                  0000b4b0    00000004     mss_per4ft.oer4ft (.const:ti_sysbios_family_arm_v7r_tms570_Core_id__C)
                  0000b4b4    00000004     mss_per4ft.oer4ft (.const:ti_sysbios_family_arm_v7r_vim_Hwi_A_badChannelId__C)
                  0000b4b8    00000004     mss_per4ft.oer4ft (.const:ti_sysbios_family_arm_v7r_vim_Hwi_E_alreadyDefined__C)
                  0000b4bc    00000004     mss_per4ft.oer4ft (.const:ti_sysbios_family_arm_v7r_vim_Hwi_E_badIntNum__C)
                  0000b4c0    00000004     mss_per4ft.oer4ft (.const:ti_sysbios_family_arm_v7r_vim_Hwi_E_phantomInterrupt__C)
                  0000b4c4    00000004     mss_per4ft.oer4ft (.const:ti_sysbios_family_arm_v7r_vim_Hwi_E_undefined__C)
                  0000b4c8    00000004     mss_per4ft.oer4ft (.const:ti_sysbios_family_arm_v7r_vim_Hwi_E_unsupportedMaskingOption__C)
                  0000b4cc    00000004     mss_per4ft.oer4ft (.const:ti_sysbios_family_arm_v7r_vim_Hwi_Module__diagsEnabled__C)
                  0000b4d0    00000004     mss_per4ft.oer4ft (.const:ti_sysbios_family_arm_v7r_vim_Hwi_Module__diagsIncluded__C)
                  0000b4d4    00000004     mss_per4ft.oer4ft (.const:ti_sysbios_family_arm_v7r_vim_Hwi_Module__diagsMask__C)
                  0000b4d8    00000004     mss_per4ft.oer4ft (.const:ti_sysbios_family_arm_v7r_vim_Hwi_NUM_INTERRUPTS__C)
                  0000b4dc    00000004     mss_per4ft.oer4ft (.const:ti_sysbios_family_arm_v7r_vim_Hwi_channelMap__C)
                  0000b4e0    00000004     mss_per4ft.oer4ft (.const:ti_sysbios_family_arm_v7r_vim_Hwi_intReqEnaSet__C)
                  0000b4e4    00000004     mss_per4ft.oer4ft (.const:ti_sysbios_family_arm_v7r_vim_Hwi_phantomFunc__C)
                  0000b4e8    00000004     mss_per4ft.oer4ft (.const:ti_sysbios_family_arm_v7r_vim_Hwi_swiDisable__C)
                  0000b4ec    00000004     mss_per4ft.oer4ft (.const:ti_sysbios_family_arm_v7r_vim_Hwi_swiRestoreHwi__C)
                  0000b4f0    00000004     mss_per4ft.oer4ft (.const:ti_sysbios_family_arm_v7r_vim_Hwi_taskDisable__C)
                  0000b4f4    00000004     mss_per4ft.oer4ft (.const:ti_sysbios_family_arm_v7r_vim_Hwi_taskRestoreHwi__C)
                  0000b4f8    00000004     mss_per4ft.oer4ft (.const:ti_sysbios_family_arm_v7r_vim_Hwi_wakeEnaSet__C)
                  0000b4fc    00000004     mss_per4ft.oer4ft (.const:ti_sysbios_gates_GateMutex_A_badContext__C)
                  0000b500    00000004     mss_per4ft.oer4ft (.const:ti_sysbios_gates_GateMutex_Instance_State_sem__O)
                  0000b504    00000004     mss_per4ft.oer4ft (.const:ti_sysbios_gates_GateMutex_Module__diagsEnabled__C)
                  0000b508    00000004     mss_per4ft.oer4ft (.const:ti_sysbios_gates_GateMutex_Module__diagsIncluded__C)
                  0000b50c    00000004     mss_per4ft.oer4ft (.const:ti_sysbios_gates_GateMutex_Module__diagsMask__C)
                  0000b510    00000004     mss_per4ft.oer4ft (.const:ti_sysbios_hal_Hwi_E_stackOverflow__C)
                  0000b514    00000004     mss_per4ft.oer4ft (.const:ti_sysbios_heaps_HeapBuf_Instance_State_freeList__O)
                  0000b518    00000004     mss_per4ft.oer4ft (.const:ti_sysbios_heaps_HeapBuf_Object__count__C)
                  0000b51c    00000004     mss_per4ft.oer4ft (.const:ti_sysbios_heaps_HeapBuf_numConstructedHeaps__C)
                  0000b520    00000004     mss_per4ft.oer4ft (.const:ti_sysbios_heaps_HeapMem_A_align__C)
                  0000b524    00000004     mss_per4ft.oer4ft (.const:ti_sysbios_heaps_HeapMem_A_heapSize__C)
                  0000b528    00000004     mss_per4ft.oer4ft (.const:ti_sysbios_heaps_HeapMem_A_invalidFree__C)
                  0000b52c    00000004     mss_per4ft.oer4ft (.const:ti_sysbios_heaps_HeapMem_A_zeroBlock__C)
                  0000b530    00000004     mss_per4ft.oer4ft (.const:ti_sysbios_heaps_HeapMem_E_memory__C)
                  0000b534    00000004     mss_per4ft.oer4ft (.const:ti_sysbios_heaps_HeapMem_Module__diagsEnabled__C)
                  0000b538    00000004     mss_per4ft.oer4ft (.const:ti_sysbios_heaps_HeapMem_Module__diagsIncluded__C)
                  0000b53c    00000004     mss_per4ft.oer4ft (.const:ti_sysbios_heaps_HeapMem_Module__diagsMask__C)
                  0000b540    00000004     mss_per4ft.oer4ft (.const:ti_sysbios_heaps_HeapMem_Module__gateObj__C)
                  0000b544    00000004     mss_per4ft.oer4ft (.const:ti_sysbios_heaps_HeapMem_Object__count__C)
                  0000b548    00000004     mss_per4ft.oer4ft (.const:ti_sysbios_heaps_HeapMem_reqAlign__C)
                  0000b54c    00000004     mss_per4ft.oer4ft (.const:ti_sysbios_knl_Clock_Module_State_clockQ__O)
                  0000b550    00000004     mss_per4ft.oer4ft (.const:ti_sysbios_knl_Idle_funcList__A)
                  0000b554    00000004     mss_per4ft.oer4ft (.const:ti_sysbios_knl_Semaphore_A_badContext__C)
                  0000b558    00000004     mss_per4ft.oer4ft (.const:ti_sysbios_knl_Semaphore_A_noEvents__C)
                  0000b55c    00000004     mss_per4ft.oer4ft (.const:ti_sysbios_knl_Semaphore_A_overflow__C)
                  0000b560    00000004     mss_per4ft.oer4ft (.const:ti_sysbios_knl_Semaphore_A_pendTaskDisabled__C)
                  0000b564    00000004     mss_per4ft.oer4ft (.const:ti_sysbios_knl_Semaphore_Instance_State_pendQ__O)
                  0000b568    00000004     mss_per4ft.oer4ft (.const:ti_sysbios_knl_Semaphore_Module__diagsEnabled__C)
                  0000b56c    00000004     mss_per4ft.oer4ft (.const:ti_sysbios_knl_Semaphore_Module__diagsIncluded__C)
                  0000b570    00000004     mss_per4ft.oer4ft (.const:ti_sysbios_knl_Semaphore_Module__diagsMask__C)
                  0000b574    00000004     mss_per4ft.oer4ft (.const:ti_sysbios_knl_Swi_Object__count__C)
                  0000b578    00000004     mss_per4ft.oer4ft (.const:ti_sysbios_knl_Task_A_badPriority__C)
                  0000b57c    00000004     mss_per4ft.oer4ft (.const:ti_sysbios_knl_Task_A_badTaskState__C)
                  0000b580    00000004     mss_per4ft.oer4ft (.const:ti_sysbios_knl_Task_A_badThreadType__C)
                  0000b584    00000004     mss_per4ft.oer4ft (.const:ti_sysbios_knl_Task_A_noPendElem__C)
                  0000b588    00000004     mss_per4ft.oer4ft (.const:ti_sysbios_knl_Task_E_spOutOfBounds__C)
                  0000b58c    00000004     mss_per4ft.oer4ft (.const:ti_sysbios_knl_Task_E_stackOverflow__C)
                  0000b590    00000004     mss_per4ft.oer4ft (.const:ti_sysbios_knl_Task_Module_State_inactiveQ__O)
                  0000b594    00000004     mss_per4ft.oer4ft (.const:ti_sysbios_knl_Task_Module__diagsEnabled__C)
                  0000b598    00000004     mss_per4ft.oer4ft (.const:ti_sysbios_knl_Task_Module__diagsIncluded__C)
                  0000b59c    00000004     mss_per4ft.oer4ft (.const:ti_sysbios_knl_Task_Module__diagsMask__C)
                  0000b5a0    00000004     mss_per4ft.oer4ft (.const:ti_sysbios_knl_Task_Object__count__C)
                  0000b5a4    00000004     mss_per4ft.oer4ft (.const:ti_sysbios_knl_Task_allBlockedFunc__C)
                  0000b5a8    00000004     mss_per4ft.oer4ft (.const:ti_sysbios_knl_Task_defaultStackHeap__C)
                  0000b5ac    00000004     mss_per4ft.oer4ft (.const:ti_sysbios_knl_Task_defaultStackSize__C)
                  0000b5b0    00000004     mss_per4ft.oer4ft (.const:ti_sysbios_knl_Task_numConstructedTasks__C)
                  0000b5b4    00000004     mss_per4ft.oer4ft (.const:ti_sysbios_timers_rti_Timer_E_cannotSupport__C)
                  0000b5b8    00000004     mss_per4ft.oer4ft (.const:ti_sysbios_timers_rti_Timer_Module__diagsEnabled__C)
                  0000b5bc    00000004     mss_per4ft.oer4ft (.const:ti_sysbios_timers_rti_Timer_Module__diagsIncluded__C)
                  0000b5c0    00000004     mss_per4ft.oer4ft (.const:ti_sysbios_timers_rti_Timer_Module__diagsMask__C)
                  0000b5c4    00000004     mss_per4ft.oer4ft (.const:ti_sysbios_timers_rti_Timer_numTimerDevices__C)
                  0000b5c8    00000004     mss_per4ft.oer4ft (.const:ti_sysbios_timers_rti_Timer_startupNeeded__C)
                  0000b5cc    00000004     mss_per4ft.oer4ft (.const:xdc_runtime_Assert_E_assertFailed__C)
                  0000b5d0    00000004     mss_per4ft.oer4ft (.const:xdc_runtime_Core_A_initializedParams__C)
                  0000b5d4    00000004     mss_per4ft.oer4ft (.const:xdc_runtime_Core_Module__diagsEnabled__C)
                  0000b5d8    00000004     mss_per4ft.oer4ft (.const:xdc_runtime_Core_Module__diagsIncluded__C)
                  0000b5dc    00000004     mss_per4ft.oer4ft (.const:xdc_runtime_Core_Module__diagsMask__C)
                  0000b5e0    00000004     mss_per4ft.oer4ft (.const:xdc_runtime_Error_E_memory__C)
                  0000b5e4    00000004     mss_per4ft.oer4ft (.const:xdc_runtime_Error_Module__diagsEnabled__C)
                  0000b5e8    00000004     mss_per4ft.oer4ft (.const:xdc_runtime_Error_Module__diagsIncluded__C)
                  0000b5ec    00000004     mss_per4ft.oer4ft (.const:xdc_runtime_Error_Module__diagsMask__C)
                  0000b5f0    00000004     mss_per4ft.oer4ft (.const:xdc_runtime_Error_Module__loggerFxn8__C)
                  0000b5f4    00000004     mss_per4ft.oer4ft (.const:xdc_runtime_Error_Module__loggerObj__C)
                  0000b5f8    00000004     mss_per4ft.oer4ft (.const:xdc_runtime_Error_policyFxn__C)
                  0000b5fc    00000004     mss_per4ft.oer4ft (.const:xdc_runtime_Error_raiseHook__C)
                  0000b600    00000004     mss_per4ft.oer4ft (.const:xdc_runtime_IGateProvider_Interface__BASE__C)
                  0000b604    00000004     mss_per4ft.oer4ft (.const:xdc_runtime_IHeap_Interface__BASE__C)
                  0000b608    00000004     mss_per4ft.oer4ft (.const:xdc_runtime_IModule_Interface__BASE__C)
                  0000b60c    00000004     mss_per4ft.oer4ft (.const:xdc_runtime_Log_L_error__C)
                  0000b610    00000004     mss_per4ft.oer4ft (.const:xdc_runtime_Memory_defaultHeapInstance__C)
                  0000b614    00000004     mss_per4ft.oer4ft (.const:xdc_runtime_Startup_execImpl__C)
                  0000b618    00000004     mss_per4ft.oer4ft (.const:xdc_runtime_Startup_maxPasses__C)
                  0000b61c    00000004     mss_per4ft.oer4ft (.const:xdc_runtime_Startup_sfxnRts__C)
                  0000b620    00000004     mss_per4ft.oer4ft (.const:xdc_runtime_Startup_sfxnTab__C)
                  0000b624    00000004     mss_per4ft.oer4ft (.const:xdc_runtime_System_Module__gateObj__C)
                  0000b628    00000004     mss_per4ft.oer4ft (.const:xdc_runtime_System_abortFxn__C)
                  0000b62c    00000004     mss_per4ft.oer4ft (.const:xdc_runtime_System_exitFxn__C)
                  0000b630    00000004     mss_per4ft.oer4ft (.const:xdc_runtime_System_extendFxn__C)
                  0000b634    00000004     mss_per4ft.oer4ft (.const:xdc_runtime_System_maxAtexitHandlers__C)
                  0000b638    00000004     mss_per4ft.oer4ft (.const:xdc_runtime_Text_charTab__C)
                  0000b63c    00000004     mss_per4ft.oer4ft (.const:xdc_runtime_Text_nameEmpty__C)
                  0000b640    00000004     mss_per4ft.oer4ft (.const:xdc_runtime_Text_nameStatic__C)
                  0000b644    00000004     mss_per4ft.oer4ft (.const:xdc_runtime_Text_nameUnknown__C)
                  0000b648    00000004     mss_per4ft.oer4ft (.const:xdc_runtime_Text_nodeTab__C)
                  0000b64c    00000004     mss_per4ft.oer4ft (.const:xdc_runtime_Text_visitRopeFxn__C)
                  0000b650    00000002     mss_per4ft.oer4ft (.const:ti_sysbios_family_arm_v7r_tms570_Core_Module__id__C)
                  0000b652    00000002     mss_per4ft.oer4ft (.const:ti_sysbios_family_arm_v7r_vim_Hwi_Module__id__C)
                  0000b654    00000002     mss_per4ft.oer4ft (.const:ti_sysbios_gates_GateMutex_Module__id__C)
                  0000b656    00000002     mss_per4ft.oer4ft (.const:ti_sysbios_hal_Hwi_Module__id__C)
                  0000b658    00000002     mss_per4ft.oer4ft (.const:ti_sysbios_heaps_HeapMem_Module__id__C)
                  0000b65a    00000002     mss_per4ft.oer4ft (.const:ti_sysbios_knl_Semaphore_Module__id__C)
                  0000b65c    00000002     mss_per4ft.oer4ft (.const:ti_sysbios_knl_Task_Module__id__C)
                  0000b65e    00000002     mss_per4ft.oer4ft (.const:ti_sysbios_timers_rti_Timer_Module__id__C)
                  0000b660    00000002     mss_per4ft.oer4ft (.const:ti_sysbios_timers_rti_Timer_continueOnSuspend__C)
                  0000b662    00000002     mss_per4ft.oer4ft (.const:xdc_runtime_Core_Module__id__C)
                  0000b664    00000002     mss_per4ft.oer4ft (.const:xdc_runtime_Error_Module__loggerDefined__C)
                  0000b666    00000002     mss_per4ft.oer4ft (.const:xdc_runtime_Error_maxDepth__C)
                  0000b668    00000002     mss_per4ft.oer4ft (.const:xdc_runtime_Main_Module__id__C)
                  0000b66a    00000002     mss_per4ft.oer4ft (.const:xdc_runtime_Memory_Module__id__C)
                  0000b66c    00000002     mss_per4ft.oer4ft (.const:xdc_runtime_Text_charCnt__C)
                  0000b66e    00000002     mss_per4ft.oer4ft (.const:xdc_runtime_Text_isLoaded__C)
                  0000b670    00000002     mss_per4ft.oer4ft (.const:xdc_runtime_Text_registryModsLastId__C)
                  0000b672    00000002     mss_per4ft.oer4ft (.const:xdc_runtime_Text_unnamedModsLastId__C)

.cinit     0    0000b680    00005578     
                  0000b680    00005543     (.cinit..data.load) [load image, compression = lzss]
                  00010bc3    00000001     --HOLE-- [fill = 0]
                  00010bc4    0000000c     (__TI_handler_table)
                  00010bd0    00000008     (.cinit..MCPILogBuffer.load) [load image, compression = zero_init]
                  00010bd8    00000008     (.cinit..bss.load) [load image, compression = zero_init]
                  00010be0    00000018     (__TI_cinit_table)

.data      0    08000000    00005c38     UNINITIALIZED
                  08000000    000053dc     main.oer4f (.data:$O1$$)
                  080053dc    00000200     mss_per4ft.oer4ft (.data:ti_sysbios_family_arm_v7r_vim_Hwi_Module_State_0_dispatchTable__A)
                  080055dc    000000f0     rtsv7R4_T_le_v3D16_eabi.lib : defs.obj (.data:_ftable)
                  080056cc    00000080     mss_per4ft.oer4ft (.data:ti_sysbios_knl_Swi_Module_State_0_readyQ__A)
                  0800574c    00000080     mss_per4ft.oer4ft (.data:ti_sysbios_knl_Task_Module_State_0_readyQ__A)
                  080057cc    00000078     rtsv7R4_T_le_v3D16_eabi.lib : write.obj (.data:_device)
                  08005844    00000050                                 : write.obj (.data:_stream)
                  08005894    0000004c     mss_per4ft.oer4ft (.data:ti_sysbios_knl_Task_Object__table__V)
                  080058e0    00000044     mss_per4ft.oer4ft (.data:ti_sysbios_knl_Task_Module__state__V)
                  08005924    00000038     mss_per4ft.oer4ft (.data:ti_sysbios_gates_GateMutex_Object__table__V)
                  0800595c    00000038     mss_per4ft.oer4ft (.data:ti_sysbios_timers_rti_Timer_Object__table__V)
                  08005994    00000034     mss_per4ft.oer4ft (.data:ti_sysbios_family_arm_v7r_vim_Hwi_Module__state__V)
                  080059c8    00000030     mss_per4ft.oer4ft (.data:ti_sysbios_knl_Swi_Object__table__V)
                  080059f8    0000002c     mss_per4ft.oer4ft (.data:ti_sysbios_family_arm_v7r_vim_Hwi_Object__table__V)
                  08005a24    0000002c     mss_per4ft.oer4ft (.data:ti_sysbios_knl_Clock_Module__state__V)
                  08005a50    00000024     hwa_xwr14xx.oer4f (.data:gHWAHwCfg)
                  08005a74    00000024     mss_per4ft.oer4ft (.data:ti_sysbios_BIOS_Module__state__V)
                  08005a98    00000020     mss_per4ft.oer4ft (.data:xdc_runtime_Error_IgnoreBlock)
                  08005ab8    00000020     mss_per4ft.oer4ft (.data:xdc_runtime_System_Module_State_0_atexitHandlers__A)
                  08005ad8    0000001c     mss_per4ft.oer4ft (.data:ti_sysbios_knl_Swi_Module__state__V)
                  08005af4    00000018     mss_per4ft.oer4ft (.data:ti_sysbios_heaps_HeapMem_Object__table__V)
                  08005b0c    00000018     mss_per4ft.oer4ft (.data:ti_sysbios_timers_rti_Timer_Module_State_0_device__A)
                  08005b24    00000014     mss_per4ft.oer4ft (.data:ti_sysbios_family_arm_exc_Exception_Module__state__V)
                  08005b38    00000010     libsoc_xwr14xx.aer4f : soc_xwr14xx.oer4f (.data:gSOCHwAttrib)
                  08005b48    00000010     rtsv7R4_T_le_v3D16_eabi.lib : defs.obj (.data)
                  08005b58    00000010     mss_per4ft.oer4ft (.data:ti_sysbios_timers_rti_Timer_Module_State_0_intFreqs__A)
                  08005b68    00000010     mss_per4ft.oer4ft (.data:ti_sysbios_timers_rti_Timer_Module__state__V)
                  08005b78    0000000c     libtestlogger_xwr14xx.aer4f : logger.oer4f (.data:$O1$$)
                  08005b84    0000000c     rtsv7R4_T_le_v3D16_eabi.lib : exit.obj (.data:$O1$$)
                  08005b90    0000000c     libesm_xwr14xx.aer4f : esm_xwr1xxx.oer4f (.data:gESMHwCfgAttrs)
                  08005b9c    00000008     rtsv7R4_T_le_v3D16_eabi.lib : _lock.obj (.data:$O1$$)
                  08005ba4    00000008     mss_per4ft.oer4ft (.data:ti_sysbios_family_arm_v7r_vim_Hwi_Module__root__V)
                  08005bac    00000008     mss_per4ft.oer4ft (.data:ti_sysbios_gates_GateHwi_Module__root__V)
                  08005bb4    00000008     mss_per4ft.oer4ft (.data:ti_sysbios_gates_GateMutex_Module__root__V)
                  08005bbc    00000008     mss_per4ft.oer4ft (.data:ti_sysbios_hal_Hwi_Object__table__V)
                  08005bc4    00000008     mss_per4ft.oer4ft (.data:ti_sysbios_heaps_HeapMem_Module__root__V)
                  08005bcc    00000008     mss_per4ft.oer4ft (.data:ti_sysbios_knl_Queue_Module__root__V)
                  08005bd4    00000008     mss_per4ft.oer4ft (.data:ti_sysbios_knl_Semaphore_Module__root__V)
                  08005bdc    00000008     mss_per4ft.oer4ft (.data:ti_sysbios_knl_Task_Module__root__V)
                  08005be4    00000008     mss_per4ft.oer4ft (.data:ti_sysbios_timers_rti_Timer_Module_State_0_handles__A)
                  08005bec    00000008     mss_per4ft.oer4ft (.data:xdc_runtime_Registry_Module__state__V)
                  08005bf4    00000008     mss_per4ft.oer4ft (.data:xdc_runtime_Startup_Module__state__V)
                  08005bfc    00000008     mss_per4ft.oer4ft (.data:xdc_runtime_System_Module__state__V)
                  08005c04    00000004     main.oer4f (.data)
                  08005c08    00000004     rtsv7R4_T_le_v3D16_eabi.lib : errno.obj (.data)
                  08005c0c    00000004                                 : fopen.obj (.data)
                  08005c10    00000004                                 : open.obj (.data)
                  08005c14    00000004                                 : stkdepth_vars.obj (.data)
                  08005c18    00000004     mss_per4ft.oer4ft (.data:ti_sysbios_family_arm_exc_Exception_Module_State_0_excContext__A)
                  08005c1c    00000004     mss_per4ft.oer4ft (.data:ti_sysbios_family_arm_exc_Exception_Module_State_0_excStackBuffers__A)
                  08005c20    00000004     mss_per4ft.oer4ft (.data:ti_sysbios_family_arm_exc_Exception_Module_State_0_excStack__A)
                  08005c24    00000004     mss_per4ft.oer4ft (.data:ti_sysbios_gates_GateHwi_Object__table__V)
                  08005c28    00000004     mss_per4ft.oer4ft (.data:ti_sysbios_heaps_HeapBuf_Module__state__V)
                  08005c2c    00000004     mss_per4ft.oer4ft (.data:ti_sysbios_knl_Task_Module_State_0_idleTask__A)
                  08005c30    00000004     mss_per4ft.oer4ft (.data:xdc_runtime_Memory_Module__state__V)
                  08005c34    00000002     mss_per4ft.oer4ft (.data:ti_sysbios_family_arm_exc_Exception_Module_State_0_excActive__A)
                  08005c36    00000002     mss_per4ft.oer4ft (.data:xdc_runtime_Error_Module__state__V)

.bss       0    08005c38    00003a3c     UNINITIALIZED
                  08005c38    00002000     (.common:ti_sysbios_heaps_HeapMem_Instance_State_0_buf__A)
                  08007c38    00001000     (.common:ti_sysbios_family_arm_exc_Exception_Module_State_0_excStack_0__A)
                  08008c38    00000400     mss_per4ft.oer4ft (.bss:taskStackSection)
                  08009038    00000400     (.common:ti_sysbios_family_arm_v7r_vim_Hwi_Module_State_0_fiqStack__A)
                  08009438    00000120     rtsv7R4_T_le_v3D16_eabi.lib : trgmsg.obj (.bss:_CIOBUF_)
                  08009558    000000a0     (.common:__TI_tmpnams)
                  080095f8    00000070     (.common:gEsmMCB)
                  08009668    00000008     (.common:parmbuf)
                  08009670    00000004     (.common:gHWADriverPtr)

.stack     0    0800ba74    00001000     UNINITIALIZED
                  0800ba74    00001000     --HOLE--

.MCPILogBuffer 
*          0    08009674    00002400     UNINITIALIZED
                  08009674    00002400     main.oer4f (.MCPILogBuffer)

MODULE SUMMARY

       Module                          code    ro data   rw data
       ------                          ----    -------   -------
    /home/gtbldadm/nightlybuilds/mmwave_sdk/ti/drivers/hwa/test/xwr14xx/mss_configPkg_xwr14xx/package/cfg/
       mss_per4ft.oer4ft               1750    8346      15904  
    +--+-------------------------------+-------+---------+---------+
       Total:                          1750    8346      15904  
                                                                
    obj_xwr14xx/
       main.oer4f                      3398    900       30688  
       hwa.oer4f                       3476    0         0      
       hwa_xwr14xx.oer4f               0       0         40     
    +--+-------------------------------+-------+---------+---------+
       Total:                          6874    900       30728  
                                                                
    /home/gtbldadm/nightlybuilds/mmwave_sdk/scripts/jenkins/../../ti/drivers/esm/lib/libesm_xwr14xx.aer4f
       esm.oer4f                       456     0         112    
       esm_xwr1xxx.oer4f               0       0         12     
    +--+-------------------------------+-------+---------+---------+
       Total:                          456     0         124    
                                                                
    /home/gtbldadm/nightlybuilds/mmwave_sdk/scripts/jenkins/../../ti/drivers/osal/lib/libosal_xwr14xx.aer4f
       HwiP_tirtos.oer4f               226     0         0      
       SemaphoreP_tirtos.oer4f         150     0         0      
       MemoryP_tirtos.oer4f            28      0         0      
       DebugP_tirtos.oer4f             20      0         0      
    +--+-------------------------------+-------+---------+---------+
       Total:                          424     0         0      
                                                                
    /home/gtbldadm/nightlybuilds/mmwave_sdk/scripts/jenkins/../../ti/drivers/soc/lib/libsoc_xwr14xx.aer4f
       soc_xwr14xx.oer4f               654     0         16     
       soc.oer4f                       306     0         0      
       soc_mpu.o                       182     0         0      
    +--+-------------------------------+-------+---------+---------+
       Total:                          1142    0         16     
                                                                
    /home/gtbldadm/nightlybuilds/mmwave_sdk/scripts/jenkins/../../ti/utils/testlogger/lib/libtestlogger_xwr14xx.aer4f
       logger.oer4f                    344     0         12     
    +--+-------------------------------+-------+---------+---------+
       Total:                          344     0         12     
                                                                
    /home/gtbldadm/nightlybuilds/mmwave_sdk/ti/drivers/hwa/test/xwr14xx/mss_configPkg_xwr14xx/package/cfg/mss_per4ft.src/sysbios/sysbios.aer4ft
       BIOS.obj                        11006   0         0      
       exc_Exception_asm.obj           308     0         0      
       vim_Hwi_asm.obj                 208     0         0      
       arm_TaskSupport_asm.obj         176     0         0      
       vim_Hwi_asm_switch.obj          152     0         0      
       arm_IntrinsicsSupport_asm.obj   12      0         0      
       tms570_Core_asm.obj             10      0         0      
    +--+-------------------------------+-------+---------+---------+
       Total:                          11872   0         0      
                                                                
    /opt/ti/bios_6_53_02_00/packages/ti/targets/arm/rtsarm/lib/auto_init.aer4ft
       auto_init.oer4ft                160     0         0      
    +--+-------------------------------+-------+---------+---------+
       Total:                          160     0         0      
                                                                
    /opt/ti/bios_6_53_02_00/packages/ti/targets/arm/rtsarm/lib/boot.aer4ft
       boot.oer4ft                     116     0         0      
    +--+-------------------------------+-------+---------+---------+
       Total:                          116     0         0      
                                                                
    /opt/ti/bios_6_53_02_00/packages/ti/targets/arm/rtsarm/lib/ti.targets.arm.rtsarm.aer4ft
       System.oer4ft                   1259    0         0      
       Text.oer4ft                     672     0         0      
       Error.oer4ft                    564     0         0      
       Startup.oer4ft                  340     0         0      
       Core-mem.oer4ft                 334     0         0      
       Core-smem.oer4ft                208     0         0      
       Memory.oer4ft                   176     0         0      
       Assert.oer4ft                   84      0         0      
       Core-params.oer4ft              72      0         0      
       Core-label.oer4ft               52      0         0      
       SysStd.oer4ft                   52      0         0      
       Registry.oer4ft                 32      0         0      
       Gate.oer4ft                     28      0         0      
    +--+-------------------------------+-------+---------+---------+
       Total:                          3873    0         0      
                                                                
    /opt/ti/ti-cgt-arm_16.9.6.LTS/lib/rtsv7R4_T_le_v3D16_eabi.lib
       _printfi.obj                    4218    0         0      
       ull_div32.obj                   696     0         0      
       fopen.obj                       456     0         4      
       defs.obj                        0       0         416    
       trgmsg.obj                      108     0         288    
       fputs.obj                       312     0         0      
       ctype.obj                       0       257       0      
       write.obj                       40      0         200    
       s_scalbn.obj                    236     0         0      
       setvbuf.obj                     220     0         0      
       fflush.obj                      204     0         0      
       open.obj                        188     0         4      
       _io_perm.obj                    174     0         0      
       memcpy_t2.obj                   156     0         0      
       fclose.obj                      152     0         0      
       fputc.obj                       152     0         0      
       snprintf.obj                    148     0         0      
       memset_t2.obj                   122     0         0      
       getdevice.obj                   116     0         0      
       s_frexp.obj                     116     0         0      
       printf.obj                      112     0         0      
       copy_decompress_lzss.obj        108     0         0      
       hostlseek.obj                   104     0         0      
       hostrename.obj                  104     0         0      
       fseek.obj                       100     0         0      
       hostopen.obj                    92      0         8      
       exit.obj                        80      0         12     
       hostread.obj                    92      0         0      
       close.obj                       88      0         0      
       hostwrite.obj                   88      0         0      
       ltoa.obj                        84      0         0      
       atoi.obj                        80      0         0      
       u_div32.obj                     80      0         0      
       cpy_tbl.obj                     76      0         0      
       hostclose.obj                   68      0         0      
       hostunlink.obj                  68      0         0      
       strncpy.obj                     54      0         0      
       unlink.obj                      44      0         0      
       lseek.obj                       40      0         0      
       memcmp.obj                      38      0         0      
       memchr.obj                      32      0         0      
       strcat.obj                      30      0         0      
       _lock.obj                       20      0         8      
       memccpy.obj                     28      0         0      
       s_copysign.obj                  26      0         0      
       args_main.obj                   24      0         0      
       strcmp.obj                      24      0         0      
       strchr.obj                      22      0         0      
       strlen.obj                      22      0         0      
       strcpy.obj                      20      0         0      
       copy_decompress_none.obj        14      0         0      
       copy_zero_init.obj              12      0         0      
       errno.obj                       0       0         4      
       stkdepth_vars.obj               0       0         4      
       i_div0.obj                      2       0         0      
    +--+-------------------------------+-------+---------+---------+
       Total:                          9690    257       948    
                                                                
       Stack:                          0       0         4096   
       Linker Generated:               0       21879     0      
    +--+-------------------------------+-------+---------+---------+
       Grand Total:                    36701   31382     51828  


LINKER GENERATED COPY TABLES

__TI_cinit_table @ 00010be0 records: 3, size/record: 8, table size: 24
	.data: load addr=0000b680, load size=00005543 bytes, run addr=08000000, run size=00005c38 bytes, compression=lzss
	.MCPILogBuffer: load addr=00010bd0, load size=00000008 bytes, run addr=08009674, run size=00002400 bytes, compression=zero_init
	.bss: load addr=00010bd8, load size=00000008 bytes, run addr=08005c38, run size=00003a3c bytes, compression=zero_init


LINKER GENERATED HANDLER TABLE

__TI_handler_table @ 00010bc4 records: 3, size/record: 4, table size: 12
	index: 0, handler: __TI_zero_init
	index: 1, handler: __TI_decompress_lzss
	index: 2, handler: __TI_decompress_none


GLOBAL SYMBOLS: SORTED ALPHABETICALLY BY Name 

address   name                                                                 
-------   ----                                                                 
00007859  C$$EXIT                                                              
00006fb7  C$$IO$$                                                              
000074f9  ESM_highpriority_FIQ                                                 
00005e79  ESM_init                                                             
00008969  ESM_lowpriority_IRQ                                                  
00005c71  ESM_processInterrupt                                                 
00007bb1  HOSTclose                                                            
0000705d  HOSTlseek                                                            
00007325  HOSTopen                                                             
00007381  HOSTread                                                             
000070c5  HOSTrename                                                           
00007bf5  HOSTunlink                                                           
000075a9  HOSTwrite                                                            
00008eb9  HWA_Test_DoneISR_Callback                                            
00006ce9  HWA_close                                                            
0000375d  HWA_configCommon                                                     
00001dc5  HWA_configParamSet                                                   
00006539  HWA_configRam                                                        
00008175  HWA_disableDoneInterrupt                                             
0000678d  HWA_disableParamSetInterrupt                                         
00007ecb  HWA_enable                                                           
00007b21  HWA_enableDoneInterrupt                                              
0000117b  HWA_init                                                             
00003ead  HWA_open                                                             
00007d0d  HWA_reset                                                            
0000808d  HWA_setDMA2ACCManualTrig                                             
00008ecd  HwiP_Params_init                                                     
00006921  HwiP_create                                                          
000080c9  HwiP_delete                                                          
00003b19  HwiP_disable                                                         
0000354d  HwiP_disableInterrupt                                                
0000430d  HwiP_enableInterrupt                                                 
00006059  HwiP_restore                                                         
08005b7c  MCPI_FailSignature                                                   
0000883d  MCPI_Initialize                                                      
08005b78  MCPI_Result                                                          
08009674  MCPI_logMessage                                                      
00004929  MCPI_setFeatureTestResult                                            
00008ee1  MCPI_setTestResult                                                   
00008f59  MemoryP_ctrlAlloc                                                    
00005b05  MemoryP_ctrlFree                                                     
[...]
0000b17e  ti_sysbios_family_arm_exc_Exception_Module__id__C                    
0000b1c8  ti_sysbios_knl_Task_Object__PARAMS__C                                
0000b204  ti_sysbios_family_arm_v7r_vim_Hwi_Object__PARAMS__C                  
0000b234  ti_sysbios_heaps_HeapMem_Module__FXNS__C                             
0000b25c  xdc_runtime_Startup_sfxnTab__A                                       
0000b284  ti_sysbios_gates_GateHwi_Module__FXNS__C                             
0000b2a8  ti_sysbios_gates_GateMutex_Module__FXNS__C                           
0000b2cc  ti_sysbios_heaps_HeapMem_Object__PARAMS__C                           
0000b2f0  ti_sysbios_knl_Semaphore_Object__PARAMS__C                           
0000b314  ti_sysbios_family_arm_v7r_vim_Hwi_Object__DESC__C                    
0000b334  ti_sysbios_gates_GateHwi_Object__DESC__C                             
0000b354  ti_sysbios_gates_GateMutex_Object__DESC__C                           
0000b374  ti_sysbios_heaps_HeapMem_Object__DESC__C                             
0000b394  ti_sysbios_knl_Queue_Object__DESC__C                                 
0000b3b4  ti_sysbios_knl_Semaphore_Object__DESC__C                             
0000b3d4  ti_sysbios_knl_Task_Object__DESC__C                                  
0000b3f4  ti_sysbios_gates_GateHwi_Object__PARAMS__C                           
0000b40c  ti_sysbios_gates_GateMutex_Object__PARAMS__C                         
0000b424  ti_sysbios_knl_Queue_Object__PARAMS__C                               
0000b43c  xdc_runtime_Startup_sfxnRts__A                                       
0000b450  ti_sysbios_family_arm_v7r_vim_Hwi_intReqEnaSet__A                    
0000b460  ti_sysbios_family_arm_v7r_vim_Hwi_wakeEnaSet__A                      
0000b470  ti_sysbios_knl_Idle_funcList__C                                      
0000b478  xdc_runtime_Startup_firstFxns__A                                     
0000b480  xdc_runtime_Startup_firstFxns__C                                     
0000b488  xdc_runtime_Startup_lastFxns__C                                      
0000b490  ti_sysbios_family_arm_TaskSupport_stackAlignment__C                  
0000b494  ti_sysbios_family_arm_exc_Exception_E_dataAbort__C                   
0000b498  ti_sysbios_family_arm_exc_Exception_E_prefetchAbort__C               
0000b49c  ti_sysbios_family_arm_exc_Exception_E_swi__C                         
0000b4a0  ti_sysbios_family_arm_exc_Exception_E_undefinedInstruction__C        
0000b4a4  ti_sysbios_family_arm_exc_Exception_excHookFuncs__A                  
0000b4a8  ti_sysbios_family_arm_exc_Exception_excHookFuncs__C                  
0000b4ac  ti_sysbios_family_arm_v7r_tms570_Core_E_mismatchedIds__C             
0000b4b0  ti_sysbios_family_arm_v7r_tms570_Core_id__C                          
0000b4b4  ti_sysbios_family_arm_v7r_vim_Hwi_A_badChannelId__C                  
0000b4b8  ti_sysbios_family_arm_v7r_vim_Hwi_E_alreadyDefined__C                
0000b4bc  ti_sysbios_family_arm_v7r_vim_Hwi_E_badIntNum__C                     
0000b4c0  ti_sysbios_family_arm_v7r_vim_Hwi_E_phantomInterrupt__C              
0000b4c4  ti_sysbios_family_arm_v7r_vim_Hwi_E_undefined__C                     
0000b4c8  ti_sysbios_family_arm_v7r_vim_Hwi_E_unsupportedMaskingOption__C      
0000b4cc  ti_sysbios_family_arm_v7r_vim_Hwi_Module__diagsEnabled__C            
0000b4d0  ti_sysbios_family_arm_v7r_vim_Hwi_Module__diagsIncluded__C           
0000b4d4  ti_sysbios_family_arm_v7r_vim_Hwi_Module__diagsMask__C               
0000b4d8  ti_sysbios_family_arm_v7r_vim_Hwi_NUM_INTERRUPTS__C                  
0000b4dc  ti_sysbios_family_arm_v7r_vim_Hwi_channelMap__C                      
0000b4e0  ti_sysbios_family_arm_v7r_vim_Hwi_intReqEnaSet__C                    
0000b4e4  ti_sysbios_family_arm_v7r_vim_Hwi_phantomFunc__C                     
0000b4e8  ti_sysbios_family_arm_v7r_vim_Hwi_swiDisable__C                      
0000b4ec  ti_sysbios_family_arm_v7r_vim_Hwi_swiRestoreHwi__C                   
0000b4f0  ti_sysbios_family_arm_v7r_vim_Hwi_taskDisable__C                     
0000b4f4  ti_sysbios_family_arm_v7r_vim_Hwi_taskRestoreHwi__C                  
0000b4f8  ti_sysbios_family_arm_v7r_vim_Hwi_wakeEnaSet__C                      
0000b4fc  ti_sysbios_gates_GateMutex_A_badContext__C                           
0000b500  ti_sysbios_gates_GateMutex_Instance_State_sem__O                     
0000b504  ti_sysbios_gates_GateMutex_Module__diagsEnabled__C                   
0000b508  ti_sysbios_gates_GateMutex_Module__diagsIncluded__C                  
0000b50c  ti_sysbios_gates_GateMutex_Module__diagsMask__C                      
0000b510  ti_sysbios_hal_Hwi_E_stackOverflow__C                                
0000b514  ti_sysbios_heaps_HeapBuf_Instance_State_freeList__O                  
0000b518  ti_sysbios_heaps_HeapBuf_Object__count__C                            
0000b51c  ti_sysbios_heaps_HeapBuf_numConstructedHeaps__C                      
0000b520  ti_sysbios_heaps_HeapMem_A_align__C                                  
0000b524  ti_sysbios_heaps_HeapMem_A_heapSize__C                               
0000b528  ti_sysbios_heaps_HeapMem_A_invalidFree__C                            
0000b52c  ti_sysbios_heaps_HeapMem_A_zeroBlock__C                              
0000b530  ti_sysbios_heaps_HeapMem_E_memory__C                                 
0000b534  ti_sysbios_heaps_HeapMem_Module__diagsEnabled__C                     
0000b538  ti_sysbios_heaps_HeapMem_Module__diagsIncluded__C                    
0000b53c  ti_sysbios_heaps_HeapMem_Module__diagsMask__C                        
0000b540  ti_sysbios_heaps_HeapMem_Module__gateObj__C                          
0000b544  ti_sysbios_heaps_HeapMem_Object__count__C                            
0000b548  ti_sysbios_heaps_HeapMem_reqAlign__C                                 
0000b54c  ti_sysbios_knl_Clock_Module_State_clockQ__O                          
0000b550  ti_sysbios_knl_Idle_funcList__A                                      
0000b554  ti_sysbios_knl_Semaphore_A_badContext__C                             
0000b558  ti_sysbios_knl_Semaphore_A_noEvents__C                               
0000b55c  ti_sysbios_knl_Semaphore_A_overflow__C                               
0000b560  ti_sysbios_knl_Semaphore_A_pendTaskDisabled__C                       
0000b564  ti_sysbios_knl_Semaphore_Instance_State_pendQ__O                     
0000b568  ti_sysbios_knl_Semaphore_Module__diagsEnabled__C                     
0000b56c  ti_sysbios_knl_Semaphore_Module__diagsIncluded__C                    
0000b570  ti_sysbios_knl_Semaphore_Module__diagsMask__C                        
0000b574  ti_sysbios_knl_Swi_Object__count__C                                  
0000b578  ti_sysbios_knl_Task_A_badPriority__C                                 
0000b57c  ti_sysbios_knl_Task_A_badTaskState__C                                
0000b580  ti_sysbios_knl_Task_A_badThreadType__C                               
0000b584  ti_sysbios_knl_Task_A_noPendElem__C                                  
0000b588  ti_sysbios_knl_Task_E_spOutOfBounds__C                               
0000b58c  ti_sysbios_knl_Task_E_stackOverflow__C                               
0000b590  ti_sysbios_knl_Task_Module_State_inactiveQ__O                        
0000b594  ti_sysbios_knl_Task_Module__diagsEnabled__C                          
0000b598  ti_sysbios_knl_Task_Module__diagsIncluded__C                         
0000b59c  ti_sysbios_knl_Task_Module__diagsMask__C                             
0000b5a0  ti_sysbios_knl_Task_Object__count__C                                 
0000b5a4  ti_sysbios_knl_Task_allBlockedFunc__C                                
0000b5a8  ti_sysbios_knl_Task_defaultStackHeap__C                              
0000b5ac  ti_sysbios_knl_Task_defaultStackSize__C                              
0000b5b0  ti_sysbios_knl_Task_numConstructedTasks__C                           
0000b5b4  ti_sysbios_timers_rti_Timer_E_cannotSupport__C                       
0000b5b8  ti_sysbios_timers_rti_Timer_Module__diagsEnabled__C                  
0000b5bc  ti_sysbios_timers_rti_Timer_Module__diagsIncluded__C                 
0000b5c0  ti_sysbios_timers_rti_Timer_Module__diagsMask__C                     
0000b5c4  ti_sysbios_timers_rti_Timer_numTimerDevices__C                       
0000b5c8  ti_sysbios_timers_rti_Timer_startupNeeded__C                         
0000b5cc  xdc_runtime_Assert_E_assertFailed__C                                 
0000b5d0  xdc_runtime_Core_A_initializedParams__C                              
0000b5d4  xdc_runtime_Core_Module__diagsEnabled__C                             
0000b5d8  xdc_runtime_Core_Module__diagsIncluded__C                            
0000b5dc  xdc_runtime_Core_Module__diagsMask__C                                
0000b5e0  xdc_runtime_Error_E_memory__C                                        
0000b5e4  xdc_runtime_Error_Module__diagsEnabled__C                            
0000b5e8  xdc_runtime_Error_Module__diagsIncluded__C                           
0000b5ec  xdc_runtime_Error_Module__diagsMask__C                               
0000b5f0  xdc_runtime_Error_Module__loggerFxn8__C                              
0000b5f4  xdc_runtime_Error_Module__loggerObj__C                               
0000b5f8  xdc_runtime_Error_policyFxn__C                                       
0000b5fc  xdc_runtime_Error_raiseHook__C                                       
0000b600  xdc_runtime_IGateProvider_Interface__BASE__C                         
0000b604  xdc_runtime_IHeap_Interface__BASE__C                                 
0000b608  xdc_runtime_IModule_Interface__BASE__C                               
0000b60c  xdc_runtime_Log_L_error__C                                           
0000b610  xdc_runtime_Memory_defaultHeapInstance__C                            
0000b614  xdc_runtime_Startup_execImpl__C                                      
0000b618  xdc_runtime_Startup_maxPasses__C                                     
0000b61c  xdc_runtime_Startup_sfxnRts__C                                       
0000b620  xdc_runtime_Startup_sfxnTab__C                                       
0000b624  xdc_runtime_System_Module__gateObj__C                                
0000b628  xdc_runtime_System_abortFxn__C                                       
0000b62c  xdc_runtime_System_exitFxn__C                                        
0000b630  xdc_runtime_System_extendFxn__C                                      
0000b634  xdc_runtime_System_maxAtexitHandlers__C                              
0000b638  xdc_runtime_Text_charTab__C                                          
0000b63c  xdc_runtime_Text_nameEmpty__C                                        
0000b640  xdc_runtime_Text_nameStatic__C                                       
0000b644  xdc_runtime_Text_nameUnknown__C                                      
0000b648  xdc_runtime_Text_nodeTab__C                                          
0000b64c  xdc_runtime_Text_visitRopeFxn__C                                     
0000b650  ti_sysbios_family_arm_v7r_tms570_Core_Module__id__C                  
0000b652  ti_sysbios_family_arm_v7r_vim_Hwi_Module__id__C                      
0000b654  ti_sysbios_gates_GateMutex_Module__id__C                             
0000b656  ti_sysbios_hal_Hwi_Module__id__C                                     
0000b658  ti_sysbios_heaps_HeapMem_Module__id__C                               
0000b65a  ti_sysbios_knl_Semaphore_Module__id__C                               
0000b65c  ti_sysbios_knl_Task_Module__id__C                                    
0000b65e  ti_sysbios_timers_rti_Timer_Module__id__C                            
0000b660  ti_sysbios_timers_rti_Timer_continueOnSuspend__C                     
0000b662  xdc_runtime_Core_Module__id__C                                       
0000b664  xdc_runtime_Error_Module__loggerDefined__C                           
0000b666  xdc_runtime_Error_maxDepth__C                                        
0000b668  xdc_runtime_Main_Module__id__C                                       
0000b66a  xdc_runtime_Memory_Module__id__C                                     
0000b66c  xdc_runtime_Text_charCnt__C                                          
0000b66e  xdc_runtime_Text_isLoaded__C                                         
0000b670  xdc_runtime_Text_registryModsLastId__C                               
0000b672  xdc_runtime_Text_unnamedModsLastId__C                                
00010bc4  __TI_Handler_Table_Base                                              
00010bd0  __TI_Handler_Table_Limit                                             
00010be0  __TI_CINIT_Base                                                      
00010bf8  __TI_CINIT_Limit                                                     
08000000  gHWATestParamSetISR                                                  
08000004  gHWATestDoneISR                                                      
08000008  gSOCHandle                                                           
0800000c  gCommonConfig                                                        
0800003c  gHWATestParamConfig                                                  
080003dc  gHWATest_1DFFT_output                                                
080013dc  gHWATest_1DFFT_input                                                 
080053dc  ti_sysbios_family_arm_v7r_vim_Hwi_Module_State_0_dispatchTable__A    
080055dc  _ftable                                                              
080056cc  ti_sysbios_knl_Swi_Module_State_0_readyQ__A                          
0800574c  ti_sysbios_knl_Task_Module_State_0_readyQ__A                         
080057cc  _device                                                              
08005844  _stream                                                              
08005894  ti_sysbios_knl_Task_Object__table__V                                 
080058e0  ti_sysbios_knl_Task_Module__state__V                                 
08005924  ti_sysbios_gates_GateMutex_Object__table__V                          
0800595c  ti_sysbios_timers_rti_Timer_Object__table__V                         
08005994  ti_sysbios_family_arm_v7r_vim_Hwi_Module__state__V                   
080059c8  ti_sysbios_knl_Swi_Object__table__V                                  
080059f8  ti_sysbios_family_arm_v7r_vim_Hwi_Object__table__V                   
08005a24  ti_sysbios_knl_Clock_Module__state__V                                
08005a50  gHWAHwCfg                                                            
08005a74  ti_sysbios_BIOS_Module__state__V                                     
08005a98  xdc_runtime_Error_IgnoreBlock                                        
08005ab8  xdc_runtime_System_Module_State_0_atexitHandlers__A                  
08005ad8  ti_sysbios_knl_Swi_Module__state__V                                  
08005af4  ti_sysbios_heaps_HeapMem_Object__table__V                            
08005b0c  ti_sysbios_timers_rti_Timer_Module_State_0_device__A                 
08005b24  ti_sysbios_family_arm_exc_Exception_Module__state__V                 
08005b38  gSOCHwAttrib                                                         
08005b48  __TI_ft_end                                                          
08005b4c  __aeabi_stdin                                                        
08005b50  __aeabi_stdout                                                       
08005b54  __aeabi_stderr                                                       
08005b58  ti_sysbios_timers_rti_Timer_Module_State_0_intFreqs__A               
08005b68  ti_sysbios_timers_rti_Timer_Module__state__V                         
08005b78  MCPI_Result                                                          
08005b7c  MCPI_FailSignature                                                   
08005b84  __TI_cleanup_ptr                                                     
08005b88  __TI_dtors_ptr                                                       
08005b8c  __TI_enable_exit_profile_output                                      
08005b90  gESMHwCfgAttrs                                                       
08005b9c  _lock                                                                
08005ba0  _unlock                                                              
08005ba4  ti_sysbios_family_arm_v7r_vim_Hwi_Module__root__V                    
08005bac  ti_sysbios_gates_GateHwi_Module__root__V                             
08005bb4  ti_sysbios_gates_GateMutex_Module__root__V                           
08005bbc  ti_sysbios_hal_Hwi_Object__table__V                                  
08005bc4  ti_sysbios_heaps_HeapMem_Module__root__V                             
08005bcc  ti_sysbios_knl_Queue_Module__root__V                                 
08005bd4  ti_sysbios_knl_Semaphore_Module__root__V                             
08005bdc  ti_sysbios_knl_Task_Module__root__V                                  
08005be4  ti_sysbios_timers_rti_Timer_Module_State_0_handles__A                
08005bec  xdc_runtime_Registry_Module__state__V                                
08005bf4  xdc_runtime_Startup_Module__state__V                                 
08005bfc  xdc_runtime_System_Module__state__V                                  
08005c04  gMCPILogMessageSize                                                  
08005c08  errno                                                                
08005c14  main_func_sp                                                         
08005c18  ti_sysbios_family_arm_exc_Exception_Module_State_0_excContext__A     
08005c1c  ti_sysbios_family_arm_exc_Exception_Module_State_0_excStackBuffers__A
08005c20  ti_sysbios_family_arm_exc_Exception_Module_State_0_excStack__A       
08005c24  ti_sysbios_gates_GateHwi_Object__table__V                            
08005c28  ti_sysbios_heaps_HeapBuf_Module__state__V                            
08005c2c  ti_sysbios_knl_Task_Module_State_0_idleTask__A                       
08005c30  xdc_runtime_Memory_Module__state__V                                  
08005c34  ti_sysbios_family_arm_exc_Exception_Module_State_0_excActive__A      
08005c36  xdc_runtime_Error_Module__state__V                                   
08005c38  ti_sysbios_heaps_HeapMem_Instance_State_0_buf__A                     
08007c38  ti_sysbios_family_arm_exc_Exception_Module_State_0_excStack_0__A     
08008c38  ti_sysbios_knl_Task_Instance_State_0_stack__A                        
08009038  ti_sysbios_family_arm_v7r_vim_Hwi_Module_State_0_fiqStack__A         
08009438  __CIOBUF_                                                            
08009558  __TI_tmpnams                                                         
080095f8  gEsmMCB                                                              
08009668  parmbuf                                                              
08009670  gHWADriverPtr                                                        
08009674  MCPI_logMessage                                                      
0800ba74  __stack                                                              
0800ca74  __STACK_END                                                          
fffffdec  ti_sysbios_family_arm_v7r_vim_Hwi_vim                                
ffffffff  __TI_pprof_out_hndl                                                  
ffffffff  __TI_prof_data_size                                                  
ffffffff  __TI_prof_data_start                                                 
ffffffff  __binit__                                                            
ffffffff  __c_args__                                                           
ffffffff  binit                                                                
UNDEFED   SHT$$INIT_ARRAY$$Base                                                
UNDEFED   SHT$$INIT_ARRAY$$Limit                                               

[659 symbols]
