******************************************************************************
               TMS320C6x Linker Unix v8.1.3                    
******************************************************************************
>> Linked Wed Mar  7 23:16:52 2018

OUTPUT FILE NAME:   <test/xwr16xx/xwr16xx_link_dss.xe674>
ENTRY POINT SYMBOL: "_c_int00"  address: 007f8ae0


MEMORY CONFIGURATION

         name            origin    length      used     unused   attr    fill
----------------------  --------  ---------  --------  --------  ----  --------
PAGE 0:
  L2SRAM_UMAP1          007e0000   00020000  0001f1a0  00000e60  RWIX
  L2SRAM_UMAP0          00800000   00020000  0001433f  0000bcc1  RWIX
  L1PSRAM               00e00000   00004000  00000000  00004000  RWIX
  L1DSRAM               00f00000   00004000  00000000  00004000  RWIX
  L3SRAM                20000000   000a0000  00000000  000a0000  RWIX
  HSRAM                 21080000   00008000  00000000  00008000  RWIX

PAGE 1:
  L3SRAM                20000000   000a0000  00000000  000a0000  RWIX


SEGMENT ALLOCATION MAP

run origin  load origin   length   init length attrs members
----------  ----------- ---------- ----------- ----- -------
007e0000    007e0000    0001f1a0   0001f1a0    r-x
  007e0000    007e0000    00000200   00000200    r-x .vecs
  007e0200    007e0200    0001efa0   0001efa0    r-x .text
00800000    00800000    0000c508   00000000    rw-
  00800000    00800000    00008000   00000000    rw- systemHeap
  00808000    00808000    00002400   00000000    rw- .MCPILogBuffer
  0080a400    0080a400    00001108   00000000    rw- .far
  0080b508    0080b508    00001000   00000000    rw- .stack
0080c508    0080c508    0000624a   0000624a    r--
  0080c508    0080c508    0000624a   0000624a    r-- .const
00812758    00812758    000018f4   000018f4    rw-
  00812758    00812758    000018f4   000018f4    rw- .fardata
0081404c    0081404c    00000174   00000174    r--
  0081404c    0081404c    00000174   00000174    r-- .switch
008141c0    008141c0    00000120   00000000    rw-
  008141c0    008141c0    00000120   00000000    rw- .cio
008142e0    008142e0    00000065   0000004c    rw-
  008142e0    008142e0    0000004c   0000004c    rw- .neardata
  0081432c    0081432c    00000019   00000000    rw- .bss


SECTION ALLOCATION MAP

 output                                  attributes/
section   page    origin      length       input sections
--------  ----  ----------  ----------   ----------------
xdc.meta   0    00000000    00000110     COPY SECTION
                  00000000    00000110     dss_pe674.oe674 (xdc.meta)

.vecs      0    007e0000    00000200     
                  007e0000    00000200     dss_pe674.oe674 (.vecs)

systemHeap 
*          0    00800000    00008000     UNINITIALIZED
                  00800000    00008000     dss_pe674.oe674 (systemHeap)

.MCPILogBuffer 
*          0    00808000    00002400     UNINITIALIZED
                  00808000    00002400     main_dss.oe674 (.MCPILogBuffer)

.stack     0    0080b508    00001000     UNINITIALIZED
                  0080b508    00000008     boot.ae674 : boot.oe674 (.stack)
                  0080b510    00000ff8     --HOLE--

.neardata 
*          0    008142e0    0000004c     
                  008142e0    00000022     main_dss.oe674 (.neardata)
                  00814302    00000002     --HOLE-- [fill = 0]
                  00814304    00000016     link_test.oe674 (.neardata)
                  0081431a    00000002     --HOLE-- [fill = 0]
                  0081431c    00000004     libadcbuf_xwr16xx.ae674 : ADCBuf.oe674 (.neardata)
                  00814320    00000004     libcrc_xwr16xx.ae674 : crc_xwr16xx.oe674 (.neardata)
                  00814324    00000004     libedma_xwr16xx.ae674 : edma_low_level.oe674 (.neardata)
                  00814328    00000004     libtestlogger_xwr16xx.ae674 : logger.oe674 (.neardata)

.bss       0    0081432c    00000019     UNINITIALIZED
                  0081432c    00000004     (.common:EdmaHandle)
                  00814330    00000004     (.common:MCPI_FailSignature)
                  00814334    00000004     (.common:adcbufHandle)
                  00814338    00000004     (.common:gLinkFrameSem)
                  0081433c    00000004     (.common:g_MailboxInterruptFunc)
                  00814340    00000004     (.common:lastChirpIntTimeStamp)
                  00814344    00000001     (.common:MCPI_Result)

.cinit     0    00800000    00000000     UNINITIALIZED

.far       0    0080a400    00001108     UNINITIALIZED
                  0080a400    00000800     dss_pe674.oe674 (.far:taskStackSection)
                  0080ac00    00000538     (.common:EDMA_object)
                  0080b138    00000230     (.common:gMonDataAeStrct)
                  0080b368    00000140     (.common:__TI_tmpnams)
                  0080b4a8    00000024     (.common:gLinkSemParams)
                  0080b4cc    00000018     (.common:gMmwaveLinkMCB)
                  0080b4e4    00000010     (.common:edmaDbg)
                  0080b4f4    00000004     --HOLE--
                  0080b4f8    00000008     (.common:avgChirpTimeInterval)
                  0080b500    00000008     (.common:parmbuf)

.text      0    007e0200    0001efa0     
                  007e0200    00000960     main_dss.oe674 (.text:MmwaveLink_initTask)
                  007e0b60    000008a0     ti.targets.rts6000.ae674 : System.oe674 (.text:xdc_runtime_System_doPrint__I)
                  007e1400    00000860     rts6740_elf.lib : _printfi.obj (.text:_pproc_diouxp)
                  007e1c60    000007e0     sysbios.ae674 : BIOS.obj (.text:ti_sysbios_knl_Semaphore_pend__E)
                  007e2440    00000780     rts6740_elf.lib : _printfi.obj (.text:__TI_printfi)
                  007e2bc0    00000780     sysbios.ae674 : BIOS.obj (.text:ti_sysbios_family_c64p_Exception_handler__I)
                  007e3340    00000700     link_test.oe674 (.text:MmwaveLink_asyncEventHandler)
                  007e3a40    00000640     sysbios.ae674 : BIOS.obj (.text:ti_sysbios_heaps_HeapMem_allocUnprotected__E)
                  007e4080    000005c0     rts6740_elf.lib : divd.obj (.text:__c6xabi_divd)
                  007e4640    000005c0     sysbios.ae674 : BIOS.obj (.text:ti_sysbios_heaps_HeapMem_freeUnprotected__E)
                  007e4c00    000005a0     rts6740_elf.lib : _printfi.obj (.text:_pconv_g)
                  007e51a0    000005a0                     : _printfi.obj (.text:_setfield)
                  007e5740    00000580     sysbios.ae674 : BIOS.obj (.text:ti_sysbios_knl_Task_Instance_finalize__E)
                  007e5cc0    000004e0                   : BIOS.obj (.text:ti_sysbios_knl_Task_sleep__E)
                  007e61a0    000004a0     rts6740_elf.lib : _printfi.obj (.text:_pconv_e)
                  007e6640    00000460     sysbios.ae674 : BIOS.obj (.text:ti_sysbios_timers_rti_Timer_Module_startup__E)
                  007e6aa0    00000420     libmailbox_xwr16xx.ae674 : mailbox.oe674 (.text:Mailbox_open)
                  007e6ec0    00000420     rts6740_elf.lib : _printfi.obj (.text:_pconv_a)
                  007e72e0    000003e0     libmmwavelink_xwr16xx.ae674 : rl_driver.oe674 (.text:rlDriverRxHdrRead)
                  007e76c0    000003c0     sysbios.ae674 : BIOS.obj (.text:ti_sysbios_knl_Task_Module_startup__E)
                  007e7a80    000003a0     libadcbuf_xwr16xx.ae674 : adcbuf_mmwave.oe674 (.text:ADCBUF_MMWave_control)
                  007e7e20    00000380     sysbios.ae674 : BIOS.obj (.text:ti_sysbios_knl_Task_Instance_init__E)
                  007e81a0    00000360     libcrc_xwr16xx.ae674 : crc.oe674 (.text:CRC_open)
                  007e8500    00000360     rts6740_elf.lib : _printfi.obj (.text:acvt)
                  007e8860    00000360                     : fputs.obj (.text:fputs)
                  007e8bc0    00000320                     : _printfi.obj (.text:_pproc_fgea)
                  007e8ee0    00000300     link_test.oe674 (.text:MmwaveLink_printMonitoringResult)
                  007e91e0    000002e0     libedma_xwr16xx.ae674 : edma.oe674 (.text:EDMA_error_isr)
                  007e94c0    000002e0     libmmwavelink_xwr16xx.ae674 : rl_driver.oe674 (.text:rlDriverCmdInvoke)
                  007e97a0    000002e0     sysbios.ae674 : BIOS.obj (.text:ti_sysbios_heaps_HeapMem_Instance_init__E)
                  007e9a80    000002a0     libcrc_xwr16xx.ae674 : crc.oe674 (.text:CRC_computeSignature)
                  007e9d20    000002a0     rts6740_elf.lib : _printfi.obj (.text:_pconv_f)
                  007e9fc0    000002a0                     : _printfi.obj (.text:_pproc_fwp)
                  007ea260    000002a0                     : _printfi.obj (.text:fcvt)
                  007ea500    000002a0     sysbios.ae674 : BIOS.obj (.text:ti_sysbios_family_c64p_Cache_Module_startup__E)
                  007ea7a0    000002a0                   : BIOS.obj (.text:ti_sysbios_knl_Clock_workFunc__E)
                  007eaa40    000002a0                   : BIOS.obj (.text:ti_sysbios_knl_Semaphore_post__E)
                  007eace0    00000280     libedma_xwr16xx.ae674 : edma.oe674 (.text:EDMA_configChannel)
                  007eaf60    00000260                           : edma.oe674 (.text:EDMA_open)
                  007eb1c0    00000260     libtestlogger_xwr16xx.ae674 : logger.oe674 (.text:MCPI_setFeatureTestResult)
                  007eb420    00000260     link_test.oe674 (.text:MmwaveLink_initLink)
                  007eb680    00000260     rts6740_elf.lib : imath64.obj (.text:__c6xabi_divull)
                  007eb8e0    00000260     main_dss.oe674 (.text:main)
                  007ebb40    00000260     libmmwavelink_xwr16xx.ae674 : rl_driver.oe674 (.text:rlDriverMsgRead)
                  007ebda0    00000260     sysbios.ae674 : BIOS.obj (.text:ti_sysbios_family_c64p_Hwi_dispatchCore__I)
                  007ec000    00000260     ti.targets.rts6000.ae674 : Startup.oe674 (.text:xdc_runtime_Startup_startMods__I)
                  007ec260    00000240     libmmwavelink_xwr16xx.ae674 : rl_driver.oe674 (.text:rlDriverCmdSendRetry)
                  007ec4a0    00000240                                 : rl_driver.oe674 (.text:rlDriverInit)
                  007ec6e0    00000240     rts6740_elf.lib : setvbuf.obj (.text:setvbuf)
                  007ec920    00000240     sysbios.ae674 : BIOS.obj (.text:ti_sysbios_family_c64p_Exception_internalHandler__I)
                  007ecb60    00000240                   : BIOS.obj (.text:ti_sysbios_timers_rti_Timer_getFreq__E)
                  007ecda0    00000240     ti.targets.rts6000.ae674 : Core-mem.oe674 (.text:xdc_runtime_Core_createObject__I)
                  007ecfe0    00000240     dss_pe674.oe674 (.text:xdc_runtime_System_printfExtend__I)
                  007ed220    00000220     libedma_xwr16xx.ae674 : edma.oe674 (.text:EDMA_transferComplete_isr)
                  007ed440    00000220     libmailbox_xwr16xx.ae674 : mailbox.oe674 (.text:Mailbox_write)
                  007ed660    00000220     rts6740_elf.lib : fputc.obj (.text:fputc)
                  007ed880    00000220     sysbios.ae674 : BIOS.obj (.text:ti_sysbios_family_c64p_Cache_block__I)
                  007edaa0    00000220                   : BIOS.obj (.text:ti_sysbios_family_c64p_Hwi_reconfig__E)
                  007edcc0    00000220                   : BIOS.obj (.text:ti_sysbios_knl_Swi_run__I)
                  007edee0    00000200     rts6740_elf.lib : _printfi.obj (.text:_ltostr)
                  007ee0e0    00000200     sysbios.ae674 : c64p_Hwi_disp_always.obj (.text:_ti_sysbios_family_c64p_Hwi_dispatchAlways)
                  007ee2e0    00000200                   : BIOS.obj (.text:ti_sysbios_family_c64p_EventCombiner_dispatchPlug__E)
                  007ee4e0    00000200                   : BIOS.obj (.text:ti_sysbios_family_c64p_EventCombiner_dispatch__E)
                  007ee6e0    00000200     ti.targets.rts6000.ae674 : Error.oe674 (.text:xdc_runtime_Error_policyDefault__E)
                  007ee8e0    000001e0     libadcbuf_xwr16xx.ae674 : adcbuf_mmwave.oe674 (.text:ADCBUF_MMWave_open)
                  007eeac0    000001e0     libedma_xwr16xx.ae674 : edma.oe674 (.text:EDMA_init)
                  007eeca0    000001e0     libmmwavelink_xwr16xx.ae674 : rl_driver.oe674 (.text:rlDriverRdVerifyMsg)
                  007eee80    000001e0     sysbios.ae674 : BIOS.obj (.text:ti_sysbios_gates_GateMutex_enter__E)
                  007ef060    000001e0                   : BIOS.obj (.text:ti_sysbios_knl_Task_checkStacks__E)
                  007ef240    000001e0                   : BIOS.obj (.text:ti_sysbios_knl_Task_exit__E)
                  007ef420    000001e0     ti.targets.rts6000.ae674 : Text.oe674 (.text:xdc_runtime_Text_putSite__E)
                  007ef600    000001c0     libmailbox_xwr16xx.ae674 : mailbox.oe674 (.text:Mailbox_read)
                  007ef7c0    000001c0     rts6740_elf.lib : imath40.obj (.text:__c6xabi_divul)
                  007ef980    000001c0                     : frexp.obj (.text:frexp)
                  007efb40    000001c0     libmmwavelink_xwr16xx.ae674 : rl_sensor.oe674 (.text:rlSetMultiBpmChirpConfig)
                  007efd00    000001a0     libadcbuf_xwr16xx.ae674 : adcbuf_mmwave.oe674 (.text:ADCBUFTestPatternConfig)
                  007efea0    000001a0     libedma_xwr16xx.ae674 : edma.oe674 (.text:EDMA_paramConfig_assist)
                  007f0040    000001a0     rts6740_elf.lib : trgdrv.obj (.text:HOSTrename)
                  007f01e0    000001a0                     : lowlev.obj (.text:getdevice)
                  007f0380    000001a0     libmmwavelink_xwr16xx.ae674 : rl_driver.oe674 (.text:rlDriverDeInit)
                  007f0520    000001a0                                 : rl_sensor.oe674 (.text:rlSetChirpConfig)
                  007f06c0    000001a0     sysbios.ae674 : BIOS.obj (.text:ti_sysbios_family_c64p_Cache_getL2InitSize__I)
                  007f0860    000001a0                   : BIOS.obj (.text:ti_sysbios_heaps_HeapBuf_Module_startup__E)
                  007f0a00    000001a0                   : BIOS.obj (.text:ti_sysbios_knl_Task_schedule__I)
                  007f0ba0    000001a0                   : BIOS.obj (.text:ti_sysbios_timers_rti_Timer_startup__E)
                  007f0d40    000001a0     ti.targets.rts6000.ae674 : Core-smem.oe674 (.text:xdc_runtime_Core_constructObject__I)
                  007f0ee0    00000180     libadcbuf_xwr16xx.ae674 : adcbuf_mmwave.oe674 (.text:ADCBUFCmdParamCheck)
                  007f1060    00000180     main_dss.oe674 (.text:MmwaveLink_adcBufConfig)
                  007f11e0    00000180     rts6740_elf.lib : ldexp.obj (.text:ldexp)
                  007f1360    00000180     libmmwavelink_xwr16xx.ae674 : rl_driver.oe674 (.text:rlDriverMsgWrite)
                  007f14e0    00000180                                 : rl_sensor.oe674 (.text:rlSetProfileConfig)
                  007f1660    00000180     sysbios.ae674 : c64p_Exception_asm.obj (.text)
                  007f17e0    00000180                   : BIOS.obj (.text:ti_sysbios_knl_Task_postInit__I)
                  007f1960    00000180                   : BIOS.obj (.text:ti_sysbios_knl_Task_startCore__E)
                  007f1ae0    00000160     libmailbox_xwr16xx.ae674 : mailbox.oe674 (.text:Mailbox_close)
                  007f1c40    00000160     link_test.oe674 (.text:MmwaveLink_VerifyCPData)
                  007f1da0    00000160     link_test.oe674 (.text:MmwaveLink_computeCRC)
                  007f1f00    00000160     libsoc_xwr16xx.ae674 : soc.oe674 (.text:SOC_registerSysIntListener)
                  007f2060    00000160     libmmwavelink_xwr16xx.ae674 : rl_driver.oe674 (.text:rlDriverMsgReadCmdCtx)
                  007f21c0    00000160                                 : rl_driver.oe674 (.text:rlDriverWaitForResponse)
                  007f2320    00000160                                 : rl_monitoring.oe674 (.text:rlRfTxBpmMonConfig)
                  007f2480    00000160     sysbios.ae674 : BIOS.obj (.text:ti_sysbios_knl_Swi_post__E)
                  007f25e0    00000160     ti.targets.rts6000.ae674 : Text.oe674 (.text:xdc_runtime_Text_putMod__E)
                  007f2740    00000140     libedma_xwr16xx.ae674 : edma_low_level.oe674 (.text:EDMA3Init)
                  007f2880    00000140                           : edma.oe674 (.text:EDMA_transferController_error_isr)
                  007f29c0    00000140     main_dss.oe674 (.text:Mmwavelink_frameInterrupCallBackFunc)
                  007f2b00    00000140     rts6740_elf.lib : fclose.obj (.text:__TI_closefile)
                  007f2c40    00000140                     : fflush.obj (.text:fflush)
                  007f2d80    00000140     libmmwavelink_xwr16xx.ae674 : rl_device.oe674 (.text:rlDevicePowerOn)
                  007f2ec0    00000140                                 : rl_driver.oe674 (.text:rlDriverMsgCmdReply)
                  007f3000    00000140                                 : rl_monitoring.oe674 (.text:rlRfTxBallbreakMonConfig)
                  007f3140    00000140                                 : rl_monitoring.oe674 (.text:rlRfTxIntAnaSignalsMonConfig)
                  007f3280    00000140                                 : rl_monitoring.oe674 (.text:rlRfTxPowrMonConfig)
                  007f33c0    00000140                                 : rl_sensor.oe674 (.text:rlSetDynChirpCfg)
                  007f3500    00000140                                 : rl_sensor.oe674 (.text:rlSetFrameConfig)
                  007f3640    00000140     sysbios.ae674 : BIOS.obj (.text:ti_sysbios_family_c64p_Cache_getL1DInitSize__I)
                  007f3780    00000140                   : BIOS.obj (.text:ti_sysbios_family_c64p_Cache_getL1PInitSize__I)
                  007f38c0    00000140                   : BIOS.obj (.text:ti_sysbios_family_c64p_Hwi_Module_startup__E)
                  007f3a00    00000140                   : BIOS.obj (.text:ti_sysbios_knl_Semaphore_Instance_init__E)
                  007f3b40    00000140                   : BIOS.obj (.text:ti_sysbios_knl_Task_blockI__E)
                  007f3c80    00000140                   : BIOS.obj (.text:ti_sysbios_timers_rti_Timer_initDevice__I)
                  007f3dc0    00000140     ti.targets.rts6000.ae674 : Core-mem.oe674 (.text:xdc_runtime_Core_deleteObject__I)
                  007f3f00    00000140                              : Text.oe674 (.text:xdc_runtime_Text_putLab__E)
                  007f4040    00000120     libadcbuf_xwr16xx.ae674 : adcbuf_mmwave.oe674 (.text:ADCBUF_MMWave_getChanBufAddr)
                  007f4160    00000120     link_test.oe674 (.text:MmwaveLink_getVersion)
                  007f4280    00000120     libsoc_xwr16xx.ae674 : soc.oe674 (.text:SOC_init)
                  007f43a0    00000120     boot.ae674 : autoinit.oe674 (.text:_auto_init_elf)
                  007f44c0    00000120     rts6740_elf.lib : fseek.obj (.text:fseek)
                  007f45e0    00000120     libmmwavelink_xwr16xx.ae674 : rl_driver.oe674 (.text:rlDriverAsyncEventHandler)
                  007f4700    00000120                                 : rl_sensor.oe674 (.text:rlSetAdvFrameConfig)
                  007f4820    00000120     sysbios.ae674 : BIOS.obj (.text:ti_sysbios_family_c64p_Hwi_Instance_init__E)
                  007f4940    00000120                   : BIOS.obj (.text:ti_sysbios_knl_Swi_restoreHwi__E)
                  007f4a60    00000120                   : BIOS.obj (.text:ti_sysbios_knl_Task_unblockI__E)
                  007f4b80    00000100     rts6740_elf.lib : trgdrv.obj (.text:HOSTlseek)
                  007f4c80    00000100     libmailbox_xwr16xx.ae674 : mailbox.oe674 (.text:Mailbox_readFlush)
                  007f4d80    00000100     link_test.oe674 (.text:MmwaveLink_VerifyCQData)
                  007f4e80    00000100     libsoc_xwr16xx.ae674 : soc_xwr16xx_dss.oe674 (.text:SOC_deviceInit)
                  007f4f80    00000100     rts6740_elf.lib : _io_perm.obj (.text:__TI_wrt_ok)
                  007f5080    00000100                     : atoi.obj (.text:atoi)
                  007f5180    00000100     libmmwavelink_xwr16xx.ae674 : rl_device.oe674 (.text:rlDevicePowerOff)
                  007f5280    00000100                                 : rl_driver.oe674 (.text:rlDriverClientCbCheck)
                  007f5380    00000100                                 : rl_driver.oe674 (.text:rlDriverOsiCbCheck)
                  007f5480    00000100                                 : rl_driver.oe674 (.text:rlDriverValidateHdr)
                  007f5580    00000100     sysbios.ae674 : BIOS.obj (.text:ti_sysbios_family_c64p_Hwi_Instance_finalize__E)
                  007f5680    00000100                   : BIOS.obj (.text:ti_sysbios_knl_Swi_schedule__I)
                  007f5780    00000100     ti.targets.rts6000.ae674 : Error.oe674 (.text:xdc_runtime_Error_print__E)
                  007f5880    00000100                              : Memory.oe674 (.text:xdc_runtime_Memory_alloc__E)
                  007f5980    00000100                              : Startup.oe674 (.text:xdc_runtime_Startup_exec__E)
                  007f5a80    000000e0     libadcbuf_xwr16xx.ae674 : adcbuf_mmwave.oe674 (.text:ADCBUFChannelEnSetOffset)
                  007f5b60    000000e0     libcrc_xwr16xx.ae674 : crc.oe674 (.text:CRC_getTransactionId)
                  007f5c40    000000e0     rts6740_elf.lib : trgdrv.obj (.text:HOSTopen)
                  007f5d20    000000e0                     : trgdrv.obj (.text:HOSTwrite)
                  007f5e00    000000e0     libmailbox_xwr16xx.ae674 : mailbox.oe674 (.text:Mailbox_boxFullISRMssDss)
                  007f5ee0    000000e0                              : mailbox.oe674 (.text:Mailbox_init)
                  007f5fc0    000000e0     link_test.oe674 (.text:MmwaveLink_ConfigEdma)
                  007f60a0    000000e0     link_test.oe674 (.text:MmwaveLink_mboxOpen)
                  007f6180    000000e0     link_test.oe674 (.text:MmwaveLink_sensorStop)
                  007f6260    000000e0     rts6740_elf.lib : lowlev.obj (.text:close)
                  007f6340    000000e0                     : ltoa.obj (.text:ltoa)
                  007f6420    000000e0                     : memset.obj (.text:memset)
                  007f6500    000000e0                     : printf.obj (.text:printf)
                  007f65e0    000000e0     libmmwavelink_xwr16xx.ae674 : rl_device.oe674 (.text:rlDeviceGetVersion)
                  007f66c0    000000e0                                 : rl_driver.oe674 (.text:rlDriverCalChkSum)
                  007f67a0    000000e0                                 : rl_driver.oe674 (.text:rlDriverHostIrqHandler)
                  007f6880    000000e0                                 : rl_driver.oe674 (.text:rlDriverMsgReadSpawnCtx)
                  007f6960    000000e0                                 : rl_driver.oe674 (.text:rlDriverProcRdMsg)
                  007f6a40    000000e0     sysbios.ae674 : BIOS.obj (.text:ti_sysbios_knl_Swi_runLoop__I)
                  007f6b20    000000e0                   : BIOS.obj (.text:ti_sysbios_knl_Swi_startup__E)
                  007f6c00    000000e0     ti.targets.rts6000.ae674 : Text.oe674 (.text:xdc_runtime_Text_visitRope2__I)
                  007f6ce0    000000c0     libcrc_xwr16xx.ae674 : crc.oe674 (.text:CRC_getSignature)
                  007f6da0    000000c0     libedma_xwr16xx.ae674 : edma.oe674 (.text:EDMA_startDmaTransfer)
                  007f6e60    000000c0     rts6740_elf.lib : trgdrv.obj (.text:HOSTread)
                  007f6f20    000000c0                     : trgdrv.obj (.text:HOSTunlink)
                  007f6fe0    000000c0     libmailbox_xwr16xx.ae674 : mailbox.oe674 (.text:Mailbox_boxFullISRProcessing)
                  007f70a0    000000c0     link_test.oe674 (.text:MmwaveLink_CQedmaSetup)
                  007f7160    000000c0     link_test.oe674 (.text:MmwaveLink_progFilterConfig)
                  007f7220    000000c0     link_test.oe674 (.text:MmwaveLink_setRfExtAnaSignalsMonConfig)
                  007f72e0    000000c0     link_test.oe674 (.text:MmwaveLink_setRfTxIntAnaSignalMonConfig)
                  007f73a0    000000c0     main_dss.oe674 (.text:MmwaveLink_setupEventCombiner)
                  007f7460    000000c0     main_dss.oe674 (.text:Mmwavelink_chirpAvailInterrupCallBackFunc)
                  007f7520    000000c0     rts6740_elf.lib : fflush.obj (.text:__TI_doflush)
                  007f75e0    000000c0                     : divu.obj (.text:__divu)
                  007f76a0    000000c0                     : remi.obj (.text:__remi)
                  007f7760    000000c0                     : exit.obj (.text:exit)
                  007f7820    000000c0     libmmwavelink_xwr16xx.ae674 : rl_driver.oe674 (.text:rlDriverExecuteGetApi)
                  007f78e0    000000c0     dss_pe674.oe674 (.text:ti_sysbios_family_c64p_Hwi_create)
                  007f79a0    000000c0     sysbios.ae674 : BIOS.obj (.text:ti_sysbios_heaps_HeapMem_alloc__E)
                  007f7a60    000000c0                   : BIOS.obj (.text:ti_sysbios_heaps_HeapMem_getStats__E)
                  007f7b20    000000c0                   : BIOS.obj (.text:ti_sysbios_knl_Clock_logTick__E)
                  007f7be0    000000c0                   : BIOS.obj (.text:ti_sysbios_knl_Task_allBlockedFunction__I)
                  007f7ca0    000000c0     dss_pe674.oe674 (.text:ti_sysbios_knl_Task_create)
                  007f7d60    000000c0     rts6740_elf.lib : tls.obj (.text:tls:init:__TI_tls_init)
                  007f7e20    000000c0     ti.targets.rts6000.ae674 : Assert.oe674 (.text:xdc_runtime_Assert_raise__I)
                  007f7ee0    000000c0                              : Error.oe674 (.text:xdc_runtime_Error_setX__E)
                  007f7fa0    000000a0     libedma_xwr16xx.ae674 : edma_low_level.oe674 (.text:EDMA3EnableChInShadowReg)
                  007f8040    000000a0                           : edma_low_level.oe674 (.text:EDMA3EnableTransfer)
                  007f80e0    000000a0                           : edma.oe674 (.text:EDMA_disableChannel)
                  007f8180    000000a0     rts6740_elf.lib : trgdrv.obj (.text:HOSTclose)
                  007f8220    000000a0     libmailbox_xwr16xx.ae674 : mailbox.oe674 (.text:Mailbox_boxEmptyISRProcessing)
                  007f82c0    000000a0     link_test.oe674 (.text:MmwaveLink_getRfBootupStatus)
                  007f8360    000000a0     link_test.oe674 (.text:MmwaveLink_mmwaveLinkMgmtTask)
                  007f8400    000000a0     link_test.oe674 (.text:MmwaveLink_rfCalibration)
                  007f84a0    000000a0     link_test.oe674 (.text:MmwaveLink_rlSetDynChirpCfg)
                  007f8540    000000a0     link_test.oe674 (.text:MmwaveLink_sensorStart)
                  007f85e0    000000a0     link_test.oe674 (.text:MmwaveLink_setBpmChirpConfig)
                  007f8680    000000a0     link_test.oe674 (.text:MmwaveLink_setCalMonConfig)
                  007f8720    000000a0     link_test.oe674 (.text:MmwaveLink_setGpAdcConfig)
                  007f87c0    000000a0     link_test.oe674 (.text:MmwaveLink_setRfRxIntAnaSignalsMonConfig)
                  007f8860    000000a0     link_test.oe674 (.text:MmwaveLink_setRunTimeCalibConfig)
                  007f8900    000000a0     libsoc_xwr16xx.ae674 : soc.oe674 (.text:SOC_SystemISR)
                  007f89a0    000000a0     rts6740_elf.lib : fopen.obj (.text:__TI_cleanup)
                  007f8a40    000000a0                     : remu.obj (.text:__remu)
                  007f8ae0    000000a0     boot.ae674 : boot.oe674 (.text:_c_int00)
                  007f8b80    000000a0     sysbios.ae674 : c64p_Hwi_asm.obj (.text:_ti_sysbios_family_c64p_Hwi_plug__E)
                  007f8c20    000000a0     rts6740_elf.lib : memcpy64.obj (.text:memcpy)
                  007f8cc0    000000a0     libmmwavelink_xwr16xx.ae674 : rl_controller.oe674 (.text:rlAppendSubBlock)
                  007f8d60    000000a0                                 : rl_driver.oe674 (.text:rlDriverExecuteSetApi)
                  007f8e00    000000a0                                 : rl_driver.oe674 (.text:rlDriverVerifyCRC)
                  007f8ea0    000000a0                                 : rl_controller.oe674 (.text:rlGetSubBlock)
                  007f8f40    000000a0     rts6740_elf.lib : snprintf.obj (.text:snprintf)
                  007f8fe0    000000a0     sysbios.ae674 : BIOS.obj (.text:ti_sysbios_family_c64p_Exception_Module_startup__E)
                  007f9080    000000a0                   : BIOS.obj (.text:ti_sysbios_family_c64p_Hwi_dispatchC__I)
                  007f9120    000000a0                   : BIOS.obj (.text:ti_sysbios_family_c64p_Hwi_eventMap__E)
                  007f91c0    000000a0                   : BIOS.obj (.text:ti_sysbios_family_c64p_Hwi_getStackInfo__E)
                  007f9260    000000a0                   : BIOS.obj (.text:ti_sysbios_heaps_HeapMem_init__I)
                  007f9300    000000a0     ti.targets.rts6000.ae674 : Core-params.oe674 (.text:xdc_runtime_Core_assignParams__I)
                  007f93a0    000000a0                              : System.oe674 (.text:xdc_runtime_System_formatNum__I)
                  007f9440    000000a0                              : System.oe674 (.text:xdc_runtime_System_putchar__I)
                  007f94e0    000000a0                              : Text.oe674 (.text:xdc_runtime_Text_printVisFxn__I)
                  007f9580    000000a0                              : Text.oe674 (.text:xdc_runtime_Text_xprintf__I)
                  007f9620    00000080     libadcbuf_xwr16xx.ae674 : ADCBuf.oe674 (.text:ADCBuf_init)
                  007f96a0    00000080     libedma_xwr16xx.ae674 : edma_low_level.oe674 (.text:EDMA3MapChToEvtQ)
                  007f9720    00000080     libmailbox_xwr16xx.ae674 : mailbox.oe674 (.text:Mailbox_writeReset)
                  007f97a0    00000080     link_test.oe674 (.text:MmwaveLink_enableContMode)
                  007f9820    00000080     link_test.oe674 (.text:MmwaveLink_openEDMA)
                  007f98a0    00000080     link_test.oe674 (.text:MmwaveLink_rlSetDynChirpEn)
                  007f9920    00000080     link_test.oe674 (.text:MmwaveLink_setAdcOutConfig)
                  007f99a0    00000080     link_test.oe674 (.text:MmwaveLink_setAdvFrameConfig)
                  007f9a20    00000080     link_test.oe674 (.text:MmwaveLink_setBpmCommonConfig)
                  007f9aa0    00000080     link_test.oe674 (.text:MmwaveLink_setChannelConfig)
                  007f9b20    00000080     link_test.oe674 (.text:MmwaveLink_setChirpConfig)
                  007f9ba0    00000080     link_test.oe674 (.text:MmwaveLink_setContModeConfig)
                  007f9c20    00000080     link_test.oe674 (.text:MmwaveLink_setFrameConfig)
                  007f9ca0    00000080     link_test.oe674 (.text:MmwaveLink_setHsiClk)
                  007f9d20    00000080     link_test.oe674 (.text:MmwaveLink_setLowPowerModeConfig)
                  007f9da0    00000080     link_test.oe674 (.text:MmwaveLink_setProfileConfig)
                  007f9e20    00000080     link_test.oe674 (.text:MmwaveLink_setRfAnaMonConfig)
                  007f9ea0    00000080     link_test.oe674 (.text:MmwaveLink_setRfDevCfg)
                  007f9f20    00000080     link_test.oe674 (.text:MmwaveLink_setRfDualClkCompMonConfig)
                  007f9fa0    00000080     link_test.oe674 (.text:MmwaveLink_setRfGpadcIntAnaSignalsMonConfig)
                  007fa020    00000080     link_test.oe674 (.text:MmwaveLink_setRfPllContrlVoltMonConfig)
                  007fa0a0    00000080     link_test.oe674 (.text:MmwaveLink_setRfPmClkLoIntAnaSignalsMonConfig)
                  007fa120    00000080     link_test.oe674 (.text:MmwaveLink_setRfRxGainPhaMonConfig)
                  007fa1a0    00000080     link_test.oe674 (.text:MmwaveLink_setRfRxIfSatMonConfig)
                  007fa220    00000080     link_test.oe674 (.text:MmwaveLink_setRfRxIfStageMonConfig)
                  007fa2a0    00000080     link_test.oe674 (.text:MmwaveLink_setRfRxNoiseMonConfig)
                  007fa320    00000080     link_test.oe674 (.text:MmwaveLink_setRfRxSigImgMonConfig)
                  007fa3a0    00000080     link_test.oe674 (.text:MmwaveLink_setRfSynthFreqMonConfig)
                  007fa420    00000080     link_test.oe674 (.text:MmwaveLink_setRfTempMonConfig)
                  007fa4a0    00000080     link_test.oe674 (.text:MmwaveLink_setRfTxBallbreakMonConfig)
                  007fa520    00000080     link_test.oe674 (.text:MmwaveLink_setRfTxBpmMonConfig)
                  007fa5a0    00000080     link_test.oe674 (.text:MmwaveLink_setRfTxGainPhaseMismatchMonConfig)
                  007fa620    00000080     link_test.oe674 (.text:MmwaveLink_setRfTxPowMonConfig)
                  007fa6a0    00000080     libosal_xwr16xx.ae674 : SemaphoreP_tirtos.oe674 (.text:SemaphoreP_create)
                  007fa720    00000080     rts6740_elf.lib : trgmsg.obj (.text:__TI_readmsg)
                  007fa7a0    00000080                     : trgmsg.obj (.text:__TI_writemsg)
                  007fa820    00000080                     : llshift.obj (.text:__c6xabi_llshl)
                  007fa8a0    00000080                     : snprintf.obj (.text:_outs)
                  007fa920    00000080     sysbios.ae674 : c62_TaskSupport_asm.obj (.text:_ti_sysbios_family_c62_TaskSupport_swap__E)
                  007fa9a0    00000080     libmmwavelink_xwr16xx.ae674 : rl_driver.oe674 (.text:rlDeviceIdentifyCmdDir)
                  007faa20    00000080                                 : rl_driver.oe674 (.text:rlDriverOsiInit)
                  007faaa0    00000080     dss_pe674.oe674 (.text:ti_sysbios_BIOS_atExitFunc__I)
                  007fab20    00000080     dss_pe674.oe674 (.text:ti_sysbios_BIOS_registerRTSLock__I)
                  007faba0    00000080     sysbios.ae674 : BIOS.obj (.text:ti_sysbios_family_c64p_Cache_invL1pAll__E)
                  007fac20    00000080     dss_pe674.oe674 (.text:ti_sysbios_gates_GateHwi_Object__create__S)
                  007faca0    00000080     dss_pe674.oe674 (.text:ti_sysbios_gates_GateMutex_Object__create__S)
                  007fad20    00000080     sysbios.ae674 : BIOS.obj (.text:ti_sysbios_hal_Hwi_checkStack)
                  007fada0    00000080                   : BIOS.obj (.text:ti_sysbios_hal_Hwi_initStack)
                  007fae20    00000080     dss_pe674.oe674 (.text:ti_sysbios_heaps_HeapMem_Object__create__S)
                  007faea0    00000080     dss_pe674.oe674 (.text:ti_sysbios_knl_Clock_doTick__I)
                  007faf20    00000080     sysbios.ae674 : BIOS.obj (.text:ti_sysbios_knl_Idle_run__E)
                  007fafa0    00000080     dss_pe674.oe674 (.text:ti_sysbios_knl_Semaphore_create)
                  007fb020    00000080     sysbios.ae674 : BIOS.obj (.text:ti_sysbios_knl_Semaphore_pendTimeout__I)
                  007fb0a0    00000080                   : BIOS.obj (.text:ti_sysbios_timers_rti_Timer_stop__E)
                  007fb120    00000080     rts6740_elf.lib : lowlev.obj (.text:unlink)
                  007fb1a0    00000080     ti.targets.rts6000.ae674 : Core-label.oe674 (.text:xdc_runtime_Core_assignLabel__I)
                  007fb220    00000080                              : SysStd.oe674 (.text:xdc_runtime_SysStd_abort__E)
                  007fb2a0    00000080                              : System.oe674 (.text:xdc_runtime_System_atexit__E)
                  007fb320    00000080                              : System.oe674 (.text:xdc_runtime_System_avprintf__E)
                  007fb3a0    00000080                              : System.oe674 (.text:xdc_runtime_System_processAtExit__E)
                  007fb420    00000080                              : System.oe674 (.text:xdc_runtime_System_vprintf__E)
                  007fb4a0    00000060     libadcbuf_xwr16xx.ae674 : adcbuf_mmwave.oe674 (.text:ADCBUF_MMWave_close)
                  007fb500    00000060                             : ADCBuf.oe674 (.text:ADCBuf_open)
                  007fb560    00000060     libcrc_xwr16xx.ae674 : crc.oe674 (.text:CRC_getCRCDataSelectBitValue)
                  007fb5c0    00000060                          : crc.oe674 (.text:CRC_getCRCTypeBitValue)
                  007fb620    00000060                          : crc.oe674 (.text:CRC_isTransactionIdValid)
                  007fb680    00000060                          : crc.oe674 (.text:CRC_resetSignature)
                  007fb6e0    00000060     libedma_xwr16xx.ae674 : edma_low_level.oe674 (.text:EDMA3ClrEvt)
                  007fb740    00000060                           : edma_low_level.oe674 (.text:EDMA3ClrIntr)
                  007fb7a0    00000060                           : edma_low_level.oe674 (.text:EDMA3ClrMissEvt)
                  007fb800    00000060                           : edma_low_level.oe674 (.text:EDMA3DisableEvtIntr)
                  007fb860    00000060                           : edma_low_level.oe674 (.text:EDMA3EnableDmaEvt)
                  007fb8c0    00000060                           : edma_low_level.oe674 (.text:EDMA3EnableEvtIntr)
                  007fb920    00000060                           : edma_low_level.oe674 (.text:EDMA3SetEvt)
                  007fb980    00000060                           : edma.oe674 (.text:EDMA_validate_channelIdchannelType)
                  007fb9e0    00000060     libmailbox_xwr16xx.ae674 : mailbox.oe674 (.text:Mailbox_Config_init)
                  007fba40    00000060     link_test.oe674 (.text:MmwaveLink_mboxClose)
                  007fbaa0    00000060     link_test.oe674 (.text:MmwaveLink_mboxWrite)
                  007fbb00    00000060     osi_tirtos.oe674 (.text:Osal_mutexCreate)
                  007fbb60    00000060     osi_tirtos.oe674 (.text:Osal_semCreate)
                  007fbbc0    00000060     libsoc_xwr16xx.ae674 : soc.oe674 (.text:SOC_unhaltBSS)
                  007fbc20    00000060     rts6740_elf.lib : llshift.obj (.text:__c6xabi_llshru)
                  007fbc80    00000060                     : imath64.obj (.text:_subcull)
                  007fbce0    00000060     sysbios.ae674 : c64p_Hwi_asm_switch.obj (.text:_ti_sysbios_family_c64p_Hwi_switchAndDispatch__I)
                  007fbd40    00000060                   : c64p_Hwi_asm_switch.obj (.text:_ti_sysbios_family_xxx_Hwi_switchAndRunFunc)
                  007fbda0    00000060     rts6740_elf.lib : lowlev.obj (.text:lseek)
                  007fbe00    00000060                     : memccpy.obj (.text:memccpy)
                  007fbe60    00000060     libmmwavelink_xwr16xx.ae674 : rl_device.oe674 (.text:rlDeviceGetMssVersion)
                  007fbec0    00000060                                 : rl_device.oe674 (.text:rlDeviceSetHsiClk)
                  007fbf20    00000060                                 : rl_driver.oe674 (.text:rlDriverConstructInMsg)
                  007fbf80    00000060                                 : rl_sensor.oe674 (.text:rlEnableContMode)
                  007fbfe0    00000060                                 : rl_monitoring.oe674 (.text:rlRfAnaMonConfig)
                  007fc040    00000060                                 : rl_monitoring.oe674 (.text:rlRfDualClkCompMonConfig)
                  007fc0a0    00000060                                 : rl_monitoring.oe674 (.text:rlRfExtAnaSignalsMonConfig)
                  007fc100    00000060                                 : rl_monitoring.oe674 (.text:rlRfGpadcIntAnaSignalsMonConfig)
                  007fc160    00000060                                 : rl_monitoring.oe674 (.text:rlRfPllContrlVoltMonConfig)
                  007fc1c0    00000060                                 : rl_monitoring.oe674 (.text:rlRfPmClkLoIntAnaSignalsMonConfig)
                  007fc220    00000060                                 : rl_sensor.oe674 (.text:rlRfRunTimeCalibConfig)
                  007fc280    00000060                                 : rl_monitoring.oe674 (.text:rlRfRxGainPhMonConfig)
                  007fc2e0    00000060                                 : rl_monitoring.oe674 (.text:rlRfRxIfSatMonConfig)
                  007fc340    00000060                                 : rl_monitoring.oe674 (.text:rlRfRxIfStageMonConfig)
                  007fc3a0    00000060                                 : rl_monitoring.oe674 (.text:rlRfRxIntAnaSignalsMonConfig)
                  007fc400    00000060                                 : rl_monitoring.oe674 (.text:rlRfRxNoiseMonConfig)
                  007fc460    00000060                                 : rl_monitoring.oe674 (.text:rlRfRxSigImgMonConfig)
                  007fc4c0    00000060                                 : rl_sensor.oe674 (.text:rlRfSetCalMonFreqLimitConfig)
                  007fc520    00000060                                 : rl_sensor.oe674 (.text:rlRfSetCalMonTimeUnitConfig)
                  007fc580    00000060                                 : rl_sensor.oe674 (.text:rlRfSetDeviceCfg)
                  007fc5e0    00000060                                 : rl_sensor.oe674 (.text:rlRfSetProgFiltCoeffRam)
                  007fc640    00000060                                 : rl_sensor.oe674 (.text:rlRfSetProgFiltConfig)
                  007fc6a0    00000060                                 : rl_monitoring.oe674 (.text:rlRfSynthFreqMonConfig)
                  007fc700    00000060                                 : rl_monitoring.oe674 (.text:rlRfTempMonConfig)
                  007fc760    00000060                                 : rl_monitoring.oe674 (.text:rlRfTxGainPhaseMismatchMonConfig)
                  007fc7c0    00000060                                 : rl_sensor.oe674 (.text:rlSensorStart)
                  007fc820    00000060                                 : rl_sensor.oe674 (.text:rlSensorStop)
                  007fc880    00000060                                 : rl_sensor.oe674 (.text:rlSetAdcOutConfig)
                  007fc8e0    00000060                                 : rl_sensor.oe674 (.text:rlSetBpmChirpConfig)
                  007fc940    00000060                                 : rl_sensor.oe674 (.text:rlSetBpmCommonConfig)
                  007fc9a0    00000060                                 : rl_sensor.oe674 (.text:rlSetChannelConfig)
                  007fca00    00000060                                 : rl_sensor.oe674 (.text:rlSetContModeConfig)
                  007fca60    00000060                                 : rl_sensor.oe674 (.text:rlSetDynChirpEn)
                  007fcac0    00000060                                 : rl_sensor.oe674 (.text:rlSetGpAdcConfig)
                  007fcb20    00000060                                 : rl_sensor.oe674 (.text:rlSetLowPowerModeConfig)
                  007fcb80    00000060     dss_pe674.oe674 (.text:ti_sysbios_BIOS_errorRaiseHook__I)
                  007fcbe0    00000060     dss_pe674.oe674 (.text:ti_sysbios_BIOS_removeRTSLock__I)
                  007fcc40    00000060     dss_pe674.oe674 (.text:ti_sysbios_BIOS_startFunc__I)
                  007fcca0    00000060     sysbios.ae674 : BIOS.obj (.text:ti_sysbios_family_c62_TaskSupport_start__E)
                  007fcd00    00000060                   : BIOS.obj (.text:ti_sysbios_family_c64p_Cache_setMar__E)
                  007fcd60    00000060                   : BIOS.obj (.text:ti_sysbios_family_c64p_EventCombiner_Module_startup__E)
                  007fcdc0    00000060                   : BIOS.obj (.text:ti_sysbios_family_c64p_EventCombiner_unused__E)
                  007fce20    00000060     dss_pe674.oe674 (.text:ti_sysbios_gates_GateMutex_Object__delete__S)
                  007fce80    00000060     sysbios.ae674 : BIOS.obj (.text:ti_sysbios_heaps_HeapMem_free__E)
                  007fcee0    00000060                   : BIOS.obj (.text:ti_sysbios_knl_Clock_Module_startup__E)
                  007fcf40    00000060     dss_pe674.oe674 (.text:ti_sysbios_knl_Queue_construct)
                  007fcfa0    00000060     dss_pe674.oe674 (.text:ti_sysbios_knl_Semaphore_Object__delete__S)
                  007fd000    00000060     dss_pe674.oe674 (.text:ti_sysbios_knl_Semaphore_construct)
                  007fd060    00000060     sysbios.ae674 : BIOS.obj (.text:ti_sysbios_knl_Swi_Module_startup__E)
                  007fd0c0    00000060                   : BIOS.obj (.text:ti_sysbios_knl_Task_enter__I)
                  007fd120    00000060     dss_pe674.oe674 (.text:ti_sysbios_rts_gnu_MemAlloc_alloc)
                  007fd180    00000060     rts6740_elf.lib : lowlev.obj (.text:write)
                  007fd1e0    00000060     ti.targets.rts6000.ae674 : Memory.oe674 (.text:xdc_runtime_Memory_valloc__E)
                  007fd240    00000060                              : Text.oe674 (.text:xdc_runtime_Text_cordText__E)
                  007fd2a0    00000040     libcrc_xwr16xx.ae674 : crc.oe674 (.text:CRC_getSignatureRegister)
                  007fd2e0    00000040                          : crc.oe674 (.text:CRC_releaseTransactionId)
                  007fd320    00000040     libadcbuf_xwr16xx.ae674 : adcbuf_mmwave.oe674 (.text:CSL_FEXTR)
                  007fd360    00000040     libsoc_xwr16xx.ae674 : soc.oe674 (.text:CSL_FEXTR)
                  007fd3a0    00000040     libadcbuf_xwr16xx.ae674 : adcbuf_mmwave.oe674 (.text:CSL_FINSR)
                  007fd3e0    00000040     libcrc_xwr16xx.ae674 : crc.oe674 (.text:CSL_FINSR)
                  007fd420    00000040     libmailbox_xwr16xx.ae674 : mailbox.oe674 (.text:CSL_FINSR)
                  007fd460    00000040     libsoc_xwr16xx.ae674 : soc.oe674 (.text:CSL_FINSR)
                  007fd4a0    00000040                          : soc_xwr16xx_dss.oe674 (.text:CSL_FINSR)
                  007fd4e0    00000040     libedma_xwr16xx.ae674 : edma_low_level.oe674 (.text:EDMA3DisableDmaEvt)
                  007fd520    00000040                           : edma_low_level.oe674 (.text:EDMA3MapQdmaChToPaRAM)
                  007fd560    00000040                           : edma_low_level.oe674 (.text:EDMA3SetPaRAM)
                  007fd5a0    00000040                           : edma_low_level.oe674 (.text:EDMA3SetQdmaTrigWord)
                  007fd5e0    00000040     libosal_xwr16xx.ae674 : HwiP_tirtos.oe674 (.text:HwiP_create)
                  007fd620    00000040                           : HwiP_tirtos.oe674 (.text:HwiP_delete)
                  007fd660    00000040     libtestlogger_xwr16xx.ae674 : logger.oe674 (.text:MCPI_Initialize)
                  007fd6a0    00000040     libmailbox_xwr16xx.ae674 : mailbox.oe674 (.text:Mailbox_boxEmptyISRBss)
                  007fd6e0    00000040                              : mailbox.oe674 (.text:Mailbox_boxEmptyISRMssDss)
                  007fd720    00000040                              : mailbox.oe674 (.text:Mailbox_boxFullISRBss)
                  007fd760    00000040     link_test.oe674 (.text:MmwaveLink_disableDevice)
                  007fd7a0    00000040     link_test.oe674 (.text:MmwaveLink_spawn)
                  007fd7e0    00000040     rts6740_elf.lib : frcmpyd_div.obj (.text:__TI_frcmpyd_div)
                  007fd820    00000040                     : isinf.obj (.text:__c6xabi_isinf)
                  007fd860    00000040                     : _printfi.obj (.text:__c6xabi_isnan)
                  007fd8a0    00000040                     : strasg.obj (.text:__strasgi_64plus)
                  007fd8e0    00000040                     : args_main.obj (.text:_args_main)
                  007fd920    00000040                     : snprintf.obj (.text:_outc)
                  007fd960    00000040     sysbios.ae674 : c62_TaskSupport_asm.obj (.text:_ti_sysbios_family_c62_TaskSupport_buildTaskStack)
                  007fd9a0    00000040     dss_pe674.oe674 (.text:free)
                  007fd9e0    00000040     libmmwavelink_xwr16xx.ae674 : rl_controller.oe674 (.text:rlAppendDummy)
                  007fda20    00000040                                 : rl_device.oe674 (.text:rlDeviceGetRfVersion)
                  007fda60    00000040                                 : rl_driver.oe674 (.text:rlDriverCalCRC)
                  007fdaa0    00000040                                 : rl_driver.oe674 (.text:rlDriverFillPayload)
                  007fdae0    00000040                                 : rl_sensor.oe674 (.text:rlGetRfBootupStatus)
                  007fdb20    00000040                                 : rl_sensor.oe674 (.text:rlRfInit)
                  007fdb60    00000040     dss_pe674.oe674 (.text:ti_sysbios_BIOS_exitFunc__I)
                  007fdba0    00000040     dss_pe674.oe674 (.text:ti_sysbios_BIOS_rtsLock__I)
                  007fdbe0    00000040     dss_pe674.oe674 (.text:ti_sysbios_BIOS_rtsUnlock__I)
                  007fdc20    00000040     sysbios.ae674 : BIOS.obj (.text:ti_sysbios_family_c64p_EventCombiner_disableEvent__E)
                  007fdc60    00000040                   : BIOS.obj (.text:ti_sysbios_family_c64p_EventCombiner_enableEvent__E)
                  007fdca0    00000040                   : BIOS.obj (.text:ti_sysbios_family_c64p_Hwi_disableInterrupt__E)
                  007fdce0    00000040                   : BIOS.obj (.text:ti_sysbios_family_c64p_Hwi_enableInterrupt__E)
                  007fdd20    00000040     dss_pe674.oe674 (.text:ti_sysbios_gates_GateHwi_Handle__label__S)
                  007fdd60    00000040     dss_pe674.oe674 (.text:ti_sysbios_gates_GateHwi_Object__delete__S)
                  007fdda0    00000040     dss_pe674.oe674 (.text:ti_sysbios_gates_GateMutex_Handle__label__S)
                  007fdde0    00000040     sysbios.ae674 : BIOS.obj (.text:ti_sysbios_gates_GateMutex_Instance_init__E)
                  007fde20    00000040                   : BIOS.obj (.text:ti_sysbios_gates_GateMutex_leave__E)
                  007fde60    00000040     dss_pe674.oe674 (.text:ti_sysbios_heaps_HeapMem_Handle__label__S)
                  007fdea0    00000040     dss_pe674.oe674 (.text:ti_sysbios_heaps_HeapMem_Object__delete__S)
                  007fdee0    00000040     dss_pe674.oe674 (.text:ti_sysbios_heaps_HeapMem_Object__get__S)
                  007fdf20    00000040     dss_pe674.oe674 (.text:ti_sysbios_knl_Semaphore_destruct)
                  007fdf60    00000040     dss_pe674.oe674 (.text:ti_sysbios_knl_Swi_Object__get__S)
                  007fdfa0    00000040     dss_pe674.oe674 (.text:ti_sysbios_knl_Task_Object__get__S)
                  007fdfe0    00000040     sysbios.ae674 : BIOS.obj (.text:ti_sysbios_knl_Task_sleepTimeout__I)
                  007fe020    00000040                   : BIOS.obj (.text:ti_sysbios_timers_rti_Timer_periodicStub__E)
                  007fe060    00000040     ti.targets.rts6000.ae674 : Error.oe674 (.text:xdc_runtime_Error_check__E)
                  007fe0a0    00000040                              : Error.oe674 (.text:xdc_runtime_Error_init__E)
                  007fe0e0    00000040                              : Registry.oe674 (.text:xdc_runtime_Registry_findById__E)
                  007fe120    00000040                              : System.oe674 (.text:xdc_runtime_System_abort__E)
                  007fe160    00000040     dss_pe674.oe674 (.text:xdc_runtime_System_aprintf__E)
                  007fe1a0    00000040     ti.targets.rts6000.ae674 : System.oe674 (.text:xdc_runtime_System_exit__E)
                  007fe1e0    00000040     dss_pe674.oe674 (.text:xdc_runtime_System_printf__E)
                  007fe220    00000020     libadcbuf_xwr16xx.ae674 : adcbuf_mmwave.oe674 (.text:ADCBUF_MMWave_init)
                  007fe240    00000020                             : ADCBuf.oe674 (.text:ADCBuf_Params_init)
                  007fe260    00000020                             : ADCBuf.oe674 (.text:ADCBuf_control)
                  007fe280    00000020     libcrc_xwr16xx.ae674 : crc.oe674 (.text:CRC_initConfigParams)
                  007fe2a0    00000020     libedma_xwr16xx.ae674 : edma_low_level.oe674 (.text:EDMA3ChannelToParamMap)
                  007fe2c0    00000020                           : edma_low_level.oe674 (.text:EDMA3ClrCCErr)
                  007fe2e0    00000020                           : edma_low_level.oe674 (.text:EDMA3DisableQdmaEvt)
                  007fe300    00000020                           : edma_low_level.oe674 (.text:EDMA3EnableQdmaEvt)
                  007fe320    00000020                           : edma_low_level.oe674 (.text:EDMA3ErrIntrHighStatusGet)
                  007fe340    00000020                           : edma_low_level.oe674 (.text:EDMA3GetCCErrStatus)
                  007fe360    00000020                           : edma_low_level.oe674 (.text:EDMA3GetErrIntrStatus)
                  007fe380    00000020                           : edma_low_level.oe674 (.text:EDMA3GetIntrStatus)
                  007fe3a0    00000020                           : edma_low_level.oe674 (.text:EDMA3IntrStatusHighGet)
                  007fe3c0    00000020                           : edma_low_level.oe674 (.text:EDMA3QdmaClrMissEvt)
                  007fe3e0    00000020                           : edma_low_level.oe674 (.text:EDMA3QdmaGetErrIntrStatus)
                  007fe400    00000020                           : edma_low_level.oe674 (.text:EDMAsetRegion)
                  007fe420    00000020     libosal_xwr16xx.ae674 : HwiP_tirtos.oe674 (.text:HwiP_Params_init)
                  007fe440    00000020                           : HwiP_tirtos.oe674 (.text:HwiP_disable)
                  007fe460    00000020                           : HwiP_tirtos.oe674 (.text:HwiP_disableInterrupt)
                  007fe480    00000020                           : HwiP_tirtos.oe674 (.text:HwiP_enableInterrupt)
                  007fe4a0    00000020                           : HwiP_tirtos.oe674 (.text:HwiP_restore)
                  007fe4c0    00000020     libtestlogger_xwr16xx.ae674 : logger.oe674 (.text:MCPI_setTestResult)
                  007fe4e0    00000020     libosal_xwr16xx.ae674 : MemoryP_tirtos.oe674 (.text:MemoryP_ctrlAlloc)
                  007fe500    00000020                           : MemoryP_tirtos.oe674 (.text:MemoryP_ctrlFree)
                  007fe520    00000020     link_test.oe674 (.text:MmwaveLink_enableDevice)
                  007fe540    00000020     link_test.oe674 (.text:MmwaveLink_maskHostIRQ)
                  007fe560    00000020     link_test.oe674 (.text:MmwaveLink_mboxCallbackFxn)
                  007fe580    00000020     link_test.oe674 (.text:MmwaveLink_mboxRead)
                  007fe5a0    00000020     link_test.oe674 (.text:MmwaveLink_registerInterruptHandler)
                  007fe5c0    00000020     link_test.oe674 (.text:MmwaveLink_transferCompletionCallbackFxn)
                  007fe5e0    00000020     link_test.oe674 (.text:MmwaveLink_triggerEdmaTransfer)
                  007fe600    00000020     link_test.oe674 (.text:MmwaveLink_unmaskHostIRQ)
                  007fe620    00000020     osi_tirtos.oe674 (.text:Osal_mutexDelete)
                  007fe640    00000020     osi_tirtos.oe674 (.text:Osal_mutexLock)
                  007fe660    00000020     osi_tirtos.oe674 (.text:Osal_mutexUnlock)
                  007fe680    00000020     osi_tirtos.oe674 (.text:Osal_semDelete)
                  007fe6a0    00000020     osi_tirtos.oe674 (.text:Osal_semSignal)
                  007fe6c0    00000020     osi_tirtos.oe674 (.text:Osal_semWait)
                  007fe6e0    00000020     libosal_xwr16xx.ae674 : SemaphoreP_tirtos.oe674 (.text:SemaphoreP_Params_init)
                  007fe700    00000020                           : SemaphoreP_tirtos.oe674 (.text:SemaphoreP_delete)
                  007fe720    00000020                           : SemaphoreP_tirtos.oe674 (.text:SemaphoreP_pend)
                  007fe740    00000020                           : SemaphoreP_tirtos.oe674 (.text:SemaphoreP_post)
                  007fe760    00000020                           : DebugP_tirtos.oe674 (.text:_DebugP_assert)
                  007fe780    00000020     rts6740_elf.lib : errno.obj (.text:__c6xabi_errno_addr)
                  007fe7a0    00000020                     : push.obj (.text:__pop_rts)
                  007fe7c0    00000020                     : push.obj (.text:__push_rts)
                  007fe7e0    00000020     ti.targets.rts6000.ae674 : xdc_noinit.oe674 (.text:__xdc__init)
                  007fe800    00000020     rts6740_elf.lib : _lock.obj (.text:_nop)
                  007fe820    00000020                     : printf.obj (.text:_outc)
                  007fe840    00000020                     : printf.obj (.text:_outs)
                  007fe860    00000020                     : _lock.obj (.text:_register_lock)
                  007fe880    00000020                     : _lock.obj (.text:_register_unlock)
                  007fe8a0    00000020     sysbios.ae674 : c62_TaskSupport_asm.obj (.text:_ti_sysbios_family_c62_TaskSupport_glue)
                  007fe8c0    00000020     rts6740_elf.lib : exit.obj (.text:abort)
                  007fe8e0    00000020                     : fputc.obj (.text:putchar)
                  007fe900    00000020     libmmwavelink_xwr16xx.ae674 : rl_driver.oe674 (.text:rlDriverGetHandle)
                  007fe920    00000020                                 : rl_driver.oe674 (.text:rlDriverGetPlatformId)
                  007fe940    00000020                                 : rl_driver.oe674 (.text:rlDriverIsDeviceMapValid)
                  007fe960    00000020                                 : rl_controller.oe674 (.text:rlGetSubBlockId)
                  007fe980    00000020                                 : rl_controller.oe674 (.text:rlGetSubBlockLen)
                  007fe9a0    00000020     dss_pe674.oe674 (.text:ti_sysbios_BIOS_RtsGateProxy_enter__E)
                  007fe9c0    00000020     dss_pe674.oe674 (.text:ti_sysbios_BIOS_RtsGateProxy_leave__E)
                  007fe9e0    00000020     sysbios.ae674 : BIOS.obj (.text:ti_sysbios_BIOS_exit__E)
                  007fea00    00000020                   : BIOS.obj (.text:ti_sysbios_BIOS_linkedWithIncorrectBootLibrary__E)
                  007fea20    00000020     dss_pe674.oe674 (.text:ti_sysbios_BIOS_nullFunc__I)
                  007fea40    00000020     sysbios.ae674 : BIOS.obj (.text:ti_sysbios_BIOS_setThreadType__E)
                  007fea60    00000020                   : BIOS.obj (.text:ti_sysbios_BIOS_start__E)
                  007fea80    00000020     dss_pe674.oe674 (.text:ti_sysbios_family_c62_TaskSupport_Module__startupDone__S)
                  007feaa0    00000020     sysbios.ae674 : BIOS.obj (.text:ti_sysbios_family_c62_TaskSupport_checkStack__E)
                  007feac0    00000020                   : BIOS.obj (.text:ti_sysbios_family_c62_TaskSupport_getStackAlignment__E)
                  007feae0    00000020                   : BIOS.obj (.text:ti_sysbios_family_c64p_Cache_wbInv__E)
                  007feb00    00000020     dss_pe674.oe674 (.text:ti_sysbios_family_c64p_Hwi_Module__startupDone__F)
                  007feb20    00000020     dss_pe674.oe674 (.text:ti_sysbios_family_c64p_Hwi_Params__init__S)
                  007feb40    00000020     sysbios.ae674 : BIOS.obj (.text:ti_sysbios_family_c64p_Hwi_clearInterrupt__E)
                  007feb60    00000020                   : BIOS.obj (.text:ti_sysbios_family_c64p_Hwi_startup__E)
                  007feb80    00000020                   : BIOS.obj (.text:ti_sysbios_family_c64p_Hwi_switchFromBootStack__E)
                  007feba0    00000020                   : BIOS.obj (.text:ti_sysbios_family_c64p_Hwi_unPluggedInterrupt__I)
                  007febc0    00000020                   : BIOS.obj (.text:ti_sysbios_gates_GateHwi_Instance_init__E)
                  007febe0    00000020                   : BIOS.obj (.text:ti_sysbios_gates_GateHwi_enter__E)
                  007fec00    00000020                   : BIOS.obj (.text:ti_sysbios_gates_GateHwi_leave__E)
                  007fec20    00000020                   : BIOS.obj (.text:ti_sysbios_gates_GateHwi_query__E)
                  007fec40    00000020                   : BIOS.obj (.text:ti_sysbios_gates_GateMutex_Instance_finalize__E)
                  007fec60    00000020                   : BIOS.obj (.text:ti_sysbios_gates_GateMutex_query__E)
                  007fec80    00000020                   : BIOS.obj (.text:ti_sysbios_hal_Hwi_Module_startup__E)
                  007feca0    00000020     dss_pe674.oe674 (.text:ti_sysbios_heaps_HeapBuf_Object__get__S)
                  007fecc0    00000020     dss_pe674.oe674 (.text:ti_sysbios_heaps_HeapMem_Module_GateProxy_enter__E)
                  007fece0    00000020     dss_pe674.oe674 (.text:ti_sysbios_heaps_HeapMem_Module_GateProxy_leave__E)
                  007fed00    00000020     sysbios.ae674 : BIOS.obj (.text:ti_sysbios_heaps_HeapMem_isBlocking__E)
                  007fed20    00000020     dss_pe674.oe674 (.text:ti_sysbios_knl_Clock_TimerProxy_getMaxTicks__E)
                  007fed40    00000020     sysbios.ae674 : BIOS.obj (.text:ti_sysbios_knl_Idle_loop__E)
                  007fed60    00000020                   : BIOS.obj (.text:ti_sysbios_knl_Queue_Instance_init__E)
                  007fed80    00000020     dss_pe674.oe674 (.text:ti_sysbios_knl_Queue_Object__get__S)
                  007feda0    00000020     dss_pe674.oe674 (.text:ti_sysbios_knl_Queue_destruct)
                  007fedc0    00000020     sysbios.ae674 : BIOS.obj (.text:ti_sysbios_knl_Queue_empty__E)
                  007fede0    00000020                   : BIOS.obj (.text:ti_sysbios_knl_Semaphore_Instance_finalize__E)
                  007fee00    00000020     dss_pe674.oe674 (.text:ti_sysbios_knl_Semaphore_Params__init__S)
                  007fee20    00000020     dss_pe674.oe674 (.text:ti_sysbios_knl_Semaphore_delete)
                  007fee40    00000020     sysbios.ae674 : BIOS.obj (.text:ti_sysbios_knl_Swi_disable__E)
                  007fee60    00000020     dss_pe674.oe674 (.text:ti_sysbios_knl_Task_Params__init__S)
                  007fee80    00000020     sysbios.ae674 : BIOS.obj (.text:ti_sysbios_knl_Task_disable__E)
                  007feea0    00000020                   : BIOS.obj (.text:ti_sysbios_knl_Task_startup__E)
                  007feec0    00000020     dss_pe674.oe674 (.text:ti_sysbios_timers_rti_Timer_Module__startupDone__F)
                  007feee0    00000020     sysbios.ae674 : BIOS.obj (.text:ti_sysbios_timers_rti_Timer_getMaxTicks__E)
                  007fef00    00000020     ti.targets.rts6000.ae674 : Error.oe674 (.text:xdc_runtime_Error_getSite__E)
                  007fef20    00000020                              : Error.oe674 (.text:xdc_runtime_Error_raiseX__E)
                  007fef40    00000020                              : Gate.oe674 (.text:xdc_runtime_Gate_enterSystem__E)
                  007fef60    00000020                              : Gate.oe674 (.text:xdc_runtime_Gate_leaveSystem__E)
                  007fef80    00000020     dss_pe674.oe674 (.text:xdc_runtime_IHeap_alloc)
                  007fefa0    00000020     dss_pe674.oe674 (.text:xdc_runtime_IHeap_free)
                  007fefc0    00000020     ti.targets.rts6000.ae674 : Memory.oe674 (.text:xdc_runtime_Memory_calloc__E)
                  007fefe0    00000020                              : Memory.oe674 (.text:xdc_runtime_Memory_free__E)
                  007ff000    00000020                              : Memory.oe674 (.text:xdc_runtime_Memory_getMaxDefaultTypeAlign__E)
                  007ff020    00000020     dss_pe674.oe674 (.text:xdc_runtime_Startup_exec__I)
                  007ff040    00000020     dss_pe674.oe674 (.text:xdc_runtime_Startup_reset__I)
                  007ff060    00000020     ti.targets.rts6000.ae674 : Startup.oe674 (.text:xdc_runtime_Startup_rtsDone__E)
                  007ff080    00000020                              : SysStd.oe674 (.text:xdc_runtime_SysStd_exit__E)
                  007ff0a0    00000020                              : SysStd.oe674 (.text:xdc_runtime_SysStd_putch__E)
                  007ff0c0    00000020                              : SysStd.oe674 (.text:xdc_runtime_SysStd_ready__E)
                  007ff0e0    00000020     dss_pe674.oe674 (.text:xdc_runtime_System_Module_GateProxy_enter__E)
                  007ff100    00000020     dss_pe674.oe674 (.text:xdc_runtime_System_Module_GateProxy_leave__E)
                  007ff120    00000020     ti.targets.rts6000.ae674 : System.oe674 (.text:xdc_runtime_System_Module_startup__E)
                  007ff140    00000020                              : System.oe674 (.text:xdc_runtime_System_vsnprintf__E)
                  007ff160    00000020                              : Text.oe674 (.text:xdc_runtime_Text_ropeText__E)
                  007ff180    00000020     dss_pe674.oe674 (.text:xdc_runtime_Text_visitRope__I)

.const     0    0080c508    0000624a     
                  0080c508    000021d0     link_test.oe674 (.const:.string)
                  0080e6d8    00001925     dss_pe674.oe674 (.const:xdc_runtime_Text_charTab__A)
                  0080fffd    00000001     --HOLE-- [fill = 0]
                  0080fffe    00000002     dss_pe674.oe674 (.const:ti_sysbios_family_c64p_Cache_Module__id__C)
                  00810000    00000a60     main_dss.oe674 (.const:.string)
                  00810a60    00000518     sysbios.ae674 : BIOS.obj (.const:.string)
                  00810f78    00000440     link_test.oe674 (.const)
                  008113b8    00000254     libmmwavelink_xwr16xx.ae674 : rl_sensor.oe674 (.const)
                  0081160c    00000004     ti.targets.rts6000.ae674 : Assert.oe674 (.const:.string)
                  00811610    00000101     rts6740_elf.lib : ctype.obj (.const:.string:_ctypes_)
                  00811711    00000001     --HOLE-- [fill = 0]
                  00811712    00000002     dss_pe674.oe674 (.const:ti_sysbios_family_c64p_EventCombiner_Module__id__C)
                  00811714    00000004     dss_pe674.oe674 (.const:ti_sysbios_family_c62_TaskSupport_stackAlignment__C)
                  00811718    00000100     libmmwavelink_xwr16xx.ae674 : rl_monitoring.oe674 (.const:$P$T1$2)
                  00811818    00000100                                 : rl_monitoring.oe674 (.const:$P$T3$4)
                  00811918    00000100                                 : rl_monitoring.oe674 (.const:$P$T5$6)
                  00811a18    00000100                                 : rl_monitoring.oe674 (.const:$P$T7$8)
                  00811b18    000000c8     dss_pe674.oe674 (.const:xdc_runtime_Text_nodeTab__A)
                  00811be0    000000b0     link_test.oe674 (.const:profileCfg)
                  00811c90    00000094     libtestlogger_xwr16xx.ae674 : logger.oe674 (.const:.string)
                  00811d24    00000070     libmmwavelink_xwr16xx.ae674 : rl_driver.oe674 (.const)
                  00811d94    0000006c                                 : rl_driver.oe674 (.const:.string)
                  00811e00    00000068     libedma_xwr16xx.ae674 : edma_xwr1xxx.oe674 (.const:gEdmaHwAttrs)
                  00811e68    00000064     dss_pe674.oe674 (.const:.string)
                  00811ecc    00000058     libedma_xwr16xx.ae674 : edma.oe674 (.const:.string)
                  00811f24    00000058     ti.targets.rts6000.ae674 : Error.oe674 (.const:.string)
                  00811f7c    0000004c     libmailbox_xwr16xx.ae674 : mailbox.oe674 (.const:.string)
                  00811fc8    00000040     ti.targets.rts6000.ae674 : Text.oe674 (.const:.string)
                  00812008    00000040     libmmwavelink_xwr16xx.ae674 : rl_monitoring.oe674 (.const)
                  00812048    0000003c     libsoc_xwr16xx.ae674 : soc_xwr16xx_dss.oe674 (.const:.string)
                  00812084    0000003c     dss_pe674.oe674 (.const:ti_sysbios_knl_Task_Object__PARAMS__C)
                  008120c0    00000030     dss_pe674.oe674 (.const:ti_sysbios_family_c64p_Hwi_Object__PARAMS__C)
                  008120f0    0000002c     ti.targets.rts6000.ae674 : Startup.oe674 (.const:.string)
                  0081211c    00000004     dss_pe674.oe674 (.const:ti_sysbios_family_c64p_Cache_EMIFA_BASE__C)
                  00812120    0000002c     dss_pe674.oe674 (.const:xdc_runtime_Startup_sfxnTab__A)
                  0081214c    00000004     dss_pe674.oe674 (.const:ti_sysbios_family_c64p_Cache_EMIFA_CFG__C)
                  00812150    00000028     link_test.oe674 (.const:chirpCfg)
                  00812178    00000028     dss_pe674.oe674 (.const:ti_sysbios_heaps_HeapMem_Module__FXNS__C)
                  008121a0    00000024     rts6740_elf.lib : _printfi.obj (.const:.string)
                  008121c4    00000024     libmailbox_xwr16xx.ae674 : mailbox.oe674 (.const)
                  008121e8    00000024     dss_pe674.oe674 (.const:ti_sysbios_gates_GateHwi_Module__FXNS__C)
                  0081220c    00000024     dss_pe674.oe674 (.const:ti_sysbios_gates_GateMutex_Module__FXNS__C)
                  00812230    00000024     dss_pe674.oe674 (.const:ti_sysbios_heaps_HeapMem_Object__PARAMS__C)
                  00812254    00000024     dss_pe674.oe674 (.const:ti_sysbios_knl_Semaphore_Object__PARAMS__C)
                  00812278    00000020     libosal_xwr16xx.ae674 : SemaphoreP_tirtos.oe674 (.const:.string)
                  00812298    00000020     dss_pe674.oe674 (.const:ti_sysbios_family_c64p_Hwi_Object__DESC__C)
                  008122b8    00000020     dss_pe674.oe674 (.const:ti_sysbios_gates_GateHwi_Object__DESC__C)
                  008122d8    00000020     dss_pe674.oe674 (.const:ti_sysbios_gates_GateMutex_Object__DESC__C)
                  008122f8    00000020     dss_pe674.oe674 (.const:ti_sysbios_heaps_HeapMem_Object__DESC__C)
                  00812318    00000020     dss_pe674.oe674 (.const:ti_sysbios_knl_Queue_Object__DESC__C)
                  00812338    00000020     dss_pe674.oe674 (.const:ti_sysbios_knl_Semaphore_Object__DESC__C)
                  00812358    00000020     dss_pe674.oe674 (.const:ti_sysbios_knl_Task_Object__DESC__C)
                  00812378    0000001c     libosal_xwr16xx.ae674 : HwiP_tirtos.oe674 (.const:.string)
                  00812394    00000018     ti.targets.rts6000.ae674 : System.oe674 (.const:.string)
                  008123ac    00000018     dss_pe674.oe674 (.const:ti_sysbios_gates_GateHwi_Object__PARAMS__C)
                  008123c4    00000018     dss_pe674.oe674 (.const:ti_sysbios_gates_GateMutex_Object__PARAMS__C)
                  008123dc    00000018     dss_pe674.oe674 (.const:ti_sysbios_knl_Queue_Object__PARAMS__C)
                  008123f4    00000004     dss_pe674.oe674 (.const:ti_sysbios_family_c64p_Cache_EMIFA_LENGTH__C)
                  008123f8    00000016     dss_pe674.oe674 (.const:xdc_runtime_Startup_sfxnRts__A)
                  0081240e    00000002     dss_pe674.oe674 (.const:ti_sysbios_family_c64p_Exception_Module__id__C)
                  00812410    00000014     libadcbuf_xwr16xx.ae674 : adcbuf_mmwave.oe674 (.const:.string)
                  00812424    00000014                             : adcbuf_mmwave.oe674 (.const)
                  00812438    00000010     libmmwavelink_xwr16xx.ae674 : rl_driver.oe674 (.const:$P$T2$3)
                  00812448    00000010     libedma_xwr16xx.ae674 : edma.oe674 (.const:EDMA_config$1)
                  00812458    00000010     libadcbuf_xwr16xx.ae674 : adcbuf_xwr1xxx.oe674 (.const:gADCBufHwCfg)
                  00812468    00000010     dss_pe674.oe674 (.const:ti_sysbios_family_c64p_EventCombiner_EVTMASK__C)
                  00812478    0000000c     libcrc_xwr16xx.ae674 : crc.oe674 (.const:.string)
                  00812484    0000000c     libadcbuf_xwr16xx.ae674 : ADCBuf.oe674 (.const)
                  00812490    00000008     dss_pe674.oe674 (.const:ti_sysbios_knl_Idle_funcList__C)
                  00812498    00000008     dss_pe674.oe674 (.const:xdc_runtime_Startup_firstFxns__A)
                  008124a0    00000008     dss_pe674.oe674 (.const:xdc_runtime_Startup_firstFxns__C)
                  008124a8    00000008     dss_pe674.oe674 (.const:xdc_runtime_Startup_lastFxns__C)
                  008124b0    00000004     dss_pe674.oe674 (.const:ti_sysbios_family_c64p_Cache_EMIFB_BASE__C)
                  008124b4    00000004     dss_pe674.oe674 (.const:ti_sysbios_family_c64p_Cache_EMIFB_CFG__C)
                  008124b8    00000004     dss_pe674.oe674 (.const:ti_sysbios_family_c64p_Cache_EMIFB_LENGTH__C)
                  008124bc    00000004     dss_pe674.oe674 (.const:ti_sysbios_family_c64p_Cache_EMIFC_BASE__C)
                  008124c0    00000004     dss_pe674.oe674 (.const:ti_sysbios_family_c64p_Cache_EMIFC_CFG__C)
                  008124c4    00000004     dss_pe674.oe674 (.const:ti_sysbios_family_c64p_Cache_EMIFC_LENGTH__C)
                  008124c8    00000004     dss_pe674.oe674 (.const:ti_sysbios_family_c64p_Cache_E_invalidL1CacheSize__C)
                  008124cc    00000004     dss_pe674.oe674 (.const:ti_sysbios_family_c64p_Cache_E_invalidL2CacheSize__C)
                  008124d0    00000004     dss_pe674.oe674 (.const:ti_sysbios_family_c64p_Cache_MAR0_31__C)
                  008124d4    00000004     dss_pe674.oe674 (.const:ti_sysbios_family_c64p_Cache_MAR128_159__C)
                  008124d8    00000004     dss_pe674.oe674 (.const:ti_sysbios_family_c64p_Cache_MAR160_191__C)
                  008124dc    00000004     dss_pe674.oe674 (.const:ti_sysbios_family_c64p_Cache_MAR192_223__C)
                  008124e0    00000004     dss_pe674.oe674 (.const:ti_sysbios_family_c64p_Cache_MAR224_255__C)
                  008124e4    00000004     dss_pe674.oe674 (.const:ti_sysbios_family_c64p_Cache_MAR32_63__C)
                  008124e8    00000004     dss_pe674.oe674 (.const:ti_sysbios_family_c64p_Cache_MAR64_95__C)
                  008124ec    00000004     dss_pe674.oe674 (.const:ti_sysbios_family_c64p_Cache_MAR96_127__C)
                  008124f0    00000004     dss_pe674.oe674 (.const:ti_sysbios_family_c64p_EventCombiner_A_invalidEventId__C)
                  008124f4    00000004     dss_pe674.oe674 (.const:ti_sysbios_family_c64p_EventCombiner_E_unpluggedEvent__C)
                  008124f8    00000004     dss_pe674.oe674 (.const:ti_sysbios_family_c64p_EventCombiner_Module__diagsEnabled__C)
                  008124fc    00000004     dss_pe674.oe674 (.const:ti_sysbios_family_c64p_EventCombiner_Module__diagsIncluded__C)
                  00812500    00000004     dss_pe674.oe674 (.const:ti_sysbios_family_c64p_EventCombiner_Module__diagsMask__C)
                  00812504    00000004     dss_pe674.oe674 (.const:ti_sysbios_family_c64p_Exception_E_exceptionMax__C)
                  00812508    00000004     dss_pe674.oe674 (.const:ti_sysbios_family_c64p_Exception_exceptionHook__C)
                  0081250c    00000004     dss_pe674.oe674 (.const:ti_sysbios_family_c64p_Exception_externalHook__C)
                  00812510    00000004     dss_pe674.oe674 (.const:ti_sysbios_family_c64p_Exception_internalHook__C)
                  00812514    00000004     dss_pe674.oe674 (.const:ti_sysbios_family_c64p_Exception_nmiHook__C)
                  00812518    00000004     dss_pe674.oe674 (.const:ti_sysbios_family_c64p_Hwi_E_alreadyDefined__C)
                  0081251c    00000004     dss_pe674.oe674 (.const:ti_sysbios_family_c64p_Hwi_E_handleNotFound__C)
                  00812520    00000004     dss_pe674.oe674 (.const:ti_sysbios_family_c64p_Hwi_E_invalidIntNum__C)
                  00812524    00000004     dss_pe674.oe674 (.const:ti_sysbios_family_c64p_Hwi_LD_end__C)
                  00812528    00000004     dss_pe674.oe674 (.const:ti_sysbios_family_c64p_Hwi_LM_begin__C)
                  0081252c    00000004     dss_pe674.oe674 (.const:ti_sysbios_family_c64p_Hwi_Module__diagsEnabled__C)
                  00812530    00000004     dss_pe674.oe674 (.const:ti_sysbios_family_c64p_Hwi_Module__diagsIncluded__C)
                  00812534    00000004     dss_pe674.oe674 (.const:ti_sysbios_family_c64p_Hwi_Module__diagsMask__C)
                  00812538    00000004     dss_pe674.oe674 (.const:ti_sysbios_family_c64p_Hwi_Module__loggerFxn1__C)
                  0081253c    00000004     dss_pe674.oe674 (.const:ti_sysbios_family_c64p_Hwi_Module__loggerFxn8__C)
                  00812540    00000004     dss_pe674.oe674 (.const:ti_sysbios_family_c64p_Hwi_Module__loggerObj__C)
                  00812544    00000004     dss_pe674.oe674 (.const:ti_sysbios_gates_GateMutex_A_badContext__C)
                  00812548    00000004     dss_pe674.oe674 (.const:ti_sysbios_gates_GateMutex_Instance_State_sem__O)
                  0081254c    00000004     dss_pe674.oe674 (.const:ti_sysbios_gates_GateMutex_Module__diagsEnabled__C)
                  00812550    00000004     dss_pe674.oe674 (.const:ti_sysbios_gates_GateMutex_Module__diagsIncluded__C)
                  00812554    00000004     dss_pe674.oe674 (.const:ti_sysbios_gates_GateMutex_Module__diagsMask__C)
                  00812558    00000004     dss_pe674.oe674 (.const:ti_sysbios_hal_Hwi_E_stackOverflow__C)
                  0081255c    00000004     dss_pe674.oe674 (.const:ti_sysbios_heaps_HeapBuf_Instance_State_freeList__O)
                  00812560    00000004     dss_pe674.oe674 (.const:ti_sysbios_heaps_HeapBuf_Object__count__C)
                  00812564    00000004     dss_pe674.oe674 (.const:ti_sysbios_heaps_HeapBuf_numConstructedHeaps__C)
                  00812568    00000004     dss_pe674.oe674 (.const:ti_sysbios_heaps_HeapMem_A_align__C)
                  0081256c    00000004     dss_pe674.oe674 (.const:ti_sysbios_heaps_HeapMem_A_heapSize__C)
                  00812570    00000004     dss_pe674.oe674 (.const:ti_sysbios_heaps_HeapMem_A_invalidFree__C)
                  00812574    00000004     dss_pe674.oe674 (.const:ti_sysbios_heaps_HeapMem_A_zeroBlock__C)
                  00812578    00000004     dss_pe674.oe674 (.const:ti_sysbios_heaps_HeapMem_E_memory__C)
                  0081257c    00000004     dss_pe674.oe674 (.const:ti_sysbios_heaps_HeapMem_Module__diagsEnabled__C)
                  00812580    00000004     dss_pe674.oe674 (.const:ti_sysbios_heaps_HeapMem_Module__diagsIncluded__C)
                  00812584    00000004     dss_pe674.oe674 (.const:ti_sysbios_heaps_HeapMem_Module__diagsMask__C)
                  00812588    00000004     dss_pe674.oe674 (.const:ti_sysbios_heaps_HeapMem_Module__gateObj__C)
                  0081258c    00000004     dss_pe674.oe674 (.const:ti_sysbios_heaps_HeapMem_Object__count__C)
                  00812590    00000004     dss_pe674.oe674 (.const:ti_sysbios_heaps_HeapMem_reqAlign__C)
                  00812594    00000004     dss_pe674.oe674 (.const:ti_sysbios_knl_Clock_LM_begin__C)
                  00812598    00000004     dss_pe674.oe674 (.const:ti_sysbios_knl_Clock_LM_tick__C)
                  0081259c    00000004     dss_pe674.oe674 (.const:ti_sysbios_knl_Clock_LW_delayed__C)
                  008125a0    00000004     dss_pe674.oe674 (.const:ti_sysbios_knl_Clock_Module_State_clockQ__O)
                  008125a4    00000004     dss_pe674.oe674 (.const:ti_sysbios_knl_Clock_Module__diagsEnabled__C)
                  008125a8    00000004     dss_pe674.oe674 (.const:ti_sysbios_knl_Clock_Module__diagsIncluded__C)
[...]
00812534  ti_sysbios_family_c64p_Hwi_Module__diagsMask__C              
00812538  ti_sysbios_family_c64p_Hwi_Module__loggerFxn1__C             
0081253c  ti_sysbios_family_c64p_Hwi_Module__loggerFxn8__C             
00812540  ti_sysbios_family_c64p_Hwi_Module__loggerObj__C              
00812544  ti_sysbios_gates_GateMutex_A_badContext__C                   
00812548  ti_sysbios_gates_GateMutex_Instance_State_sem__O             
0081254c  ti_sysbios_gates_GateMutex_Module__diagsEnabled__C           
00812550  ti_sysbios_gates_GateMutex_Module__diagsIncluded__C          
00812554  ti_sysbios_gates_GateMutex_Module__diagsMask__C              
00812558  ti_sysbios_hal_Hwi_E_stackOverflow__C                        
0081255c  ti_sysbios_heaps_HeapBuf_Instance_State_freeList__O          
00812560  ti_sysbios_heaps_HeapBuf_Object__count__C                    
00812564  ti_sysbios_heaps_HeapBuf_numConstructedHeaps__C              
00812568  ti_sysbios_heaps_HeapMem_A_align__C                          
0081256c  ti_sysbios_heaps_HeapMem_A_heapSize__C                       
00812570  ti_sysbios_heaps_HeapMem_A_invalidFree__C                    
00812574  ti_sysbios_heaps_HeapMem_A_zeroBlock__C                      
00812578  ti_sysbios_heaps_HeapMem_E_memory__C                         
0081257c  ti_sysbios_heaps_HeapMem_Module__diagsEnabled__C             
00812580  ti_sysbios_heaps_HeapMem_Module__diagsIncluded__C            
00812584  ti_sysbios_heaps_HeapMem_Module__diagsMask__C                
00812588  ti_sysbios_heaps_HeapMem_Module__gateObj__C                  
0081258c  ti_sysbios_heaps_HeapMem_Object__count__C                    
00812590  ti_sysbios_heaps_HeapMem_reqAlign__C                         
00812594  ti_sysbios_knl_Clock_LM_begin__C                             
00812598  ti_sysbios_knl_Clock_LM_tick__C                              
0081259c  ti_sysbios_knl_Clock_LW_delayed__C                           
008125a0  ti_sysbios_knl_Clock_Module_State_clockQ__O                  
008125a4  ti_sysbios_knl_Clock_Module__diagsEnabled__C                 
008125a8  ti_sysbios_knl_Clock_Module__diagsIncluded__C                
008125ac  ti_sysbios_knl_Clock_Module__diagsMask__C                    
008125b0  ti_sysbios_knl_Clock_Module__loggerFxn1__C                   
008125b4  ti_sysbios_knl_Clock_Module__loggerFxn2__C                   
008125b8  ti_sysbios_knl_Clock_Module__loggerObj__C                    
008125bc  ti_sysbios_knl_Semaphore_A_badContext__C                     
008125c0  ti_sysbios_knl_Idle_funcList__A                              
008125c4  ti_sysbios_knl_Semaphore_A_noEvents__C                       
008125c8  ti_sysbios_knl_Semaphore_A_overflow__C                       
008125cc  ti_sysbios_knl_Semaphore_A_pendTaskDisabled__C               
008125d0  ti_sysbios_knl_Semaphore_Instance_State_pendQ__O             
008125d4  ti_sysbios_knl_Semaphore_LM_pend__C                          
008125d8  ti_sysbios_knl_Semaphore_LM_post__C                          
008125dc  ti_sysbios_knl_Semaphore_Module__diagsEnabled__C             
008125e0  ti_sysbios_knl_Semaphore_Module__diagsIncluded__C            
008125e4  ti_sysbios_knl_Semaphore_Module__diagsMask__C                
008125e8  ti_sysbios_knl_Semaphore_Module__loggerFxn2__C               
008125ec  ti_sysbios_knl_Semaphore_Module__loggerFxn4__C               
008125f0  ti_sysbios_knl_Semaphore_Module__loggerObj__C                
008125f4  ti_sysbios_knl_Swi_LD_end__C                                 
008125f8  ti_sysbios_knl_Swi_LM_begin__C                               
008125fc  ti_sysbios_knl_Swi_LM_post__C                                
00812600  ti_sysbios_knl_Swi_Module__diagsEnabled__C                   
00812604  ti_sysbios_knl_Swi_Module__diagsIncluded__C                  
00812608  ti_sysbios_knl_Swi_Module__diagsMask__C                      
0081260c  ti_sysbios_knl_Swi_Module__loggerFxn1__C                     
00812610  ti_sysbios_knl_Swi_Module__loggerFxn4__C                     
00812614  ti_sysbios_knl_Swi_Module__loggerObj__C                      
00812618  ti_sysbios_knl_Swi_Object__count__C                          
0081261c  ti_sysbios_knl_Task_A_badPriority__C                         
00812620  ti_sysbios_knl_Task_A_badTaskState__C                        
00812624  ti_sysbios_knl_Task_A_badThreadType__C                       
00812628  ti_sysbios_knl_Task_A_badTimeout__C                          
0081262c  ti_sysbios_knl_Task_A_noPendElem__C                          
00812630  ti_sysbios_knl_Task_A_sleepTaskDisabled__C                   
00812634  ti_sysbios_knl_Task_E_spOutOfBounds__C                       
00812638  ti_sysbios_knl_Task_E_stackOverflow__C                       
0081263c  ti_sysbios_knl_Task_LD_block__C                              
00812640  ti_sysbios_knl_Task_LD_exit__C                               
00812644  ti_sysbios_knl_Task_LD_ready__C                              
00812648  ti_sysbios_knl_Task_LM_sleep__C                              
0081264c  ti_sysbios_knl_Task_LM_switch__C                             
00812650  ti_sysbios_knl_Task_Module_State_inactiveQ__O                
00812654  ti_sysbios_knl_Task_Module__diagsEnabled__C                  
00812658  ti_sysbios_knl_Task_Module__diagsIncluded__C                 
0081265c  ti_sysbios_knl_Task_Module__diagsMask__C                     
00812660  ti_sysbios_knl_Task_Module__loggerFxn2__C                    
00812664  ti_sysbios_knl_Task_Module__loggerFxn4__C                    
00812668  ti_sysbios_knl_Task_Module__loggerObj__C                     
0081266c  ti_sysbios_knl_Task_Object__count__C                         
00812670  ti_sysbios_knl_Task_allBlockedFunc__C                        
00812674  ti_sysbios_knl_Task_defaultStackHeap__C                      
00812678  ti_sysbios_knl_Task_defaultStackSize__C                      
0081267c  ti_sysbios_knl_Task_numConstructedTasks__C                   
00812680  ti_sysbios_timers_rti_Timer_E_cannotSupport__C               
00812684  ti_sysbios_timers_rti_Timer_Module__diagsEnabled__C          
00812688  ti_sysbios_timers_rti_Timer_Module__diagsIncluded__C         
0081268c  ti_sysbios_timers_rti_Timer_Module__diagsMask__C             
00812690  ti_sysbios_timers_rti_Timer_numTimerDevices__C               
00812694  ti_sysbios_timers_rti_Timer_startupNeeded__C                 
00812698  xdc_runtime_Assert_E_assertFailed__C                         
0081269c  xdc_runtime_Core_A_initializedParams__C                      
008126a0  xdc_runtime_Core_Module__diagsEnabled__C                     
008126a4  xdc_runtime_Core_Module__diagsIncluded__C                    
008126a8  xdc_runtime_Core_Module__diagsMask__C                        
008126ac  xdc_runtime_Error_E_memory__C                                
008126b0  xdc_runtime_Error_Module__diagsEnabled__C                    
008126b4  xdc_runtime_Error_Module__diagsIncluded__C                   
008126b8  xdc_runtime_Error_Module__diagsMask__C                       
008126bc  xdc_runtime_Error_Module__loggerFxn8__C                      
008126c0  xdc_runtime_Error_Module__loggerObj__C                       
008126c4  xdc_runtime_Error_policyFxn__C                               
008126c8  xdc_runtime_Error_policy__C                                  
008126cc  xdc_runtime_Error_raiseHook__C                               
008126d0  xdc_runtime_IGateProvider_Interface__BASE__C                 
008126d4  xdc_runtime_IHeap_Interface__BASE__C                         
008126d8  xdc_runtime_IModule_Interface__BASE__C                       
008126dc  xdc_runtime_Log_L_error__C                                   
008126e0  xdc_runtime_Memory_defaultHeapInstance__C                    
008126e4  xdc_runtime_Startup_execImpl__C                              
008126e8  xdc_runtime_Startup_maxPasses__C                             
008126ec  xdc_runtime_Startup_sfxnRts__C                               
008126f0  xdc_runtime_Startup_sfxnTab__C                               
008126f4  xdc_runtime_System_Module__gateObj__C                        
008126f8  xdc_runtime_System_abortFxn__C                               
008126fc  xdc_runtime_System_exitFxn__C                                
00812700  xdc_runtime_System_extendFxn__C                              
00812704  xdc_runtime_System_maxAtexitHandlers__C                      
00812708  xdc_runtime_Text_charTab__C                                  
0081270c  xdc_runtime_Text_nameEmpty__C                                
00812710  xdc_runtime_Text_nameStatic__C                               
00812714  xdc_runtime_Text_nameUnknown__C                              
00812718  xdc_runtime_Text_nodeTab__C                                  
0081271c  xdc_runtime_Text_visitRopeFxn__C                             
00812720  ti_sysbios_family_c64p_Exception_useInternalBuffer__C        
00812722  ti_sysbios_family_c64p_Hwi_Module__id__C                     
00812724  ti_sysbios_family_c64p_Hwi_Module__loggerDefined__C          
00812726  ti_sysbios_gates_GateMutex_Module__id__C                     
00812728  ti_sysbios_hal_Hwi_Module__id__C                             
0081272a  ti_sysbios_heaps_HeapMem_Module__id__C                       
0081272c  ti_sysbios_knl_Clock_Module__id__C                           
0081272e  ti_sysbios_knl_Clock_Module__loggerDefined__C                
00812730  ti_sysbios_knl_Semaphore_Module__id__C                       
00812732  ti_sysbios_knl_Semaphore_Module__loggerDefined__C            
00812734  ti_sysbios_knl_Swi_Module__id__C                             
00812736  ti_sysbios_knl_Swi_Module__loggerDefined__C                  
00812738  ti_sysbios_knl_Task_Module__id__C                            
0081273a  ti_sysbios_knl_Task_Module__loggerDefined__C                 
0081273c  ti_sysbios_timers_rti_Timer_Module__id__C                    
0081273e  ti_sysbios_timers_rti_Timer_continueOnSuspend__C             
00812740  xdc_runtime_Core_Module__id__C                               
00812742  xdc_runtime_Error_Module__loggerDefined__C                   
00812744  xdc_runtime_Error_maxDepth__C                                
00812746  xdc_runtime_Main_Module__id__C                               
00812748  xdc_runtime_Memory_Module__id__C                             
0081274a  xdc_runtime_Text_charCnt__C                                  
0081274c  xdc_runtime_Text_isLoaded__C                                 
0081274e  xdc_runtime_Text_registryModsLastId__C                       
00812750  xdc_runtime_Text_unnamedModsLastId__C                        
00812758  dynChirpCfg                                                  
00812f00  xdc_runtime_Error_IgnoreBlock                                
00812f20  ti_sysbios_BIOS_Module__state__V                             
00812f44  ti_sysbios_family_c64p_Cache_Module__state__V                
00812f48  ti_sysbios_family_c64p_EventCombiner_Module__state__V        
00813348  ti_sysbios_family_c64p_Exception_Module__state__V            
00813378  ti_sysbios_family_c64p_Hwi_Module__root__V                   
00813380  ti_sysbios_family_c64p_Hwi_Module__state__V                  
008133ec  ti_sysbios_gates_GateHwi_Module__root__V                     
008133f4  ti_sysbios_gates_GateMutex_Module__root__V                   
008133fc  ti_sysbios_hal_Hwi_Module__root__V                           
00813404  ti_sysbios_heaps_HeapBuf_Module__root__V                     
0081340c  ti_sysbios_heaps_HeapBuf_Module__state__V                    
00813410  ti_sysbios_heaps_HeapMem_Module__root__V                     
00813418  ti_sysbios_knl_Clock_Module__root__V                         
00813420  ti_sysbios_knl_Clock_Module__state__V                        
0081344c  ti_sysbios_knl_Event_Module__root__V                         
00813454  ti_sysbios_knl_Queue_Module__root__V                         
0081345c  ti_sysbios_knl_Semaphore_Module__root__V                     
00813464  ti_sysbios_knl_Swi_Module__root__V                           
0081346c  ti_sysbios_knl_Swi_Module__state__V                          
00813488  ti_sysbios_knl_Task_Module__root__V                          
00813490  ti_sysbios_knl_Task_Module__state__V                         
008134d4  ti_sysbios_rts_ti_ThreadLocalStorage_Module__state__V        
008134e0  ti_sysbios_timers_rti_Timer_Module__root__V                  
008134e8  ti_sysbios_timers_rti_Timer_Module__state__V                 
008134f8  xdc_runtime_Error_Module__state__V                           
008134fc  xdc_runtime_Memory_Module__state__V                          
00813500  xdc_runtime_Registry_Module__state__V                        
00813508  xdc_runtime_Startup_Module__state__V                         
00813510  xdc_runtime_System_Module__state__V                          
00813518  xdc_runtime_Text_Module__state__V                            
00813520  __xdc__init__addr                                            
00813524  D2H_SYNC_PATTERN                                             
00813528  H2D_SYNC_PATTERN                                             
0081352c  H2D_CNYS_PATTERN                                             
00813714  rl_txMsg                                                     
00813814  rl_rxMsg                                                     
00813914  _lock                                                        
00813918  _ftable                                                      
00813af8  tx0PowMonCfg                                                 
00813b08  tx1PowMonCfg                                                 
00813b18  tx0BallBreakMonCfg                                           
00813b24  tx1BallBreakMonCfg                                           
00813b30  tx0BpmMonCfg                                                 
00813b40  tx1BpmMonCfg                                                 
00813b50  tx0IntAnaSigMonCfg                                           
00813b58  tx1IntAnaSigMonCfg                                           
00813b60  rcvGpAdcData                                                 
00813ba8  rfDevCfg                                                     
00813bb4  _unlock                                                      
00813c58  ti_sysbios_knl_Swi_Module_State_0_readyQ__A                  
00813cd8  ti_sysbios_knl_Task_Module_State_0_readyQ__A                 
00813dd0  gMailboxMCB                                                  
00813e20  ti_sysbios_knl_Task_Object__table__V                         
00813e6c  __TI_ft_end                                                  
00813e70  ti_sysbios_gates_GateMutex_Object__table__V                  
00813eb0  ti_sysbios_timers_rti_Timer_Object__table__V                 
00813eec  gMailboxDssMssHwCfg                                          
00813f04  gMailboxDssBssHwCfg                                          
00813f1c  __errno                                                      
00813f1c  errno                                                        
00813f20  ti_sysbios_knl_Swi_Object__table__V                          
00813f50  xdc_runtime_System_Module_State_0_atexitHandlers__A          
00813f70  ADCBuf_config                                                
00813f88  bpmChirpCfg                                                  
00813fa0  gSOCHwAttrib                                                 
00813fb8  ti_sysbios_family_c64p_Hwi_Object__table__V                  
00813fd0  ti_sysbios_heaps_HeapMem_Object__table__V                    
00813fe8  ti_sysbios_timers_rti_Timer_Module_State_0_device__A         
00814000  ti_sysbios_timers_rti_Timer_Module_State_0_intFreqs__A       
00814010  __TI_cleanup_ptr                                             
00814014  __TI_dtors_ptr                                               
00814018  __TI_enable_exit_profile_output                              
00814020  errorStatusCnt                                               
00814030  ti_sysbios_hal_Hwi_Object__table__V                          
00814038  ti_sysbios_timers_rti_Timer_Module_State_0_handles__A        
00814040  ti_sysbios_gates_GateHwi_Object__table__V                    
00814048  ti_sysbios_knl_Task_Module_State_0_idleTask__A               
008141c0  __CIOBUF_                                                    
008142e0  __TI_STATIC_BASE                                             
008142e0  gMCPILogMessageSize                                          
008142e4  gLinkChirpCnt                                                
008142e8  gLinkFrameCnt                                                
008142ec  dynChirpTestStatus                                           
008142f0  gLinkMonitoringTest                                          
008142f1  gLinkCalibTest                                               
008142f2  gLinkAdvanceFrameTest                                        
008142f3  cqDataVerifyTest                                             
008142f4  gCqTestResult                                                
008142f8  gCpTestResult                                                
008142fc  gLinkContModeTest                                            
008142fd  gDynamicChirpTest                                            
008142fe  gLinkBpmEnableTest                                           
008142ff  gLinkProgFiltTest                                            
00814300  gDynChirpConfigNum                                           
00814301  chirpMissedError                                             
00814304  gMonitorHdrCnt                                               
00814308  gInitTimeCalibStatus                                         
0081430c  gRunTimeCalibStatus                                          
00814310  gFrameStartStatus                                            
00814314  gMonitoringStatus                                            
00814316  isGetGpAdcMeasData                                           
00814317  eDMADataTransferDone                                         
00814318  cqTestStatus                                                 
00814319  cpTestStatus                                                 
00814320  gCRCRegister                                                 
00814324  regionId                                                     
0081432c  EdmaHandle                                                   
00814330  MCPI_FailSignature                                           
00814334  adcbufHandle                                                 
00814338  gLinkFrameSem                                                
0081433c  g_MailboxInterruptFunc                                       
00814340  lastChirpIntTimeStamp                                        
00814344  MCPI_Result                                                  
ffffffff  __TI_pprof_out_hndl                                          
ffffffff  __TI_prof_data_size                                          
ffffffff  __TI_prof_data_start                                         
ffffffff  __binit__                                                    
ffffffff  __c_args__                                                   
ffffffff  binit                                                        
UNDEFED   __TI_CINIT_Base                                              
UNDEFED   __TI_CINIT_Limit                                             
UNDEFED   __TI_Handler_Table_Base                                      
UNDEFED   __TI_Handler_Table_Limit                                     
UNDEFED   __TI_INITARRAY_Base                                          
UNDEFED   __TI_INITARRAY_Limit                                         
UNDEFED   __TI_TLS_INIT_Base                                           
UNDEFED   __TI_TLS_INIT_Limit                                          

[970 symbols]
