<?xml version="1.0"?>
<link_info>
   <banner>TMS320C6x Linker PC v7.4.2</banner>
   <copyright>Copyright (c) 1996-2012 Texas Instruments Incorporated</copyright>
   <link_time>0x573a93b4</link_time>
   <output_file>exp10sp_674LE_LE_ELF.out</output_file>
   <entry_point>
      <name>_c_int00</name>
      <address>0x8266a0</address>
   </entry_point>
   <input_file_list>
      <input_file id="fl-2">
         <path>.\</path>
         <kind>object</kind>
         <file>exp10sp_d.obj</file>
         <name>exp10sp_d.obj</name>
      </input_file>
      <input_file id="fl-3">
         <path>.\</path>
         <kind>object</kind>
         <file>drvsp.obj</file>
         <name>drvsp.obj</name>
      </input_file>
      <input_file id="fl-4">
         <path>.\</path>
         <kind>object</kind>
         <file>driver.obj</file>
         <name>driver.obj</name>
      </input_file>
      <input_file id="fl-c">
         <path>..\..\..\..\..\lib\</path>
         <kind>archive</kind>
         <file>mathlib.ae674</file>
         <name>tables.oe674</name>
      </input_file>
      <input_file id="fl-d">
         <path>..\..\..\..\..\lib\</path>
         <kind>archive</kind>
         <file>mathlib.ae674</file>
         <name>exp10sp_c.oe674</name>
      </input_file>
      <input_file id="fl-e">
         <path>..\..\..\..\..\lib\</path>
         <kind>archive</kind>
         <file>mathlib.ae674</file>
         <name>exp10sp_v.oe674</name>
      </input_file>
      <input_file id="fl-f">
         <path>..\..\..\..\..\lib\</path>
         <kind>archive</kind>
         <file>mathlib.ae674</file>
         <name>exp10sp.oe674</name>
      </input_file>
      <input_file id="fl-87">
         <path>C:\MATHLIB_Tools\CCSV5_5_0\ccsv5\tools\compiler\c6000_7.4.2\lib\</path>
         <kind>archive</kind>
         <file>rts6740_elf.lib</file>
         <name>boot.obj</name>
      </input_file>
      <input_file id="fl-88">
         <path>C:\MATHLIB_Tools\CCSV5_5_0\ccsv5\tools\compiler\c6000_7.4.2\lib\</path>
         <kind>archive</kind>
         <file>rts6740_elf.lib</file>
         <name>copy_decompress_none.obj</name>
      </input_file>
      <input_file id="fl-89">
         <path>C:\MATHLIB_Tools\CCSV5_5_0\ccsv5\tools\compiler\c6000_7.4.2\lib\</path>
         <kind>archive</kind>
         <file>rts6740_elf.lib</file>
         <name>copy_decompress_rle.obj</name>
      </input_file>
      <input_file id="fl-8a">
         <path>C:\MATHLIB_Tools\CCSV5_5_0\ccsv5\tools\compiler\c6000_7.4.2\lib\</path>
         <kind>archive</kind>
         <file>rts6740_elf.lib</file>
         <name>copy_zero_init.obj</name>
      </input_file>
      <input_file id="fl-8b">
         <path>C:\MATHLIB_Tools\CCSV5_5_0\ccsv5\tools\compiler\c6000_7.4.2\lib\</path>
         <kind>archive</kind>
         <file>rts6740_elf.lib</file>
         <name>divd.obj</name>
      </input_file>
      <input_file id="fl-8c">
         <path>C:\MATHLIB_Tools\CCSV5_5_0\ccsv5\tools\compiler\c6000_7.4.2\lib\</path>
         <kind>archive</kind>
         <file>rts6740_elf.lib</file>
         <name>divf.obj</name>
      </input_file>
      <input_file id="fl-8d">
         <path>C:\MATHLIB_Tools\CCSV5_5_0\ccsv5\tools\compiler\c6000_7.4.2\lib\</path>
         <kind>archive</kind>
         <file>rts6740_elf.lib</file>
         <name>exit.obj</name>
      </input_file>
      <input_file id="fl-8e">
         <path>C:\MATHLIB_Tools\CCSV5_5_0\ccsv5\tools\compiler\c6000_7.4.2\lib\</path>
         <kind>archive</kind>
         <file>rts6740_elf.lib</file>
         <name>exp10.obj</name>
      </input_file>
      <input_file id="fl-8f">
         <path>C:\MATHLIB_Tools\CCSV5_5_0\ccsv5\tools\compiler\c6000_7.4.2\lib\</path>
         <kind>archive</kind>
         <file>rts6740_elf.lib</file>
         <name>exp10f.obj</name>
      </input_file>
      <input_file id="fl-90">
         <path>C:\MATHLIB_Tools\CCSV5_5_0\ccsv5\tools\compiler\c6000_7.4.2\lib\</path>
         <kind>archive</kind>
         <file>rts6740_elf.lib</file>
         <name>expf.obj</name>
      </input_file>
      <input_file id="fl-91">
         <path>C:\MATHLIB_Tools\CCSV5_5_0\ccsv5\tools\compiler\c6000_7.4.2\lib\</path>
         <kind>archive</kind>
         <file>rts6740_elf.lib</file>
         <name>fclose.obj</name>
      </input_file>
      <input_file id="fl-92">
         <path>C:\MATHLIB_Tools\CCSV5_5_0\ccsv5\tools\compiler\c6000_7.4.2\lib\</path>
         <kind>archive</kind>
         <file>rts6740_elf.lib</file>
         <name>fflush.obj</name>
      </input_file>
      <input_file id="fl-93">
         <path>C:\MATHLIB_Tools\CCSV5_5_0\ccsv5\tools\compiler\c6000_7.4.2\lib\</path>
         <kind>archive</kind>
         <file>rts6740_elf.lib</file>
         <name>fixdlli.obj</name>
      </input_file>
      <input_file id="fl-94">
         <path>C:\MATHLIB_Tools\CCSV5_5_0\ccsv5\tools\compiler\c6000_7.4.2\lib\</path>
         <kind>archive</kind>
         <file>rts6740_elf.lib</file>
         <name>fltllif.obj</name>
      </input_file>
      <input_file id="fl-95">
         <path>C:\MATHLIB_Tools\CCSV5_5_0\ccsv5\tools\compiler\c6000_7.4.2\lib\</path>
         <kind>archive</kind>
         <file>rts6740_elf.lib</file>
         <name>fopen.obj</name>
      </input_file>
      <input_file id="fl-96">
         <path>C:\MATHLIB_Tools\CCSV5_5_0\ccsv5\tools\compiler\c6000_7.4.2\lib\</path>
         <kind>archive</kind>
         <file>rts6740_elf.lib</file>
         <name>fprintf.obj</name>
      </input_file>
      <input_file id="fl-97">
         <path>C:\MATHLIB_Tools\CCSV5_5_0\ccsv5\tools\compiler\c6000_7.4.2\lib\</path>
         <kind>archive</kind>
         <file>rts6740_elf.lib</file>
         <name>fputc.obj</name>
      </input_file>
      <input_file id="fl-98">
         <path>C:\MATHLIB_Tools\CCSV5_5_0\ccsv5\tools\compiler\c6000_7.4.2\lib\</path>
         <kind>archive</kind>
         <file>rts6740_elf.lib</file>
         <name>fputs.obj</name>
      </input_file>
      <input_file id="fl-99">
         <path>C:\MATHLIB_Tools\CCSV5_5_0\ccsv5\tools\compiler\c6000_7.4.2\lib\</path>
         <kind>archive</kind>
         <file>rts6740_elf.lib</file>
         <name>frcmpyd_div.obj</name>
      </input_file>
      <input_file id="fl-9a">
         <path>C:\MATHLIB_Tools\CCSV5_5_0\ccsv5\tools\compiler\c6000_7.4.2\lib\</path>
         <kind>archive</kind>
         <file>rts6740_elf.lib</file>
         <name>isinff.obj</name>
      </input_file>
      <input_file id="fl-9b">
         <path>C:\MATHLIB_Tools\CCSV5_5_0\ccsv5\tools\compiler\c6000_7.4.2\lib\</path>
         <kind>archive</kind>
         <file>rts6740_elf.lib</file>
         <name>ldexpf.obj</name>
      </input_file>
      <input_file id="fl-9c">
         <path>C:\MATHLIB_Tools\CCSV5_5_0\ccsv5\tools\compiler\c6000_7.4.2\lib\</path>
         <kind>archive</kind>
         <file>rts6740_elf.lib</file>
         <name>llshift.obj</name>
      </input_file>
      <input_file id="fl-9d">
         <path>C:\MATHLIB_Tools\CCSV5_5_0\ccsv5\tools\compiler\c6000_7.4.2\lib\</path>
         <kind>archive</kind>
         <file>rts6740_elf.lib</file>
         <name>lowlev.obj</name>
      </input_file>
      <input_file id="fl-9e">
         <path>C:\MATHLIB_Tools\CCSV5_5_0\ccsv5\tools\compiler\c6000_7.4.2\lib\</path>
         <kind>archive</kind>
         <file>rts6740_elf.lib</file>
         <name>memcpy64.obj</name>
      </input_file>
      <input_file id="fl-9f">
         <path>C:\MATHLIB_Tools\CCSV5_5_0\ccsv5\tools\compiler\c6000_7.4.2\lib\</path>
         <kind>archive</kind>
         <file>rts6740_elf.lib</file>
         <name>memory.obj</name>
      </input_file>
      <input_file id="fl-a0">
         <path>C:\MATHLIB_Tools\CCSV5_5_0\ccsv5\tools\compiler\c6000_7.4.2\lib\</path>
         <kind>archive</kind>
         <file>rts6740_elf.lib</file>
         <name>memset.obj</name>
      </input_file>
      <input_file id="fl-a1">
         <path>C:\MATHLIB_Tools\CCSV5_5_0\ccsv5\tools\compiler\c6000_7.4.2\lib\</path>
         <kind>archive</kind>
         <file>rts6740_elf.lib</file>
         <name>modff.obj</name>
      </input_file>
      <input_file id="fl-a2">
         <path>C:\MATHLIB_Tools\CCSV5_5_0\ccsv5\tools\compiler\c6000_7.4.2\lib\</path>
         <kind>archive</kind>
         <file>rts6740_elf.lib</file>
         <name>negll.obj</name>
      </input_file>
      <input_file id="fl-a3">
         <path>C:\MATHLIB_Tools\CCSV5_5_0\ccsv5\tools\compiler\c6000_7.4.2\lib\</path>
         <kind>archive</kind>
         <file>rts6740_elf.lib</file>
         <name>printf.obj</name>
      </input_file>
      <input_file id="fl-a4">
         <path>C:\MATHLIB_Tools\CCSV5_5_0\ccsv5\tools\compiler\c6000_7.4.2\lib\</path>
         <kind>archive</kind>
         <file>rts6740_elf.lib</file>
         <name>rand.obj</name>
      </input_file>
      <input_file id="fl-a5">
         <path>C:\MATHLIB_Tools\CCSV5_5_0\ccsv5\tools\compiler\c6000_7.4.2\lib\</path>
         <kind>archive</kind>
         <file>rts6740_elf.lib</file>
         <name>remove.obj</name>
      </input_file>
      <input_file id="fl-a6">
         <path>C:\MATHLIB_Tools\CCSV5_5_0\ccsv5\tools\compiler\c6000_7.4.2\lib\</path>
         <kind>archive</kind>
         <file>rts6740_elf.lib</file>
         <name>trgdrv.obj</name>
      </input_file>
      <input_file id="fl-a7">
         <path>C:\MATHLIB_Tools\CCSV5_5_0\ccsv5\tools\compiler\c6000_7.4.2\lib\</path>
         <kind>archive</kind>
         <file>rts6740_elf.lib</file>
         <name>trgmsg.obj</name>
      </input_file>
      <input_file id="fl-a8">
         <path>C:\MATHLIB_Tools\CCSV5_5_0\ccsv5\tools\compiler\c6000_7.4.2\lib\</path>
         <kind>archive</kind>
         <file>rts6740_elf.lib</file>
         <name>_io_perm.obj</name>
      </input_file>
      <input_file id="fl-a9">
         <path>C:\MATHLIB_Tools\CCSV5_5_0\ccsv5\tools\compiler\c6000_7.4.2\lib\</path>
         <kind>archive</kind>
         <file>rts6740_elf.lib</file>
         <name>_lock.obj</name>
      </input_file>
      <input_file id="fl-aa">
         <path>C:\MATHLIB_Tools\CCSV5_5_0\ccsv5\tools\compiler\c6000_7.4.2\lib\</path>
         <kind>archive</kind>
         <file>rts6740_elf.lib</file>
         <name>_printfi.obj</name>
      </input_file>
      <input_file id="fl-ab">
         <path>C:\MATHLIB_Tools\CCSV5_5_0\ccsv5\tools\compiler\c6000_7.4.2\lib\</path>
         <kind>archive</kind>
         <file>rts6740_elf.lib</file>
         <name>args_main.obj</name>
      </input_file>
      <input_file id="fl-ac">
         <path>C:\MATHLIB_Tools\CCSV5_5_0\ccsv5\tools\compiler\c6000_7.4.2\lib\</path>
         <kind>archive</kind>
         <file>rts6740_elf.lib</file>
         <name>atoi.obj</name>
      </input_file>
      <input_file id="fl-ad">
         <path>C:\MATHLIB_Tools\CCSV5_5_0\ccsv5\tools\compiler\c6000_7.4.2\lib\</path>
         <kind>archive</kind>
         <file>rts6740_elf.lib</file>
         <name>autoinit.obj</name>
      </input_file>
      <input_file id="fl-ae">
         <path>C:\MATHLIB_Tools\CCSV5_5_0\ccsv5\tools\compiler\c6000_7.4.2\lib\</path>
         <kind>archive</kind>
         <file>rts6740_elf.lib</file>
         <name>cpp_init.obj</name>
      </input_file>
      <input_file id="fl-af">
         <path>C:\MATHLIB_Tools\CCSV5_5_0\ccsv5\tools\compiler\c6000_7.4.2\lib\</path>
         <kind>archive</kind>
         <file>rts6740_elf.lib</file>
         <name>cpy_tbl.obj</name>
      </input_file>
      <input_file id="fl-b0">
         <path>C:\MATHLIB_Tools\CCSV5_5_0\ccsv5\tools\compiler\c6000_7.4.2\lib\</path>
         <kind>archive</kind>
         <file>rts6740_elf.lib</file>
         <name>ctype.obj</name>
      </input_file>
      <input_file id="fl-b1">
         <path>C:\MATHLIB_Tools\CCSV5_5_0\ccsv5\tools\compiler\c6000_7.4.2\lib\</path>
         <kind>archive</kind>
         <file>rts6740_elf.lib</file>
         <name>defs.obj</name>
      </input_file>
      <input_file id="fl-b2">
         <path>C:\MATHLIB_Tools\CCSV5_5_0\ccsv5\tools\compiler\c6000_7.4.2\lib\</path>
         <kind>archive</kind>
         <file>rts6740_elf.lib</file>
         <name>divu.obj</name>
      </input_file>
      <input_file id="fl-b3">
         <path>C:\MATHLIB_Tools\CCSV5_5_0\ccsv5\tools\compiler\c6000_7.4.2\lib\</path>
         <kind>archive</kind>
         <file>rts6740_elf.lib</file>
         <name>errno.obj</name>
      </input_file>
      <input_file id="fl-b4">
         <path>C:\MATHLIB_Tools\CCSV5_5_0\ccsv5\tools\compiler\c6000_7.4.2\lib\</path>
         <kind>archive</kind>
         <file>rts6740_elf.lib</file>
         <name>exp.obj</name>
      </input_file>
      <input_file id="fl-b5">
         <path>C:\MATHLIB_Tools\CCSV5_5_0\ccsv5\tools\compiler\c6000_7.4.2\lib\</path>
         <kind>archive</kind>
         <file>rts6740_elf.lib</file>
         <name>fseek.obj</name>
      </input_file>
      <input_file id="fl-b6">
         <path>C:\MATHLIB_Tools\CCSV5_5_0\ccsv5\tools\compiler\c6000_7.4.2\lib\</path>
         <kind>archive</kind>
         <file>rts6740_elf.lib</file>
         <name>imath40.obj</name>
      </input_file>
      <input_file id="fl-b7">
         <path>C:\MATHLIB_Tools\CCSV5_5_0\ccsv5\tools\compiler\c6000_7.4.2\lib\</path>
         <kind>archive</kind>
         <file>rts6740_elf.lib</file>
         <name>imath64.obj</name>
      </input_file>
      <input_file id="fl-b8">
         <path>C:\MATHLIB_Tools\CCSV5_5_0\ccsv5\tools\compiler\c6000_7.4.2\lib\</path>
         <kind>archive</kind>
         <file>rts6740_elf.lib</file>
         <name>isinf.obj</name>
      </input_file>
      <input_file id="fl-b9">
         <path>C:\MATHLIB_Tools\CCSV5_5_0\ccsv5\tools\compiler\c6000_7.4.2\lib\</path>
         <kind>archive</kind>
         <file>rts6740_elf.lib</file>
         <name>ldexp.obj</name>
      </input_file>
      <input_file id="fl-ba">
         <path>C:\MATHLIB_Tools\CCSV5_5_0\ccsv5\tools\compiler\c6000_7.4.2\lib\</path>
         <kind>archive</kind>
         <file>rts6740_elf.lib</file>
         <name>ltoa.obj</name>
      </input_file>
      <input_file id="fl-bb">
         <path>C:\MATHLIB_Tools\CCSV5_5_0\ccsv5\tools\compiler\c6000_7.4.2\lib\</path>
         <kind>archive</kind>
         <file>rts6740_elf.lib</file>
         <name>memccpy.obj</name>
      </input_file>
      <input_file id="fl-bc">
         <path>C:\MATHLIB_Tools\CCSV5_5_0\ccsv5\tools\compiler\c6000_7.4.2\lib\</path>
         <kind>archive</kind>
         <file>rts6740_elf.lib</file>
         <name>setvbuf.obj</name>
      </input_file>
      <input_file id="fl-bd">
         <path>C:\MATHLIB_Tools\CCSV5_5_0\ccsv5\tools\compiler\c6000_7.4.2\lib\</path>
         <kind>archive</kind>
         <file>rts6740_elf.lib</file>
         <name>tls.obj</name>
      </input_file>
      <input_file id="fl-be">
         <path>C:\MATHLIB_Tools\CCSV5_5_0\ccsv5\tools\compiler\c6000_7.4.2\lib\</path>
         <kind>archive</kind>
         <file>rts6740_elf.lib</file>
         <name>tls_get_tp.obj</name>
      </input_file>
      <input_file id="fl-bf">
         <path>C:\MATHLIB_Tools\CCSV5_5_0\ccsv5\tools\compiler\c6000_7.4.2\lib\</path>
         <kind>archive</kind>
         <file>rts6740_elf.lib</file>
         <name>trunc.obj</name>
      </input_file>
      <input_file id="fl-c0">
         <path>C:\MATHLIB_Tools\CCSV5_5_0\ccsv5\tools\compiler\c6000_7.4.2\lib\</path>
         <kind>archive</kind>
         <file>rts6740_elf.lib</file>
         <name>abs.obj</name>
      </input_file>
      <input_file id="fl-c1">
         <path>C:\MATHLIB_Tools\CCSV5_5_0\ccsv5\tools\compiler\c6000_7.4.2\lib\</path>
         <kind>archive</kind>
         <file>rts6740_elf.lib</file>
         <name>modf.obj</name>
      </input_file>
   </input_file_list>
   <object_component_list>
      <object_component id="oc-ad">
         <name>.text:optasm</name>
         <load_address>0x8303e0</load_address>
         <run_address>0x8303e0</run_address>
         <size>0x180</size>
         <input_file_ref idref="fl-f"/>
      </object_component>
      <object_component id="oc-b2">
         <name>.text:optvec</name>
         <load_address>0x82fb40</load_address>
         <run_address>0x82fb40</run_address>
         <size>0x8a0</size>
         <input_file_ref idref="fl-e"/>
      </object_component>
      <object_component id="oc-b1">
         <name>.text:optci</name>
         <load_address>0x830560</load_address>
         <run_address>0x830560</run_address>
         <size>0x120</size>
         <input_file_ref idref="fl-d"/>
      </object_component>
      <object_component id="oc-6a">
         <name>.text</name>
         <load_address>0x81de20</load_address>
         <run_address>0x81de20</run_address>
         <size>0x12e0</size>
         <input_file_ref idref="fl-2"/>
      </object_component>
      <object_component id="oc-a8">
         <name>.text</name>
         <load_address>0x81f100</load_address>
         <run_address>0x81f100</run_address>
         <size>0x660</size>
         <input_file_ref idref="fl-4"/>
      </object_component>
      <object_component id="oc-26e">
         <name>.text:_getarg_diouxp</name>
         <load_address>0x81f760</load_address>
         <run_address>0x81f760</run_address>
         <size>0x5c0</size>
         <input_file_ref idref="fl-aa"/>
      </object_component>
      <object_component id="oc-f1">
         <name>.text:__c6xabi_divd</name>
         <load_address>0x81fd20</load_address>
         <run_address>0x81fd20</run_address>
         <size>0x5a0</size>
         <input_file_ref idref="fl-8b"/>
      </object_component>
      <object_component id="oc-11c">
         <name>.text:_printfi</name>
         <load_address>0x8202c0</load_address>
         <run_address>0x8202c0</run_address>
         <size>0x460</size>
         <input_file_ref idref="fl-aa"/>
      </object_component>
      <object_component id="oc-190">
         <name>.text:_setfield</name>
         <load_address>0x820720</load_address>
         <run_address>0x820720</run_address>
         <size>0x460</size>
         <input_file_ref idref="fl-aa"/>
      </object_component>
      <object_component id="oc-17e">
         <name>.text:fputs</name>
         <load_address>0x820b80</load_address>
         <run_address>0x820b80</run_address>
         <size>0x3a0</size>
         <input_file_ref idref="fl-98"/>
      </object_component>
      <object_component id="oc-b3">
         <name>.text</name>
         <load_address>0x820f20</load_address>
         <run_address>0x820f20</run_address>
         <size>0x340</size>
         <input_file_ref idref="fl-3"/>
      </object_component>
      <object_component id="oc-204">
         <name>.text:_pproc_fge</name>
         <load_address>0x821260</load_address>
         <run_address>0x821260</run_address>
         <size>0x320</size>
         <input_file_ref idref="fl-aa"/>
      </object_component>
      <object_component id="oc-18c">
         <name>.text:_pproc_fwp</name>
         <load_address>0x821580</load_address>
         <run_address>0x821580</run_address>
         <size>0x2e0</size>
         <input_file_ref idref="fl-aa"/>
      </object_component>
      <object_component id="oc-2af">
         <name>.text:ecvt</name>
         <load_address>0x821860</load_address>
         <run_address>0x821860</run_address>
         <size>0x2a0</size>
         <input_file_ref idref="fl-aa"/>
      </object_component>
      <object_component id="oc-2bc">
         <name>.text:fcvt</name>
         <load_address>0x821b00</load_address>
         <run_address>0x821b00</run_address>
         <size>0x2a0</size>
         <input_file_ref idref="fl-aa"/>
      </object_component>
      <object_component id="oc-f9">
         <name>.text:__c6xabi_divf</name>
         <load_address>0x821da0</load_address>
         <run_address>0x821da0</run_address>
         <size>0x280</size>
         <input_file_ref idref="fl-8c"/>
      </object_component>
      <object_component id="oc-1c8">
         <name>.text:free</name>
         <load_address>0x822020</load_address>
         <run_address>0x822020</run_address>
         <size>0x280</size>
         <input_file_ref idref="fl-9f"/>
      </object_component>
      <object_component id="oc-30f">
         <name>.text:__c6xabi_divull</name>
         <load_address>0x8222a0</load_address>
         <run_address>0x8222a0</run_address>
         <size>0x260</size>
         <input_file_ref idref="fl-b7"/>
      </object_component>
      <object_component id="oc-269">
         <name>.text:_pconv_e</name>
         <load_address>0x822500</load_address>
         <run_address>0x822500</run_address>
         <size>0x260</size>
         <input_file_ref idref="fl-aa"/>
      </object_component>
      <object_component id="oc-208">
         <name>.text:_pproc_diouxp</name>
         <load_address>0x822760</load_address>
         <run_address>0x822760</run_address>
         <size>0x240</size>
         <input_file_ref idref="fl-aa"/>
      </object_component>
      <object_component id="oc-fd">
         <name>.text:exp</name>
         <load_address>0x8229a0</load_address>
         <run_address>0x8229a0</run_address>
         <size>0x240</size>
         <input_file_ref idref="fl-b4"/>
      </object_component>
      <object_component id="oc-194">
         <name>.text:_pproc_str</name>
         <load_address>0x822be0</load_address>
         <run_address>0x822be0</run_address>
         <size>0x220</size>
         <input_file_ref idref="fl-aa"/>
      </object_component>
      <object_component id="oc-183">
         <name>.text:fputc</name>
         <load_address>0x822e00</load_address>
         <run_address>0x822e00</run_address>
         <size>0x220</size>
         <input_file_ref idref="fl-97"/>
      </object_component>
      <object_component id="oc-261">
         <name>.text:_pconv_g</name>
         <load_address>0x823020</load_address>
         <run_address>0x823020</run_address>
         <size>0x200</size>
         <input_file_ref idref="fl-aa"/>
      </object_component>
      <object_component id="oc-24a">
         <name>.text:setvbuf</name>
         <load_address>0x823220</load_address>
         <run_address>0x823220</run_address>
         <size>0x200</size>
         <input_file_ref idref="fl-bc"/>
      </object_component>
      <object_component id="oc-ea">
         <name>.text:expf</name>
         <load_address>0x823420</load_address>
         <run_address>0x823420</run_address>
         <size>0x1e0</size>
         <input_file_ref idref="fl-90"/>
      </object_component>
      <object_component id="oc-2b7">
         <name>.text:_mcpy</name>
         <load_address>0x823600</load_address>
         <run_address>0x823600</run_address>
         <size>0x1c0</size>
         <input_file_ref idref="fl-aa"/>
      </object_component>
      <object_component id="oc-12b">
         <name>.text:_openfile</name>
         <load_address>0x8237c0</load_address>
         <run_address>0x8237c0</run_address>
         <size>0x1c0</size>
         <input_file_ref idref="fl-95"/>
      </object_component>
      <object_component id="oc-30b">
         <name>.text:__c6xabi_divul</name>
         <load_address>0x823980</load_address>
         <run_address>0x823980</run_address>
         <size>0x1a0</size>
         <input_file_ref idref="fl-b6"/>
      </object_component>
      <object_component id="oc-2eb">
         <name>.text:HOSTrename</name>
         <load_address>0x823b20</load_address>
         <run_address>0x823b20</run_address>
         <size>0x180</size>
         <input_file_ref idref="fl-a6"/>
      </object_component>
      <object_component id="oc-4c">
         <name>.text:__TI_decompress_rle_core</name>
         <load_address>0x823ca0</load_address>
         <run_address>0x823ca0</run_address>
         <size>0x180</size>
         <input_file_ref idref="fl-89"/>
      </object_component>
      <object_component id="oc-15b">
         <name>.text:ldexp</name>
         <load_address>0x823e20</load_address>
         <run_address>0x823e20</run_address>
         <size>0x180</size>
         <input_file_ref idref="fl-b9"/>
      </object_component>
      <object_component id="oc-2a0">
         <name>.text:malloc</name>
         <load_address>0x823fa0</load_address>
         <run_address>0x823fa0</run_address>
         <size>0x180</size>
         <input_file_ref idref="fl-9f"/>
      </object_component>
      <object_component id="oc-1b4">
         <name>.text:open</name>
         <load_address>0x824120</load_address>
         <run_address>0x824120</run_address>
         <size>0x180</size>
         <input_file_ref idref="fl-9d"/>
      </object_component>
      <object_component id="oc-14a">
         <name>.text:ldexpf</name>
         <load_address>0x8242a0</load_address>
         <run_address>0x8242a0</run_address>
         <size>0x160</size>
         <input_file_ref idref="fl-9b"/>
      </object_component>
      <object_component id="oc-188">
         <name>.text:_pproc_fflags</name>
         <load_address>0x824400</load_address>
         <run_address>0x824400</run_address>
         <size>0x140</size>
         <input_file_ref idref="fl-aa"/>
      </object_component>
      <object_component id="oc-225">
         <name>.text:getdevice</name>
         <load_address>0x824540</load_address>
         <run_address>0x824540</run_address>
         <size>0x140</size>
         <input_file_ref idref="fl-9d"/>
      </object_component>
      <object_component id="oc-13b">
         <name>.text:_closefile</name>
         <load_address>0x824680</load_address>
         <run_address>0x824680</run_address>
         <size>0x120</size>
         <input_file_ref idref="fl-91"/>
      </object_component>
      <object_component id="oc-272">
         <name>.text:_ltostr</name>
         <load_address>0x8247a0</load_address>
         <run_address>0x8247a0</run_address>
         <size>0x120</size>
         <input_file_ref idref="fl-aa"/>
      </object_component>
      <object_component id="oc-127">
         <name>.text:_search_fp</name>
         <load_address>0x8248c0</load_address>
         <run_address>0x8248c0</run_address>
         <size>0x120</size>
         <input_file_ref idref="fl-95"/>
      </object_component>
      <object_component id="oc-246">
         <name>.text:fseek</name>
         <load_address>0x8249e0</load_address>
         <run_address>0x8249e0</run_address>
         <size>0x120</size>
         <input_file_ref idref="fl-b5"/>
      </object_component>
      <object_component id="oc-2e3">
         <name>.text:HOSTlseek</name>
         <load_address>0x824b00</load_address>
         <run_address>0x824b00</run_address>
         <size>0x100</size>
         <input_file_ref idref="fl-a6"/>
      </object_component>
      <object_component id="oc-bc">
         <name>.text:__c6xabi_fixdlli</name>
         <load_address>0x824c00</load_address>
         <run_address>0x824c00</run_address>
         <size>0x100</size>
         <input_file_ref idref="fl-93"/>
      </object_component>
      <object_component id="oc-2f">
         <name>.text:_auto_init_elf</name>
         <load_address>0x824d00</load_address>
         <run_address>0x824d00</run_address>
         <size>0x100</size>
         <input_file_ref idref="fl-ad"/>
      </object_component>
      <object_component id="oc-1f2">
         <name>.text:_wrt_ok</name>
         <load_address>0x824e00</load_address>
         <run_address>0x824e00</run_address>
         <size>0x100</size>
         <input_file_ref idref="fl-a8"/>
      </object_component>
      <object_component id="oc-5d">
         <name>.text:copy_in</name>
         <load_address>0x824f00</load_address>
         <run_address>0x824f00</run_address>
         <size>0x100</size>
         <input_file_ref idref="fl-af"/>
      </object_component>
      <object_component id="oc-de">
         <name>.text:fprintf</name>
         <load_address>0x825000</load_address>
         <run_address>0x825000</run_address>
         <size>0x100</size>
         <input_file_ref idref="fl-96"/>
      </object_component>
      <object_component id="oc-2d3">
         <name>.text:HOSTopen</name>
         <load_address>0x825100</load_address>
         <run_address>0x825100</run_address>
         <size>0xe0</size>
         <input_file_ref idref="fl-a6"/>
      </object_component>
      <object_component id="oc-b8">
         <name>.text:__c6xabi_fltllif</name>
         <load_address>0x8251e0</load_address>
         <run_address>0x8251e0</run_address>
         <size>0xe0</size>
         <input_file_ref idref="fl-94"/>
      </object_component>
      <object_component id="oc-1ff">
         <name>.text:atoi</name>
         <load_address>0x8252c0</load_address>
         <run_address>0x8252c0</run_address>
         <size>0xe0</size>
         <input_file_ref idref="fl-ac"/>
      </object_component>
      <object_component id="oc-1cc">
         <name>.text:close</name>
         <load_address>0x8253a0</load_address>
         <run_address>0x8253a0</run_address>
         <size>0xe0</size>
         <input_file_ref idref="fl-9d"/>
      </object_component>
      <object_component id="oc-23">
         <name>.text:decompress:ZI:__TI_zero_init</name>
         <load_address>0x825480</load_address>
         <run_address>0x825480</run_address>
         <size>0xe0</size>
         <input_file_ref idref="fl-8a"/>
      </object_component>
      <object_component id="oc-2fe">
         <name>.text:ltoa</name>
         <load_address>0x825560</load_address>
         <run_address>0x825560</run_address>
         <size>0xe0</size>
         <input_file_ref idref="fl-ba"/>
      </object_component>
      <object_component id="oc-1ab">
         <name>.text:memset</name>
         <load_address>0x825640</load_address>
         <run_address>0x825640</run_address>
         <size>0xe0</size>
         <input_file_ref idref="fl-a0"/>
      </object_component>
      <object_component id="oc-c0">
         <name>.text:printf</name>
         <load_address>0x825720</load_address>
         <run_address>0x825720</run_address>
         <size>0xe0</size>
         <input_file_ref idref="fl-a3"/>
      </object_component>
      <object_component id="oc-2db">
         <name>.text:HOSTread</name>
         <load_address>0x825800</load_address>
         <run_address>0x825800</run_address>
         <size>0xc0</size>
         <input_file_ref idref="fl-a6"/>
      </object_component>
      <object_component id="oc-2e7">
         <name>.text:HOSTunlink</name>
         <load_address>0x8258c0</load_address>
         <run_address>0x8258c0</run_address>
         <size>0xc0</size>
         <input_file_ref idref="fl-a6"/>
      </object_component>
      <object_component id="oc-2df">
         <name>.text:HOSTwrite</name>
         <load_address>0x825980</load_address>
         <run_address>0x825980</run_address>
         <size>0xc0</size>
         <input_file_ref idref="fl-a6"/>
      </object_component>
      <object_component id="oc-307">
         <name>.text:__divu</name>
         <load_address>0x825a40</load_address>
         <run_address>0x825a40</run_address>
         <size>0xc0</size>
         <input_file_ref idref="fl-b2"/>
      </object_component>
      <object_component id="oc-2cc">
         <name>.text:_div</name>
         <load_address>0x825b00</load_address>
         <run_address>0x825b00</run_address>
         <size>0xc0</size>
         <input_file_ref idref="fl-aa"/>
      </object_component>
      <object_component id="oc-1c4">
         <name>.text:_doflush</name>
         <load_address>0x825bc0</load_address>
         <run_address>0x825bc0</run_address>
         <size>0xc0</size>
         <input_file_ref idref="fl-92"/>
      </object_component>
      <object_component id="oc-37">
         <name>.text:exit</name>
         <load_address>0x825c80</load_address>
         <run_address>0x825c80</run_address>
         <size>0xc0</size>
         <input_file_ref idref="fl-8d"/>
      </object_component>
      <object_component id="oc-61">
         <name>.text:tls:init:__TI_tls_init</name>
         <load_address>0x825d40</load_address>
         <run_address>0x825d40</run_address>
         <size>0xc0</size>
         <input_file_ref idref="fl-bd"/>
      </object_component>
      <object_component id="oc-2d7">
         <name>.text:HOSTclose</name>
         <load_address>0x825e00</load_address>
         <run_address>0x825e00</run_address>
         <size>0xa0</size>
         <input_file_ref idref="fl-a6"/>
      </object_component>
      <object_component id="oc-1b0">
         <name>.text:_cleanup</name>
         <load_address>0x825ea0</load_address>
         <run_address>0x825ea0</run_address>
         <size>0xa0</size>
         <input_file_ref idref="fl-95"/>
      </object_component>
      <object_component id="oc-2b3">
         <name>.text:_ecpy</name>
         <load_address>0x825f40</load_address>
         <run_address>0x825f40</run_address>
         <size>0xa0</size>
         <input_file_ref idref="fl-aa"/>
      </object_component>
      <object_component id="oc-2c0">
         <name>.text:_fcpy</name>
         <load_address>0x825fe0</load_address>
         <run_address>0x825fe0</run_address>
         <size>0xa0</size>
         <input_file_ref idref="fl-aa"/>
      </object_component>
      <object_component id="oc-2f5">
         <name>.text:_minit</name>
         <load_address>0x826080</load_address>
         <run_address>0x826080</run_address>
         <size>0xa0</size>
         <input_file_ref idref="fl-9f"/>
      </object_component>
      <object_component id="oc-265">
         <name>.text:_pconv_f</name>
         <load_address>0x826120</load_address>
         <run_address>0x826120</run_address>
         <size>0xa0</size>
         <input_file_ref idref="fl-aa"/>
      </object_component>
      <object_component id="oc-281">
         <name>.text:finddevice</name>
         <load_address>0x8261c0</load_address>
         <run_address>0x8261c0</run_address>
         <size>0xa0</size>
         <input_file_ref idref="fl-9d"/>
      </object_component>
      <object_component id="oc-29a">
         <name>.text:lseek</name>
         <load_address>0x826260</load_address>
         <run_address>0x826260</run_address>
         <size>0xa0</size>
         <input_file_ref idref="fl-9d"/>
      </object_component>
      <object_component id="oc-3c">
         <name>.text:memcpy</name>
         <load_address>0x826300</load_address>
         <run_address>0x826300</run_address>
         <size>0xa0</size>
         <input_file_ref idref="fl-9e"/>
      </object_component>
      <object_component id="oc-233">
         <name>.text:minsert</name>
         <load_address>0x8263a0</load_address>
         <run_address>0x8263a0</run_address>
         <size>0xa0</size>
         <input_file_ref idref="fl-9f"/>
      </object_component>
      <object_component id="oc-1e6">
         <name>.text:modf</name>
         <load_address>0x826440</load_address>
         <run_address>0x826440</run_address>
         <size>0xa0</size>
         <input_file_ref idref="fl-c1"/>
      </object_component>
      <object_component id="oc-22f">
         <name>.text:mremove</name>
         <load_address>0x8264e0</load_address>
         <run_address>0x8264e0</run_address>
         <size>0xa0</size>
         <input_file_ref idref="fl-9f"/>
      </object_component>
      <object_component id="oc-1f6">
         <name>.text:write</name>
         <load_address>0x826580</load_address>
         <run_address>0x826580</run_address>
         <size>0xa0</size>
         <input_file_ref idref="fl-9d"/>
      </object_component>
      <object_component id="oc-106">
         <name>.text:__c6xabi_llshl</name>
         <load_address>0x826620</load_address>
         <run_address>0x826620</run_address>
         <size>0x80</size>
         <input_file_ref idref="fl-9c"/>
      </object_component>
      <object_component id="oc-1b">
         <name>.text:_c_int00</name>
         <load_address>0x8266a0</load_address>
         <run_address>0x8266a0</run_address>
         <size>0x80</size>
         <input_file_ref idref="fl-87"/>
      </object_component>
      <object_component id="oc-d6">
         <name>.text:rand</name>
         <load_address>0x826720</load_address>
         <run_address>0x826720</run_address>
         <size>0x80</size>
         <input_file_ref idref="fl-a4"/>
      </object_component>
      <object_component id="oc-31a">
         <name>.text:readmsg</name>
         <load_address>0x8267a0</load_address>
         <run_address>0x8267a0</run_address>
         <size>0x80</size>
         <input_file_ref idref="fl-a7"/>
      </object_component>
      <object_component id="oc-1d0">
         <name>.text:unlink</name>
         <load_address>0x826820</load_address>
         <run_address>0x826820</run_address>
         <size>0x80</size>
         <input_file_ref idref="fl-9d"/>
      </object_component>
      <object_component id="oc-65">
         <name>.text:__TI_cpp_init</name>
         <load_address>0x8268a0</load_address>
         <run_address>0x8268a0</run_address>
         <size>0x60</size>
         <input_file_ref idref="fl-ae"/>
      </object_component>
      <object_component id="oc-32b">
         <name>.text:_subcull</name>
         <load_address>0x826900</load_address>
         <run_address>0x826900</run_address>
         <size>0x60</size>
         <input_file_ref idref="fl-b7"/>
      </object_component>
      <object_component id="oc-e2">
         <name>.text:fclose</name>
         <load_address>0x826960</load_address>
         <run_address>0x826960</run_address>
         <size>0x60</size>
         <input_file_ref idref="fl-91"/>
      </object_component>
      <object_component id="oc-da">
         <name>.text:fopen</name>
         <load_address>0x8269c0</load_address>
         <run_address>0x8269c0</run_address>
         <size>0x60</size>
         <input_file_ref idref="fl-95"/>
      </object_component>
      <object_component id="oc-20c">
         <name>.text:memccpy</name>
         <load_address>0x826a20</load_address>
         <run_address>0x826a20</run_address>
         <size>0x60</size>
         <input_file_ref idref="fl-bb"/>
      </object_component>
      <object_component id="oc-146">
         <name>.text:modff</name>
         <load_address>0x826a80</load_address>
         <run_address>0x826a80</run_address>
         <size>0x60</size>
         <input_file_ref idref="fl-a1"/>
      </object_component>
      <object_component id="oc-e6">
         <name>.text:srand</name>
         <load_address>0x826ae0</load_address>
         <run_address>0x826ae0</run_address>
         <size>0x60</size>
         <input_file_ref idref="fl-a4"/>
      </object_component>
      <object_component id="oc-221">
         <name>.text:tabinit</name>
         <load_address>0x826b40</load_address>
         <run_address>0x826b40</run_address>
         <size>0x60</size>
         <input_file_ref idref="fl-9d"/>
      </object_component>
      <object_component id="oc-316">
         <name>.text:writemsg</name>
         <load_address>0x826ba0</load_address>
         <run_address>0x826ba0</run_address>
         <size>0x60</size>
         <input_file_ref idref="fl-a7"/>
      </object_component>
      <object_component id="oc-150">
         <name>.text:__c6xabi_frcmpyd_div</name>
         <load_address>0x826c00</load_address>
         <run_address>0x826c00</run_address>
         <size>0x40</size>
         <input_file_ref idref="fl-99"/>
      </object_component>
      <object_component id="oc-25d">
         <name>.text:__c6xabi_isinf</name>
         <load_address>0x826c40</load_address>
         <run_address>0x826c40</run_address>
         <size>0x40</size>
         <input_file_ref idref="fl-b8"/>
      </object_component>
      <object_component id="oc-259">
         <name>.text:__c6xabi_isnan</name>
         <load_address>0x826c80</load_address>
         <run_address>0x826c80</run_address>
         <size>0x40</size>
         <input_file_ref idref="fl-aa"/>
      </object_component>
      <object_component id="oc-10b">
         <name>.text:__c6xabi_llshru</name>
         <load_address>0x826cc0</load_address>
         <run_address>0x826cc0</run_address>
         <size>0x40</size>
         <input_file_ref idref="fl-9c"/>
      </object_component>
      <object_component id="oc-33">
         <name>.text:_args_main</name>
         <load_address>0x826d00</load_address>
         <run_address>0x826d00</run_address>
         <size>0x40</size>
         <input_file_ref idref="fl-ab"/>
      </object_component>
      <object_component id="oc-142">
         <name>.text:__c6xabi_errno_addr</name>
         <load_address>0x826d40</load_address>
         <run_address>0x826d40</run_address>
         <size>0x20</size>
         <input_file_ref idref="fl-b3"/>
      </object_component>
      <object_component id="oc-f5">
         <name>.text:__c6xabi_isinff</name>
         <load_address>0x826d60</load_address>
         <run_address>0x826d60</run_address>
         <size>0x20</size>
         <input_file_ref idref="fl-9a"/>
      </object_component>
      <object_component id="oc-102">
         <name>.text:__c6xabi_negll</name>
         <load_address>0x826d80</load_address>
         <run_address>0x826d80</run_address>
         <size>0x20</size>
         <input_file_ref idref="fl-a2"/>
      </object_component>
      <object_component id="oc-157">
         <name>.text:__c6xabi_trunc</name>
         <load_address>0x826da0</load_address>
         <run_address>0x826da0</run_address>
         <size>0x20</size>
         <input_file_ref idref="fl-bf"/>
      </object_component>
      <object_component id="oc-174">
         <name>.text:_nop</name>
         <load_address>0x826dc0</load_address>
         <run_address>0x826dc0</run_address>
         <size>0x20</size>
         <input_file_ref idref="fl-a9"/>
      </object_component>
      <object_component id="oc-135">
         <name>.text:_outc</name>
         <load_address>0x826de0</load_address>
         <run_address>0x826de0</run_address>
         <size>0x20</size>
         <input_file_ref idref="fl-96"/>
      </object_component>
      <object_component id="oc-118">
         <name>.text:_outc</name>
         <load_address>0x826e00</load_address>
         <run_address>0x826e00</run_address>
         <size>0x20</size>
         <input_file_ref idref="fl-a3"/>
      </object_component>
      <object_component id="oc-131">
         <name>.text:_outs</name>
         <load_address>0x826e20</load_address>
         <run_address>0x826e20</run_address>
         <size>0x20</size>
         <input_file_ref idref="fl-96"/>
      </object_component>
      <object_component id="oc-114">
         <name>.text:_outs</name>
         <load_address>0x826e40</load_address>
         <run_address>0x826e40</run_address>
         <size>0x20</size>
         <input_file_ref idref="fl-a3"/>
      </object_component>
      <object_component id="oc-73">
         <name>.text:abort</name>
         <load_address>0x826e60</load_address>
         <run_address>0x826e60</run_address>
         <size>0x20</size>
         <input_file_ref idref="fl-8d"/>
      </object_component>
      <object_component id="oc-1f">
         <name>.text:decompress:none:__TI_decompress_none</name>
         <load_address>0x826e80</load_address>
         <run_address>0x826e80</run_address>
         <size>0x20</size>
         <input_file_ref idref="fl-88"/>
      </object_component>
      <object_component id="oc-27">
         <name>.text:decompress:rle24:__TI_decompress_rle24</name>
         <load_address>0x826ea0</load_address>
         <run_address>0x826ea0</run_address>
         <size>0x20</size>
         <input_file_ref idref="fl-89"/>
      </object_component>
      <object_component id="oc-b4">
         <name>.text:exp10</name>
         <load_address>0x826ec0</load_address>
         <run_address>0x826ec0</run_address>
         <size>0x20</size>
         <input_file_ref idref="fl-8e"/>
      </object_component>
      <object_component id="oc-a9">
         <name>.text:exp10f</name>
         <load_address>0x826ee0</load_address>
         <run_address>0x826ee0</run_address>
         <size>0x20</size>
         <input_file_ref idref="fl-8f"/>
      </object_component>
      <object_component id="oc-36b">
         <name>$Tramp$S$$exp10sp_v</name>
         <load_address>0x826f00</load_address>
         <run_address>0x826f00</run_address>
         <size>0x10</size>
         <input_file_ref idref="fl-e"/>
      </object_component>
      <object_component id="oc-36a">
         <name>$Tramp$S$$exp10sp_c</name>
         <load_address>0x826f10</load_address>
         <run_address>0x826f10</run_address>
         <size>0x10</size>
         <input_file_ref idref="fl-d"/>
      </object_component>
      <object_component id="oc-369">
         <name>$Tramp$S$$exp10sp</name>
         <load_address>0x826f20</load_address>
         <run_address>0x826f20</run_address>
         <size>0x10</size>
         <input_file_ref idref="fl-f"/>
      </object_component>
      <object_component id="oc-a6">
         <name>.far</name>
         <uninitialized>true</uninitialized>
         <run_address>0x800000</run_address>
         <size>0x11c60</size>
         <input_file_ref idref="fl-3"/>
      </object_component>
      <object_component id="oc-1d4">
         <name>.far</name>
         <uninitialized>true</uninitialized>
         <run_address>0x811c60</run_address>
         <size>0x140</size>
         <input_file_ref idref="fl-b1"/>
      </object_component>
      <object_component id="oc-a5">
         <name>.far</name>
         <uninitialized>true</uninitialized>
         <run_address>0x811da0</run_address>
         <size>0x60</size>
         <input_file_ref idref="fl-4"/>
      </object_component>
      <object_component id="oc-314">
         <name>.far</name>
         <uninitialized>true</uninitialized>
         <run_address>0x811e00</run_address>
         <size>0x8</size>
         <input_file_ref idref="fl-a6"/>
      </object_component>
      <object_component id="oc-160">
         <name>.fardata:P$1</name>
         <load_address>0x81de08</load_address>
         <run_address>0x81de08</run_address>
         <size>0x18</size>
         <input_file_ref idref="fl-b4"/>
      </object_component>
      <object_component id="oc-a1">
         <name>.fardata:a</name>
         <load_address>0x82ef40</load_address>
         <run_address>0x82ef40</run_address>
         <size>0x324</size>
         <input_file_ref idref="fl-2"/>
      </object_component>
      <object_component id="oc-1a9">
         <name>.fardata</name>
         <load_address>0x82f264</load_address>
         <run_address>0x82f264</run_address>
         <size>0x4</size>
         <input_file_ref idref="fl-b1"/>
      </object_component>
      <object_component id="oc-112">
         <name>.fardata:_ftable</name>
         <load_address>0x82f268</load_address>
         <run_address>0x82f268</run_address>
         <size>0x1e0</size>
         <input_file_ref idref="fl-b1"/>
      </object_component>
      <object_component id="oc-21f">
         <name>.fardata:_stream</name>
         <load_address>0x82f448</load_address>
         <run_address>0x82f448</run_address>
         <size>0xa0</size>
         <input_file_ref idref="fl-9d"/>
      </object_component>
      <object_component id="oc-27b">
         <name>.fardata:_device</name>
         <load_address>0x82f4e8</load_address>
         <run_address>0x82f4e8</run_address>
         <size>0x78</size>
         <input_file_ref idref="fl-9d"/>
      </object_component>
      <object_component id="oc-a3">
         <name>.fardata:ti_math_jTable</name>
         <load_address>0x82f560</load_address>
         <run_address>0x82f560</run_address>
         <size>0x20</size>
         <input_file_ref idref="fl-c"/>
      </object_component>
      <object_component id="oc-a4">
         <name>.fardata:ti_math_kTable</name>
         <load_address>0x82f580</load_address>
         <run_address>0x82f580</run_address>
         <size>0x20</size>
         <input_file_ref idref="fl-c"/>
      </object_component>
      <object_component id="oc-14e">
         <name>.fardata:exp_consts$1</name>
         <load_address>0x82f5a0</load_address>
         <run_address>0x82f5a0</run_address>
         <size>0x1c</size>
         <input_file_ref idref="fl-90"/>
      </object_component>
      <object_component id="oc-1d9">
         <name>.fardata</name>
         <load_address>0x82f5bc</load_address>
         <run_address>0x82f5bc</run_address>
         <size>0x4</size>
         <input_file_ref idref="fl-b3"/>
      </object_component>
      <object_component id="oc-15f">
         <name>.fardata:Q$2</name>
         <load_address>0x82f5c0</load_address>
         <run_address>0x82f5c0</run_address>
         <size>0x18</size>
         <input_file_ref idref="fl-b4"/>
      </object_component>
      <object_component id="oc-a2">
         <name>.fardata:output</name>
         <load_address>0x82f5d8</load_address>
         <run_address>0x82f5d8</run_address>
         <size>0x14</size>
         <input_file_ref idref="fl-3"/>
      </object_component>
      <object_component id="oc-71">
         <name>.fardata</name>
         <load_address>0x82f5ec</load_address>
         <run_address>0x82f5ec</run_address>
         <size>0xc</size>
         <input_file_ref idref="fl-8d"/>
      </object_component>
      <object_component id="oc-22d">
         <name>.fardata</name>
         <load_address>0x82f5f8</load_address>
         <run_address>0x82f5f8</run_address>
         <size>0xc</size>
         <input_file_ref idref="fl-9f"/>
      </object_component>
      <object_component id="oc-1a8">
         <name>.fardata</name>
         <load_address>0x82f604</load_address>
         <run_address>0x82f604</run_address>
         <size>0x4</size>
         <input_file_ref idref="fl-95"/>
      </object_component>
      <object_component id="oc-a7">
         <name>.fardata:input</name>
         <load_address>0x82f608</load_address>
         <run_address>0x82f608</run_address>
         <size>0x8</size>
         <input_file_ref idref="fl-3"/>
      </object_component>
      <object_component id="oc-110">
         <name>.fardata</name>
         <load_address>0x82f610</load_address>
         <run_address>0x82f610</run_address>
         <size>0x8</size>
         <input_file_ref idref="fl-a9"/>
      </object_component>
      <object_component id="oc-27f">
         <name>.fardata</name>
         <load_address>0x82f618</load_address>
         <run_address>0x82f618</run_address>
         <size>0x4</size>
         <input_file_ref idref="fl-9d"/>
      </object_component>
      <object_component id="oc-124">
         <name>.fardata</name>
         <load_address>0x82f61c</load_address>
         <run_address>0x82f61c</run_address>
         <size>0x4</size>
         <input_file_ref idref="fl-a4"/>
      </object_component>
      <object_component id="oc-ef">
         <name>.data</name>
         <load_address>0x82fae0</load_address>
         <run_address>0x82fae0</run_address>
         <size>0x60</size>
         <input_file_ref idref="fl-f"/>
      </object_component>
      <object_component id="oc-2b">
         <name>.stack</name>
         <uninitialized>true</uninitialized>
         <run_address>0x811e08</run_address>
         <size>0x8</size>
         <input_file_ref idref="fl-87"/>
      </object_component>
      <object_component id="oc-367">
         <name>.stack</name>
         <uninitialized>true</uninitialized>
         <run_address>0x811e08</run_address>
         <size>0x0</size>
      </object_component>
      <object_component id="oc-2d">
         <name>.sysmem</name>
         <uninitialized>true</uninitialized>
         <run_address>0x826f40</run_address>
         <size>0x8</size>
         <input_file_ref idref="fl-9f"/>
      </object_component>
      <object_component id="oc-368">
         <name>.sysmem</name>
         <uninitialized>true</uninitialized>
         <run_address>0x826f40</run_address>
         <size>0x0</size>
      </object_component>
      <object_component id="oc-376">
         <name>.cinit..fardata.2.load</name>
         <load_address>0x830680</load_address>
         <run_address>0x830680</run_address>
         <size>0x422</size>
      </object_component>
      <object_component id="oc-377">
         <name>.cinit..data.load</name>
         <load_address>0x830aa4</load_address>
         <run_address>0x830aa4</run_address>
         <size>0x62</size>
      </object_component>
      <object_component id="oc-375">
         <name>.cinit..fardata.1.load</name>
         <load_address>0x830b08</load_address>
         <run_address>0x830b08</run_address>
         <size>0x1b</size>
      </object_component>
      <object_component id="oc-362">
         <name>__TI_handler_table</name>
         <load_address>0x830b24</load_address>
         <run_address>0x830b24</run_address>
         <size>0xc</size>
      </object_component>
      <object_component id="oc-373">
         <name>.cinit..far.load</name>
         <load_address>0x830b30</load_address>
         <run_address>0x830b30</run_address>
         <size>0x8</size>
      </object_component>
      <object_component id="oc-363">
         <name>__TI_cinit_table</name>
         <load_address>0x830b38</load_address>
         <run_address>0x830b38</run_address>
         <size>0x20</size>
      </object_component>
      <object_component id="oc-d5">
         <name>.const:.string</name>
         <load_address>0x82f620</load_address>
         <run_address>0x82f620</run_address>
         <size>0x203</size>
         <input_file_ref idref="fl-4"/>
      </object_component>
      <object_component id="oc-255">
         <name>.const:.string:_ctypes_</name>
         <load_address>0x82f828</load_address>
         <run_address>0x82f828</run_address>
         <size>0x101</size>
         <input_file_ref idref="fl-b0"/>
      </object_component>
      <object_component id="oc-a0">
         <name>.const:.string</name>
         <load_address>0x82f929</load_address>
         <run_address>0x82f929</run_address>
         <size>0x5b</size>
         <input_file_ref idref="fl-2"/>
      </object_component>
      <object_component id="oc-210">
         <name>.const:.string</name>
         <load_address>0x82f984</load_address>
         <run_address>0x82f984</run_address>
         <size>0x23</size>
         <input_file_ref idref="fl-aa"/>
      </object_component>
      <object_component id="oc-332">
         <name>.cio</name>
         <uninitialized>true</uninitialized>
         <run_address>0x82f9a8</run_address>
         <size>0x120</size>
         <input_file_ref idref="fl-a7"/>
      </object_component>
      <object_component id="oc-1c">
         <name>.debug_info</name>
         <load_address>0x0</load_address>
         <run_address>0x0</run_address>
         <size>0x110</size>
         <input_file_ref idref="fl-87"/>
      </object_component>
      <object_component id="oc-20">
         <name>.debug_info</name>
         <load_address>0x110</load_address>
         <run_address>0x110</run_address>
         <size>0x14f</size>
         <input_file_ref idref="fl-88"/>
      </object_component>
      <object_component id="oc-24">
         <name>.debug_info</name>
         <load_address>0x25f</load_address>
         <run_address>0x25f</run_address>
         <size>0x190</size>
         <input_file_ref idref="fl-8a"/>
      </object_component>
      <object_component id="oc-28">
         <name>.debug_info</name>
         <load_address>0x3ef</load_address>
         <run_address>0x3ef</run_address>
         <size>0x16c</size>
         <input_file_ref idref="fl-89"/>
      </object_component>
      <object_component id="oc-2c">
         <name>.debug_info</name>
         <load_address>0x55b</load_address>
         <run_address>0x55b</run_address>
         <size>0xa7</size>
         <input_file_ref idref="fl-87"/>
      </object_component>
      <object_component id="oc-2e">
         <name>.debug_info</name>
         <load_address>0x602</load_address>
         <run_address>0x602</run_address>
         <size>0xb3</size>
         <input_file_ref idref="fl-9f"/>
      </object_component>
      <object_component id="oc-30">
         <name>.debug_info</name>
         <load_address>0x6b5</load_address>
         <run_address>0x6b5</run_address>
         <size>0x190</size>
         <input_file_ref idref="fl-ad"/>
      </object_component>
      <object_component id="oc-34">
         <name>.debug_info</name>
         <load_address>0x845</load_address>
         <run_address>0x845</run_address>
         <size>0xf6</size>
         <input_file_ref idref="fl-ab"/>
      </object_component>
      <object_component id="oc-38">
         <name>.debug_info</name>
         <load_address>0x93b</load_address>
         <run_address>0x93b</run_address>
         <size>0x10c</size>
         <input_file_ref idref="fl-8d"/>
      </object_component>
      <object_component id="oc-3d">
         <name>.debug_info</name>
         <load_address>0xa47</load_address>
         <run_address>0xa47</run_address>
         <size>0xd6</size>
         <input_file_ref idref="fl-9e"/>
      </object_component>
      <object_component id="oc-41">
         <name>.debug_info</name>
         <load_address>0xb1d</load_address>
         <run_address>0xb1d</run_address>
         <size>0x53</size>
         <input_file_ref idref="fl-88"/>
      </object_component>
      <object_component id="oc-47">
         <name>.debug_info</name>
         <load_address>0xb70</load_address>
         <run_address>0xb70</run_address>
         <size>0x53</size>
         <input_file_ref idref="fl-8a"/>
      </object_component>
      <object_component id="oc-4d">
         <name>.debug_info</name>
         <load_address>0xbc3</load_address>
         <run_address>0xbc3</run_address>
         <size>0x2f2</size>
         <input_file_ref idref="fl-89"/>
      </object_component>
      <object_component id="oc-51">
         <name>.debug_info</name>
         <load_address>0xeb5</load_address>
         <run_address>0xeb5</run_address>
         <size>0x1d7</size>
         <input_file_ref idref="fl-89"/>
      </object_component>
      <object_component id="oc-52">
         <name>.debug_info</name>
         <load_address>0x108c</load_address>
         <run_address>0x108c</run_address>
         <size>0x46</size>
         <input_file_ref idref="fl-89"/>
      </object_component>
      <object_component id="oc-59">
         <name>.debug_info</name>
         <load_address>0x10d2</load_address>
         <run_address>0x10d2</run_address>
         <size>0xfc</size>
         <input_file_ref idref="fl-87"/>
      </object_component>
      <object_component id="oc-5c">
         <name>.debug_info</name>
         <load_address>0x11ce</load_address>
         <run_address>0x11ce</run_address>
         <size>0x147</size>
         <input_file_ref idref="fl-9f"/>
      </object_component>
      <object_component id="oc-5e">
         <name>.debug_info</name>
         <load_address>0x1315</load_address>
         <run_address>0x1315</run_address>
         <size>0x18e</size>
         <input_file_ref idref="fl-af"/>
      </object_component>
      <object_component id="oc-62">
         <name>.debug_info</name>
         <load_address>0x14a3</load_address>
         <run_address>0x14a3</run_address>
         <size>0x164</size>
         <input_file_ref idref="fl-bd"/>
      </object_component>
      <object_component id="oc-66">
         <name>.debug_info</name>
         <load_address>0x1607</load_address>
         <run_address>0x1607</run_address>
         <size>0x15f</size>
         <input_file_ref idref="fl-ae"/>
      </object_component>
      <object_component id="oc-6c">
         <name>.debug_info</name>
         <load_address>0x1766</load_address>
         <run_address>0x1766</run_address>
         <size>0x94</size>
         <input_file_ref idref="fl-87"/>
      </object_component>
      <object_component id="oc-72">
         <name>.debug_info</name>
         <load_address>0x17fa</load_address>
         <run_address>0x17fa</run_address>
         <size>0x127</size>
         <input_file_ref idref="fl-8d"/>
      </object_component>
      <object_component id="oc-74">
         <name>.debug_info</name>
         <load_address>0x1921</load_address>
         <run_address>0x1921</run_address>
         <size>0x11e</size>
         <input_file_ref idref="fl-8d"/>
      </object_component>
      <object_component id="oc-78">
         <name>.debug_info</name>
         <load_address>0x1a3f</load_address>
         <run_address>0x1a3f</run_address>
         <size>0x8d</size>
         <input_file_ref idref="fl-88"/>
      </object_component>
      <object_component id="oc-7e">
         <name>.debug_info</name>
         <load_address>0x1acc</load_address>
         <run_address>0x1acc</run_address>
         <size>0x46</size>
         <input_file_ref idref="fl-88"/>
      </object_component>
      <object_component id="oc-83">
         <name>.debug_info</name>
         <load_address>0x1b12</load_address>
         <run_address>0x1b12</run_address>
         <size>0xe5</size>
         <input_file_ref idref="fl-88"/>
      </object_component>
      <object_component id="oc-84">
         <name>.debug_info</name>
         <load_address>0x1bf7</load_address>
         <run_address>0x1bf7</run_address>
         <size>0x2c</size>
         <input_file_ref idref="fl-89"/>
      </object_component>
      <object_component id="oc-89">
         <name>.debug_info</name>
         <load_address>0x1c23</load_address>
         <run_address>0x1c23</run_address>
         <size>0x1cd</size>
         <input_file_ref idref="fl-8a"/>
      </object_component>
      <object_component id="oc-91">
         <name>.debug_info</name>
         <load_address>0x1df0</load_address>
         <run_address>0x1df0</run_address>
         <size>0xf6</size>
         <input_file_ref idref="fl-8d"/>
      </object_component>
      <object_component id="oc-96">
         <name>.debug_info</name>
         <load_address>0x1ee6</load_address>
         <run_address>0x1ee6</run_address>
         <size>0x70</size>
         <input_file_ref idref="fl-9f"/>
      </object_component>
      <object_component id="oc-9c">
         <name>.debug_info</name>
         <load_address>0x1f56</load_address>
         <run_address>0x1f56</run_address>
         <size>0x140</size>
         <input_file_ref idref="fl-af"/>
      </object_component>
      <object_component id="oc-9e">
         <name>.debug_info</name>
         <load_address>0x2096</load_address>
         <run_address>0x2096</run_address>
         <size>0x253</size>
         <input_file_ref idref="fl-bd"/>
      </object_component>
      <object_component id="oc-aa">
         <name>.debug_info</name>
         <load_address>0x22e9</load_address>
         <run_address>0x22e9</run_address>
         <size>0xf0</size>
         <input_file_ref idref="fl-8f"/>
      </object_component>
      <object_component id="oc-ae">
         <name>.debug_info</name>
         <load_address>0x23d9</load_address>
         <run_address>0x23d9</run_address>
         <size>0xea</size>
         <input_file_ref idref="fl-f"/>
      </object_component>
      <object_component id="oc-b5">
         <name>.debug_info</name>
         <load_address>0x24c3</load_address>
         <run_address>0x24c3</run_address>
         <size>0xeb</size>
         <input_file_ref idref="fl-8e"/>
      </object_component>
      <object_component id="oc-b9">
         <name>.debug_info</name>
         <load_address>0x25ae</load_address>
         <run_address>0x25ae</run_address>
         <size>0x145</size>
         <input_file_ref idref="fl-94"/>
      </object_component>
      <object_component id="oc-bd">
         <name>.debug_info</name>
         <load_address>0x26f3</load_address>
         <run_address>0x26f3</run_address>
         <size>0x13d</size>
         <input_file_ref idref="fl-93"/>
      </object_component>
      <object_component id="oc-c1">
         <name>.debug_info</name>
         <load_address>0x2830</load_address>
         <run_address>0x2830</run_address>
         <size>0x127</size>
         <input_file_ref idref="fl-a3"/>
      </object_component>
      <object_component id="oc-c6">
         <name>.debug_info</name>
         <load_address>0x2957</load_address>
         <run_address>0x2957</run_address>
         <size>0x105</size>
         <input_file_ref idref="fl-8d"/>
      </object_component>
      <object_component id="oc-ce">
         <name>.debug_info</name>
         <load_address>0x2a5c</load_address>
         <run_address>0x2a5c</run_address>
         <size>0xcd</size>
         <input_file_ref idref="fl-af"/>
      </object_component>
      <object_component id="oc-d7">
         <name>.debug_info</name>
         <load_address>0x2b29</load_address>
         <run_address>0x2b29</run_address>
         <size>0xe8</size>
         <input_file_ref idref="fl-a4"/>
      </object_component>
      <object_component id="oc-db">
         <name>.debug_info</name>
         <load_address>0x2c11</load_address>
         <run_address>0x2c11</run_address>
         <size>0x136</size>
         <input_file_ref idref="fl-95"/>
      </object_component>
      <object_component id="oc-df">
         <name>.debug_info</name>
         <load_address>0x2d47</load_address>
         <run_address>0x2d47</run_address>
         <size>0x13b</size>
         <input_file_ref idref="fl-96"/>
      </object_component>
      <object_component id="oc-e3">
         <name>.debug_info</name>
         <load_address>0x2e82</load_address>
         <run_address>0x2e82</run_address>
         <size>0x112</size>
         <input_file_ref idref="fl-91"/>
      </object_component>
      <object_component id="oc-e7">
         <name>.debug_info</name>
         <load_address>0x2f94</load_address>
         <run_address>0x2f94</run_address>
         <size>0xf7</size>
         <input_file_ref idref="fl-a4"/>
      </object_component>
      <object_component id="oc-eb">
         <name>.debug_info</name>
         <load_address>0x308b</load_address>
         <run_address>0x308b</run_address>
         <size>0x178</size>
         <input_file_ref idref="fl-90"/>
      </object_component>
      <object_component id="oc-f2">
         <name>.debug_info</name>
         <load_address>0x3203</load_address>
         <run_address>0x3203</run_address>
         <size>0x199</size>
         <input_file_ref idref="fl-8b"/>
      </object_component>
      <object_component id="oc-f6">
         <name>.debug_info</name>
         <load_address>0x339c</load_address>
         <run_address>0x339c</run_address>
         <size>0x101</size>
         <input_file_ref idref="fl-9a"/>
      </object_component>
      <object_component id="oc-fa">
         <name>.debug_info</name>
         <load_address>0x349d</load_address>
         <run_address>0x349d</run_address>
         <size>0x11c</size>
         <input_file_ref idref="fl-8c"/>
      </object_component>
      <object_component id="oc-fe">
         <name>.debug_info</name>
         <load_address>0x35b9</load_address>
         <run_address>0x35b9</run_address>
         <size>0x135</size>
         <input_file_ref idref="fl-b4"/>
      </object_component>
      <object_component id="oc-103">
         <name>.debug_info</name>
         <load_address>0x36ee</load_address>
         <run_address>0x36ee</run_address>
         <size>0xf3</size>
         <input_file_ref idref="fl-a2"/>
      </object_component>
      <object_component id="oc-107">
         <name>.debug_info</name>
         <load_address>0x37e1</load_address>
         <run_address>0x37e1</run_address>
         <size>0x11f</size>
         <input_file_ref idref="fl-9c"/>
      </object_component>
      <object_component id="oc-10c">
         <name>.debug_info</name>
         <load_address>0x3900</load_address>
         <run_address>0x3900</run_address>
         <size>0x11b</size>
         <input_file_ref idref="fl-9c"/>
      </object_component>
      <object_component id="oc-111">
         <name>.debug_info</name>
         <load_address>0x3a1b</load_address>
         <run_address>0x3a1b</run_address>
         <size>0xc5</size>
         <input_file_ref idref="fl-a9"/>
      </object_component>
      <object_component id="oc-113">
         <name>.debug_info</name>
         <load_address>0x3ae0</load_address>
         <run_address>0x3ae0</run_address>
         <size>0xa9</size>
         <input_file_ref idref="fl-b1"/>
      </object_component>
      <object_component id="oc-115">
         <name>.debug_info</name>
         <load_address>0x3b89</load_address>
         <run_address>0x3b89</run_address>
         <size>0x10b</size>
         <input_file_ref idref="fl-a3"/>
      </object_component>
      <object_component id="oc-119">
         <name>.debug_info</name>
         <load_address>0x3c94</load_address>
         <run_address>0x3c94</run_address>
         <size>0xfc</size>
         <input_file_ref idref="fl-a3"/>
      </object_component>
      <object_component id="oc-11d">
         <name>.debug_info</name>
         <load_address>0x3d90</load_address>
         <run_address>0x3d90</run_address>
         <size>0x418</size>
         <input_file_ref idref="fl-aa"/>
      </object_component>
      <object_component id="oc-121">
         <name>.debug_info</name>
         <load_address>0x41a8</load_address>
         <run_address>0x41a8</run_address>
         <size>0x1e3</size>
         <input_file_ref idref="fl-a3"/>
      </object_component>
      <object_component id="oc-125">
         <name>.debug_info</name>
         <load_address>0x438b</load_address>
         <run_address>0x438b</run_address>
         <size>0xa2</size>
         <input_file_ref idref="fl-a4"/>
      </object_component>
      <object_component id="oc-128">
         <name>.debug_info</name>
         <load_address>0x442d</load_address>
         <run_address>0x442d</run_address>
         <size>0x199</size>
         <input_file_ref idref="fl-95"/>
      </object_component>
      <object_component id="oc-12c">
         <name>.debug_info</name>
         <load_address>0x45c6</load_address>
         <run_address>0x45c6</run_address>
         <size>0x13a</size>
         <input_file_ref idref="fl-95"/>
      </object_component>
      <object_component id="oc-130">
         <name>.debug_info</name>
         <load_address>0x4700</load_address>
         <run_address>0x4700</run_address>
         <size>0x1d3</size>
         <input_file_ref idref="fl-95"/>
      </object_component>
      <object_component id="oc-132">
         <name>.debug_info</name>
         <load_address>0x48d3</load_address>
         <run_address>0x48d3</run_address>
         <size>0x10e</size>
         <input_file_ref idref="fl-96"/>
      </object_component>
      <object_component id="oc-136">
         <name>.debug_info</name>
         <load_address>0x49e1</load_address>
         <run_address>0x49e1</run_address>
         <size>0xff</size>
         <input_file_ref idref="fl-96"/>
      </object_component>
      <object_component id="oc-13a">
         <name>.debug_info</name>
         <load_address>0x4ae0</load_address>
         <run_address>0x4ae0</run_address>
         <size>0x1bb</size>
         <input_file_ref idref="fl-96"/>
      </object_component>
      <object_component id="oc-13c">
         <name>.debug_info</name>
         <load_address>0x4c9b</load_address>
         <run_address>0x4c9b</run_address>
         <size>0x146</size>
         <input_file_ref idref="fl-91"/>
      </object_component>
      <object_component id="oc-140">
         <name>.debug_info</name>
         <load_address>0x4de1</load_address>
         <run_address>0x4de1</run_address>
         <size>0x1a4</size>
         <input_file_ref idref="fl-91"/>
      </object_component>
      <object_component id="oc-143">
         <name>.debug_info</name>
         <load_address>0x4f85</load_address>
         <run_address>0x4f85</run_address>
         <size>0xfb</size>
         <input_file_ref idref="fl-b3"/>
      </object_component>
      <object_component id="oc-147">
         <name>.debug_info</name>
         <load_address>0x5080</load_address>
         <run_address>0x5080</run_address>
         <size>0xfd</size>
         <input_file_ref idref="fl-a1"/>
      </object_component>
      <object_component id="oc-14b">
         <name>.debug_info</name>
         <load_address>0x517d</load_address>
         <run_address>0x517d</run_address>
         <size>0x126</size>
         <input_file_ref idref="fl-9b"/>
      </object_component>
      <object_component id="oc-151">
         <name>.debug_info</name>
         <load_address>0x52a3</load_address>
         <run_address>0x52a3</run_address>
         <size>0x125</size>
         <input_file_ref idref="fl-99"/>
      </object_component>
      <object_component id="oc-158">
         <name>.debug_info</name>
         <load_address>0x53c8</load_address>
         <run_address>0x53c8</run_address>
         <size>0x107</size>
         <input_file_ref idref="fl-bf"/>
      </object_component>
      <object_component id="oc-15c">
         <name>.debug_info</name>
         <load_address>0x54cf</load_address>
         <run_address>0x54cf</run_address>
         <size>0x121</size>
         <input_file_ref idref="fl-b9"/>
      </object_component>
      <object_component id="oc-163">
         <name>.debug_info</name>
         <load_address>0x55f0</load_address>
         <run_address>0x55f0</run_address>
         <size>0x88</size>
         <input_file_ref idref="fl-a2"/>
      </object_component>
      <object_component id="oc-169">
         <name>.debug_info</name>
         <load_address>0x5678</load_address>
         <run_address>0x5678</run_address>
         <size>0x1d9</size>
         <input_file_ref idref="fl-87"/>
      </object_component>
      <object_component id="oc-16e">
         <name>.debug_info</name>
         <load_address>0x5851</load_address>
         <run_address>0x5851</run_address>
         <size>0x46</size>
         <input_file_ref idref="fl-9c"/>
      </object_component>
      <object_component id="oc-175">
         <name>.debug_info</name>
         <load_address>0x5897</load_address>
         <run_address>0x5897</run_address>
         <size>0xd9</size>
         <input_file_ref idref="fl-a9"/>
      </object_component>
      <object_component id="oc-17a">
         <name>.debug_info</name>
         <load_address>0x5970</load_address>
         <run_address>0x5970</run_address>
         <size>0x99</size>
         <input_file_ref idref="fl-a9"/>
      </object_component>
      <object_component id="oc-17d">
         <name>.debug_info</name>
         <load_address>0x5a09</load_address>
         <run_address>0x5a09</run_address>
         <size>0xca</size>
         <input_file_ref idref="fl-b1"/>
      </object_component>
      <object_component id="oc-17f">
         <name>.debug_info</name>
         <load_address>0x5ad3</load_address>
         <run_address>0x5ad3</run_address>
         <size>0x3e4</size>
         <input_file_ref idref="fl-98"/>
      </object_component>
      <object_component id="oc-184">
         <name>.debug_info</name>
         <load_address>0x5eb7</load_address>
         <run_address>0x5eb7</run_address>
         <size>0x182</size>
         <input_file_ref idref="fl-97"/>
      </object_component>
      <object_component id="oc-189">
         <name>.debug_info</name>
         <load_address>0x6039</load_address>
         <run_address>0x6039</run_address>
         <size>0x1f5</size>
         <input_file_ref idref="fl-aa"/>
      </object_component>
      <object_component id="oc-18d">
         <name>.debug_info</name>
         <load_address>0x622e</load_address>
         <run_address>0x622e</run_address>
         <size>0x20b</size>
         <input_file_ref idref="fl-aa"/>
      </object_component>
      <object_component id="oc-191">
         <name>.debug_info</name>
         <load_address>0x6439</load_address>
         <run_address>0x6439</run_address>
         <size>0x224</size>
         <input_file_ref idref="fl-aa"/>
      </object_component>
      <object_component id="oc-195">
         <name>.debug_info</name>
         <load_address>0x665d</load_address>
         <run_address>0x665d</run_address>
         <size>0x37b</size>
         <input_file_ref idref="fl-aa"/>
      </object_component>
      <object_component id="oc-199">
         <name>.debug_info</name>
         <load_address>0x69d8</load_address>
         <run_address>0x69d8</run_address>
         <size>0x1e3</size>
         <input_file_ref idref="fl-aa"/>
      </object_component>
      <object_component id="oc-19a">
         <name>.debug_info</name>
         <load_address>0x6bbb</load_address>
         <run_address>0x6bbb</run_address>
         <size>0x2c</size>
         <input_file_ref idref="fl-91"/>
      </object_component>
      <object_component id="oc-1a1">
         <name>.debug_info</name>
         <load_address>0x6be7</load_address>
         <run_address>0x6be7</run_address>
         <size>0xc8</size>
         <input_file_ref idref="fl-91"/>
      </object_component>
      <object_component id="oc-1aa">
         <name>.debug_info</name>
         <load_address>0x6caf</load_address>
         <run_address>0x6caf</run_address>
         <size>0xa9</size>
         <input_file_ref idref="fl-b1"/>
      </object_component>
      <object_component id="oc-1ac">
         <name>.debug_info</name>
         <load_address>0x6d58</load_address>
         <run_address>0x6d58</run_address>
         <size>0x163</size>
         <input_file_ref idref="fl-a0"/>
      </object_component>
      <object_component id="oc-1b1">
         <name>.debug_info</name>
         <load_address>0x6ebb</load_address>
         <run_address>0x6ebb</run_address>
         <size>0x171</size>
[...]
         <name>__TI_prof_data_size</name>
         <value>0xffffffff</value>
      </symbol>
      <symbol id="sm-5e">
         <name>a</name>
         <value>0x82ef40</value>
         <object_component_ref idref="oc-a1"/>
      </symbol>
      <symbol id="sm-5f">
         <name>main</name>
         <value>0x81de20</value>
         <object_component_ref idref="oc-6a"/>
      </symbol>
      <symbol id="sm-7b">
         <name>output</name>
         <value>0x82f5d8</value>
         <object_component_ref idref="oc-a2"/>
      </symbol>
      <symbol id="sm-7c">
         <name>output_data</name>
         <value>0x8041a0</value>
         <object_component_ref idref="oc-a6"/>
      </symbol>
      <symbol id="sm-7d">
         <name>a_ext</name>
         <value>0x800000</value>
         <object_component_ref idref="oc-a6"/>
      </symbol>
      <symbol id="sm-7e">
         <name>input_data</name>
         <value>0x80dde0</value>
         <object_component_ref idref="oc-a6"/>
      </symbol>
      <symbol id="sm-7f">
         <name>b_ext</name>
         <value>0x801f40</value>
         <object_component_ref idref="oc-a6"/>
      </symbol>
      <symbol id="sm-80">
         <name>b_sc</name>
         <value>0x804010</value>
         <object_component_ref idref="oc-a6"/>
      </symbol>
      <symbol id="sm-81">
         <name>gimme_random</name>
         <value>0x821214</value>
         <object_component_ref idref="oc-b3"/>
      </symbol>
      <symbol id="sm-82">
         <name>input</name>
         <value>0x82f608</value>
         <object_component_ref idref="oc-a7"/>
      </symbol>
      <symbol id="sm-83">
         <name>isequal</name>
         <value>0x820f44</value>
         <object_component_ref idref="oc-b3"/>
      </symbol>
      <symbol id="sm-84">
         <name>a_sc</name>
         <value>0x803e80</value>
         <object_component_ref idref="oc-a6"/>
      </symbol>
      <symbol id="sm-c3">
         <name>fcn_pass</name>
         <value>0x811de8</value>
         <object_component_ref idref="oc-a5"/>
      </symbol>
      <symbol id="sm-c4">
         <name>t_offset</name>
         <value>0x811db8</value>
         <object_component_ref idref="oc-a5"/>
      </symbol>
      <symbol id="sm-c5">
         <name>driver_init</name>
         <value>0x81f6ac</value>
         <object_component_ref idref="oc-a8"/>
      </symbol>
      <symbol id="sm-c6">
         <name>seed</name>
         <value>0x811da0</value>
         <object_component_ref idref="oc-a5"/>
      </symbol>
      <symbol id="sm-c7">
         <name>print_profile_results</name>
         <value>0x81f4ac</value>
         <object_component_ref idref="oc-a8"/>
      </symbol>
      <symbol id="sm-c8">
         <name>print_memory_results</name>
         <value>0x81f5cc</value>
         <object_component_ref idref="oc-a8"/>
      </symbol>
      <symbol id="sm-c9">
         <name>t_start</name>
         <value>0x811da8</value>
         <object_component_ref idref="oc-a5"/>
      </symbol>
      <symbol id="sm-ca">
         <name>cycle_counts</name>
         <value>0x811dc0</value>
         <object_component_ref idref="oc-a5"/>
      </symbol>
      <symbol id="sm-cb">
         <name>fp</name>
         <value>0x811da4</value>
         <object_component_ref idref="oc-a5"/>
      </symbol>
      <symbol id="sm-cc">
         <name>all_pass</name>
         <value>0x811dfc</value>
         <object_component_ref idref="oc-a5"/>
      </symbol>
      <symbol id="sm-cd">
         <name>print_test_results</name>
         <value>0x81f100</value>
         <object_component_ref idref="oc-a8"/>
      </symbol>
      <symbol id="sm-ce">
         <name>t_stop</name>
         <value>0x811db0</value>
         <object_component_ref idref="oc-a5"/>
      </symbol>
      <symbol id="sm-d2">
         <name>ti_math_kTable</name>
         <value>0x82f580</value>
         <object_component_ref idref="oc-a4"/>
      </symbol>
      <symbol id="sm-d3">
         <name>ti_math_jTable</name>
         <value>0x82f560</value>
         <object_component_ref idref="oc-a3"/>
      </symbol>
      <symbol id="sm-d7">
         <name>exp10sp_c</name>
         <value>0x830560</value>
         <object_component_ref idref="oc-b1"/>
      </symbol>
      <symbol id="sm-df">
         <name>exp10sp_v</name>
         <value>0x82fb40</value>
         <object_component_ref idref="oc-b2"/>
      </symbol>
      <symbol id="sm-eb">
         <name>exp10sp</name>
         <value>0x83040c</value>
         <object_component_ref idref="oc-ad"/>
      </symbol>
      <symbol id="sm-107">
         <name>_c_int00</name>
         <value>0x8266a0</value>
         <object_component_ref idref="oc-1b"/>
      </symbol>
      <symbol id="sm-108">
         <name>_stack</name>
         <value>0x811e08</value>
         <object_component_ref idref="oc-2b"/>
      </symbol>
      <symbol id="sm-121">
         <name>__TI_decompress_none</name>
         <value>0x826e80</value>
         <object_component_ref idref="oc-1f"/>
      </symbol>
      <symbol id="sm-142">
         <name>__TI_decompress_rle24</name>
         <value>0x826ea0</value>
         <object_component_ref idref="oc-27"/>
      </symbol>
      <symbol id="sm-152">
         <name>__TI_zero_init</name>
         <value>0x825480</value>
         <object_component_ref idref="oc-23"/>
      </symbol>
      <symbol id="sm-166">
         <name>__c6xabi_divd</name>
         <value>0x81fd20</value>
         <object_component_ref idref="oc-f1"/>
      </symbol>
      <symbol id="sm-173">
         <name>__c6xabi_divf</name>
         <value>0x821da0</value>
         <object_component_ref idref="oc-f9"/>
      </symbol>
      <symbol id="sm-192">
         <name>C$$EXIT</name>
         <value>0x826e60</value>
         <object_component_ref idref="oc-73"/>
      </symbol>
      <symbol id="sm-193">
         <name>_dtors_ptr</name>
         <value>0x82f5f0</value>
         <object_component_ref idref="oc-71"/>
      </symbol>
      <symbol id="sm-194">
         <name>abort</name>
         <value>0x826e60</value>
         <object_component_ref idref="oc-73"/>
      </symbol>
      <symbol id="sm-195">
         <name>_cleanup_ptr</name>
         <value>0x82f5ec</value>
         <object_component_ref idref="oc-71"/>
      </symbol>
      <symbol id="sm-196">
         <name>exit</name>
         <value>0x825c80</value>
         <object_component_ref idref="oc-37"/>
      </symbol>
      <symbol id="sm-197">
         <name>__TI_enable_exit_profile_output</name>
         <value>0x82f5f4</value>
         <object_component_ref idref="oc-71"/>
      </symbol>
      <symbol id="sm-19e">
         <name>exp10</name>
         <value>0x826ec0</value>
         <object_component_ref idref="oc-b4"/>
      </symbol>
      <symbol id="sm-1a5">
         <name>exp10f</name>
         <value>0x826ee0</value>
         <object_component_ref idref="oc-a9"/>
      </symbol>
      <symbol id="sm-1b2">
         <name>expf</name>
         <value>0x823420</value>
         <object_component_ref idref="oc-ea"/>
      </symbol>
      <symbol id="sm-1da">
         <name>_closefile</name>
         <value>0x824680</value>
         <object_component_ref idref="oc-13b"/>
      </symbol>
      <symbol id="sm-1db">
         <name>fclose</name>
         <value>0x826960</value>
         <object_component_ref idref="oc-e2"/>
      </symbol>
      <symbol id="sm-1e8">
         <name>_doflush</name>
         <value>0x825bc0</value>
         <object_component_ref idref="oc-1c4"/>
      </symbol>
      <symbol id="sm-1f5">
         <name>__c6xabi_fixdlli</name>
         <value>0x824c00</value>
         <object_component_ref idref="oc-bc"/>
      </symbol>
      <symbol id="sm-200">
         <name>__c6xabi_fltllif</name>
         <value>0x8251e0</value>
         <object_component_ref idref="oc-b8"/>
      </symbol>
      <symbol id="sm-234">
         <name>fopen</name>
         <value>0x8269c0</value>
         <object_component_ref idref="oc-da"/>
      </symbol>
      <symbol id="sm-235">
         <name>_cleanup</name>
         <value>0x825ea0</value>
         <object_component_ref idref="oc-1b0"/>
      </symbol>
      <symbol id="sm-250">
         <name>fprintf</name>
         <value>0x825000</value>
         <object_component_ref idref="oc-de"/>
      </symbol>
      <symbol id="sm-26b">
         <name>fputc</name>
         <value>0x822e00</value>
         <object_component_ref idref="oc-183"/>
      </symbol>
      <symbol id="sm-28a">
         <name>fputs</name>
         <value>0x820b80</value>
         <object_component_ref idref="oc-17e"/>
      </symbol>
      <symbol id="sm-291">
         <name>__c6xabi_frcmpyd_div</name>
         <value>0x826c00</value>
         <object_component_ref idref="oc-150"/>
      </symbol>
      <symbol id="sm-298">
         <name>__c6xabi_isinff</name>
         <value>0x826d60</value>
         <object_component_ref idref="oc-f5"/>
      </symbol>
      <symbol id="sm-2a5">
         <name>ldexpf</name>
         <value>0x8242a0</value>
         <object_component_ref idref="oc-14a"/>
      </symbol>
      <symbol id="sm-2bb">
         <name>__c6xabi_llshru</name>
         <value>0x826cc0</value>
         <object_component_ref idref="oc-10b"/>
      </symbol>
      <symbol id="sm-2bc">
         <name>__c6xabi_llshl</name>
         <value>0x826620</value>
         <object_component_ref idref="oc-106"/>
      </symbol>
      <symbol id="sm-329">
         <name>open</name>
         <value>0x824120</value>
         <object_component_ref idref="oc-1b4"/>
      </symbol>
      <symbol id="sm-32a">
         <name>lseek</name>
         <value>0x826260</value>
         <object_component_ref idref="oc-29a"/>
      </symbol>
      <symbol id="sm-32b">
         <name>write</name>
         <value>0x826580</value>
         <object_component_ref idref="oc-1f6"/>
      </symbol>
      <symbol id="sm-32c">
         <name>close</name>
         <value>0x8253a0</value>
         <object_component_ref idref="oc-1cc"/>
      </symbol>
      <symbol id="sm-32d">
         <name>unlink</name>
         <value>0x826820</value>
         <object_component_ref idref="oc-1d0"/>
      </symbol>
      <symbol id="sm-334">
         <name>memcpy</name>
         <value>0x826300</value>
         <object_component_ref idref="oc-3c"/>
      </symbol>
      <symbol id="sm-385">
         <name>_sys_memory</name>
         <value>0x826f40</value>
         <object_component_ref idref="oc-2d"/>
      </symbol>
      <symbol id="sm-386">
         <name>free</name>
         <value>0x822020</value>
         <object_component_ref idref="oc-1c8"/>
      </symbol>
      <symbol id="sm-387">
         <name>malloc</name>
         <value>0x823fa0</value>
         <object_component_ref idref="oc-2a0"/>
      </symbol>
      <symbol id="sm-388">
         <name>_minit</name>
         <value>0x826080</value>
         <object_component_ref idref="oc-2f5"/>
      </symbol>
      <symbol id="sm-393">
         <name>memset</name>
         <value>0x825640</value>
         <object_component_ref idref="oc-1ab"/>
      </symbol>
      <symbol id="sm-39e">
         <name>modff</name>
         <value>0x826a80</value>
         <object_component_ref idref="oc-146"/>
      </symbol>
      <symbol id="sm-3aa">
         <name>__c6xabi_negll</name>
         <value>0x826d80</value>
         <object_component_ref idref="oc-102"/>
      </symbol>
      <symbol id="sm-3c5">
         <name>printf</name>
         <value>0x825720</value>
         <object_component_ref idref="oc-c0"/>
      </symbol>
      <symbol id="sm-3da">
         <name>rand</name>
         <value>0x826720</value>
         <object_component_ref idref="oc-d6"/>
      </symbol>
      <symbol id="sm-3db">
         <name>srand</name>
         <value>0x826ae0</value>
         <object_component_ref idref="oc-e6"/>
      </symbol>
      <symbol id="sm-419">
         <name>HOSTrename</name>
         <value>0x823b20</value>
         <object_component_ref idref="oc-2eb"/>
      </symbol>
      <symbol id="sm-41a">
         <name>HOSTclose</name>
         <value>0x825e00</value>
         <object_component_ref idref="oc-2d7"/>
      </symbol>
      <symbol id="sm-41b">
         <name>HOSTunlink</name>
         <value>0x8258c0</value>
         <object_component_ref idref="oc-2e7"/>
      </symbol>
      <symbol id="sm-41c">
         <name>HOSTlseek</name>
         <value>0x824b00</value>
         <object_component_ref idref="oc-2e3"/>
      </symbol>
      <symbol id="sm-41d">
         <name>HOSTopen</name>
         <value>0x825100</value>
         <object_component_ref idref="oc-2d3"/>
      </symbol>
      <symbol id="sm-41e">
         <name>HOSTwrite</name>
         <value>0x825980</value>
         <object_component_ref idref="oc-2df"/>
      </symbol>
      <symbol id="sm-41f">
         <name>HOSTread</name>
         <value>0x825800</value>
         <object_component_ref idref="oc-2db"/>
      </symbol>
      <symbol id="sm-434">
         <name>writemsg</name>
         <value>0x826ba0</value>
         <object_component_ref idref="oc-316"/>
      </symbol>
      <symbol id="sm-435">
         <name>C$$IO$$</name>
         <value>0x826bf8</value>
         <object_component_ref idref="oc-316"/>
      </symbol>
      <symbol id="sm-436">
         <name>__CIOBUF_</name>
         <value>0x82f9a8</value>
         <object_component_ref idref="oc-332"/>
      </symbol>
      <symbol id="sm-437">
         <name>readmsg</name>
         <value>0x8267a0</value>
         <object_component_ref idref="oc-31a"/>
      </symbol>
      <symbol id="sm-446">
         <name>_wrt_ok</name>
         <value>0x824e00</value>
         <object_component_ref idref="oc-1f2"/>
      </symbol>
      <symbol id="sm-454">
         <name>_nop</name>
         <value>0x826dc0</value>
         <object_component_ref idref="oc-174"/>
      </symbol>
      <symbol id="sm-455">
         <name>_lock</name>
         <value>0x82f610</value>
         <object_component_ref idref="oc-110"/>
      </symbol>
      <symbol id="sm-456">
         <name>_unlock</name>
         <value>0x82f614</value>
         <object_component_ref idref="oc-110"/>
      </symbol>
      <symbol id="sm-59c">
         <name>_printfi</name>
         <value>0x8202c0</value>
         <object_component_ref idref="oc-11c"/>
      </symbol>
      <symbol id="sm-5a3">
         <name>_args_main</name>
         <value>0x826d00</value>
         <object_component_ref idref="oc-33"/>
      </symbol>
      <symbol id="sm-5b1">
         <name>atoi</name>
         <value>0x8252c0</value>
         <object_component_ref idref="oc-1ff"/>
      </symbol>
      <symbol id="sm-5bd">
         <name>_auto_init_elf</name>
         <value>0x824d00</value>
         <object_component_ref idref="oc-2f"/>
      </symbol>
      <symbol id="sm-5c7">
         <name>__TI_cpp_init</name>
         <value>0x8268a0</value>
         <object_component_ref idref="oc-65"/>
      </symbol>
      <symbol id="sm-5dc">
         <name>copy_in</name>
         <value>0x824f00</value>
         <object_component_ref idref="oc-5d"/>
      </symbol>
      <symbol id="sm-5e5">
         <name>_ctypes_</name>
         <value>0x82f828</value>
         <object_component_ref idref="oc-255"/>
      </symbol>
      <symbol id="sm-5f6">
         <name>_tmpnams</name>
         <value>0x811c60</value>
         <object_component_ref idref="oc-1d4"/>
      </symbol>
      <symbol id="sm-5f7">
         <name>_ftable</name>
         <value>0x82f268</value>
         <object_component_ref idref="oc-112"/>
      </symbol>
      <symbol id="sm-5f8">
         <name>_ft_end</name>
         <value>0x82f264</value>
         <object_component_ref idref="oc-1a9"/>
      </symbol>
      <symbol id="sm-600">
         <name>__c6xabi_divu</name>
         <value>0x825a40</value>
         <object_component_ref idref="oc-307"/>
      </symbol>
      <symbol id="sm-601">
         <name>__divu</name>
         <value>0x825a40</value>
         <object_component_ref idref="oc-307"/>
      </symbol>
      <symbol id="sm-60f">
         <name>__errno</name>
         <value>0x82f5bc</value>
         <object_component_ref idref="oc-1d9"/>
      </symbol>
      <symbol id="sm-610">
         <name>errno</name>
         <value>0x82f5bc</value>
         <object_component_ref idref="oc-1d9"/>
      </symbol>
      <symbol id="sm-611">
         <name>__c6xabi_errno_addr</name>
         <value>0x826d40</value>
         <object_component_ref idref="oc-142"/>
      </symbol>
      <symbol id="sm-621">
         <name>exp</name>
         <value>0x8229a0</value>
         <object_component_ref idref="oc-fd"/>
      </symbol>
      <symbol id="sm-632">
         <name>fseek</name>
         <value>0x8249e0</value>
         <object_component_ref idref="oc-246"/>
      </symbol>
      <symbol id="sm-63b">
         <name>__c6xabi_divul</name>
         <value>0x823980</value>
         <object_component_ref idref="oc-30b"/>
      </symbol>
      <symbol id="sm-64f">
         <name>_subcull</name>
         <value>0x826900</value>
         <object_component_ref idref="oc-32b"/>
      </symbol>
      <symbol id="sm-650">
         <name>__c6xabi_divull</name>
         <value>0x8222a0</value>
         <object_component_ref idref="oc-30f"/>
      </symbol>
      <symbol id="sm-657">
         <name>__c6xabi_isinf</name>
         <value>0x826c40</value>
         <object_component_ref idref="oc-25d"/>
      </symbol>
      <symbol id="sm-665">
         <name>ldexp</name>
         <value>0x823e20</value>
         <object_component_ref idref="oc-15b"/>
      </symbol>
      <symbol id="sm-66f">
         <name>ltoa</name>
         <value>0x825560</value>
         <object_component_ref idref="oc-2fe"/>
      </symbol>
      <symbol id="sm-67c">
         <name>memccpy</name>
         <value>0x826a20</value>
         <object_component_ref idref="oc-20c"/>
      </symbol>
      <symbol id="sm-692">
         <name>setvbuf</name>
         <value>0x823220</value>
         <object_component_ref idref="oc-24a"/>
      </symbol>
      <symbol id="sm-69f">
         <name>__TI_tls_init</name>
         <value>0x825d40</value>
         <object_component_ref idref="oc-61"/>
      </symbol>
      <symbol id="sm-6a7">
         <name>__c6xabi_trunc</name>
         <value>0x826da0</value>
         <object_component_ref idref="oc-157"/>
      </symbol>
      <symbol id="sm-6b4">
         <name>modf</name>
         <value>0x826440</value>
         <object_component_ref idref="oc-1e6"/>
      </symbol>
      <symbol id="sm-6b5">
         <name>__TI_STATIC_BASE</name>
         <value>0x0</value>
      </symbol>
      <symbol id="sm-6b6">
         <name>__TI_args_main</name>
         <value>0x1</value>
      </symbol>
      <symbol id="sm-6b7">
         <name>__TI_INITARRAY_Base</name>
         <value>0x0</value>
      </symbol>
      <symbol id="sm-6b8">
         <name>__TI_INITARRAY_Limit</name>
         <value>0x0</value>
      </symbol>
      <symbol id="sm-6b9">
         <name>__TI_TLS_INIT_Base</name>
         <value>0x0</value>
      </symbol>
      <symbol id="sm-6ba">
         <name>__TI_TLS_INIT_Limit</name>
         <value>0x0</value>
      </symbol>
      <symbol id="sm-6bd">
         <name>remove</name>
         <value>0x826820</value>
      </symbol>
   </symbol_table>
</link_info>
