******************************************************************************
                  TI ARM Linker Unix v5.1.5                    
******************************************************************************
>> Linked Thu Jun 19 17:21:37 2014

OUTPUT FILE NAME:   <rtos_rom.xem3>
ENTRY POINT SYMBOL: "_c_int00"  address: 00001f39


MEMORY CONFIGURATION

         name            origin    length      used     unused   attr    fill
----------------------  --------  ---------  --------  --------  ----  --------
  VECS                  00000000   00001000  0000003c  00000fc4  R  X
  RTOS_FLASH            00001000   00000700  000004ea  00000216  R  X
  FLASH                 00001800   00017000  0000157a  00015a86  R  X
  FLASH_CCFG            0001ffb4   0000004c  0000004c  00000000  R  X
  RTOS_ROM              1001a000   00002c00  00002a9a  00000166  R  X
  VRAM                  20000000   00000100  000000dc  00000024  RW X
  RTOS_SRAM             20000100   00000500  00000104  000003fc  RW X
  SRAM                  20000600   00004a00  00001b40  00002ec0  RW X


SEGMENT ALLOCATION MAP

run origin  load origin   length   init length attrs members
----------  ----------- ---------- ----------- ----- -------
00000000    00000000    0000003c   0000003c    r--
  00000000    00000000    0000003c   0000003c    r-- .resetVecs
00001000    00001000    000004f0   000004f0    r--
  00001000    00001000    00000415   00000415    r-- .sysbios_rom_const
  00001418    00001418    00000079   00000079    r-- .sysbios_rom_const
  00001494    00001494    0000003c   0000003c    r-- .sysbios_rom_const
  000014d0    000014d0    00000020   00000020    r-- .sysbios_rom_const
00001800    00001800    00001580   00001580    r-x
  00001800    00001800    00000c96   00000c96    r-x .text
  00002498    00002498    00000396   00000396    r-x .bigc_text
  00002830    00002830    000002c6   000002c6    r-x .mangled_apis_text
  00002af8    00002af8    0000015c   0000015c    r-- .const
  00002c54    00002c54    0000012c   0000012c    r-x .cc26xx_boot_text
0001ffb4    0001ffb4    0000004c   0000004c    r--
  0001ffb4    0001ffb4    0000004c   0000004c    r-- .ccfg
1001a000    1001a000    00002a9a   00002a9a    r-x
  1001a000    1001a000    00002308   00002308    r-x .sysbios_rom_text
  1001c308    1001c308    00000590   00000590    r-x .sysbios_rom_text
  1001c898    1001c898    000001dc   000001dc    r-x .sysbios_rom_text
  1001ca74    1001ca74    00000022   00000022    r-x .sysbios_rom_text
  1001ca96    1001ca96    00000004   00000004    r-x .sysbios_rom_text
20000000    20000000    000000dc   00000000    rw-
  20000000    20000000    000000dc   00000000    rw- .vecs
20000100    20000100    00000104   00000104    rw-
  20000100    20000100    000000f0   000000f0    rw- .sysbios_rom_data
  200001f0    200001f0    00000014   00000014    rw- .sysbios_rom_data
20000600    20000600    00000840   00000000    rw-
  20000600    20000600    00000840   00000000    rw- .bss
20000e40    20000e40    00000300   00000300    rw-
  20000e40    20000e40    00000300   00000300    rw- .data
20004000    20004000    00001000   00000000    rw-
  20004000    20004000    00001000   00000000    rw- .stack


SECTION ALLOCATION MAP

 output                                  attributes/
section   page    origin      length       input sections
--------  ----  ----------  ----------   ----------------
.cinit     0    00001800    00000000     UNINITIALIZED

.init_array 
*          0    00001800    00000000     UNINITIALIZED

.bootVecs 
*          0    00000000    00000008     DSECT
                  00000000    00000008     boot.aem3 : boot.oem3 (.bootVecs)

.resetVecs 
*          0    00000000    0000003c     
                  00000000    0000003c     CC13xx_pem3.obj (.resetVecs)

xdc.meta   0    00000000    000000ee     COPY SECTION
                  00000000    000000ee     CC13xx_pem3.obj (xdc.meta)

xdc.noload 
*          0    00000000    000018a6     COPY SECTION
                  00000000    000018a6     CC13xx_pem3.obj (xdc.noload)

.sysbios_rom_const 
*          0    00001000    00000415     
                  00001000    0000003c     CC13xx_pem3.obj (.const:ti_sysbios_knl_Task_Object__PARAMS__C)
                  0000103c    00000034     CC13xx_pem3.obj (.const:ti_sysbios_knl_Mailbox_Object__PARAMS__C)
                  00001070    00000030     CC13xx_pem3.obj (.const:ti_sysbios_family_arm_m3_Hwi_Object__PARAMS__C)
                  000010a0    0000002c     CC13xx_pem3.obj (.const:ti_sysbios_hal_Hwi_Object__PARAMS__C)
                  000010cc    00000028     CC13xx_pem3.obj (.const:ti_sysbios_heaps_HeapMem_Module__FXNS__C)
                  000010f4    00000028     CC13xx_pem3.obj (.const:ti_sysbios_knl_Swi_Object__PARAMS__C)
                  0000111c    00000024     CC13xx_pem3.obj (.const:ti_sysbios_gates_GateHwi_Module__FXNS__C)
                  00001140    00000024     CC13xx_pem3.obj (.const:ti_sysbios_gates_GateMutex_Module__FXNS__C)
                  00001164    00000024     CC13xx_pem3.obj (.const:ti_sysbios_heaps_HeapMem_Object__PARAMS__C)
                  00001188    00000024     CC13xx_pem3.obj (.const:ti_sysbios_knl_Clock_Object__PARAMS__C)
                  000011ac    00000024     CC13xx_pem3.obj (.const:ti_sysbios_knl_Semaphore_Object__PARAMS__C)
                  000011d0    00000020     CC13xx_pem3.obj (.const:ti_sysbios_family_arm_m3_Hwi_Object__DESC__C)
                  000011f0    00000020     CC13xx_pem3.obj (.const:ti_sysbios_gates_GateHwi_Object__DESC__C)
                  00001210    00000020     CC13xx_pem3.obj (.const:ti_sysbios_gates_GateMutex_Object__DESC__C)
                  00001230    00000020     CC13xx_pem3.obj (.const:ti_sysbios_hal_Hwi_Object__DESC__C)
                  00001250    00000020     CC13xx_pem3.obj (.const:ti_sysbios_heaps_HeapMem_Object__DESC__C)
                  00001270    00000020     CC13xx_pem3.obj (.const:ti_sysbios_knl_Clock_Object__DESC__C)
                  00001290    00000020     CC13xx_pem3.obj (.const:ti_sysbios_knl_Mailbox_Object__DESC__C)
                  000012b0    00000020     CC13xx_pem3.obj (.const:ti_sysbios_knl_Queue_Object__DESC__C)
                  000012d0    00000020     CC13xx_pem3.obj (.const:ti_sysbios_knl_Semaphore_Object__DESC__C)
                  000012f0    00000020     CC13xx_pem3.obj (.const:ti_sysbios_knl_Swi_Object__DESC__C)
                  00001310    00000020     CC13xx_pem3.obj (.const:ti_sysbios_knl_Task_Object__DESC__C)
                  00001330    00000018     CC13xx_pem3.obj (.const:ti_sysbios_gates_GateHwi_Object__PARAMS__C)
                  00001348    00000018     CC13xx_pem3.obj (.const:ti_sysbios_gates_GateMutex_Object__PARAMS__C)
                  00001360    00000018     CC13xx_pem3.obj (.const:ti_sysbios_knl_Queue_Object__PARAMS__C)
                  00001378    00000008     CC13xx_pem3.obj (.const:ti_sysbios_knl_Idle_funcList__C)
                  00001384    00000004     CC13xx_pem3.obj (.const:ti_sysbios_family_arm_cc26xx_Timer_startupNeeded__C)
                  00001388    00000004     CC13xx_pem3.obj (.const:ti_sysbios_family_arm_m3_Hwi_E_alreadyDefined__C)
                  0000138c    00000004     CC13xx_pem3.obj (.const:ti_sysbios_family_arm_m3_Hwi_E_hwiLimitExceeded__C)
                  00001390    00000004     CC13xx_pem3.obj (.const:ti_sysbios_family_arm_m3_Hwi_NUM_INTERRUPTS__C)
                  00001394    00000004     CC13xx_pem3.obj (.const:ti_sysbios_family_arm_m3_Hwi_Object__count__C)
                  00001398    00000004     CC13xx_pem3.obj (.const:ti_sysbios_family_arm_m3_Hwi_Object__table__C)
                  0000139c    00000004     CC13xx_pem3.obj (.const:ti_sysbios_family_arm_m3_Hwi_ccr__C)
                  000013a0    00000004     CC13xx_pem3.obj (.const:ti_sysbios_family_arm_m3_Hwi_excHandlerFunc__C)
                  000013a4    00000004     CC13xx_pem3.obj (.const:ti_sysbios_family_arm_m3_Hwi_nullIsrFunc__C)
                  000013a8    00000004     CC13xx_pem3.obj (.const:ti_sysbios_family_arm_m3_Hwi_numSparseInterrupts__C)
                  000013ac    00000004     CC13xx_pem3.obj (.const:ti_sysbios_family_arm_m3_Hwi_priGroup__C)
                  000013b0    00000004     CC13xx_pem3.obj (.const:ti_sysbios_family_arm_m3_TaskSupport_stackAlignment__C)
                  000013b4    00000004     CC13xx_pem3.obj (.const:ti_sysbios_heaps_HeapMem_E_memory__C)
                  000013b8    00000004     CC13xx_pem3.obj (.const:ti_sysbios_heaps_HeapMem_Module__gateObj__C)
                  000013bc    00000004     CC13xx_pem3.obj (.const:ti_sysbios_heaps_HeapMem_Object__count__C)
                  000013c0    00000004     CC13xx_pem3.obj (.const:ti_sysbios_heaps_HeapMem_Object__table__C)
                  000013c4    00000004     CC13xx_pem3.obj (.const:ti_sysbios_heaps_HeapMem_reqAlign__C)
                  000013c8    00000004     CC13xx_pem3.obj (.const:ti_sysbios_knl_Clock_serviceMargin__C)
                  000013cc    00000004     CC13xx_pem3.obj (.const:ti_sysbios_knl_Mailbox_Object__count__C)
                  000013d0    00000004     CC13xx_pem3.obj (.const:ti_sysbios_knl_Mailbox_Object__table__C)
                  000013d4    00000004     CC13xx_pem3.obj (.const:ti_sysbios_knl_Mailbox_maxTypeAlign__C)
                  000013d8    00000004     CC13xx_pem3.obj (.const:ti_sysbios_knl_Queue_Object__count__C)
                  000013dc    00000004     CC13xx_pem3.obj (.const:ti_sysbios_knl_Queue_Object__table__C)
                  000013e0    00000004     CC13xx_pem3.obj (.const:ti_sysbios_knl_Swi_Object__count__C)
                  000013e4    00000004     CC13xx_pem3.obj (.const:ti_sysbios_knl_Swi_Object__table__C)
                  000013e8    00000004     CC13xx_pem3.obj (.const:ti_sysbios_knl_Swi_numPriorities__C)
                  000013ec    00000004     CC13xx_pem3.obj (.const:ti_sysbios_knl_Task_Object__count__C)
                  000013f0    00000004     CC13xx_pem3.obj (.const:ti_sysbios_knl_Task_Object__table__C)
                  000013f4    00000004     CC13xx_pem3.obj (.const:ti_sysbios_knl_Task_allBlockedFunc__C)
                  000013f8    00000004     CC13xx_pem3.obj (.const:ti_sysbios_knl_Task_defaultStackHeap__C)
                  000013fc    00000004     CC13xx_pem3.obj (.const:ti_sysbios_knl_Task_defaultStackSize__C)
                  00001400    00000004     CC13xx_pem3.obj (.const:ti_sysbios_knl_Task_numConstructedTasks__C)
                  00001406    00000002     CC13xx_pem3.obj (.const:ti_sysbios_family_arm_cc26xx_Timer_Module__id__C)
                  00001408    00000002     CC13xx_pem3.obj (.const:ti_sysbios_family_arm_cc26xx_TimestampProvider_useClockTimer__C)
                  0000140a    00000002     CC13xx_pem3.obj (.const:ti_sysbios_family_arm_m3_Hwi_Module__id__C)
                  0000140c    00000002     CC13xx_pem3.obj (.const:ti_sysbios_gates_GateHwi_Module__id__C)
                  0000140e    00000002     CC13xx_pem3.obj (.const:ti_sysbios_gates_GateMutex_Module__id__C)
                  00001410    00000002     CC13xx_pem3.obj (.const:ti_sysbios_heaps_HeapMem_Module__id__C)
                  00001412    00000002     CC13xx_pem3.obj (.const:ti_sysbios_knl_Task_initStackFlag__C)
                  00001414    00000001     CC13xx_pem3.obj (.const:ti_sysbios_knl_Clock_tickMode__C)

.sysbios_rom_const 
*          0    00001418    00000079     
                  00001418    00000008     CC13xx_pem3.obj (.const:xdc_runtime_Startup_firstFxns__C)
                  00001420    00000008     CC13xx_pem3.obj (.const:xdc_runtime_Startup_lastFxns__C)
                  00001428    00000004     CC13xx_pem3.obj (.const:xdc_runtime_Assert_E_assertFailed__C)
                  0000142c    00000004     CC13xx_pem3.obj (.const:xdc_runtime_Error_E_memory__C)
                  00001430    00000004     CC13xx_pem3.obj (.const:xdc_runtime_Error_policyFxn__C)
                  00001434    00000004     CC13xx_pem3.obj (.const:xdc_runtime_IGateProvider_Interface__BASE__C)
                  00001438    00000004     CC13xx_pem3.obj (.const:xdc_runtime_IHeap_Interface__BASE__C)
                  0000143c    00000004     CC13xx_pem3.obj (.const:xdc_runtime_IModule_Interface__BASE__C)
                  00001440    00000004     CC13xx_pem3.obj (.const:xdc_runtime_Main_Module__diagsEnabled__C)
                  00001444    00000004     CC13xx_pem3.obj (.const:xdc_runtime_Main_Module__diagsIncluded__C)
                  00001448    00000004     CC13xx_pem3.obj (.const:xdc_runtime_Main_Module__diagsMask__C)
                  0000144c    00000004     CC13xx_pem3.obj (.const:xdc_runtime_Memory_defaultHeapInstance__C)
                  00001450    00000004     CC13xx_pem3.obj (.const:xdc_runtime_Startup_execImpl__C)
                  00001454    00000004     CC13xx_pem3.obj (.const:xdc_runtime_Startup_maxPasses__C)
                  00001458    00000004     CC13xx_pem3.obj (.const:xdc_runtime_Startup_sfxnRts__C)
                  0000145c    00000004     CC13xx_pem3.obj (.const:xdc_runtime_Startup_sfxnTab__C)
                  00001460    00000004     CC13xx_pem3.obj (.const:xdc_runtime_Startup_startModsFxn__C)
                  00001464    00000004     CC13xx_pem3.obj (.const:xdc_runtime_SysCallback_abortFxn__C)
                  00001468    00000004     CC13xx_pem3.obj (.const:xdc_runtime_SysCallback_exitFxn__C)
                  0000146c    00000004     CC13xx_pem3.obj (.const:xdc_runtime_System_abortFxn__C)
                  00001470    00000004     CC13xx_pem3.obj (.const:xdc_runtime_System_exitFxn__C)
                  00001474    00000004     CC13xx_pem3.obj (.const:xdc_runtime_System_maxAtexitHandlers__C)
                  00001478    00000004     CC13xx_pem3.obj (.const:xdc_runtime_Text_charTab__C)
                  0000147c    00000004     CC13xx_pem3.obj (.const:xdc_runtime_Text_nameEmpty__C)
                  00001480    00000004     CC13xx_pem3.obj (.const:xdc_runtime_Text_nameStatic__C)
                  00001484    00000004     CC13xx_pem3.obj (.const:xdc_runtime_Text_nameUnknown__C)
                  00001488    00000002     CC13xx_pem3.obj (.const:xdc_runtime_Main_Module__id__C)
                  0000148a    00000002     CC13xx_pem3.obj (.const:xdc_runtime_Memory_Module__id__C)
                  0000148c    00000002     CC13xx_pem3.obj (.const:xdc_runtime_Text_charCnt__C)
                  0000148e    00000002     CC13xx_pem3.obj (.const:xdc_runtime_Text_isLoaded__C)
                  00001490    00000001     CC13xx_pem3.obj (.const:xdc_runtime_Error_policy__C)

.sysbios_rom_const 
*          0    00001494    0000003c     
                  00001494    00000004     CC13xx_pem3.obj (.const:ti_sysbios_rom_ROM_AONRTCChannelEnable)
                  00001498    00000004     CC13xx_pem3.obj (.const:ti_sysbios_rom_ROM_AONRTCCompareValueSet)
                  0000149c    00000004     CC13xx_pem3.obj (.const:ti_sysbios_rom_ROM_AONRTCCurrentCompareValueGet)
                  000014a0    00000004     CC13xx_pem3.obj (.const:ti_sysbios_rom_ROM_AONRTCEventClear)
                  000014a4    00000004     CC13xx_pem3.obj (.const:ti_sysbios_rom_ROM_ti_sysbios_family_arm_cc26xx_Timer_getCount64__E)
                  000014a8    00000004     CC13xx_pem3.obj (.const:ti_sysbios_rom_ROM_ti_sysbios_family_arm_cc26xx_Timer_getCurrentTick__E)
                  000014ac    00000004     CC13xx_pem3.obj (.const:ti_sysbios_rom_ROM_ti_sysbios_family_arm_cc26xx_Timer_getMaxTicks__E)
                  000014b0    00000004     CC13xx_pem3.obj (.const:ti_sysbios_rom_ROM_ti_sysbios_family_arm_cc26xx_Timer_initDevice__I)
                  000014b4    00000004     CC13xx_pem3.obj (.const:ti_sysbios_rom_ROM_ti_sysbios_family_arm_cc26xx_Timer_setNextTick__E)
                  000014b8    00000004     CC13xx_pem3.obj (.const:ti_sysbios_rom_ROM_ti_sysbios_family_arm_cc26xx_Timer_setThreshold__I)
                  000014bc    00000004     CC13xx_pem3.obj (.const:ti_sysbios_rom_ROM_ti_sysbios_family_arm_cc26xx_Timer_start__E)
                  000014c0    00000004     CC13xx_pem3.obj (.const:ti_sysbios_rom_ROM_ti_sysbios_family_arm_cc26xx_TimestampProvider_get32__E)
                  000014c4    00000004     CC13xx_pem3.obj (.const:ti_sysbios_rom_ROM_xdc_runtime_Startup_getState__I)
                  000014c8    00000004     CC13xx_pem3.obj (.const:ti_sysbios_rom_ROM_xdc_runtime_System_SupportProxy_abort__E)
                  000014cc    00000004     CC13xx_pem3.obj (.const:ti_sysbios_rom_ROM_xdc_runtime_System_SupportProxy_exit__E)

.sysbios_rom_const 
*          0    000014d0    00000020     
                  000014d0    00000004     CC13xx_pem3.obj (.const:ti_sysbios_gates_GateMutex_Instance_State_sem__O)
                  000014d4    00000004     CC13xx_pem3.obj (.const:ti_sysbios_knl_Clock_Module_State_clockQ__O)
                  000014d8    00000004     CC13xx_pem3.obj (.const:ti_sysbios_knl_Mailbox_Instance_State_dataQue__O)
                  000014dc    00000004     CC13xx_pem3.obj (.const:ti_sysbios_knl_Mailbox_Instance_State_dataSem__O)
                  000014e0    00000004     CC13xx_pem3.obj (.const:ti_sysbios_knl_Mailbox_Instance_State_freeQue__O)
                  000014e4    00000004     CC13xx_pem3.obj (.const:ti_sysbios_knl_Mailbox_Instance_State_freeSem__O)
                  000014e8    00000004     CC13xx_pem3.obj (.const:ti_sysbios_knl_Semaphore_Instance_State_pendQ__O)
                  000014ec    00000004     CC13xx_pem3.obj (.const:ti_sysbios_knl_Task_Module_State_inactiveQ__O)

.text      0    00001800    00000c96     
                  00001800    000001f4     rtsv7M3_T_le_eabi.lib : ull_div_t2.obj (.text)
                  000019f4    000000dc     CC13xx.obj (.text:main)
                  00001ad0    000000c6     driverlib.lib : aux_wuc.obj (.text:AUXWUCClockStatus)
                  00001b96    00000002     CC13xx.obj (.text:smallErrorPolicy)
                  00001b98    000000a0     auto_init.aem3 : auto_init.oem3 (.text)
                  00001c38    00000080     BIOS_rom.obj (.text:Boot_HapiTrimDeviceShutDown$37)
                  00001cb8    0000006e     driverlib.lib : prcm.obj (.text:PRCMPowerDomainOff)
                  00001d26    0000006e                   : prcm.obj (.text:PRCMPowerDomainOn)
                  00001d94    00000064                   : osc.obj (.text:OSCClockSourceSet)
                  00001df8    00000054                   : interrupt.obj (.text:IntPendClear)
                  00001e4c    00000050                   : aon_event.obj (.text:AONEventMcuWakeUpSet)
                  00001e9c    00000050                   : prcm.obj (.text:PRCMPowerDomainStatus)
                  00001eec    0000004c     BIOS_rom.obj (.text:Boot_trimDevice)
                  00001f38    00000044     boot.aem3 : boot.oem3 (.text)
                  00001f7c    00000044     rtsv7M3_T_le_eabi.lib : cpy_tbl.obj (.text)
                  00001fc0    00000044                           : exit.obj (.text)
                  00002004    00000040     BIOS_rom.obj (.text:Boot_GetTrimForAmpcompCtrl$37)
                  00002044    00000040     BIOS_rom.obj (.text:Boot_GetTrimForAmpcompTh1$37)
                  00002084    0000003c     driverlib.lib : aux_wuc.obj (.text:AUXWUCClockDisable)
                  000020c0    00000038     BIOS_rom.obj (.text:Boot_GetTrimForAmpcompTh2$37)
                  000020f8    00000032     driverlib.lib : aon_rtc.obj (.text:AONRTCChannelEnable)
                  0000212a    00000030                   : aon_rtc.obj (.text:AONRTCCompareValueSet)
                  0000215a    0000002c                   : aux_wuc.obj (.text:AUXWUCClockEnable)
                  00002186    0000002c                   : prcm.obj (.text:PRCMPeripheralRunDisable)
                  000021b2    0000002c                   : prcm.obj (.text:PRCMPeripheralRunEnable)
                  000021de    0000002a                   : aon_rtc.obj (.text:AONRTCEventClear)
                  00002208    00000028     BIOS_rom.obj (.text:Boot_GetTrimForAnabypassValue1$37)
                  00002230    00000028     BIOS_rom.obj (.text:Boot_GetTrimForRcOscLfRtuneCtuneTrim$37)
                  00002258    00000026     driverlib.lib : osc.obj (.text:OSCClockSourceGet)
                  0000227e    00000024                   : ddi.obj (.text:DDI16BitfieldWrite)
                  000022a2    00000002     --HOLE-- [fill = 0]
                  000022a4    00000020     BIOS_rom.obj (.text:Boot_GetTrimForXoscHfIbiastherm$37)
                  000022c4    00000020     BIOS_rom.obj (.text:Boot_IsPg1Device$37)
                  000022e4    0000001c     driverlib.lib : aon_rtc.obj (.text:AONRTCCurrentCompareValueGet)
                  00002300    0000001a                   : ioc.obj (.text:IOCPortConfigureSet)
                  0000231a    00000018                   : ddi.obj (.text:DDI16BitfieldRead)
                  00002332    00000018                   : ioc.obj (.text:IOCPortConfigureGet)
                  0000234a    00000002     --HOLE-- [fill = 0]
                  0000234c    00000018     rtsv7M3_T_le_eabi.lib : args_main.obj (.text)
                  00002364    00000018                           : ll_mul_t2.obj (.text)
                  0000237c    00000014                           : _lock.obj (.text)
                  00002390    00000006     driverlib.lib : cpu.obj (.text:CPUdelay)
                  00002396    00000006     BIOS_rom.obj (.text:__xdc__init)
                  0000239c    0000000a     CC13xx.obj (.tramp.memcpy.1)
                  000023a6    00000002     --HOLE-- [fill = 0]
                  000023a8    0000000a     BIOS_rom.obj (.tramp.xdc_runtime_System_exit__E.1)
                  000023b2    00000002     --HOLE-- [fill = 0]
                  000023b4    0000000a     BIOS_rom.obj (.tramp.ti_sysbios_knl_Clock_start__E.1)
                  000023be    00000002     --HOLE-- [fill = 0]
                  000023c0    0000000a     BIOS_rom.obj (.tramp.ti_sysbios_knl_Semaphore_post__E.1)
                  000023ca    00000002     --HOLE-- [fill = 0]
                  000023cc    0000000a     BIOS_rom.obj (.tramp.ti_sysbios_knl_Semaphore_pend__E.1)
                  000023d6    00000002     --HOLE-- [fill = 0]
                  000023d8    0000000a     BIOS_rom.obj (.tramp.ti_sysbios_knl_Swi_construct.1)
                  000023e2    00000002     --HOLE-- [fill = 0]
                  000023e4    0000000a     BIOS_rom.obj (.tramp.ti_sysbios_family_arm_m3_Hwi_construct.1)
                  000023ee    00000002     --HOLE-- [fill = 0]
                  000023f0    0000000a     BIOS_rom.obj (.tramp.ti_sysbios_knl_Clock_construct.1)
                  000023fa    00000002     --HOLE-- [fill = 0]
                  000023fc    0000000a     BIOS_rom.obj (.tramp.ti_sysbios_knl_Semaphore_construct.1)
                  00002406    00000002     --HOLE-- [fill = 0]
                  00002408    0000000a     BIOS_rom.obj (.tramp.ti_sysbios_knl_Task_construct.1)
                  00002412    00000002     --HOLE-- [fill = 0]
                  00002414    0000000a     BIOS_rom.obj (.tramp.ti_sysbios_knl_Swi_create.1)
                  0000241e    00000002     --HOLE-- [fill = 0]
                  00002420    0000000a     BIOS_rom.obj (.tramp.ti_sysbios_family_arm_m3_Hwi_create.1)
                  0000242a    00000002     --HOLE-- [fill = 0]
                  0000242c    0000000a     BIOS_rom.obj (.tramp.ti_sysbios_knl_Clock_create.1)
                  00002436    00000002     --HOLE-- [fill = 0]
                  00002438    0000000a     BIOS_rom.obj (.tramp.ti_sysbios_knl_Semaphore_create.1)
                  00002442    00000002     --HOLE-- [fill = 0]
                  00002444    0000000a     BIOS_rom.obj (.tramp.ti_sysbios_knl_Task_create.1)
                  0000244e    00000002     --HOLE-- [fill = 0]
                  00002450    0000000a     BIOS_rom.obj (.tramp.ti_sysbios_knl_Swi_Params__init__S.1)
                  0000245a    00000002     --HOLE-- [fill = 0]
                  0000245c    0000000a     BIOS_rom.obj (.tramp.ti_sysbios_family_arm_m3_Hwi_Params__init__S.1)
                  00002466    00000002     --HOLE-- [fill = 0]
                  00002468    0000000a     BIOS_rom.obj (.tramp.ti_sysbios_knl_Semaphore_Params__init__S.1)
                  00002472    00000002     --HOLE-- [fill = 0]
                  00002474    0000000a     BIOS_rom.obj (.tramp.ti_sysbios_knl_Clock_Params__init__S.1)
                  0000247e    00000002     --HOLE-- [fill = 0]
                  00002480    0000000a     BIOS_rom.obj (.tramp.ti_sysbios_knl_Task_Params__init__S.1)
                  0000248a    00000002     --HOLE-- [fill = 0]
                  0000248c    0000000a     BIOS_rom.obj (.tramp.ti_sysbios_BIOS_start__E.1)

.bigc_text 
*          0    00002498    00000396     
                  00002498    0000009c     CC13xx_pem3.obj (.text:xdc_runtime_Startup_getState__I)
                  00002534    00000094     CC13xx_pem3.obj (.text:ti_sysbios_BIOS_rtsUnlock__I)
                  000025c8    00000030     CC13xx_pem3.obj (.text:ti_sysbios_BIOS_atExitFunc__I)
                  000025f8    00000030     CC13xx_pem3.obj (.text:ti_sysbios_BIOS_rtsLock__I)
                  00002628    00000024     CC13xx_pem3.obj (.text:ti_sysbios_BIOS_registerRTSLock__I)
                  0000264c    00000024     CC13xx_pem3.obj (.text:ti_sysbios_BIOS_startFunc__I)
                  00002670    00000020     CC13xx_pem3.obj (.text:ti_sysbios_BIOS_removeRTSLock__I)
                  00002690    00000018     CC13xx_pem3.obj (.text:ti_sysbios_knl_Clock_doTick__I)
                  000026a8    00000018     CC13xx_pem3.obj (.text:xdc_runtime_Startup_exec__I)
                  000026c0    00000016     CC13xx_pem3.obj (.text:ti_sysbios_BIOS_exitFunc__I)
                  000026d6    00000014     CC13xx_pem3.obj (.text:xdc_runtime_Startup_reset__I)
                  000026ea    0000000e     CC13xx_pem3.obj (.text:ti_sysbios_rom_cortexm_cc13xx_CC13xx_checkRevision__E)
                  000026f8    0000000c     CC13xx_pem3.obj (.text:xdc_runtime_System_SupportProxy_abort__E)
                  00002704    0000000c     CC13xx_pem3.obj (.text:xdc_runtime_System_SupportProxy_exit__E)
                  00002710    00000008     CC13xx_pem3.obj (.text:ti_sysbios_family_arm_cc26xx_Timer_dynamicStub__E)
                  00002718    00000008     CC13xx_pem3.obj (.text:ti_sysbios_family_arm_cc26xx_Timer_getCount64__E)
                  00002720    00000008     CC13xx_pem3.obj (.text:ti_sysbios_family_arm_cc26xx_Timer_getCurrentTick__E)
                  00002728    00000008     CC13xx_pem3.obj (.text:ti_sysbios_family_arm_cc26xx_Timer_getMaxTicks__E)
                  00002730    00000008     CC13xx_pem3.obj (.text:ti_sysbios_family_arm_cc26xx_Timer_initDevice__I)
                  00002738    00000008     CC13xx_pem3.obj (.text:ti_sysbios_family_arm_cc26xx_Timer_setNextTick__E)
                  00002740    00000008     CC13xx_pem3.obj (.text:ti_sysbios_family_arm_cc26xx_Timer_setThreshold__I)
                  00002748    00000008     CC13xx_pem3.obj (.text:ti_sysbios_family_arm_cc26xx_Timer_start__E)
                  00002750    00000008     CC13xx_pem3.obj (.text:ti_sysbios_family_arm_cc26xx_TimestampProvider_get32__E)
                  00002758    00000008     CC13xx_pem3.obj (.text:ti_sysbios_knl_Clock_workFuncDynamic__E)
                  00002760    00000002     CC13xx_pem3.obj (.text:ti_sysbios_BIOS_nullFunc__I)
                  00002762    00000002     --HOLE-- [fill = 0]
                  00002764    0000000a     BIOS_rom.obj (.tramp.xdc_runtime_SysCallback_exit__E.1)
                  0000276e    00000002     --HOLE-- [fill = 0]
                  00002770    0000000a     BIOS_rom.obj (.tramp.xdc_runtime_SysCallback_abort__E.1)
                  0000277a    00000002     --HOLE-- [fill = 0]
                  0000277c    0000000a     CC13xx.obj (.tramp.ti_sysbios_rom_cortexm_cc13xx_CC13xx_getRevision__E.1)
                  00002786    00000002     --HOLE-- [fill = 0]
                  00002788    0000000a     BIOS_rom.obj (.tramp.xdc_runtime_System_exit__E.2)
                  00002792    00000002     --HOLE-- [fill = 0]
                  00002794    0000000a     BIOS_rom.obj (.tramp.ti_sysbios_knl_Swi_post__E.1)
                  0000279e    00000002     --HOLE-- [fill = 0]
                  000027a0    0000000a     BIOS_rom.obj (.tramp.ti_sysbios_knl_Clock_logTick__E.1)
                  000027aa    00000002     --HOLE-- [fill = 0]
                  000027ac    0000000a     BIOS_rom.obj (.tramp.ti_sysbios_knl_Task_startup__E.1)
                  000027b6    00000002     --HOLE-- [fill = 0]
                  000027b8    0000000a     BIOS_rom.obj (.tramp.ti_sysbios_knl_Swi_startup__E.1)
                  000027c2    00000002     --HOLE-- [fill = 0]
                  000027c4    0000000a     BIOS_rom.obj (.tramp.ti_sysbios_hal_Hwi_HwiProxy_startup__E.1)
                  000027ce    00000002     --HOLE-- [fill = 0]
                  000027d0    0000000a     BIOS_rom.obj (.tramp.ti_sysbios_family_arm_cc26xx_Timer_startup__E.1)
                  000027da    00000002     --HOLE-- [fill = 0]
                  000027dc    0000000a     BIOS_rom.obj (.tramp.xdc_runtime_System_atexit__E.1)
                  000027e6    00000002     --HOLE-- [fill = 0]
                  000027e8    0000000a     BIOS_rom.obj (.tramp.ti_sysbios_BIOS_RtsGateProxy_enter__E.1)
                  000027f2    00000002     --HOLE-- [fill = 0]
                  000027f4    0000000a     BIOS_rom.obj (.tramp.ti_sysbios_BIOS_setThreadType__E.1)
                  000027fe    00000002     --HOLE-- [fill = 0]
                  00002800    0000000a     BIOS_rom.obj (.tramp.ti_sysbios_knl_Task_disable__E.1)
                  0000280a    00000002     --HOLE-- [fill = 0]
                  0000280c    0000000a     BIOS_rom.obj (.tramp.ti_sysbios_knl_Swi_disable__E.1)
                  00002816    00000002     --HOLE-- [fill = 0]
                  00002818    0000000a     BIOS_rom.obj (.tramp.ti_sysbios_BIOS_RtsGateProxy_leave__E.1)
                  00002822    00000002     --HOLE-- [fill = 0]
                  00002824    0000000a     BIOS_rom.obj (.tramp.xdc_runtime_Assert_raise__I.1)

.mangled_apis_text 
*          0    00002830    000002c6     
                  00002830    000000b4     BIOS_rom.obj (.text:ti_sysbios_knl_Clock_workFuncDynamic__E__mangled__)
                  000028e4    00000074     BIOS_rom.obj (.text:ti_sysbios_family_arm_cc26xx_Timer_start__E__mangled__)
                  00002958    00000050     BIOS_rom.obj (.text:ti_sysbios_family_arm_cc26xx_Timer_getCurrentTick__E__mangled__)
                  000029a8    00000040     BIOS_rom.obj (.text:ti_sysbios_family_arm_cc26xx_Timer_setNextTick__E__mangled__)
                  000029e8    00000034     BIOS_rom.obj (.text:ti_sysbios_family_arm_cc26xx_Timer_setThreshold__I__mangled__)
                  00002a1c    00000030     BIOS_rom.obj (.text:ti_sysbios_family_arm_cc26xx_Timer_initDevice__I__mangled__)
                  00002a4c    00000028     BIOS_rom.obj (.text:ti_sysbios_family_arm_cc26xx_Timer_getMaxTicks__E__mangled__)
                  00002a74    00000024     BIOS_rom.obj (.text:ti_sysbios_family_arm_cc26xx_Timer_getCount64__E__mangled__)
                  00002a98    00000020     BIOS_rom.obj (.text:ti_sysbios_family_arm_cc26xx_Timer_dynamicStub__E__mangled__)
                  00002ab8    0000001c     BIOS_rom.obj (.text:ti_sysbios_family_arm_cc26xx_TimestampProvider_get32__E__mangled__)
                  00002ad4    0000000a     BIOS_rom.obj (.tramp.ti_sysbios_knl_Clock_scheduleNextTick__E.1)
                  00002ade    00000002     --HOLE-- [fill = 0]
                  00002ae0    0000000a     BIOS_rom.obj (.tramp.ti_sysbios_knl_Clock_walkQueueDynamic__E.1)
                  00002aea    00000002     --HOLE-- [fill = 0]
                  00002aec    0000000a     BIOS_rom.obj (.tramp.ti_sysbios_knl_Clock_TimerProxy_getCurrentTick__E.1)

.const     0    00002af8    0000015c     
                  00002af8    00000080     driverlib.lib : ioc.obj (.const:g_pui32IOCfgReg)
                  00002b78    00000054                   : prcm.obj (.const)
                  00002bcc    00000048     CC13xx_pem3.obj (.const:.string)
                  00002c14    00000024     CC13xx_pem3.obj (.const:xdc_runtime_Startup_sfxnTab__A)
                  00002c38    00000012     CC13xx_pem3.obj (.const:xdc_runtime_Startup_sfxnRts__A)
                  00002c4a    00000002     --HOLE-- [fill = 0]
                  00002c4c    00000008     CC13xx_pem3.obj (.const:xdc_runtime_Startup_firstFxns__A)

.cc26xx_boot_text 
*          0    00002c54    0000012c     
                  00002d54    00000028     BIOS_rom.obj (.text:ti_sysbios_family_arm_cc26xx_Boot_useLFXTAL)
                  00002d7c    00000004     BIOS_rom.obj (.text:ti_sysbios_family_arm_cc26xx_Boot_trimDevice)

.ccfg      0    0001ffb4    0000004c     
                  0001ffb4    0000004c     CC13xx_pem3.obj (.ccfg:__ccfg)

.sysbios_rom_text 
*          0    1001a000    00002308     
                  1001a000    000000cc     BIOS_rom.obj (.text:ti_sysbios_knl_Semaphore_pend__E)
                  1001a0cc    000000c8     BIOS_rom.obj (.text:ti_sysbios_knl_Mailbox_Instance_init__E)
                  1001a194    000000c4     BIOS_rom.obj (.text:ti_sysbios_heaps_HeapMem_alloc__E)
                  1001a258    000000bc     BIOS_rom.obj (.text:ti_sysbios_knl_Task_Instance_init__E)
                  1001a314    000000b0     BIOS_rom.obj (.text:ti_sysbios_family_arm_m3_Hwi_postInit__I)
                  1001a3c4    000000a0     BIOS_rom.obj (.text:ti_sysbios_family_arm_m3_Hwi_Instance_init__E)
                  1001a464    00000094     BIOS_rom.obj (.text:ti_sysbios_family_arm_cc26xx_Timer_periodicStub__E)
                  1001a4f8    00000094     BIOS_rom.obj (.text:ti_sysbios_knl_Task_Instance_finalize__E)
                  1001a58c    00000084     BIOS_rom.obj (.text:ti_sysbios_knl_Mailbox_post__E)
                  1001a610    00000084     BIOS_rom.obj (.text:ti_sysbios_knl_Task_postInit__I)
                  1001a694    00000080     BIOS_rom.obj (.text:ti_sysbios_family_arm_m3_Hwi_initNVIC__E)
                  1001a714    0000007c     BIOS_rom.obj (.text:ti_sysbios_knl_Clock_startI__E)
                  1001a790    00000078     BIOS_rom.obj (.text:ti_sysbios_heaps_HeapMem_free__E)
                  1001a808    00000078     BIOS_rom.obj (.text:ti_sysbios_knl_Clock_walkQueueDynamic__E)
                  1001a880    00000078     BIOS_rom.obj (.text:ti_sysbios_knl_Clock_workFunc__E)
                  1001a8f8    00000070     BIOS_rom.obj (.text:ti_sysbios_knl_Mailbox_Instance_finalize__E)
                  1001a968    00000070     BIOS_rom.obj (.text:ti_sysbios_knl_Mailbox_pend__E)
                  1001a9d8    00000070     BIOS_rom.obj (.text:ti_sysbios_knl_Task_sleep__E)
                  1001aa48    00000068     BIOS_rom.obj (.text:ti_sysbios_family_arm_m3_Hwi_dispatchC__I)
                  1001aab0    00000064     BIOS_rom.obj (.text:ti_sysbios_family_arm_m3_Hwi_Object__create__S)
                  1001ab14    00000064     BIOS_rom.obj (.text:ti_sysbios_family_arm_m3_Hwi_create)
                  1001ab78    00000064     BIOS_rom.obj (.text:ti_sysbios_hal_Hwi_create)
                  1001abdc    00000064     BIOS_rom.obj (.text:ti_sysbios_knl_Mailbox_create)
                  1001ac40    00000064     BIOS_rom.obj (.text:ti_sysbios_knl_Semaphore_post__E)
                  1001aca4    00000060     BIOS_rom.obj (.text:ti_sysbios_knl_Swi_Instance_init__E)
                  1001ad04    0000005c     BIOS_rom.obj (.text:ti_sysbios_knl_Swi_create)
                  1001ad60    0000005c     BIOS_rom.obj (.text:ti_sysbios_knl_Swi_restoreHwi__E)
                  1001adbc    0000005c     BIOS_rom.obj (.text:ti_sysbios_knl_Task_Module_startup__E)
                  1001ae18    0000005c     BIOS_rom.obj (.text:ti_sysbios_knl_Task_create)
                  1001ae74    0000005c     BIOS_rom.obj (.text:ti_sysbios_knl_Task_startCore__E)
                  1001aed0    00000058     BIOS_rom.obj (.text:ti_sysbios_family_arm_m3_Hwi_Instance_finalize__E)
                  1001af28    00000058     BIOS_rom.obj (.text:ti_sysbios_family_arm_m3_Hwi_construct)
                  1001af80    00000058     BIOS_rom.obj (.text:ti_sysbios_knl_Mailbox_construct)
                  1001afd8    00000058     BIOS_rom.obj (.text:ti_sysbios_knl_Swi_run__I)
                  1001b030    00000054     BIOS_rom.obj (.text:ti_sysbios_knl_Swi_schedule__I)
                  1001b084    00000050     BIOS_rom.obj (.text:ti_sysbios_knl_Swi_construct)
                  1001b0d4    00000050     BIOS_rom.obj (.text:ti_sysbios_knl_Swi_runLoop__I)
                  1001b124    00000050     BIOS_rom.obj (.text:ti_sysbios_knl_Task_construct)
                  1001b174    0000004c     BIOS_rom.obj (.text:ti_sysbios_knl_Task_schedule__I)
                  1001b1c0    00000048     BIOS_rom.obj (.text:ti_sysbios_family_arm_m3_Hwi_Module_startup__E)
                  1001b208    00000048     BIOS_rom.obj (.text:ti_sysbios_heaps_HeapMem_getStats__E)
                  1001b250    00000044     BIOS_rom.obj (.text:ti_sysbios_family_arm_m3_Hwi_disableInterrupt__E)
                  1001b294    00000044     BIOS_rom.obj (.text:ti_sysbios_family_arm_m3_Hwi_enableInterrupt__E)
                  1001b2d8    00000044     BIOS_rom.obj (.text:ti_sysbios_knl_Mailbox_Module_startup__E)
                  1001b31c    00000044     BIOS_rom.obj (.text:ti_sysbios_knl_Swi_post__E)
                  1001b360    00000044     BIOS_rom.obj (.text:ti_sysbios_knl_Task_allBlockedFunction__I)
                  1001b3a4    00000044     BIOS_rom.obj (.text:ti_sysbios_knl_Task_yield__E)
                  1001b3e8    0000003c     BIOS_rom.obj (.text:ti_sysbios_knl_Clock_create)
                  1001b424    0000003a     BIOS_rom.obj (.text:ti_sysbios_knl_Task_exit__E)
                  1001b45e    00000002     BIOS_rom.obj (.text:ti_sysbios_gates_GateHwi_Instance_init__E)
                  1001b460    00000038     BIOS_rom.obj (.text:ti_sysbios_family_arm_m3_Hwi_getStackInfo__E)
                  1001b498    00000038     BIOS_rom.obj (.text:ti_sysbios_family_arm_m3_TaskSupport_start__E)
                  1001b4d0    00000038     BIOS_rom.obj (.text:ti_sysbios_heaps_HeapMem_Instance_init__E)
                  1001b508    00000038     BIOS_rom.obj (.text:ti_sysbios_knl_Clock_Instance_init__E)
                  1001b540    00000034     BIOS_rom.obj (.text:ti_sysbios_heaps_HeapMem_init__I)
                  1001b574    00000034     BIOS_rom.obj (.text:ti_sysbios_knl_Clock_construct)
                  1001b5a8    00000034     BIOS_rom.obj (.text:ti_sysbios_knl_Semaphore_create)
                  1001b5dc    00000034     BIOS_rom.obj (.text:ti_sysbios_knl_Swi_restore__E)
                  1001b610    00000034     BIOS_rom.obj (.text:ti_sysbios_knl_Task_blockI__E)
                  1001b644    00000030     BIOS_rom.obj (.text:ti_sysbios_gates_GateMutex_Object__create__S)
                  1001b674    00000030     BIOS_rom.obj (.text:ti_sysbios_gates_GateMutex_create)
                  1001b6a4    00000030     BIOS_rom.obj (.text:ti_sysbios_gates_GateMutex_enter__E)
                  1001b6d4    00000030     BIOS_rom.obj (.text:ti_sysbios_knl_Clock_getTicks__E)
                  1001b704    00000030     BIOS_rom.obj (.text:ti_sysbios_knl_Semaphore_construct)
                  1001b734    00000030     BIOS_rom.obj (.text:ti_sysbios_knl_Task_processVitalTaskFlag__I)
                  1001b764    0000002c     BIOS_rom.obj (.text:ti_sysbios_family_arm_cc26xx_Timer_postInit__I)
                  1001b790    0000002c     BIOS_rom.obj (.text:ti_sysbios_family_arm_cc26xx_Timer_startup__E)
                  1001b7bc    0000002c     BIOS_rom.obj (.text:ti_sysbios_family_arm_m3_Hwi_Object__get__S)
                  1001b7e8    0000002c     BIOS_rom.obj (.text:ti_sysbios_gates_GateMutex_construct)
                  1001b814    0000002c     BIOS_rom.obj (.text:ti_sysbios_hal_Hwi_initStack)
                  1001b840    0000002c     BIOS_rom.obj (.text:ti_sysbios_heaps_HeapMem_Object__create__S)
                  1001b86c    0000002c     BIOS_rom.obj (.text:ti_sysbios_heaps_HeapMem_Object__get__S)
                  1001b898    0000002c     BIOS_rom.obj (.text:ti_sysbios_knl_Mailbox_Object__get__S)
                  1001b8c4    0000002c     BIOS_rom.obj (.text:ti_sysbios_knl_Mailbox_postInit__I)
                  1001b8f0    0000002c     BIOS_rom.obj (.text:ti_sysbios_knl_Queue_construct)
                  1001b91c    0000002c     BIOS_rom.obj (.text:ti_sysbios_knl_Queue_create)
                  1001b948    0000002c     BIOS_rom.obj (.text:ti_sysbios_knl_Semaphore_pendTimeout__I)
                  1001b974    0000002c     BIOS_rom.obj (.text:ti_sysbios_knl_Swi_Object__get__S)
                  1001b9a0    0000002c     BIOS_rom.obj (.text:ti_sysbios_knl_Task_unblockI__E)
                  1001b9cc    00000028     BIOS_rom.obj (.text:ti_sysbios_family_arm_cc26xx_TimestampProvider_get64__E)
                  1001b9f4    00000028     BIOS_rom.obj (.text:ti_sysbios_hal_Hwi_Instance_init__E)
                  1001ba1c    00000028     BIOS_rom.obj (.text:ti_sysbios_knl_Clock_addI__E)
                  1001ba44    00000028     BIOS_rom.obj (.text:ti_sysbios_knl_Task_restore__E)
                  1001ba6c    00000024     BIOS_rom.obj (.text:ti_sysbios_family_arm_cc26xx_Timer_Module_startup__E)
                  1001ba90    00000024     BIOS_rom.obj (.text:ti_sysbios_gates_GateHwi_Object__create__S)
                  1001bab4    00000024     BIOS_rom.obj (.text:ti_sysbios_gates_GateMutex_Object__delete__S)
                  1001bad8    00000024     BIOS_rom.obj (.text:ti_sysbios_knl_Clock_Object__delete__S)
                  1001bafc    00000024     BIOS_rom.obj (.text:ti_sysbios_knl_Semaphore_Instance_init__E)
                  1001bb20    00000024     BIOS_rom.obj (.text:ti_sysbios_knl_Semaphore_Object__delete__S)
                  1001bb44    00000020     BIOS_rom.obj (.text:ti_sysbios_family_arm_cc26xx_Timer_Module__startupDone__S)
                  1001bb64    00000020     BIOS_rom.obj (.text:ti_sysbios_family_arm_cc26xx_TimestampProvider_Module_startup__E)
                  1001bb84    00000020     BIOS_rom.obj (.text:ti_sysbios_family_arm_m3_Hwi_Module__startupDone__S)
                  1001bba4    00000020     BIOS_rom.obj (.text:ti_sysbios_family_arm_m3_Hwi_Object__delete__S)
                  1001bbc4    00000020     BIOS_rom.obj (.text:ti_sysbios_family_arm_m3_Hwi_excHandler__I)
                  1001bbe4    00000020     BIOS_rom.obj (.text:ti_sysbios_gates_GateHwi_Handle__label__S)
                  1001bc04    00000020     BIOS_rom.obj (.text:ti_sysbios_gates_GateHwi_Object__delete__S)
                  1001bc24    00000020     BIOS_rom.obj (.text:ti_sysbios_gates_GateMutex_Handle__label__S)
                  1001bc44    00000020     BIOS_rom.obj (.text:ti_sysbios_gates_GateMutex_Object__destruct__S)
                  1001bc64    00000020     BIOS_rom.obj (.text:ti_sysbios_hal_Hwi_Object__delete__S)
                  1001bc84    00000020     BIOS_rom.obj (.text:ti_sysbios_heaps_HeapMem_Handle__label__S)
                  1001bca4    00000020     BIOS_rom.obj (.text:ti_sysbios_heaps_HeapMem_Object__delete__S)
                  1001bcc4    00000020     BIOS_rom.obj (.text:ti_sysbios_knl_Clock_Module_startup__E)
                  1001bce4    00000020     BIOS_rom.obj (.text:ti_sysbios_knl_Clock_Object__destruct__S)
                  1001bd04    00000020     BIOS_rom.obj (.text:ti_sysbios_knl_Idle_run__E)
                  1001bd24    00000020     BIOS_rom.obj (.text:ti_sysbios_knl_Mailbox_Object__delete__S)
                  1001bd44    00000020     BIOS_rom.obj (.text:ti_sysbios_knl_Queue_Object__delete__S)
                  1001bd64    00000020     BIOS_rom.obj (.text:ti_sysbios_knl_Queue_Object__get__S)
                  1001bd84    00000020     BIOS_rom.obj (.text:ti_sysbios_knl_Semaphore_Object__destruct__S)
                  1001bda4    00000020     BIOS_rom.obj (.text:ti_sysbios_knl_Swi_Object__delete__S)
                  1001bdc4    00000020     BIOS_rom.obj (.text:ti_sysbios_knl_Task_Object__delete__S)
                  1001bde4    00000020     BIOS_rom.obj (.text:ti_sysbios_knl_Task_Object__get__S)
                  1001be04    00000020     BIOS_rom.obj (.text:ti_sysbios_knl_Task_enter__I)
                  1001be24    00000020     BIOS_rom.obj (.text:ti_sysbios_knl_Task_restoreHwi__E)
                  1001be44    0000001e     BIOS_rom.obj (.text:ti_sysbios_hal_Hwi_HwiProxy_create)
                  1001be62    00000002     BIOS_rom.obj (.text:ti_sysbios_knl_Clock_logTick__E)
                  1001be64    0000001c     BIOS_rom.obj (.text:ti_sysbios_family_arm_m3_Hwi_Object__destruct__S)
                  1001be80    0000001c     BIOS_rom.obj (.text:ti_sysbios_family_arm_m3_Hwi_setPriority__E)
                  1001be9c    0000001c     BIOS_rom.obj (.text:ti_sysbios_gates_GateMutex_Instance_init__E)
                  1001beb8    0000001c     BIOS_rom.obj (.text:ti_sysbios_knl_Clock_scheduleNextTick__E)
                  1001bed4    0000001c     BIOS_rom.obj (.text:ti_sysbios_knl_Mailbox_Object__destruct__S)
                  1001bef0    0000001c     BIOS_rom.obj (.text:ti_sysbios_knl_Queue_Object__destruct__S)
                  1001bf0c    0000001c     BIOS_rom.obj (.text:ti_sysbios_knl_Queue_get__E)
                  1001bf28    0000001c     BIOS_rom.obj (.text:ti_sysbios_knl_Queue_put__E)
                  1001bf44    0000001c     BIOS_rom.obj (.text:ti_sysbios_knl_Swi_Object__destruct__S)
                  1001bf60    0000001c     BIOS_rom.obj (.text:ti_sysbios_knl_Task_Object__destruct__S)
                  1001bf7c    0000001a     BIOS_rom.obj (.text:ti_sysbios_knl_Task_sleepTimeout__I)
                  1001bf96    00000002     BIOS_rom.obj (.text:ti_sysbios_knl_Swi_Instance_finalize__E)
                  1001bf98    00000018     BIOS_rom.obj (.text:ti_sysbios_gates_GateMutex_leave__E)
                  1001bfb0    00000018     BIOS_rom.obj (.text:ti_sysbios_knl_Task_unblock__E)
                  1001bfc8    00000016     BIOS_rom.obj (.text:ti_sysbios_knl_Clock_Instance_finalize__E)
                  1001bfde    00000016     BIOS_rom.obj (.text:ti_sysbios_knl_Clock_start__E)
                  1001bff4    00000014     BIOS_rom.obj (.text:ti_sysbios_BIOS_getCpuFreq__E)
                  1001c008    00000014     BIOS_rom.obj (.text:ti_sysbios_family_arm_m3_Hwi_switchFromBootStack__E)
                  1001c01c    00000012     BIOS_rom.obj (.text:ti_sysbios_hal_Hwi_Module_startup__E)
                  1001c02e    00000002     --HOLE-- [fill = 0]
                  1001c030    00000010     BIOS_rom.obj (.text:ti_sysbios_BIOS_exit__E)
                  1001c040    00000010     BIOS_rom.obj (.text:ti_sysbios_BIOS_setThreadType__E)
                  1001c050    00000010     BIOS_rom.obj (.text:ti_sysbios_BIOS_start__E)
                  1001c060    00000010     BIOS_rom.obj (.text:ti_sysbios_family_arm_m3_Hwi_plug__E)
                  1001c070    00000010     BIOS_rom.obj (.text:ti_sysbios_gates_GateMutex_Instance_finalize__E)
                  1001c080    00000010     BIOS_rom.obj (.text:ti_sysbios_hal_Hwi_HwiProxy_Object__create__S)
                  1001c090    00000010     BIOS_rom.obj (.text:ti_sysbios_knl_Clock_TimerProxy_getCurrentTick__E)
                  1001c0a0    00000010     BIOS_rom.obj (.text:ti_sysbios_knl_Clock_TimerProxy_getMaxTicks__E)
                  1001c0b0    00000010     BIOS_rom.obj (.text:ti_sysbios_knl_Clock_TimerProxy_setNextTick__E)
                  1001c0c0    00000010     BIOS_rom.obj (.text:ti_sysbios_knl_Semaphore_Instance_finalize__E)
                  1001c0d0    00000010     BIOS_rom.obj (.text:ti_sysbios_knl_Swi_disable__E)
                  1001c0e0    00000010     BIOS_rom.obj (.text:ti_sysbios_knl_Swi_enabled__E)
                  1001c0f0    00000010     BIOS_rom.obj (.text:ti_sysbios_knl_Task_disable__E)
                  1001c100    0000000e     BIOS_rom.obj (.text:ti_sysbios_heaps_HeapMem_restore__E)
                  1001c10e    0000000e     BIOS_rom.obj (.text:ti_sysbios_knl_Queue_empty__E)
                  1001c11c    0000000e     BIOS_rom.obj (.text:ti_sysbios_knl_Queue_remove__E)
                  1001c12a    0000000c     BIOS_rom.obj (.text:ti_sysbios_family_arm_cc26xx_TimestampProvider_getFreq__E)
                  1001c136    00000002     --HOLE-- [fill = 0]
                  1001c138    0000000c     BIOS_rom.obj (.text:ti_sysbios_family_arm_m3_Hwi_Params__init__S)
                  1001c144    0000000c     BIOS_rom.obj (.text:ti_sysbios_family_arm_m3_Hwi_disableFxn__E)
                  1001c150    0000000c     BIOS_rom.obj (.text:ti_sysbios_family_arm_m3_Hwi_enableFxn__E)
                  1001c15c    0000000c     BIOS_rom.obj (.text:ti_sysbios_family_arm_m3_TaskSupport_getStackAlignment__E)
                  1001c168    0000000c     BIOS_rom.obj (.text:ti_sysbios_gates_GateHwi_enter__E)
                  1001c174    0000000c     BIOS_rom.obj (.text:ti_sysbios_gates_GateMutex_Params__init__S)
                  1001c180    0000000c     BIOS_rom.obj (.text:ti_sysbios_knl_Clock_Params__init__S)
                  1001c18c    0000000c     BIOS_rom.obj (.text:ti_sysbios_knl_Clock_getTimerHandle__E)
                  1001c198    0000000c     BIOS_rom.obj (.text:ti_sysbios_knl_Mailbox_Params__init__S)
                  1001c1a4    0000000c     BIOS_rom.obj (.text:ti_sysbios_knl_Queue_dequeue__E)
                  1001c1b0    0000000c     BIOS_rom.obj (.text:ti_sysbios_knl_Queue_enqueue__E)
                  1001c1bc    0000000c     BIOS_rom.obj (.text:ti_sysbios_knl_Semaphore_Params__init__S)
                  1001c1c8    0000000c     BIOS_rom.obj (.text:ti_sysbios_knl_Swi_Params__init__S)
                  1001c1d4    0000000c     BIOS_rom.obj (.text:ti_sysbios_knl_Task_Params__init__S)
                  1001c1e0    0000000c     BIOS_rom.obj (.text:ti_sysbios_knl_Task_self__E)
                  1001c1ec    0000000a     BIOS_rom.obj (.text:ti_sysbios_hal_Hwi_Instance_finalize__E)
                  1001c1f6    00000008     BIOS_rom.obj (.text:ti_sysbios_family_arm_m3_Hwi_doSwiRestore__I)
                  1001c1fe    00000008     BIOS_rom.obj (.text:ti_sysbios_family_arm_m3_Hwi_startup__E)
                  1001c206    00000008     BIOS_rom.obj (.text:ti_sysbios_knl_Idle_loop__E)
                  1001c20e    00000006     BIOS_rom.obj (.text:ti_sysbios_family_arm_m3_Hwi_doTaskRestore__I)
                  1001c214    00000006     BIOS_rom.obj (.text:ti_sysbios_family_arm_m3_Hwi_restoreFxn__E)
                  1001c21a    00000006     BIOS_rom.obj (.text:ti_sysbios_gates_GateHwi_leave__E)
                  1001c220    00000006     BIOS_rom.obj (.text:ti_sysbios_knl_Clock_stop__E)
                  1001c226    00000006     BIOS_rom.obj (.text:ti_sysbios_knl_Queue_Instance_init__E)
                  1001c22c    00000006     BIOS_rom.obj (.text:ti_sysbios_knl_Queue_elemClear__E)
                  1001c232    00000006     BIOS_rom.obj (.text:ti_sysbios_knl_Swi_Module_startup__E)
                  1001c238    00000006     BIOS_rom.obj (.text:ti_sysbios_knl_Swi_startup__E)
                  1001c23e    00000006     BIOS_rom.obj (.text:ti_sysbios_knl_Task_enable__E)
                  1001c244    00000004     BIOS_rom.obj (.text:ti_sysbios_BIOS_RtsGateProxy_enter__E)
                  1001c248    00000004     BIOS_rom.obj (.text:ti_sysbios_BIOS_RtsGateProxy_leave__E)
                  1001c24c    00000004     BIOS_rom.obj (.text:ti_sysbios_family_arm_cc26xx_Timer_getExpiredTicks__E)
                  1001c250    00000004     BIOS_rom.obj (.text:ti_sysbios_family_arm_cc26xx_Timer_getPeriod__E)
                  1001c254    00000004     BIOS_rom.obj (.text:ti_sysbios_family_arm_cc26xx_Timer_setPeriod__E)
                  1001c258    00000004     BIOS_rom.obj (.text:ti_sysbios_family_arm_m3_Hwi_delete)
                  1001c25c    00000004     BIOS_rom.obj (.text:ti_sysbios_family_arm_m3_Hwi_destruct)
                  1001c260    00000004     BIOS_rom.obj (.text:ti_sysbios_family_arm_m3_TaskSupport_Module__startupDone__S)
                  1001c264    00000004     BIOS_rom.obj (.text:ti_sysbios_gates_GateHwi_query__E)
                  1001c268    00000004     BIOS_rom.obj (.text:ti_sysbios_gates_GateMutex_delete)
                  1001c26c    00000004     BIOS_rom.obj (.text:ti_sysbios_gates_GateMutex_destruct)
                  1001c270    00000004     BIOS_rom.obj (.text:ti_sysbios_gates_GateMutex_query__E)
                  1001c274    00000004     BIOS_rom.obj (.text:ti_sysbios_hal_Hwi_HwiProxy_Module__startupDone__S)
                  1001c278    00000004     BIOS_rom.obj (.text:ti_sysbios_hal_Hwi_HwiProxy_delete)
                  1001c27c    00000004     BIOS_rom.obj (.text:ti_sysbios_hal_Hwi_HwiProxy_disableInterrupt__E)
                  1001c280    00000004     BIOS_rom.obj (.text:ti_sysbios_hal_Hwi_HwiProxy_enableInterrupt__E)
                  1001c284    00000004     BIOS_rom.obj (.text:ti_sysbios_hal_Hwi_HwiProxy_getStackInfo__E)
                  1001c288    00000004     BIOS_rom.obj (.text:ti_sysbios_hal_Hwi_HwiProxy_startup__E)
                  1001c28c    00000004     BIOS_rom.obj (.text:ti_sysbios_hal_Hwi_HwiProxy_switchFromBootStack__E)
                  1001c290    00000004     BIOS_rom.obj (.text:ti_sysbios_hal_Hwi_delete)
                  1001c294    00000004     BIOS_rom.obj (.text:ti_sysbios_hal_Hwi_switchFromBootStack__E)
                  1001c298    00000004     BIOS_rom.obj (.text:ti_sysbios_heaps_HeapMem_Module_GateProxy_enter__E)
                  1001c29c    00000004     BIOS_rom.obj (.text:ti_sysbios_heaps_HeapMem_Module_GateProxy_leave__E)
                  1001c2a0    00000004     BIOS_rom.obj (.text:ti_sysbios_heaps_HeapMem_isBlocking__E)
                  1001c2a4    00000004     BIOS_rom.obj (.text:ti_sysbios_knl_Clock_TimerProxy_Module__startupDone__S)
                  1001c2a8    00000004     BIOS_rom.obj (.text:ti_sysbios_knl_Clock_TimerProxy_getExpiredTicks__E)
                  1001c2ac    00000004     BIOS_rom.obj (.text:ti_sysbios_knl_Clock_TimerProxy_getPeriod__E)
                  1001c2b0    00000004     BIOS_rom.obj (.text:ti_sysbios_knl_Clock_delete)
                  1001c2b4    00000004     BIOS_rom.obj (.text:ti_sysbios_knl_Clock_destruct)
                  1001c2b8    00000004     BIOS_rom.obj (.text:ti_sysbios_knl_Clock_removeI__E)
                  1001c2bc    00000004     BIOS_rom.obj (.text:ti_sysbios_knl_Clock_setTimeout__E)
                  1001c2c0    00000004     BIOS_rom.obj (.text:ti_sysbios_knl_Mailbox_delete)
                  1001c2c4    00000004     BIOS_rom.obj (.text:ti_sysbios_knl_Mailbox_destruct)
                  1001c2c8    00000004     BIOS_rom.obj (.text:ti_sysbios_knl_Queue_delete)
                  1001c2cc    00000004     BIOS_rom.obj (.text:ti_sysbios_knl_Queue_destruct)
                  1001c2d0    00000004     BIOS_rom.obj (.text:ti_sysbios_knl_Queue_head__E)
                  1001c2d4    00000004     BIOS_rom.obj (.text:ti_sysbios_knl_Queue_next__E)
                  1001c2d8    00000004     BIOS_rom.obj (.text:ti_sysbios_knl_Semaphore_delete)
                  1001c2dc    00000004     BIOS_rom.obj (.text:ti_sysbios_knl_Semaphore_destruct)
                  1001c2e0    00000004     BIOS_rom.obj (.text:ti_sysbios_knl_Swi_delete)
                  1001c2e4    00000004     BIOS_rom.obj (.text:ti_sysbios_knl_Swi_destruct)
                  1001c2e8    00000004     BIOS_rom.obj (.text:ti_sysbios_knl_Swi_postInit__I)
                  1001c2ec    00000004     BIOS_rom.obj (.text:ti_sysbios_knl_Task_SupportProxy_Module__startupDone__S)
                  1001c2f0    00000004     BIOS_rom.obj (.text:ti_sysbios_knl_Task_SupportProxy_getStackAlignment__E)
                  1001c2f4    00000004     BIOS_rom.obj (.text:ti_sysbios_knl_Task_SupportProxy_start__E)
                  1001c2f8    00000004     BIOS_rom.obj (.text:ti_sysbios_knl_Task_SupportProxy_swap__E)
                  1001c2fc    00000004     BIOS_rom.obj (.text:ti_sysbios_knl_Task_delete)
                  1001c300    00000004     BIOS_rom.obj (.text:ti_sysbios_knl_Task_destruct)
                  1001c304    00000004     BIOS_rom.obj (.text:ti_sysbios_knl_Task_startup__E)

.sysbios_rom_text 
*          0    1001c308    00000590     
                  1001c308    000000f8     BIOS_rom.obj (.text:xdc_runtime_Startup_startMods__I)
                  1001c400    00000082     BIOS_rom.obj (.text:xdc_runtime_Core_createObject__I)
                  1001c482    00000002     BIOS_rom.obj (.text:xdc_runtime_Error_policySpin__E)
                  1001c484    00000070     BIOS_rom.obj (.text:xdc_runtime_Memory_alloc__E)
                  1001c4f4    00000060     BIOS_rom.obj (.text:xdc_runtime_Core_deleteObject__I)
                  1001c554    00000050     BIOS_rom.obj (.text:xdc_runtime_Startup_exec__E)
                  1001c5a4    00000048     BIOS_rom.obj (.text:xdc_runtime_Assert_raise__I)
                  1001c5ec    00000048     BIOS_rom.obj (.text:xdc_runtime_Core_assignParams__I)
                  1001c634    00000048     BIOS_rom.obj (.text:xdc_runtime_Core_constructObject__I)
                  1001c67c    00000038     BIOS_rom.obj (.text:xdc_runtime_System_atexit__E)
                  1001c6b4    00000034     BIOS_rom.obj (.text:xdc_runtime_System_processAtExit__E)
                  1001c6e8    00000030     BIOS_rom.obj (.text:xdc_runtime_Core_assignLabel__I)
                  1001c718    0000002c     BIOS_rom.obj (.text:xdc_runtime_Text_cordText__E)
                  1001c744    00000020     BIOS_rom.obj (.text:xdc_runtime_System_abort__E)
                  1001c764    0000001c     BIOS_rom.obj (.text:xdc_runtime_Error_raiseX__E)
                  1001c780    0000001c     BIOS_rom.obj (.text:xdc_runtime_Memory_valloc__E)
                  1001c79c    00000018     BIOS_rom.obj (.text:xdc_runtime_Core_destructObject__I)
                  1001c7b4    00000018     BIOS_rom.obj (.text:xdc_runtime_Error_check__E)
                  1001c7cc    00000018     BIOS_rom.obj (.text:xdc_runtime_System_exit__E)
                  1001c7e4    00000018     BIOS_rom.obj (.text:xdc_runtime_Text_ropeText__E)
                  1001c7fc    00000010     BIOS_rom.obj (.text:xdc_runtime_Memory_free__E)
                  1001c80c    00000010     BIOS_rom.obj (.text:xdc_runtime_SysCallback_abort__E)
                  1001c81c    00000010     BIOS_rom.obj (.text:xdc_runtime_SysCallback_exit__E)
                  1001c82c    00000010     BIOS_rom.obj (.text:xdc_runtime_Timestamp_SupportProxy_get32__E)
                  1001c83c    0000000c     BIOS_rom.obj (.text:xdc_runtime_Error_init__E)
                  1001c848    0000000c     BIOS_rom.obj (.text:xdc_runtime_Memory_calloc__E)
                  1001c854    0000000c     BIOS_rom.obj (.text:xdc_runtime_Memory_getMaxDefaultTypeAlign__E)
                  1001c860    0000000a     BIOS_rom.obj (.text:xdc_runtime_IHeap_alloc$64)
                  1001c86a    0000000a     BIOS_rom.obj (.text:xdc_runtime_IHeap_free$64)
                  1001c874    00000006     BIOS_rom.obj (.text:xdc_runtime_Gate_leaveSystem__E)
                  1001c87a    00000006     BIOS_rom.obj (.text:xdc_runtime_System_Module_startup__E)
                  1001c880    00000004     BIOS_rom.obj (.text:xdc_runtime_Gate_enterSystem__E)
                  1001c884    00000004     BIOS_rom.obj (.text:xdc_runtime_Memory_HeapProxy_alloc__E)
                  1001c888    00000004     BIOS_rom.obj (.text:xdc_runtime_Memory_HeapProxy_free__E)
                  1001c88c    00000004     BIOS_rom.obj (.text:xdc_runtime_System_Module_GateProxy_enter__E)
                  1001c890    00000004     BIOS_rom.obj (.text:xdc_runtime_System_Module_GateProxy_leave__E)
                  1001c894    00000002     BIOS_rom.obj (.text:xdc_runtime_System_abortSpin__E)
                  1001c896    00000002     BIOS_rom.obj (.text:xdc_runtime_System_exitSpin__E)

.sysbios_rom_text 
*          0    1001c898    000001dc     
                  1001c898    000000d0     arm_m3_Hwi_asm_rom.obj (.text:ti_sysbios_family_arm_m3_Hwi_dispatch__I)
                  1001c968    0000004c     arm_m3_TaskSupport_asm_rom.obj (.text:ti_sysbios_family_arm_m3_TaskSupport_buildTaskStack)
                  1001c9b4    00000048     arm_m3_Hwi_asm_switch_rom.obj (.text:ti_sysbios_family_arm_m3_Hwi_initStacks__E)
                  1001c9fc    00000020     arm_m3_Hwi_asm_rom.obj (.text:ti_sysbios_family_arm_m3_Hwi_excHandlerAsm__I)
                  1001ca1c    0000001e     arm_m3_Hwi_asm_switch_rom.obj (.text:ti_sysbios_family_xxx_Hwi_switchAndRunFunc)
                  1001ca3a    0000001a     arm_m3_Hwi_asm_rom.obj (.text:ti_sysbios_family_arm_m3_Hwi_pendSV__I)
                  1001ca54    00000010     arm_m3_TaskSupport_asm_rom.obj (.text:ti_sysbios_family_arm_m3_TaskSupport_glue)
                  1001ca64    00000010     arm_m3_TaskSupport_asm_rom.obj (.text:ti_sysbios_family_arm_m3_TaskSupport_swap__E)

.sysbios_rom_text 
*          0    1001ca74    00000022     
                  1001ca74    00000012     CC13xx.obj (.text:memcpy)
                  1001ca86    00000010     CC13xx.obj (.text:memset)

.sysbios_rom_text 
*          0    1001ca96    00000004     
                  1001ca96    00000004     CC13xx.obj (.text:ti_sysbios_rom_cortexm_cc13xx_CC13xx_getRevision__E)

.vecs      0    20000000    000000dc     UNINITIALIZED
                  20000000    000000dc     CC13xx_pem3.obj (.vecs)

.sysbios_rom_data 
*          0    20000100    000000f0     
                  20000100    00000044     CC13xx_pem3.obj (.data:ti_sysbios_knl_Task_Module__state__V)
                  20000144    00000034     CC13xx_pem3.obj (.data:ti_sysbios_family_arm_m3_Hwi_Module__state__V)
                  20000178    0000002c     CC13xx_pem3.obj (.data:ti_sysbios_knl_Clock_Module__state__V)
                  200001a4    00000024     CC13xx_pem3.obj (.data:ti_sysbios_BIOS_Module__state__V)
                  200001c8    0000001c     CC13xx_pem3.obj (.data:ti_sysbios_knl_Swi_Module__state__V)
                  200001e4    00000008     CC13xx_pem3.obj (.data:ti_sysbios_family_arm_cc26xx_Timer_Module__state__V)
                  200001ec    00000004     CC13xx_pem3.obj (.data:ti_sysbios_family_arm_cc26xx_TimestampProvider_Module__state__V)

.sysbios_rom_data 
*          0    200001f0    00000014     
                  200001f0    00000008     CC13xx_pem3.obj (.data:xdc_runtime_Startup_Module__state__V)
                  200001f8    00000008     CC13xx_pem3.obj (.data:xdc_runtime_System_Module__state__V)
                  20000200    00000004     CC13xx_pem3.obj (.data:xdc_runtime_Memory_Module__state__V)

.bss       0    20000600    00000840     UNINITIALIZED
                  20000600    00000800     CC13xx_pem3.obj (.bss:taskStackSection)
                  20000e00    00000040     CC13xx_pem3.obj (.bss:ti_sysbios_heaps_HeapMem_Instance_State_0_buf__A)

.data      0    20000e40    00000300     
                  20000e40    000000f0     CC13xx_pem3.obj (.data)
                  20000f30    00000080     CC13xx_pem3.obj (.data:ti_sysbios_knl_Swi_Module_State_0_readyQ__A)
                  20000fb0    00000080     CC13xx_pem3.obj (.data:ti_sysbios_knl_Task_Module_State_0_readyQ__A)
                  20001030    0000004c     CC13xx_pem3.obj (.data:ti_sysbios_knl_Task_Object__table__V)
                  2000107c    00000004     rtsv7M3_T_le_eabi.lib : stkdepth_vars.obj (.data)
                  20001080    00000048     CC13xx_pem3.obj (.data:ti_sysbios_family_arm_cc26xx_Timer_Object__table__V)
                  200010c8    00000038     CC13xx_pem3.obj (.data:ti_sysbios_gates_GateMutex_Object__table__V)
                  20001100    00000030     CC13xx_pem3.obj (.data:ti_sysbios_knl_Swi_Object__table__V)
                  20001130    00000008     rtsv7M3_T_le_eabi.lib : _lock.obj (.data)
                  20001138    00000008                           : exit.obj (.data)

.stack     0    20004000    00001000     UNINITIALIZED
                  20004000    00001000     --HOLE--


FAR CALL TRAMPOLINES

callee name               trampoline name
   callee addr  tramp addr   call addr  call info
--------------  -----------  ---------  ----------------
memcpy                    $Tramp$TT$L$PI$$memcpy
   1001ca75     0000239c     00001fac   rtsv7M3_T_le_eabi.lib : cpy_tbl.obj (.text)
xdc_runtime_System_exit__E  $Tramp$TT$L$PI$$xdc_runtime_System_exit__E
   1001c7cd     000023a8     00001f64   boot.aem3 : boot.oem3 (.text)
ti_sysbios_knl_Clock_start__E  $Tramp$TT$L$PI$$ti_sysbios_knl_Clock_start__E
   1001bfdf     000023b4     00001ac2   CC13xx.obj (.text:main)
ti_sysbios_knl_Semaphore_post__E  $Tramp$TT$L$PI$$ti_sysbios_knl_Semaphore_post__E
   1001ac41     000023c0     00001abc   CC13xx.obj (.text:main)
ti_sysbios_knl_Semaphore_pend__E  $Tramp$TT$L$PI$$ti_sysbios_knl_Semaphore_pend__E
   1001a001     000023cc     00001ab6   CC13xx.obj (.text:main)
ti_sysbios_knl_Swi_construct  $Tramp$TT$L$PI$$ti_sysbios_knl_Swi_construct
   1001b085     000023d8     00001aac   CC13xx.obj (.text:main)
ti_sysbios_family_arm_m3_Hwi_construct  $Tramp$TT$L$PI$$ti_sysbios_family_arm_m3_Hwi_construct
   1001af29     000023e4     00001aa0   CC13xx.obj (.text:main)
ti_sysbios_knl_Clock_construct  $Tramp$TT$L$PI$$ti_sysbios_knl_Clock_construct
   1001b575     000023f0     00001a90   CC13xx.obj (.text:main)
ti_sysbios_knl_Semaphore_construct  $Tramp$TT$L$PI$$ti_sysbios_knl_Semaphore_construct
   1001b705     000023fc     00001a84   CC13xx.obj (.text:main)
ti_sysbios_knl_Task_construct  $Tramp$TT$L$PI$$ti_sysbios_knl_Task_construct
   1001b125     00002408     00001a7a   CC13xx.obj (.text:main)
ti_sysbios_knl_Swi_create  $Tramp$TT$L$PI$$ti_sysbios_knl_Swi_create
   1001ad05     00002414     00001a6e   CC13xx.obj (.text:main)
ti_sysbios_family_arm_m3_Hwi_create  $Tramp$TT$L$PI$$ti_sysbios_family_arm_m3_Hwi_create
   1001ab15     00002420     00001a64   CC13xx.obj (.text:main)
ti_sysbios_knl_Clock_create  $Tramp$TT$L$PI$$ti_sysbios_knl_Clock_create
   1001b3e9     0000242c     00001a58   CC13xx.obj (.text:main)
ti_sysbios_knl_Semaphore_create  $Tramp$TT$L$PI$$ti_sysbios_knl_Semaphore_create
   1001b5a9     00002438     00001a4c   CC13xx.obj (.text:main)
ti_sysbios_knl_Task_create  $Tramp$TT$L$PI$$ti_sysbios_knl_Task_create
   1001ae19     00002444     00001a42   CC13xx.obj (.text:main)
ti_sysbios_knl_Swi_Params__init__S  $Tramp$TT$L$PI$$ti_sysbios_knl_Swi_Params__init__S
   1001c1c9     00002450     00001a36   CC13xx.obj (.text:main)
ti_sysbios_family_arm_m3_Hwi_Params__init__S  $Tramp$TT$L$PI$$ti_sysbios_family_arm_m3_Hwi_Params__init__S
   1001c139     0000245c     00001a2a   CC13xx.obj (.text:main)
ti_sysbios_knl_Semaphore_Params__init__S  $Tramp$TT$L$PI$$ti_sysbios_knl_Semaphore_Params__init__S
   1001c1bd     00002468     00001a1e   CC13xx.obj (.text:main)
ti_sysbios_knl_Clock_Params__init__S  $Tramp$TT$L$PI$$ti_sysbios_knl_Clock_Params__init__S
   1001c181     00002474     00001a12   CC13xx.obj (.text:main)
ti_sysbios_knl_Task_Params__init__S  $Tramp$TT$L$PI$$ti_sysbios_knl_Task_Params__init__S
   1001c1d5     00002480     00001a06   CC13xx.obj (.text:main)
ti_sysbios_BIOS_start__E  $Tramp$TT$L$PI$$ti_sysbios_BIOS_start__E
   1001c051     0000248c     000019fa   CC13xx.obj (.text:main)
xdc_runtime_SysCallback_exit__E  $Tramp$TT$L$PI$$xdc_runtime_SysCallback_exit__E
   1001c81d     00002764     0000270a   CC13xx_pem3.obj (.text:xdc_runtime_System_SupportProxy_exit__E)
xdc_runtime_SysCallback_abort__E  $Tramp$TT$L$PI$$xdc_runtime_SysCallback_abort__E
   1001c80d     00002770     000026fe   CC13xx_pem3.obj (.text:xdc_runtime_System_SupportProxy_abort__E)
ti_sysbios_rom_cortexm_cc13xx_CC13xx_getRevision__E  $Tramp$TT$L$PI$$ti_sysbios_rom_cortexm_cc13xx_CC13xx_getRevision__E
   1001ca97     0000277c     000026ec   CC13xx_pem3.obj (.text:ti_sysbios_rom_cortexm_cc13xx_CC13xx_checkRevision__E)
xdc_runtime_System_exit__E  $Tramp$TT$L$PI$$xdc_runtime_System_exit__E
   1001c7cd     00002788     000026d0   CC13xx_pem3.obj (.text:ti_sysbios_BIOS_exitFunc__I)
ti_sysbios_knl_Swi_post__E  $Tramp$TT$L$PI$$ti_sysbios_knl_Swi_post__E
   1001b31d     00002794     0000269c   CC13xx_pem3.obj (.text:ti_sysbios_knl_Clock_doTick__I)
ti_sysbios_knl_Clock_logTick__E  $Tramp$TT$L$PI$$ti_sysbios_knl_Clock_logTick__E
   1001be63     000027a0     00002694   CC13xx_pem3.obj (.text:ti_sysbios_knl_Clock_doTick__I)
ti_sysbios_knl_Task_startup__E  $Tramp$TT$L$PI$$ti_sysbios_knl_Task_startup__E
   1001c305     000027ac     00002664   CC13xx_pem3.obj (.text:ti_sysbios_BIOS_startFunc__I)
ti_sysbios_knl_Swi_startup__E  $Tramp$TT$L$PI$$ti_sysbios_knl_Swi_startup__E
   1001c239     000027b8     00002660   CC13xx_pem3.obj (.text:ti_sysbios_BIOS_startFunc__I)
ti_sysbios_hal_Hwi_HwiProxy_startup__E  $Tramp$TT$L$PI$$ti_sysbios_hal_Hwi_HwiProxy_startup__E
   1001c289     000027c4     0000265c   CC13xx_pem3.obj (.text:ti_sysbios_BIOS_startFunc__I)
ti_sysbios_family_arm_cc26xx_Timer_startup__E  $Tramp$TT$L$PI$$ti_sysbios_family_arm_cc26xx_Timer_startup__E
   1001b791     000027d0     00002658   CC13xx_pem3.obj (.text:ti_sysbios_BIOS_startFunc__I)
xdc_runtime_System_atexit__E  $Tramp$TT$L$PI$$xdc_runtime_System_atexit__E
   1001c67d     000027dc     00002650   CC13xx_pem3.obj (.text:ti_sysbios_BIOS_startFunc__I)
ti_sysbios_BIOS_RtsGateProxy_enter__E  $Tramp$TT$L$PI$$ti_sysbios_BIOS_RtsGateProxy_enter__E
   1001c245     000027e8     000025fe   CC13xx_pem3.obj (.text:ti_sysbios_BIOS_rtsLock__I)
ti_sysbios_BIOS_setThreadType__E  $Tramp$TT$L$PI$$ti_sysbios_BIOS_setThreadType__E
   1001c041     000027f4     000025d6   CC13xx_pem3.obj (.text:ti_sysbios_BIOS_atExitFunc__I)
                             000026ca   CC13xx_pem3.obj (.text:ti_sysbios_BIOS_exitFunc__I)
ti_sysbios_knl_Task_disable__E  $Tramp$TT$L$PI$$ti_sysbios_knl_Task_disable__E
   1001c0f1     00002800     000025d0   CC13xx_pem3.obj (.text:ti_sysbios_BIOS_atExitFunc__I)
ti_sysbios_knl_Swi_disable__E  $Tramp$TT$L$PI$$ti_sysbios_knl_Swi_disable__E
   1001c0d1     0000280c     000025cc   CC13xx_pem3.obj (.text:ti_sysbios_BIOS_atExitFunc__I)
ti_sysbios_BIOS_RtsGateProxy_leave__E  $Tramp$TT$L$PI$$ti_sysbios_BIOS_RtsGateProxy_leave__E
   1001c249     00002818     00002596   CC13xx_pem3.obj (.text:ti_sysbios_BIOS_rtsUnlock__I)
xdc_runtime_Assert_raise__I  $Tramp$TT$L$PI$$xdc_runtime_Assert_raise__I
   1001c5a5     00002824     0000257c   CC13xx_pem3.obj (.text:ti_sysbios_BIOS_rtsUnlock__I)
ti_sysbios_knl_Clock_scheduleNextTick__E  $Tramp$TT$L$PI$$ti_sysbios_knl_Clock_scheduleNextTick__E
   1001beb9     00002ad4     000028c6   BIOS_rom.obj (.text:ti_sysbios_knl_Clock_workFuncDynamic__E__mangled__)
ti_sysbios_knl_Clock_walkQueueDynamic__E  $Tramp$TT$L$PI$$ti_sysbios_knl_Clock_walkQueueDynamic__E
   1001a809     00002ae0     00002880   BIOS_rom.obj (.text:ti_sysbios_knl_Clock_workFuncDynamic__E__mangled__)
                             0000289a   BIOS_rom.obj (.text:ti_sysbios_knl_Clock_workFuncDynamic__E__mangled__)
ti_sysbios_knl_Clock_TimerProxy_getCurrentTick__E  $Tramp$TT$L$PI$$ti_sysbios_knl_Clock_TimerProxy_getCurrentTick__E
   1001c091     00002aec     00002846   BIOS_rom.obj (.text:ti_sysbios_knl_Clock_workFuncDynamic__E__mangled__)

[41 trampolines]
[43 trampoline calls]


GLOBAL SYMBOLS: SORTED ALPHABETICALLY BY Name 

address    name
--------   ----
00001e4d   AONEventMcuWakeUpSet
000020f9   AONRTCChannelEnable
0000212b   AONRTCCompareValueSet
000022e5   AONRTCCurrentCompareValueGet
000021df   AONRTCEventClear
00002085   AUXWUCClockDisable
0000215b   AUXWUCClockEnable
00001ad1   AUXWUCClockStatus
00001eed   Boot_trimDevice
00001fc1   C$$EXIT
00002391   CPUdelay
0000231b   DDI16BitfieldRead
0000227f   DDI16BitfieldWrite
00002333   IOCPortConfigureGet
00002301   IOCPortConfigureSet
00001df9   IntPendClear
00002259   OSCClockSourceGet
00001d95   OSCClockSourceSet
00002187   PRCMPeripheralRunDisable
000021b3   PRCMPeripheralRunEnable
00001cb9   PRCMPowerDomainOff
00001d27   PRCMPowerDomainOn
00001e9d   PRCMPowerDomainStatus
UNDEFED    SHT$$INIT_ARRAY$$Base
UNDEFED    SHT$$INIT_ARRAY$$Limit
20001030   TSK_idle
00000000   __ASM__
0000006c   __ISA__
0000007e   __PLAT__
20005000   __STACK_END
00001000   __STACK_SIZE
20005000   __STACK_TOP
000000a1   __TARG__
UNDEFED    __TI_CINIT_Base
UNDEFED    __TI_CINIT_Limit
UNDEFED    __TI_Handler_Table_Base
00000001   __TI_args_main
00001b99   __TI_auto_init
20001138   __TI_cleanup_ptr
2000113c   __TI_dtors_ptr
00000000   __TI_static_base__
000000c6   __TRDR__
00002365   __aeabi_lmul
00001801   __aeabi_uldivmod
ffffffff   __binit__
ffffffff   __c_args__
0001ffb4   __ccfg
20004000   __stack
00002397   __xdc__init
20000f2c   __xdc__init__addr
0000234d   _args_main
00001f39   _c_int00
20001130   _lock
0000238b   _nop
00002383   _register_lock
0000237d   _register_unlock
20001134   _unlock
00001fc5   abort
ffffffff   binit
00001f7d   copy_in
00001fcd   exit
000019f5   main
2000107c   main_func_sp
1001ca75   memcpy
1001ca87   memset
00001b97   smallErrorPolicy
200001a4   ti_sysbios_BIOS_Module__state__V
1001bc25   ti_sysbios_BIOS_RtsGateProxy_Handle__label__S
1001bab5   ti_sysbios_BIOS_RtsGateProxy_Object__delete__S
1001c175   ti_sysbios_BIOS_RtsGateProxy_Params__init__S
1001c245   ti_sysbios_BIOS_RtsGateProxy_enter__E
1001c249   ti_sysbios_BIOS_RtsGateProxy_leave__E
1001c271   ti_sysbios_BIOS_RtsGateProxy_query__E
000025c9   ti_sysbios_BIOS_atExitFunc__I
000026c1   ti_sysbios_BIOS_exitFunc__I
1001c031   ti_sysbios_BIOS_exit__E
1001bff5   ti_sysbios_BIOS_getCpuFreq__E
00002761   ti_sysbios_BIOS_nullFunc__I
00002629   ti_sysbios_BIOS_registerRTSLock__I
00002671   ti_sysbios_BIOS_removeRTSLock__I
000025f9   ti_sysbios_BIOS_rtsLock__I
00002535   ti_sysbios_BIOS_rtsUnlock__I
1001c041   ti_sysbios_BIOS_setThreadType__E
0000264d   ti_sysbios_BIOS_startFunc__I
1001c051   ti_sysbios_BIOS_start__E
00002d7d   ti_sysbios_family_arm_cc26xx_Boot_trimDevice
00002d55   ti_sysbios_family_arm_cc26xx_Boot_useLFXTAL
00001406   ti_sysbios_family_arm_cc26xx_Timer_Module__id__C
20000e60   ti_sysbios_family_arm_cc26xx_Timer_Module__root__V
1001bb45   ti_sysbios_family_arm_cc26xx_Timer_Module__startupDone__S
200001e4   ti_sysbios_family_arm_cc26xx_Timer_Module__state__V
1001ba6d   ti_sysbios_family_arm_cc26xx_Timer_Module_startup__E
20001080   ti_sysbios_family_arm_cc26xx_Timer_Object__table__V
00002711   ti_sysbios_family_arm_cc26xx_Timer_dynamicStub__E
00002a99   ti_sysbios_family_arm_cc26xx_Timer_dynamicStub__E__mangled__
00002719   ti_sysbios_family_arm_cc26xx_Timer_getCount64__E
00002a75   ti_sysbios_family_arm_cc26xx_Timer_getCount64__E__mangled__
00002721   ti_sysbios_family_arm_cc26xx_Timer_getCurrentTick__E
00002959   ti_sysbios_family_arm_cc26xx_Timer_getCurrentTick__E__mangled__
1001c24d   ti_sysbios_family_arm_cc26xx_Timer_getExpiredTicks__E
00002729   ti_sysbios_family_arm_cc26xx_Timer_getMaxTicks__E
00002a4d   ti_sysbios_family_arm_cc26xx_Timer_getMaxTicks__E__mangled__
1001c251   ti_sysbios_family_arm_cc26xx_Timer_getPeriod__E
00002731   ti_sysbios_family_arm_cc26xx_Timer_initDevice__I
00002a1d   ti_sysbios_family_arm_cc26xx_Timer_initDevice__I__mangled__
1001a465   ti_sysbios_family_arm_cc26xx_Timer_periodicStub__E
1001b765   ti_sysbios_family_arm_cc26xx_Timer_postInit__I
00002739   ti_sysbios_family_arm_cc26xx_Timer_setNextTick__E
000029a9   ti_sysbios_family_arm_cc26xx_Timer_setNextTick__E__mangled__
1001c255   ti_sysbios_family_arm_cc26xx_Timer_setPeriod__E
00002741   ti_sysbios_family_arm_cc26xx_Timer_setThreshold__I
000029e9   ti_sysbios_family_arm_cc26xx_Timer_setThreshold__I__mangled__
00002749   ti_sysbios_family_arm_cc26xx_Timer_start__E
000028e5   ti_sysbios_family_arm_cc26xx_Timer_start__E__mangled__
00001384   ti_sysbios_family_arm_cc26xx_Timer_startupNeeded__C
1001b791   ti_sysbios_family_arm_cc26xx_Timer_startup__E
200001ec   ti_sysbios_family_arm_cc26xx_TimestampProvider_Module__state__V
1001bb65   ti_sysbios_family_arm_cc26xx_TimestampProvider_Module_startup__E
00002751   ti_sysbios_family_arm_cc26xx_TimestampProvider_get32__E
00002ab9   ti_sysbios_family_arm_cc26xx_TimestampProvider_get32__E__mangled__
1001b9cd   ti_sysbios_family_arm_cc26xx_TimestampProvider_get64__E
1001c12b   ti_sysbios_family_arm_cc26xx_TimestampProvider_getFreq__E
00001408   ti_sysbios_family_arm_cc26xx_TimestampProvider_useClockTimer__C
40000400   ti_sysbios_family_arm_ducati_CTM_ctm
00001388   ti_sysbios_family_arm_m3_Hwi_E_alreadyDefined__C
0000138c   ti_sysbios_family_arm_m3_Hwi_E_hwiLimitExceeded__C
1001aed1   ti_sysbios_family_arm_m3_Hwi_Instance_finalize__E
1001a3c5   ti_sysbios_family_arm_m3_Hwi_Instance_init__E
20000e88   ti_sysbios_family_arm_m3_Hwi_Module_State_0_excActive__A
20000e8c   ti_sysbios_family_arm_m3_Hwi_Module_State_0_excContext__A
20000e90   ti_sysbios_family_arm_m3_Hwi_Module_State_0_excStack__A
0000140a   ti_sysbios_family_arm_m3_Hwi_Module__id__C
20000e68   ti_sysbios_family_arm_m3_Hwi_Module__root__V
1001bb85   ti_sysbios_family_arm_m3_Hwi_Module__startupDone__S
20000144   ti_sysbios_family_arm_m3_Hwi_Module__state__V
1001b1c1   ti_sysbios_family_arm_m3_Hwi_Module_startup__E
00001390   ti_sysbios_family_arm_m3_Hwi_NUM_INTERRUPTS__C
000011d0   ti_sysbios_family_arm_m3_Hwi_Object__DESC__C
00001070   ti_sysbios_family_arm_m3_Hwi_Object__PARAMS__C
00001394   ti_sysbios_family_arm_m3_Hwi_Object__count__C
1001aab1   ti_sysbios_family_arm_m3_Hwi_Object__create__S
1001bba5   ti_sysbios_family_arm_m3_Hwi_Object__delete__S
1001be65   ti_sysbios_family_arm_m3_Hwi_Object__destruct__S
1001b7bd   ti_sysbios_family_arm_m3_Hwi_Object__get__S
00001398   ti_sysbios_family_arm_m3_Hwi_Object__table__C
20000e70   ti_sysbios_family_arm_m3_Hwi_Object__table__V
1001c139   ti_sysbios_family_arm_m3_Hwi_Params__init__S
0000139c   ti_sysbios_family_arm_m3_Hwi_ccr__C
1001af29   ti_sysbios_family_arm_m3_Hwi_construct
1001ab15   ti_sysbios_family_arm_m3_Hwi_create
1001c259   ti_sysbios_family_arm_m3_Hwi_delete
1001c25d   ti_sysbios_family_arm_m3_Hwi_destruct
1001c145   ti_sysbios_family_arm_m3_Hwi_disableFxn__E
1001b251   ti_sysbios_family_arm_m3_Hwi_disableInterrupt__E
1001aa49   ti_sysbios_family_arm_m3_Hwi_dispatchC__I
20000e40   ti_sysbios_family_arm_m3_Hwi_dispatchTable
1001c899   ti_sysbios_family_arm_m3_Hwi_dispatch__I
1001c1f7   ti_sysbios_family_arm_m3_Hwi_doSwiRestore__I
1001c20f   ti_sysbios_family_arm_m3_Hwi_doTaskRestore__I
1001c151   ti_sysbios_family_arm_m3_Hwi_enableFxn__E
1001b295   ti_sysbios_family_arm_m3_Hwi_enableInterrupt__E
1001c9fd   ti_sysbios_family_arm_m3_Hwi_excHandlerAsm__I
000013a0   ti_sysbios_family_arm_m3_Hwi_excHandlerFunc__C
1001bbc5   ti_sysbios_family_arm_m3_Hwi_excHandler__I
1001b461   ti_sysbios_family_arm_m3_Hwi_getStackInfo__E
1001a695   ti_sysbios_family_arm_m3_Hwi_initNVIC__E
1001c9b5   ti_sysbios_family_arm_m3_Hwi_initStacks__E
000013a4   ti_sysbios_family_arm_m3_Hwi_nullIsrFunc__C
000013a8   ti_sysbios_family_arm_m3_Hwi_numSparseInterrupts__C
e000e000   ti_sysbios_family_arm_m3_Hwi_nvic
1001ca3b   ti_sysbios_family_arm_m3_Hwi_pendSV__I
1001c061   ti_sysbios_family_arm_m3_Hwi_plug__E
1001a315   ti_sysbios_family_arm_m3_Hwi_postInit__I
000013ac   ti_sysbios_family_arm_m3_Hwi_priGroup__C
20000000   ti_sysbios_family_arm_m3_Hwi_ramVectors
00000000   ti_sysbios_family_arm_m3_Hwi_resetVectors
1001c215   ti_sysbios_family_arm_m3_Hwi_restoreFxn__E
1001ca53   ti_sysbios_family_arm_m3_Hwi_return
1001be81   ti_sysbios_family_arm_m3_Hwi_setPriority__E
1001c1ff   ti_sysbios_family_arm_m3_Hwi_startup__E
1001c009   ti_sysbios_family_arm_m3_Hwi_switchFromBootStack__E
[...]
00002333   IOCPortConfigureGet
0000234d   _args_main
00002365   __aeabi_lmul
0000237d   _register_unlock
00002383   _register_lock
0000238b   _nop
00002391   CPUdelay
00002397   __xdc__init
00002499   xdc_runtime_Startup_getState__I
00002535   ti_sysbios_BIOS_rtsUnlock__I
000025c9   ti_sysbios_BIOS_atExitFunc__I
000025f9   ti_sysbios_BIOS_rtsLock__I
00002629   ti_sysbios_BIOS_registerRTSLock__I
0000264d   ti_sysbios_BIOS_startFunc__I
00002671   ti_sysbios_BIOS_removeRTSLock__I
00002691   ti_sysbios_knl_Clock_doTick__I
000026a9   xdc_runtime_Startup_exec__I
000026c1   ti_sysbios_BIOS_exitFunc__I
000026d7   xdc_runtime_Startup_reset__I
000026eb   ti_sysbios_rom_cortexm_cc13xx_CC13xx_checkRevision__E
000026f9   xdc_runtime_System_SupportProxy_abort__E
00002705   xdc_runtime_System_SupportProxy_exit__E
00002711   ti_sysbios_family_arm_cc26xx_Timer_dynamicStub__E
00002719   ti_sysbios_family_arm_cc26xx_Timer_getCount64__E
00002721   ti_sysbios_family_arm_cc26xx_Timer_getCurrentTick__E
00002729   ti_sysbios_family_arm_cc26xx_Timer_getMaxTicks__E
00002731   ti_sysbios_family_arm_cc26xx_Timer_initDevice__I
00002739   ti_sysbios_family_arm_cc26xx_Timer_setNextTick__E
00002741   ti_sysbios_family_arm_cc26xx_Timer_setThreshold__I
00002749   ti_sysbios_family_arm_cc26xx_Timer_start__E
00002751   ti_sysbios_family_arm_cc26xx_TimestampProvider_get32__E
00002759   ti_sysbios_knl_Clock_workFuncDynamic__E
00002761   ti_sysbios_BIOS_nullFunc__I
00002831   ti_sysbios_knl_Clock_workFuncDynamic__E__mangled__
000028e5   ti_sysbios_family_arm_cc26xx_Timer_start__E__mangled__
00002959   ti_sysbios_family_arm_cc26xx_Timer_getCurrentTick__E__mangled__
000029a9   ti_sysbios_family_arm_cc26xx_Timer_setNextTick__E__mangled__
000029e9   ti_sysbios_family_arm_cc26xx_Timer_setThreshold__I__mangled__
00002a1d   ti_sysbios_family_arm_cc26xx_Timer_initDevice__I__mangled__
00002a4d   ti_sysbios_family_arm_cc26xx_Timer_getMaxTicks__E__mangled__
00002a75   ti_sysbios_family_arm_cc26xx_Timer_getCount64__E__mangled__
00002a99   ti_sysbios_family_arm_cc26xx_Timer_dynamicStub__E__mangled__
00002ab9   ti_sysbios_family_arm_cc26xx_TimestampProvider_get32__E__mangled__
00002c14   xdc_runtime_Startup_sfxnTab__A
00002c38   xdc_runtime_Startup_sfxnRts__A
00002c4c   xdc_runtime_Startup_firstFxns__A
00002d55   ti_sysbios_family_arm_cc26xx_Boot_useLFXTAL
00002d7d   ti_sysbios_family_arm_cc26xx_Boot_trimDevice
0001ffb4   __ccfg
1001a001   ti_sysbios_knl_Semaphore_pend__E
1001a0cd   ti_sysbios_knl_Mailbox_Instance_init__E
1001a195   ti_sysbios_heaps_HeapMem_alloc__E
1001a259   ti_sysbios_knl_Task_Instance_init__E
1001a315   ti_sysbios_family_arm_m3_Hwi_postInit__I
1001a3c5   ti_sysbios_family_arm_m3_Hwi_Instance_init__E
1001a465   ti_sysbios_family_arm_cc26xx_Timer_periodicStub__E
1001a4f9   ti_sysbios_knl_Task_Instance_finalize__E
1001a58d   ti_sysbios_knl_Mailbox_post__E
1001a611   ti_sysbios_knl_Task_postInit__I
1001a695   ti_sysbios_family_arm_m3_Hwi_initNVIC__E
1001a715   ti_sysbios_knl_Clock_startI__E
1001a791   ti_sysbios_heaps_HeapMem_free__E
1001a809   ti_sysbios_knl_Clock_walkQueueDynamic__E
1001a881   ti_sysbios_knl_Clock_workFunc__E
1001a8f9   ti_sysbios_knl_Mailbox_Instance_finalize__E
1001a969   ti_sysbios_knl_Mailbox_pend__E
1001a9d9   ti_sysbios_knl_Task_sleep__E
1001aa49   ti_sysbios_family_arm_m3_Hwi_dispatchC__I
1001aab1   ti_sysbios_family_arm_m3_Hwi_Object__create__S
1001ab15   ti_sysbios_family_arm_m3_Hwi_create
1001ab79   ti_sysbios_hal_Hwi_create
1001abdd   ti_sysbios_knl_Mailbox_create
1001ac41   ti_sysbios_knl_Semaphore_post__E
1001aca5   ti_sysbios_knl_Swi_Instance_init__E
1001ad05   ti_sysbios_knl_Swi_create
1001ad61   ti_sysbios_knl_Swi_restoreHwi__E
1001adbd   ti_sysbios_knl_Task_Module_startup__E
1001ae19   ti_sysbios_knl_Task_create
1001ae75   ti_sysbios_knl_Task_startCore__E
1001aed1   ti_sysbios_family_arm_m3_Hwi_Instance_finalize__E
1001af29   ti_sysbios_family_arm_m3_Hwi_construct
1001af81   ti_sysbios_knl_Mailbox_construct
1001afd9   ti_sysbios_knl_Swi_run__I
1001b031   ti_sysbios_knl_Swi_schedule__I
1001b085   ti_sysbios_knl_Swi_construct
1001b0d5   ti_sysbios_knl_Swi_runLoop__I
1001b125   ti_sysbios_knl_Task_construct
1001b175   ti_sysbios_knl_Task_schedule__I
1001b1c1   ti_sysbios_family_arm_m3_Hwi_Module_startup__E
1001b209   ti_sysbios_heaps_HeapMem_getStats__E
1001b251   ti_sysbios_family_arm_m3_Hwi_disableInterrupt__E
1001b295   ti_sysbios_family_arm_m3_Hwi_enableInterrupt__E
1001b2d9   ti_sysbios_knl_Mailbox_Module_startup__E
1001b31d   ti_sysbios_knl_Swi_post__E
1001b361   ti_sysbios_knl_Task_allBlockedFunction__I
1001b3a5   ti_sysbios_knl_Task_yield__E
1001b3e9   ti_sysbios_knl_Clock_create
1001b425   ti_sysbios_knl_Task_exit__E
1001b45f   ti_sysbios_gates_GateHwi_Instance_init__E
1001b461   ti_sysbios_family_arm_m3_Hwi_getStackInfo__E
1001b499   ti_sysbios_family_arm_m3_TaskSupport_start__E
1001b4d1   ti_sysbios_heaps_HeapMem_Instance_init__E
1001b509   ti_sysbios_knl_Clock_Instance_init__E
1001b541   ti_sysbios_heaps_HeapMem_init__I
1001b575   ti_sysbios_knl_Clock_construct
1001b5a9   ti_sysbios_knl_Semaphore_create
1001b5dd   ti_sysbios_knl_Swi_restore__E
1001b611   ti_sysbios_knl_Task_blockI__E
1001b645   ti_sysbios_gates_GateMutex_Object__create__S
1001b675   ti_sysbios_gates_GateMutex_create
1001b6a5   ti_sysbios_gates_GateMutex_enter__E
1001b6d5   ti_sysbios_knl_Clock_getTicks__E
1001b705   ti_sysbios_knl_Semaphore_construct
1001b735   ti_sysbios_knl_Task_processVitalTaskFlag__I
1001b765   ti_sysbios_family_arm_cc26xx_Timer_postInit__I
1001b791   ti_sysbios_family_arm_cc26xx_Timer_startup__E
1001b791   ti_sysbios_knl_Clock_TimerProxy_startup__E
1001b7bd   ti_sysbios_family_arm_m3_Hwi_Object__get__S
1001b7e9   ti_sysbios_gates_GateMutex_construct
1001b815   ti_sysbios_hal_Hwi_initStack
1001b841   ti_sysbios_heaps_HeapMem_Object__create__S
1001b86d   ti_sysbios_heaps_HeapMem_Object__get__S
1001b899   ti_sysbios_knl_Mailbox_Object__get__S
1001b8c5   ti_sysbios_knl_Mailbox_postInit__I
1001b8f1   ti_sysbios_knl_Queue_construct
1001b91d   ti_sysbios_knl_Queue_create
1001b949   ti_sysbios_knl_Semaphore_pendTimeout__I
1001b975   ti_sysbios_knl_Swi_Object__get__S
1001b9a1   ti_sysbios_knl_Task_unblockI__E
1001b9cd   ti_sysbios_family_arm_cc26xx_TimestampProvider_get64__E
1001b9cd   xdc_runtime_Timestamp_SupportProxy_get64__E
1001b9cd   xdc_runtime_Timestamp_get64__E
1001b9f5   ti_sysbios_hal_Hwi_Instance_init__E
1001ba1d   ti_sysbios_knl_Clock_addI__E
1001ba45   ti_sysbios_knl_Task_restore__E
1001ba6d   ti_sysbios_family_arm_cc26xx_Timer_Module_startup__E
1001ba91   ti_sysbios_gates_GateHwi_Object__create__S
1001bab5   ti_sysbios_BIOS_RtsGateProxy_Object__delete__S
1001bab5   ti_sysbios_gates_GateMutex_Object__delete__S
1001bab5   ti_sysbios_heaps_HeapMem_Module_GateProxy_Object__delete__S
1001bad9   ti_sysbios_knl_Clock_Object__delete__S
1001bafd   ti_sysbios_knl_Semaphore_Instance_init__E
1001bb21   ti_sysbios_knl_Semaphore_Object__delete__S
1001bb45   ti_sysbios_family_arm_cc26xx_Timer_Module__startupDone__S
1001bb65   ti_sysbios_family_arm_cc26xx_TimestampProvider_Module_startup__E
1001bb85   ti_sysbios_family_arm_m3_Hwi_Module__startupDone__S
1001bba5   ti_sysbios_family_arm_m3_Hwi_Object__delete__S
1001bba5   ti_sysbios_hal_Hwi_HwiProxy_Object__delete__S
1001bbc5   ti_sysbios_family_arm_m3_Hwi_excHandler__I
1001bbe5   ti_sysbios_gates_GateHwi_Handle__label__S
1001bbe5   xdc_runtime_System_Module_GateProxy_Handle__label__S
1001bc05   ti_sysbios_gates_GateHwi_Object__delete__S
1001bc05   xdc_runtime_System_Module_GateProxy_Object__delete__S
1001bc25   ti_sysbios_BIOS_RtsGateProxy_Handle__label__S
1001bc25   ti_sysbios_gates_GateMutex_Handle__label__S
1001bc25   ti_sysbios_heaps_HeapMem_Module_GateProxy_Handle__label__S
1001bc45   ti_sysbios_gates_GateMutex_Object__destruct__S
1001bc65   ti_sysbios_hal_Hwi_Object__delete__S
1001bc85   ti_sysbios_heaps_HeapMem_Handle__label__S
1001bc85   xdc_runtime_Memory_HeapProxy_Handle__label__S
1001bca5   ti_sysbios_heaps_HeapMem_Object__delete__S
1001bca5   xdc_runtime_Memory_HeapProxy_Object__delete__S
1001bcc5   ti_sysbios_knl_Clock_Module_startup__E
1001bce5   ti_sysbios_knl_Clock_Object__destruct__S
1001bd05   ti_sysbios_knl_Idle_run__E
1001bd25   ti_sysbios_knl_Mailbox_Object__delete__S
1001bd45   ti_sysbios_knl_Queue_Object__delete__S
1001bd65   ti_sysbios_knl_Queue_Object__get__S
1001bd85   ti_sysbios_knl_Semaphore_Object__destruct__S
1001bda5   ti_sysbios_knl_Swi_Object__delete__S
1001bdc5   ti_sysbios_knl_Task_Object__delete__S
1001bde5   ti_sysbios_knl_Task_Object__get__S
1001be05   ti_sysbios_knl_Task_enter__I
1001be25   ti_sysbios_knl_Task_restoreHwi__E
1001be45   ti_sysbios_hal_Hwi_HwiProxy_create
1001be63   ti_sysbios_knl_Clock_logTick__E
1001be65   ti_sysbios_family_arm_m3_Hwi_Object__destruct__S
1001be81   ti_sysbios_family_arm_m3_Hwi_setPriority__E
1001be9d   ti_sysbios_gates_GateMutex_Instance_init__E
1001beb9   ti_sysbios_knl_Clock_scheduleNextTick__E
1001bed5   ti_sysbios_knl_Mailbox_Object__destruct__S
1001bef1   ti_sysbios_knl_Queue_Object__destruct__S
1001bf0d   ti_sysbios_knl_Queue_get__E
1001bf29   ti_sysbios_knl_Queue_put__E
1001bf45   ti_sysbios_knl_Swi_Object__destruct__S
1001bf61   ti_sysbios_knl_Task_Object__destruct__S
1001bf7d   ti_sysbios_knl_Task_sleepTimeout__I
1001bf97   ti_sysbios_knl_Swi_Instance_finalize__E
1001bf99   ti_sysbios_gates_GateMutex_leave__E
1001bfb1   ti_sysbios_knl_Task_unblock__E
1001bfc9   ti_sysbios_knl_Clock_Instance_finalize__E
1001bfdf   ti_sysbios_knl_Clock_start__E
1001bff5   ti_sysbios_BIOS_getCpuFreq__E
1001c009   ti_sysbios_family_arm_m3_Hwi_switchFromBootStack__E
1001c01d   ti_sysbios_hal_Hwi_Module_startup__E
1001c031   ti_sysbios_BIOS_exit__E
1001c041   ti_sysbios_BIOS_setThreadType__E
1001c051   ti_sysbios_BIOS_start__E
1001c061   ti_sysbios_family_arm_m3_Hwi_plug__E
1001c071   ti_sysbios_gates_GateMutex_Instance_finalize__E
1001c081   ti_sysbios_hal_Hwi_HwiProxy_Object__create__S
1001c091   ti_sysbios_knl_Clock_TimerProxy_getCurrentTick__E
1001c0a1   ti_sysbios_knl_Clock_TimerProxy_getMaxTicks__E
1001c0b1   ti_sysbios_knl_Clock_TimerProxy_setNextTick__E
1001c0c1   ti_sysbios_knl_Semaphore_Instance_finalize__E
1001c0d1   ti_sysbios_knl_Swi_disable__E
1001c0e1   ti_sysbios_knl_Swi_enabled__E
1001c0f1   ti_sysbios_knl_Task_disable__E
1001c101   ti_sysbios_heaps_HeapMem_restore__E
1001c10f   ti_sysbios_knl_Queue_empty__E
1001c11d   ti_sysbios_knl_Queue_remove__E
1001c12b   ti_sysbios_family_arm_cc26xx_TimestampProvider_getFreq__E
1001c12b   xdc_runtime_Timestamp_SupportProxy_getFreq__E
1001c12b   xdc_runtime_Timestamp_getFreq__E
1001c139   ti_sysbios_family_arm_m3_Hwi_Params__init__S
1001c139   ti_sysbios_hal_Hwi_HwiProxy_Params__init__S
1001c145   ti_sysbios_family_arm_m3_Hwi_disableFxn__E
1001c151   ti_sysbios_family_arm_m3_Hwi_enableFxn__E
1001c15d   ti_sysbios_family_arm_m3_TaskSupport_getStackAlignment__E
1001c169   ti_sysbios_gates_GateHwi_enter__E
1001c175   ti_sysbios_BIOS_RtsGateProxy_Params__init__S
1001c175   ti_sysbios_gates_GateMutex_Params__init__S
1001c175   ti_sysbios_heaps_HeapMem_Module_GateProxy_Params__init__S
1001c181   ti_sysbios_knl_Clock_Params__init__S
1001c18d   ti_sysbios_knl_Clock_getTimerHandle__E
1001c199   ti_sysbios_knl_Mailbox_Params__init__S
1001c1a5   ti_sysbios_knl_Queue_dequeue__E
1001c1b1   ti_sysbios_knl_Queue_enqueue__E
1001c1bd   ti_sysbios_knl_Semaphore_Params__init__S
1001c1c9   ti_sysbios_knl_Swi_Params__init__S
1001c1d5   ti_sysbios_knl_Task_Params__init__S
1001c1e1   ti_sysbios_knl_Task_self__E
1001c1ed   ti_sysbios_hal_Hwi_Instance_finalize__E
1001c1f7   ti_sysbios_family_arm_m3_Hwi_doSwiRestore__I
1001c1ff   ti_sysbios_family_arm_m3_Hwi_startup__E
1001c207   ti_sysbios_knl_Idle_loop__E
1001c20f   ti_sysbios_family_arm_m3_Hwi_doTaskRestore__I
1001c215   ti_sysbios_family_arm_m3_Hwi_restoreFxn__E
1001c21b   ti_sysbios_gates_GateHwi_leave__E
1001c221   ti_sysbios_knl_Clock_stop__E
1001c227   ti_sysbios_knl_Queue_Instance_init__E
1001c22d   ti_sysbios_knl_Queue_elemClear__E
1001c233   ti_sysbios_knl_Swi_Module_startup__E
1001c239   ti_sysbios_knl_Swi_startup__E
1001c23f   ti_sysbios_knl_Task_enable__E
1001c245   ti_sysbios_BIOS_RtsGateProxy_enter__E
1001c249   ti_sysbios_BIOS_RtsGateProxy_leave__E
1001c24d   ti_sysbios_family_arm_cc26xx_Timer_getExpiredTicks__E
1001c251   ti_sysbios_family_arm_cc26xx_Timer_getPeriod__E
1001c255   ti_sysbios_family_arm_cc26xx_Timer_setPeriod__E
1001c259   ti_sysbios_family_arm_m3_Hwi_delete
1001c25d   ti_sysbios_family_arm_m3_Hwi_destruct
1001c261   ti_sysbios_family_arm_m3_TaskSupport_Module__startupDone__S
1001c265   ti_sysbios_gates_GateHwi_query__E
1001c265   xdc_runtime_System_Module_GateProxy_query__E
1001c269   ti_sysbios_gates_GateMutex_delete
1001c26d   ti_sysbios_gates_GateMutex_destruct
1001c271   ti_sysbios_BIOS_RtsGateProxy_query__E
1001c271   ti_sysbios_gates_GateMutex_query__E
1001c271   ti_sysbios_heaps_HeapMem_Module_GateProxy_query__E
1001c275   ti_sysbios_hal_Hwi_HwiProxy_Module__startupDone__S
1001c279   ti_sysbios_hal_Hwi_HwiProxy_delete
1001c27d   ti_sysbios_hal_Hwi_HwiProxy_disableInterrupt__E
1001c27d   ti_sysbios_hal_Hwi_disableInterrupt__E
1001c281   ti_sysbios_hal_Hwi_HwiProxy_enableInterrupt__E
1001c281   ti_sysbios_hal_Hwi_enableInterrupt__E
1001c285   ti_sysbios_hal_Hwi_HwiProxy_getStackInfo__E
1001c285   ti_sysbios_hal_Hwi_getStackInfo__E
1001c289   ti_sysbios_hal_Hwi_HwiProxy_startup__E
1001c289   ti_sysbios_hal_Hwi_startup__E
1001c28d   ti_sysbios_hal_Hwi_HwiProxy_switchFromBootStack__E
1001c291   ti_sysbios_hal_Hwi_delete
1001c295   ti_sysbios_hal_Hwi_switchFromBootStack__E
1001c299   ti_sysbios_heaps_HeapMem_Module_GateProxy_enter__E
1001c29d   ti_sysbios_heaps_HeapMem_Module_GateProxy_leave__E
1001c2a1   ti_sysbios_heaps_HeapMem_isBlocking__E
1001c2a5   ti_sysbios_knl_Clock_TimerProxy_Module__startupDone__S
1001c2a9   ti_sysbios_knl_Clock_TimerProxy_getExpiredTicks__E
1001c2ad   ti_sysbios_knl_Clock_TimerProxy_getPeriod__E
1001c2b1   ti_sysbios_knl_Clock_delete
1001c2b5   ti_sysbios_knl_Clock_destruct
1001c2b9   ti_sysbios_knl_Clock_removeI__E
1001c2bd   ti_sysbios_knl_Clock_setTimeout__E
1001c2c1   ti_sysbios_knl_Mailbox_delete
1001c2c5   ti_sysbios_knl_Mailbox_destruct
1001c2c9   ti_sysbios_knl_Queue_delete
1001c2cd   ti_sysbios_knl_Queue_destruct
1001c2d1   ti_sysbios_knl_Queue_head__E
1001c2d5   ti_sysbios_knl_Queue_next__E
1001c2d9   ti_sysbios_knl_Semaphore_delete
1001c2dd   ti_sysbios_knl_Semaphore_destruct
1001c2e1   ti_sysbios_knl_Swi_delete
1001c2e5   ti_sysbios_knl_Swi_destruct
1001c2e9   ti_sysbios_knl_Swi_postInit__I
1001c2ed   ti_sysbios_knl_Task_SupportProxy_Module__startupDone__S
1001c2f1   ti_sysbios_knl_Task_SupportProxy_getStackAlignment__E
1001c2f5   ti_sysbios_knl_Task_SupportProxy_start__E
1001c2f9   ti_sysbios_knl_Task_SupportProxy_swap__E
1001c2fd   ti_sysbios_knl_Task_delete
1001c301   ti_sysbios_knl_Task_destruct
1001c305   ti_sysbios_knl_Task_startup__E
1001c309   xdc_runtime_Startup_startMods__I
1001c401   xdc_runtime_Core_createObject__I
1001c483   xdc_runtime_Error_policySpin__E
1001c485   xdc_runtime_Memory_alloc__E
1001c4f5   xdc_runtime_Core_deleteObject__I
1001c555   xdc_runtime_Startup_exec__E
1001c5a5   xdc_runtime_Assert_raise__I
1001c5ed   xdc_runtime_Core_assignParams__I
1001c635   xdc_runtime_Core_constructObject__I
1001c67d   xdc_runtime_System_atexit__E
1001c6b5   xdc_runtime_System_processAtExit__E
1001c6e9   xdc_runtime_Core_assignLabel__I
1001c719   xdc_runtime_Text_cordText__E
1001c745   xdc_runtime_System_abort__E
1001c765   xdc_runtime_Error_raiseX__E
1001c781   xdc_runtime_Memory_valloc__E
1001c79d   xdc_runtime_Core_destructObject__I
1001c7b5   xdc_runtime_Error_check__E
1001c7cd   xdc_runtime_System_exit__E
1001c7e5   xdc_runtime_Text_ropeText__E
1001c7fd   xdc_runtime_Memory_free__E
1001c80d   xdc_runtime_SysCallback_abort__E
1001c81d   xdc_runtime_SysCallback_exit__E
1001c82d   xdc_runtime_Timestamp_SupportProxy_get32__E
1001c82d   xdc_runtime_Timestamp_get32__E
1001c83d   xdc_runtime_Error_init__E
1001c849   xdc_runtime_Memory_calloc__E
1001c855   xdc_runtime_Memory_getMaxDefaultTypeAlign__E
1001c875   xdc_runtime_Gate_leaveSystem__E
1001c87b   xdc_runtime_System_Module_startup__E
1001c881   xdc_runtime_Gate_enterSystem__E
1001c885   xdc_runtime_Memory_HeapProxy_alloc__E
1001c889   xdc_runtime_Memory_HeapProxy_free__E
1001c88d   xdc_runtime_System_Module_GateProxy_enter__E
1001c891   xdc_runtime_System_Module_GateProxy_leave__E
1001c895   xdc_runtime_System_abortSpin__E
1001c897   xdc_runtime_System_exitSpin__E
1001c899   ti_sysbios_family_arm_m3_Hwi_dispatch__I
1001c969   ti_sysbios_family_arm_m3_TaskSupport_buildTaskStack
1001c9b5   ti_sysbios_family_arm_m3_Hwi_initStacks__E
1001c9fd   ti_sysbios_family_arm_m3_Hwi_excHandlerAsm__I
1001ca1d   ti_sysbios_family_xxx_Hwi_switchAndRunFunc
1001ca3b   ti_sysbios_family_arm_m3_Hwi_pendSV__I
1001ca53   ti_sysbios_family_arm_m3_Hwi_return
1001ca55   ti_sysbios_family_arm_m3_TaskSupport_glue
1001ca65   ti_sysbios_family_arm_m3_TaskSupport_swap__E
1001ca6d   ti_sysbios_knl_Task_swapReturn
1001ca75   memcpy
1001ca87   memset
1001ca97   ti_sysbios_rom_cortexm_cc13xx_CC13xx_getRevision__E
20000000   ti_sysbios_family_arm_m3_Hwi_ramVectors
20000100   ti_sysbios_knl_Task_Module__state__V
20000144   ti_sysbios_family_arm_m3_Hwi_Module__state__V
20000178   ti_sysbios_knl_Clock_Module__state__V
200001a4   ti_sysbios_BIOS_Module__state__V
200001c8   ti_sysbios_knl_Swi_Module__state__V
200001e4   ti_sysbios_family_arm_cc26xx_Timer_Module__state__V
200001ec   ti_sysbios_family_arm_cc26xx_TimestampProvider_Module__state__V
200001f0   xdc_runtime_Startup_Module__state__V
200001f8   xdc_runtime_System_Module__state__V
20000200   xdc_runtime_Memory_Module__state__V
20000600   ti_sysbios_knl_Task_Instance_State_0_stack__A
20000e00   ti_sysbios_heaps_HeapMem_Instance_State_0_buf__A
20000e40   ti_sysbios_family_arm_m3_Hwi_dispatchTable
20000e60   ti_sysbios_family_arm_cc26xx_Timer_Module__root__V
20000e68   ti_sysbios_family_arm_m3_Hwi_Module__root__V
20000e70   ti_sysbios_family_arm_m3_Hwi_Object__table__V
20000e88   ti_sysbios_family_arm_m3_Hwi_Module_State_0_excActive__A
20000e8c   ti_sysbios_family_arm_m3_Hwi_Module_State_0_excContext__A
20000e90   ti_sysbios_family_arm_m3_Hwi_Module_State_0_excStack__A
20000e94   ti_sysbios_gates_GateHwi_Module__root__V
20000e9c   ti_sysbios_gates_GateHwi_Object__table__V
20000ea0   ti_sysbios_gates_GateMutex_Module__root__V
20000ea8   ti_sysbios_hal_Hwi_Module__root__V
20000eb0   ti_sysbios_heaps_HeapMem_Module__root__V
20000eb8   ti_sysbios_heaps_HeapMem_Object__table__V
20000ed0   ti_sysbios_knl_Clock_Module__root__V
20000ed8   ti_sysbios_knl_Event_Module__root__V
20000ee0   ti_sysbios_knl_Mailbox_Module__root__V
20000ee8   ti_sysbios_knl_Queue_Module__root__V
20000ef0   ti_sysbios_knl_Semaphore_Module__root__V
20000ef8   ti_sysbios_knl_Swi_Module__root__V
20000f00   ti_sysbios_knl_Task_Module__root__V
20000f08   ti_sysbios_knl_Task_Module_State_0_idleTask__A
20000f0c   xdc_runtime_System_Module_State_0_atexitHandlers__A
20000f2c   __xdc__init__addr
20000f30   ti_sysbios_knl_Swi_Module_State_0_readyQ__A
20000fb0   ti_sysbios_knl_Task_Module_State_0_readyQ__A
20001030   TSK_idle
20001030   ti_sysbios_knl_Task_Object__table__V
2000107c   main_func_sp
20001080   ti_sysbios_family_arm_cc26xx_Timer_Object__table__V
200010c8   ti_sysbios_gates_GateMutex_Object__table__V
20001100   ti_sysbios_knl_Swi_Object__table__V
20001130   _lock
20001134   _unlock
20001138   __TI_cleanup_ptr
2000113c   __TI_dtors_ptr
20004000   __stack
20005000   __STACK_END
20005000   __STACK_TOP
40000400   ti_sysbios_family_arm_ducati_CTM_ctm
e000e000   ti_sysbios_family_arm_m3_Hwi_nvic
ffffffff   __binit__
ffffffff   __c_args__
ffffffff   binit
UNDEFED    SHT$$INIT_ARRAY$$Base
UNDEFED    SHT$$INIT_ARRAY$$Limit
UNDEFED    __TI_CINIT_Base
UNDEFED    __TI_CINIT_Limit
UNDEFED    __TI_Handler_Table_Base

[580 symbols]
