******************************************************************************
                  TI ARM Linker Unix v16.9.6                   
******************************************************************************
>> Linked Wed Mar  7 22:46:54 2018

OUTPUT FILE NAME:   <xwr14xx/xwr14xx_csi_stream_mss.xer4f>
ENTRY POINT SYMBOL: "_c_int00"  address: 0000bca0


MEMORY CONFIGURATION

         name            origin    length      used     unused   attr    fill
----------------------  --------  ---------  --------  --------  ----  --------
PAGE 0:
  VECTORS               00000000   00000100  0000003c  000000c4     X
  PROG_RAM              00000100   0001ff00  000126d4  0000d82c  R  X
  DATA_RAM              08000000   00010000  0000c494  00003b6c  RW  
  L3_RAM                51020000   00040000  00040000  00000000  RW  
  HWA_RAM               52030000   00010000  00000000  00010000  RW  

PAGE 1:
  L3_RAM                51020000   00040000  00000000  00040000  RW  


SEGMENT ALLOCATION MAP

run origin  load origin   length   init length attrs members
----------  ----------- ---------- ----------- ----- -------
00000000    00000000    0000003c   0000003c    r--
  00000000    00000000    0000003c   0000003c    r-- .vecs
00000100    00000100    0000fef2   0000fef2    r-x
  00000100    00000100    0000fef2   0000fef2    r-x .text
00010000    00010000    00002452   00002452    r--
  00010000    00010000    00002452   00002452    r-- .const
00012460    00012460    00000390   00000390    r--
  00012460    00012460    00000390   00000390    r-- .cinit
08000000    08000000    0000c498   00000000    rw-
  08000000    08000000    00008000   00000000    rw- systemHeap
  08008000    08008000    00001e90   00000000    rw- .bss
  08009e90    08009e90    00001000   00000000    rw- .stack
  0800ae90    0800ae90    00000e04   00000000    rw- .data
  0800bc98    0800bc98    00000800   00000000    rw- .myFiqStack
51020000    51020000    00040000   00000000    rw-
  51020000    51020000    00040000   00000000    rw- .dataCubeMemory


SECTION ALLOCATION MAP

 output                                  attributes/
section   page    origin      length       input sections
--------  ----  ----------  ----------   ----------------
.vecs      0    00000000    0000003c     
                  00000000    0000003c     mss_per4ft.oer4ft (.vecs)

.myFiqStack 
*          0    0800bc98    00000800     UNINITIALIZED
                  0800bc98    00000800     mss_per4ft.oer4ft (.myFiqStack)

xdc.meta   0    00000000    0000010b     COPY SECTION
                  00000000    0000010b     mss_per4ft.oer4ft (xdc.meta)

.text      0    00000100    0000fef2     
                  00000100    00000504     mss.oer4f (.text:CSIStream_run)
                  00000604    0000042c     libadcbuf_xwr14xx.aer4f : adcbuf_mmwave.oer4f (.text:ADCBUF_MMWave_control)
                  00000a30    000003ac     mss.oer4f (.text:CSIStream_reportFxn)
                  00000ddc    00000394     mss.oer4f (.text:CSIStream_initTask)
                  00001170    0000034c     ti.targets.arm.rtsarm.aer4ft : System.oer4ft (.text:xdc_runtime_System_doPrint__I)
                  000014bc    00000004     libcbuff_xwr14xx.aer4f : cbuff_csi.oer4f (.text:CBUFF_closeCSI)
                  000014c0    00000318     sysbios.aer4ft : BIOS.obj (.text:ti_sysbios_knl_Semaphore_pend__E)
                  000017d8    00000300     libcbuff_xwr14xx.aer4f : cbuff.oer4f (.text:CBUFF_createSession)
                  00001ad8    000002da     framework_ipc.oer4f (.text:TestFmk_IPCProcessMsg)
                  00001db2    00000002     libadcbuf_xwr14xx.aer4f : adcbuf_mmwave.oer4f (.text:ADCBUF_MMWave_init)
                  00001db4    000002c4     csi_stream.oer4f (.text:TestFmkCSIStream_finalizeCfg)
                  00002078    000002b8     rtsv7R4_T_le_v3D16_eabi.lib : ull_div32.obj (.text)
                  00002330    00000280     sysbios.aer4ft : BIOS.obj (.text:ti_sysbios_family_arm_exc_Exception_excDumpContext__I)
                  000025b0    0000025c                    : BIOS.obj (.text:ti_sysbios_knl_Task_Instance_finalize__E)
                  0000280c    00000250     libcbuff_xwr14xx.aer4f : cbuff.oer4f (.text:CBUFF_init)
                  00002a5c    00000004                            : cbuff_csi.oer4f (.text:CBUFF_deinitCSI)
                  00002a60    00000250     sysbios.aer4ft : BIOS.obj (.text:ti_sysbios_heaps_HeapMem_freeUnprotected__E)
                  00002cb0    0000024c     framework_core.oer4f (.text:TestFmk_loadProfile)
                  00002efc    0000022c     libcbuff_xwr14xx.aer4f : cbuff_lvds.oer4f (.text:CBUFF_openLVDS)
                  00003128    0000021c     libsoc_xwr14xx.aer4f : soc_xwr14xx.oer4f (.text:SOC_deviceInit)
                  00003344    0000000c     libedma_xwr14xx.aer4f : edma_low_level.oer4f (.text:EDMA3ChannelToParamMap)
                  00003350    00000218     sysbios.aer4ft : BIOS.obj (.text:ti_sysbios_knl_Task_sleep__E)
                  00003568    00000008     libosal_xwr14xx.aer4f : HwiP_tirtos.oer4f (.text:HwiP_disable)
                  00003570    0000020c     sysbios.aer4ft : BIOS.obj (.text:ti_sysbios_heaps_HeapMem_allocUnprotected__E)
                  0000377c    0000020a     libcbuff_xwr14xx.aer4f : cbuff_transfer.oer4f (.text:CBUFF_addLinkedList)
                  00003986    00000002     libmmwave_xwr14xx.aer4f : mmwave_xwr14xx.oer4f (.text:MMWave_deviceEventFxn)
                  00003988    000001f8     libcrc_xwr14xx.aer4f : crc.oer4f (.text:CRC_open)
                  00003b80    000001dc     sysbios.aer4ft : BIOS.obj (.text:ti_sysbios_family_arm_v7r_vim_Hwi_dispatchIRQC__I)
                  00003d5c    00000004     libcbuff_xwr14xx.aer4f : cbuff_lvds.oer4f (.text:CBUFF_deinitLVDS)
                  00003d60    000001dc     sysbios.aer4ft : BIOS.obj (.text:ti_sysbios_knl_Task_Module_startup__E)
                  00003f3c    000001c8     rtsv7R4_T_le_v3D16_eabi.lib : fopen.obj (.text)
                  00004104    000001c0     libcbuff_xwr14xx.aer4f : cbuff_edma.oer4f (.text:CBUFF_configEDMA)
                  000042c4    0000000c     libedma_xwr14xx.aer4f : edma_low_level.oer4f (.text:EDMAsetRegion)
                  000042d0    000001bc     sysbios.aer4ft : BIOS.obj (.text:ti_sysbios_knl_Task_Instance_init__E)
                  0000448c    000001b4     libcbuff_xwr14xx.aer4f : cbuff_lvds.oer4f (.text:CBUFF_initLVDS)
                  00004640    000001a8                            : cbuff.oer4f (.text:CBUFF_activateSession)
                  000047e8    00000198     libmmwavelink_xwr14xx.aer4f : rl_driver.oer4f (.text:rlDriverCmdInvoke)
                  00004980    00000184                                 : rl_driver.oer4f (.text:rlDriverRxHdrRead)
                  00004b04    0000017c     libcsi_xwr14xx.aer4f : csi.oer4f (.text:CSI_open)
                  00004c80    00000170     libedma_xwr14xx.aer4f : edma.oer4f (.text:EDMA_open)
                  00004df0    00000170     sysbios.aer4ft : BIOS.obj (.text:ti_sysbios_family_arm_exc_Exception_excHandler__I)
                  00004f60    00000170                    : BIOS.obj (.text:ti_sysbios_timers_rti_Timer_Module_startup__E)
                  000050d0    00000168     libcsi_xwr14xx.aer4f : csi.oer4f (.text:CSI_setupVCFIFO)
                  00005238    00000160     libmailbox_xwr14xx.aer4f : mailbox.oer4f (.text:Mailbox_open)
                  00005398    00000008     libmmwave_xwr14xx.aer4f : mmwave_xwr14xx.oer4f (.text:MMWave_deviceGetDeviceInfo)
                  000053a0    0000015c     sysbios.aer4ft : BIOS.obj (.text:ti_sysbios_family_arm_v7r_vim_Hwi_reconfig__E)
                  000054fc    00000154     libedma_xwr14xx.aer4f : edma.oer4f (.text:EDMA_error_isr)
                  00005650    00000150     mss.oer4f (.text:CSIStream_eventCallbackFxn)
                  000057a0    00000150     libmmwave_xwr14xx.aer4f : mmwave_link.oer4f (.text:MMWave_initMMWaveLink)
                  000058f0    00000150     framework_core.oer4f (.text:TestFmk_enableADC)
                  00005a40    00000148     sysbios.aer4ft : BIOS.obj (.text:ti_sysbios_knl_Semaphore_post__E)
                  00005b88    00000008     libmmwave_xwr14xx.aer4f : mmwave_link.oer4f (.text:MMWave_mboxCallbackFxn)
                  00005b90    00000140     sysbios.aer4ft : BIOS.obj (.text:ti_sysbios_heaps_HeapMem_Instance_init__E)
                  00005cd0    0000013c     libedma_xwr14xx.aer4f : edma.oer4f (.text:EDMA_configChannel)
                  00005e0c    00000004                           : edma.oer4f (.text:EDMA_getNumInstances)
                  00005e10    00000138     sysbios.aer4ft : BIOS.obj (.text:ti_sysbios_knl_Clock_workFunc__E)
                  00005f48    0000012c     ti.targets.arm.rtsarm.aer4ft : Error.oer4ft (.text:xdc_runtime_Error_policyDefault__E)
                  00006074    00000128     libmmwavelink_xwr14xx.aer4f : rl_driver.oer4f (.text:rlDriverMsgRead)
                  0000619c    00000124     libedma_xwr14xx.aer4f : edma.oer4f (.text:EDMA_init)
                  000062c0    00000114     libmmwavelink_xwr14xx.aer4f : rl_driver.oer4f (.text:rlDriverCmdSendRetry)
                  000063d4    0000000c     libmmwave_xwr14xx.aer4f : mmwave_osal.oer4f (.text:MMWave_osalMutexUnlock)
                  000063e0    00000114     sysbios.aer4ft : BIOS.obj (.text:ti_sysbios_family_arm_v7r_vim_Hwi_Instance_init__E)
                  000064f4    0000000c     libmmwave_xwr14xx.aer4f : mmwave_osal.oer4f (.text:MMWave_osalSemSignal)
                  00006500    00000114     sysbios.aer4ft : BIOS.obj (.text:ti_sysbios_knl_Swi_run__I)
                  00006614    00000110     libcsi_xwr14xx.aer4f : csi.oer4f (.text:CSI_phyParamsInit)
                  00006724    00000110     libedma_xwr14xx.aer4f : edma.oer4f (.text:EDMA_transferComplete_isr)
                  00006834    00000108     libmailbox_xwr14xx.aer4f : mailbox.oer4f (.text:Mailbox_write)
                  0000693c    00000100     libmmwave_xwr14xx.aer4f : mmwave_link.oer4f (.text:MMWave_openLink)
                  00006a3c    00000100                             : mmwave_link.oer4f (.text:MMWave_startLink)
                  00006b3c    00000100     libmmwavelink_xwr14xx.aer4f : rl_driver.oer4f (.text:rlDriverInit)
                  00006c3c    000000fc     libcbuff_xwr14xx.aer4f : cbuff.oer4f (.text:CBUFF_deinit)
                  00006d38    000000fc                            : cbuff.oer4f (.text:CBUFF_deleteSession)
                  00006e34    000000fc     libcrc_xwr14xx.aer4f : crc.oer4f (.text:CRC_computeSignature)
                  00006f30    000000f8     libmmwavelink_xwr14xx.aer4f : rl_driver.oer4f (.text:rlDriverRdVerifyMsg)
                  00007028    000000f8     ti.targets.arm.rtsarm.aer4ft : Startup.oer4ft (.text:xdc_runtime_Startup_startMods__I)
                  00007120    000000f8     mss_per4ft.oer4ft (.text:xdc_runtime_System_printfExtend__I)
                  00007218    00000008     libosal_xwr14xx.aer4f : SemaphoreP_tirtos.oer4f (.text:SemaphoreP_Params_init)
                  00007220    000000ec     sysbios.aer4ft : BIOS.obj (.text:ti_sysbios_family_arm_v7r_vim_Hwi_Module_startup__E)
                  0000730c    00000004     libosal_xwr14xx.aer4f : HwiP_tirtos.oer4f (.text:HwiP_disableInterrupt)
                  00007310    000000ec     sysbios.aer4ft : BIOS.obj (.text:ti_sysbios_heaps_HeapBuf_Module_startup__E)
                  000073fc    000000e8     ti.targets.arm.rtsarm.aer4ft : Core-mem.oer4ft (.text:xdc_runtime_Core_createObject__I)
                  000074e4    000000e4     libmmwave_xwr14xx.aer4f : mmwave_link.oer4f (.text:MMWave_asyncEventHandler)
                  000075c8    000000e2     libedma_xwr14xx.aer4f : edma.oer4f (.text:EDMA_paramConfig_assist)
                  000076aa    00000002     libmmwave_xwr14xx.aer4f : mmwave_link.oer4f (.text:MMWave_maskHostIRQ)
                  000076ac    000000e0     csi_stream.oer4f (.text:TestFmkCSIStream_open)
                  0000778c    000000dc     libcbuff_xwr14xx.aer4f : cbuff_transfer.oer4f (.text:CBUFF_setupNonInterleaved_ADC_CP)
                  00007868    000000dc     libmmwave_xwr14xx.aer4f : mmwave.oer4f (.text:MMWave_init)
                  00007944    000000dc     libmailbox_xwr14xx.aer4f : mailbox.oer4f (.text:Mailbox_read)
                  00007a20    000000dc     rtsv7R4_T_le_v3D16_eabi.lib : setvbuf.obj (.text)
                  00007afc    000000d8     libadcbuf_xwr14xx.aer4f : adcbuf_mmwave.oer4f (.text:ADCBUF_MMWave_open)
                  00007bd4    000000d8     libedma_xwr14xx.aer4f : edma.oer4f (.text:EDMA_configErrorMonitoring)
                  00007cac    000000d4     libmmwavelink_xwr14xx.aer4f : rl_sensor.oer4f (.text:rlSetMultiBpmChirpConfig)
                  00007d80    000000d4     sysbios.aer4ft : BIOS.obj (.text:ti_sysbios_knl_Task_schedule__I)
                  00007e54    000000d0     libcbuff_xwr14xx.aer4f : cbuff_transfer.oer4f (.text:CBUFF_setupNonInterleaved_CP_ADC_CQ_USER)
                  00007f24    000000d0     sysbios.aer4ft : exc_Exception_asm.obj (.text:ti_sysbios_family_arm_exc_Exception_excHandlerAsm__I)
                  00007ff4    0000000c                    : arm_IntrinsicsSupport_asm.obj (.text:_ti_sysbios_family_arm_IntrinsicsSupport_maxbitA)
                  00008000    000000d0                    : BIOS.obj (.text:ti_sysbios_knl_Task_exit__E)
                  000080d0    000000d0     ti.targets.arm.rtsarm.aer4ft : Core-smem.oer4ft (.text:xdc_runtime_Core_constructObject__I)
                  000081a0    000000cc     libedma_xwr14xx.aer4f : edma.oer4f (.text:EDMA_transferController_error_isr)
                  0000826c    000000cc     framework_core.oer4f (.text:TestFmk_ioctl)
                  00008338    000000cc     libmmwavelink_xwr14xx.aer4f : rl_sensor.oer4f (.text:rlSetChirpConfig)
                  00008404    000000cc     rtsv7R4_T_le_v3D16_eabi.lib : fflush.obj (.text)
                  000084d0    000000c8     libcbuff_xwr14xx.aer4f : cbuff_transfer.oer4f (.text:CBUFF_setupNonInterleaved_CP_ADC)
                  00008598    000000c8     libmmwave_xwr14xx.aer4f : mmwave_fullcfg.oer4f (.text:MMWave_addChirp)
                  00008660    000000c8                             : mmwave_link.oer4f (.text:MMWave_configBPM)
                  00008728    000000c8                             : mmwave_fullcfg.oer4f (.text:MMWave_getChirpHandle)
                  000087f0    000000c4     libcbuff_xwr14xx.aer4f : cbuff_transfer.oer4f (.text:CBUFF_setupInterleaved_CP_ADC_CQ_USER)
                  000088b4    000000c4                            : cbuff_transfer.oer4f (.text:CBUFF_setupNonInterleaved_CP_ADC_CQ)
                  00008978    00000008     libmmwavelink_xwr14xx.aer4f : rl_driver.oer4f (.text:rlDriverGetHandle)
                  00008980    000000c4     sysbios.aer4ft : BIOS.obj (.text:ti_sysbios_timers_rti_Timer_getFreq__E)
                  00008a44    000000c0     libcbuff_xwr14xx.aer4f : cbuff_csi.oer4f (.text:CBUFF_finalizeCSILinkListParams)
                  00008b04    000000c0     libmmwavelink_xwr14xx.aer4f : rl_sensor.oer4f (.text:rlSetFrameConfig)
                  00008bc4    0000000c     rtsv7R4_T_le_v3D16_eabi.lib : copy_zero_init.obj (.text:decompress:ZI)
                  00008bd0    000000c0     sysbios.aer4ft : BIOS.obj (.text:ti_sysbios_timers_rti_Timer_startup__E)
                  00008c90    000000bc     libcbuff_xwr14xx.aer4f : cbuff_transfer.oer4f (.text:CBUFF_setupTransfer)
                  00008d4c    000000bc     libmmwave_xwr14xx.aer4f : mmwave_link.oer4f (.text:MMWave_computeCRC)
                  00008e08    000000bc     rtsv7R4_T_le_v3D16_eabi.lib : open.obj (.text)
                  00008ec4    000000b8     libcbuff_xwr14xx.aer4f : cbuff.oer4f (.text:CBUFF_ISR)
                  00008f7c    000000b8     libmmwavelink_xwr14xx.aer4f : rl_driver.oer4f (.text:rlDriverMsgWrite)
                  00009034    0000000c                                 : rl_driver.oer4f (.text:rlDriverGetPlatformId)
                  00009040    000000b8     sysbios.aer4ft : BIOS.obj (.text:ti_sysbios_knl_Task_postInit__I)
                  000090f8    000000b6     libsoc_xwr14xx.aer4f : soc_mpu.o (.text)
                  000091ae    00000002     rtsv7R4_T_le_v3D16_eabi.lib : i_div0.obj (.text)
                  000091b0    000000b4     sysbios.aer4ft : BIOS.obj (.text:ti_sysbios_gates_GateMutex_enter__E)
                  00009264    0000000c     mss_per4ft.oer4ft (.text:ti_sysbios_knl_Queue_Object__get__S)
                  00009270    000000b4     sysbios.aer4ft : BIOS.obj (.text:ti_sysbios_knl_Task_checkStacks__E)
                  00009324    0000000c     ti.targets.arm.rtsarm.aer4ft : Gate.oer4ft (.text:xdc_runtime_Gate_enterSystem__E)
                  00009330    000000b4     sysbios.aer4ft : BIOS.obj (.text:ti_sysbios_knl_Task_startCore__E)
                  000093e4    000000b0     libcbuff_xwr14xx.aer4f : cbuff.oer4f (.text:CBUFF_deactivateSession)
                  00009494    000000b0                            : cbuff_transfer.oer4f (.text:CBUFF_setupInterleaved_CP_ADC_CQ)
                  00009544    000000b0     libmmwave_xwr14xx.aer4f : mmwave_fullcfg.oer4f (.text:MMWave_addProfile)
                  000095f4    000000b0     libmmwavelink_xwr14xx.aer4f : rl_sensor.oer4f (.text:rlSetProfileConfig)
                  000096a4    000000ae     rtsv7R4_T_le_v3D16_eabi.lib : _io_perm.obj (.text)
                  00009752    00000002     mss_per4ft.oer4ft (.text:ti_sysbios_BIOS_nullFunc__I)
                  00009754    000000ac     libesm_xwr14xx.aer4f : esm.oer4f (.text:ESM_processInterrupt)
                  00009800    000000a8     libedma_xwr14xx.aer4f : edma_low_level.oer4f (.text:EDMA3Init)
                  000098a8    000000a8     libmmwave_xwr14xx.aer4f : mmwave_link.oer4f (.text:MMWave_configureProfileChirp)
                  00009950    000000a8                             : mmwave_fullcfg.oer4f (.text:MMWave_getBpmChirpHandle)
                  000099f8    000000a8     libsoc_xwr14xx.aer4f : soc.oer4f (.text:SOC_deregisterSysIntListener)
                  00009aa0    000000a8     mss.oer4f (.text:main)
                  00009b48    000000a8     libmmwavelink_xwr14xx.aer4f : rl_sensor.oer4f (.text:rlSetAdvFrameConfig)
                  00009bf0    000000a4     libesm_xwr14xx.aer4f : esm.oer4f (.text:ESM_init)
                  00009c94    000000a4     libmmwave_xwr14xx.aer4f : mmwave.oer4f (.text:MMWave_start)
                  00009d38    00000006     libedma_xwr14xx.aer4f : edma_low_level.oer4f (.text:EDMA3ClrCCErr)
                  00009d3e    00000002     mss_per4ft.oer4ft (.text:xdc_runtime_Startup_reset__I)
                  00009d40    000000a4     sysbios.aer4ft : BIOS.obj (.text:ti_sysbios_knl_Swi_post__E)
                  00009de4    000000a0     libadcbuf_xwr14xx.aer4f : adcbuf_mmwave.oer4f (.text:ADCBUF_MMWave_getChanBufAddr)
                  00009e84    000000a0     libcbuff_xwr14xx.aer4f : cbuff_transfer.oer4f (.text:CBUFF_setupInterleaved_CP_ADC)
                  00009f24    000000a0     libsoc_xwr14xx.aer4f : soc.oer4f (.text:SOC_registerSysIntListener)
                  00009fc4    000000a0     auto_init.aer4ft : auto_init.oer4ft (.text)
                  0000a064    000000a0     libmmwavelink_xwr14xx.aer4f : rl_driver.oer4f (.text:rlDriverWaitForResponse)
                  0000a104    0000009c     libcbuff_xwr14xx.aer4f : cbuff_transfer.oer4f (.text:CBUFF_setupInterleaved_ADC_CP)
                  0000a1a0    0000009c     libmmwave_xwr14xx.aer4f : mmwave_link.oer4f (.text:MMWave_configLink)
                  0000a23c    0000009c     rtsv7R4_T_le_v3D16_eabi.lib : memcpy_t2.obj (.text)
                  0000a2d8    00000006     libedma_xwr14xx.aer4f : edma_low_level.oer4f (.text:EDMA3ErrIntrHighStatusGet)
                  0000a2de    00000002     --HOLE-- [fill = 0]
                  0000a2e0    0000009c     sysbios.aer4ft : BIOS.obj (.text:ti_sysbios_family_arm_v7r_vim_Hwi_initIntController__I)
                  0000a37c    00000004     libosal_xwr14xx.aer4f : HwiP_tirtos.oer4f (.text:HwiP_enableInterrupt)
                  0000a380    0000009c     sysbios.aer4ft : BIOS.obj (.text:ti_sysbios_family_arm_v7r_vim_Hwi_mapChannel__I)
                  0000a41c    00000004     libmmwave_xwr14xx.aer4f : mmwave_xwr14xx.oer4f (.text:MMWave_deviceCfgFxn)
                  0000a420    0000009c     sysbios.aer4ft : BIOS.obj (.text:ti_sysbios_knl_Semaphore_Instance_init__E)
                  0000a4bc    00000004     libmmwave_xwr14xx.aer4f : mmwave_xwr14xx.oer4f (.text:MMWave_deviceExecuteFxn)
                  0000a4c0    0000009c     sysbios.aer4ft : BIOS.obj (.text:ti_sysbios_knl_Task_blockI__E)
                  0000a55c    0000009a     ti.targets.arm.rtsarm.aer4ft : Text.oer4ft (.text:xdc_runtime_Text_putSite__E)
                  0000a5f6    00000002     --HOLE-- [fill = 0]
                  0000a5f8    00000098     libmmwave_xwr14xx.aer4f : mmwave_fullcfg.oer4f (.text:MMWave_getChirpCfg)
                  0000a690    00000098                             : mmwave_link.oer4f (.text:MMWave_initLink)
                  0000a728    00000098     rtsv7R4_T_le_v3D16_eabi.lib : fclose.obj (.text)
                  0000a7c0    00000098                                 : fputc.obj (.text)
                  0000a858    00000098     sysbios.aer4ft : vim_Hwi_asm_switch.obj (.text)
                  0000a8f0    00000098     ti.targets.arm.rtsarm.aer4ft : Text.oer4ft (.text:xdc_runtime_Text_putMod__E)
                  0000a988    00000095     csi_stream.oer4f (.text:TestFmkCSIStream_execute)
                  0000aa1d    00000001     --HOLE-- [fill = 0]
                  0000aa1e    00000094     libcbuff_xwr14xx.aer4f : cbuff_transfer.oer4f (.text:CBUFF_setupNonInterleaved_ADC)
                  0000aab2    00000002     --HOLE-- [fill = 0]
                  0000aab4    00000094     libmmwavelink_xwr14xx.aer4f : rl_driver.oer4f (.text:rlDriverDeInit)
                  0000ab48    00000094                                 : rl_driver.oer4f (.text:rlDriverMsgReadCmdCtx)
                  0000abdc    00000094     sysbios.aer4ft : vim_Hwi_asm.obj (.text:ti_sysbios_family_arm_v7r_vim_Hwi_dispatchIRQ__I)
                  0000ac70    00000090     libcbuff_xwr14xx.aer4f : cbuff_transfer.oer4f (.text:CBUFF_setupNonInterleaved_ADC_USER)
                  0000ad00    00000090     libmailbox_xwr14xx.aer4f : mailbox.oer4f (.text:Mailbox_close)
                  0000ad90    0000008c     libcbuff_xwr14xx.aer4f : cbuff_csi.oer4f (.text:CBUFF_initCSI)
                  0000ae1c    0000008c     libmmwavelink_xwr14xx.aer4f : rl_device.oer4f (.text:rlDevicePowerOn)
                  0000aea8    0000008c                                 : rl_driver.oer4f (.text:rlDriverMsgCmdReply)
                  0000af34    0000000c     ti.targets.arm.rtsarm.aer4ft : Memory.oer4ft (.text:xdc_runtime_Memory_calloc__E)
                  0000af40    0000008c     sysbios.aer4ft : BIOS.obj (.text:ti_sysbios_family_arm_v7r_vim_Hwi_Instance_finalize__E)
                  0000afcc    00000004     libmmwave_xwr14xx.aer4f : mmwave_xwr14xx.oer4f (.text:MMWave_deviceInitFxn)
                  0000afd0    0000008c     sysbios.aer4ft : BIOS.obj (.text:ti_sysbios_knl_Task_unblockI__E)
                  0000b05c    00000088     libcbuff_xwr14xx.aer4f : cbuff_transfer.oer4f (.text:CBUFF_setupInterleaved_ADC_USER)
                  0000b0e4    00000088     libmmwave_xwr14xx.aer4f : mmwave_fullcfg.oer4f (.text:MMWave_getProfileCfg)
                  0000b16c    00000088     libsoc_xwr14xx.aer4f : soc_xwr14xx.oer4f (.text:SOC_enableCSI)
                  0000b1f4    00000088                          : soc_xwr14xx.oer4f (.text:SOC_translateAddress)
                  0000b27c    00000086     libcbuff_xwr14xx.aer4f : cbuff_edma.oer4f (.text:CBUFF_closeEDMA)
                  0000b302    00000002     --HOLE-- [fill = 0]
                  0000b304    00000084     libmmwave_xwr14xx.aer4f : mmwave_fullcfg.oer4f (.text:MMWave_getNumBpmChirp)
                  0000b388    00000084     csi_stream.oer4f (.text:TestFmkCSIStream_init)
                  0000b40c    00000081     libcbuff_xwr14xx.aer4f : cbuff_edma.oer4f (.text:CBUFF_setupEDMAShadowLink)
                  0000b48d    00000003     --HOLE-- [fill = 0]
                  0000b490    00000080     libmmwavelink_xwr14xx.aer4f : rl_driver.oer4f (.text:rlDriverExecuteGetApi)
                  0000b510    00000080     sysbios.aer4ft : BIOS.obj (.text:ti_sysbios_timers_rti_Timer_initDevice__I)
                  0000b590    0000007e     libosal_xwr14xx.aer4f : HwiP_tirtos.oer4f (.text:HwiP_create)
                  0000b60e    00000002     --HOLE-- [fill = 0]
                  0000b610    0000007d     libcbuff_xwr14xx.aer4f : cbuff_lvds.oer4f (.text:CBUFF_initLVDSLinkListParams)
                  0000b68d    00000003     --HOLE-- [fill = 0]
                  0000b690    0000007c                            : cbuff.oer4f (.text:CBUFF_control)
                  0000b70c    0000007c     sysbios.aer4ft : arm_TaskSupport_asm.obj (.text:_ti_sysbios_family_arm_TaskSupport_buildTaskStack)
                  0000b788    0000007a     rtsv7R4_T_le_v3D16_eabi.lib : memset_t2.obj (.text)
                  0000b802    00000002     --HOLE-- [fill = 0]
                  0000b804    00000078     libadcbuf_xwr14xx.aer4f : adcbuf_mmwave.oer4f (.text:ADCBUF_MMWave_getCQBufAddr)
                  0000b87c    00000078     libcbuff_xwr14xx.aer4f : cbuff_transfer.oer4f (.text:CBUFF_configUserBufferEDMA)
                  0000b8f4    00000078                            : cbuff.oer4f (.text:CBUFF_setVC)
                  0000b96c    00000078     libmmwave_xwr14xx.aer4f : mmwave_fullcfg.oer4f (.text:MMWave_getNumChirps)
                  0000b9e4    00000078                             : mmwave.oer4f (.text:MMWave_open)
                  0000ba5c    00000074     libcbuff_xwr14xx.aer4f : cbuff_csi.oer4f (.text:CBUFF_initCSILinkListParams)
                  0000bad0    00000074                            : cbuff_transfer.oer4f (.text:CBUFF_setupInterleaved_ADC)
                  0000bb44    00000074     libedma_xwr14xx.aer4f : edma.oer4f (.text:EDMA_configParamSet)
                  0000bbb8    00000074     libmmwave_xwr14xx.aer4f : mmwave.oer4f (.text:MMWave_config)
                  0000bc2c    00000074     libsoc_xwr14xx.aer4f : soc.oer4f (.text:SOC_init)
                  0000bca0    00000074     boot.aer4ft : boot.oer4ft (.text)
                  0000bd14    00000074     libmmwavelink_xwr14xx.aer4f : rl_driver.oer4f (.text:rlDriverAsyncEventHandler)
                  0000bd88    00000074                                 : rl_driver.oer4f (.text:rlDriverProcRdMsg)
                  0000bdfc    00000074     rtsv7R4_T_le_v3D16_eabi.lib : getdevice.obj (.text)
                  0000be70    00000072     framework_core.oer4f (.text:TestFmk_edmaErrorFxn)
                  0000bee2    00000002     --HOLE-- [fill = 0]
                  0000bee4    00000072     framework_core.oer4f (.text:TestFmk_edmaTCErrorFxn)
                  0000bf56    00000072     libmmwavelink_xwr14xx.aer4f : rl_driver.oer4f (.text:rlDriverClientCbCheck)
                  0000bfc8    00000070     libmailbox_xwr14xx.aer4f : mailbox.oer4f (.text:Mailbox_init)
                  0000c038    00000070     framework_core.oer4f (.text:TestFmk_init)
                  0000c0a8    00000070     ti.targets.arm.rtsarm.aer4ft : Error.oer4ft (.text:xdc_runtime_Error_print__E)
                  0000c118    0000006d                                  : System.oer4ft (.text:xdc_runtime_System_formatNum__I)
                  0000c185    00000003     --HOLE-- [fill = 0]
                  0000c188    0000006c     libmmwave_xwr14xx.aer4f : mmwave_link.oer4f (.text:MMWave_spawn)
                  0000c1f4    0000006c     rtsv7R4_T_le_v3D16_eabi.lib : copy_decompress_lzss.obj (.text:decompress:lzss)
                  0000c260    0000006c                                 : trgmsg.obj (.text)
                  0000c2cc    0000006c     ti.targets.arm.rtsarm.aer4ft : Memory.oer4ft (.text:xdc_runtime_Memory_alloc__E)
                  0000c338    00000068     framework_ipc_local.oer4f (.text:TestFmk_IPCLocalSend)
                  0000c3a0    00000068     libmmwavelink_xwr14xx.aer4f : rl_driver.oer4f (.text:rlDriverExecuteSetApi)
                  0000c408    00000068                                 : rl_driver.oer4f (.text:rlDriverHostIrqHandler)
                  0000c470    00000068     rtsv7R4_T_le_v3D16_eabi.lib : hostlseek.obj (.text)
                  0000c4d8    00000068                                 : hostrename.obj (.text)
                  0000c540    00000066     libmmwavelink_xwr14xx.aer4f : rl_device.oer4f (.text:rlDevicePowerOff)
                  0000c5a6    00000066     ti.targets.arm.rtsarm.aer4ft : Core-mem.oer4ft (.text:xdc_runtime_Core_deleteObject__I)
                  0000c60c    00000064     libedma_xwr14xx.aer4f : edma.oer4f (.text:EDMA_startDmaTransfer)
                  0000c670    00000064     libmailbox_xwr14xx.aer4f : mailbox.oer4f (.text:Mailbox_boxEmptyISRBss)
                  0000c6d4    00000064                              : mailbox.oer4f (.text:Mailbox_readFlush)
                  0000c738    00000064     libosal_xwr14xx.aer4f : SemaphoreP_tirtos.oer4f (.text:SemaphoreP_create)
                  0000c79c    00000064     rtsv7R4_T_le_v3D16_eabi.lib : fseek.obj (.text)
                  0000c800    00000064     sysbios.aer4ft : exc_Exception_asm.obj (.text:ti_sysbios_family_arm_exc_Exception_initCore0__I)
                  0000c864    0000000c     ti.targets.arm.rtsarm.aer4ft : Memory.oer4ft (.text:xdc_runtime_Memory_getMaxDefaultTypeAlign__E)
                  0000c870    00000064     sysbios.aer4ft : BIOS.obj (.text:ti_sysbios_knl_Swi_schedule__I)
                  0000c8d4    00000060     libmmwave_xwr14xx.aer4f : mmwave_xwr14xx.oer4f (.text:MMWave_deviceCfgAsyncEvent)
                  0000c934    00000060                             : mmwave_link.oer4f (.text:MMWave_mboxOpen)
                  0000c994    00000060     csi_stream.oer4f (.text:TestFmkCSIStream_EDMAFreeCBUFFChannel)
                  0000c9f4    0000000c     ti.targets.arm.rtsarm.aer4ft : Startup.oer4ft (.text:xdc_runtime_Startup_rtsDone__E)
                  0000ca00    00000060     sysbios.aer4ft : BIOS.obj (.text:ti_sysbios_knl_Clock_logTick__E)
                  0000ca60    0000005c     libosal_xwr14xx.aer4f : DebugP_tirtos.oer4f (.text:DebugP_log2)
                  0000cabc    0000005c                           : DebugP_tirtos.oer4f (.text:DebugP_log3)
                  0000cb18    0000005c     libsoc_xwr14xx.aer4f : soc.oer4f (.text:SOC_enableLVDS)
                  0000cb74    0000005c     rtsv7R4_T_le_v3D16_eabi.lib : hostopen.obj (.text)
                  0000cbd0    0000005c                                 : hostread.obj (.text)
                  0000cc2c    00000004     libmmwave_xwr14xx.aer4f : mmwave_xwr14xx.oer4f (.text:MMWave_deviceOpenFxn)
                  0000cc30    0000005c     sysbios.aer4ft : BIOS.obj (.text:ti_sysbios_family_arm_v7r_vim_Hwi_phantomIntHandler__I)
                  0000cc8c    0000005b     ti.targets.arm.rtsarm.aer4ft : Text.oer4ft (.text:xdc_runtime_Text_putLab__E)
                  0000cce7    00000001     --HOLE-- [fill = 0]
                  0000cce8    0000005a     libmmwavelink_xwr14xx.aer4f : rl_driver.oer4f (.text:rlDriverCalChkSum)
                  0000cd42    00000002     --HOLE-- [fill = 0]
                  0000cd44    00000058     mss.oer4f (.text:CSIStream_fmkTask)
                  0000cd9c    00000058     mss.oer4f (.text:CSIStream_mmWaveCtrlTask)
                  0000cdf4    00000058     libosal_xwr14xx.aer4f : DebugP_tirtos.oer4f (.text:DebugP_log0)
                  0000ce4c    00000058                           : DebugP_tirtos.oer4f (.text:DebugP_log1)
                  0000cea4    00000058     libedma_xwr14xx.aer4f : edma_low_level.oer4f (.text:EDMA3EnableChInShadowReg)
                  0000cefc    00000058     libesm_xwr14xx.aer4f : esm.oer4f (.text:ESM_highpriority_FIQ)
                  0000cf54    00000058     libmmwave_xwr14xx.aer4f : mmwave.oer4f (.text:MMWave_execute)
                  0000cfac    00000058     libmailbox_xwr14xx.aer4f : mailbox.oer4f (.text:Mailbox_boxFullISRBss)
                  0000d004    00000058     csi_stream.oer4f (.text:TestFmkCSIStream_EDMAAllocateCBUFFChannel)
                  0000d05c    00000058     libmmwavelink_xwr14xx.aer4f : rl_driver.oer4f (.text:rlDriverMsgReadSpawnCtx)
                  0000d0b4    00000058     rtsv7R4_T_le_v3D16_eabi.lib : close.obj (.text)
                  0000d10c    00000058                                 : hostwrite.obj (.text)
                  0000d164    0000000c     ti.targets.arm.rtsarm.aer4ft : SysStd.oer4ft (.text:xdc_runtime_SysStd_exit__E)
                  0000d170    00000058     sysbios.aer4ft : BIOS.obj (.text:ti_sysbios_heaps_HeapMem_alloc__E)
                  0000d1c8    00000006     libedma_xwr14xx.aer4f : edma_low_level.oer4f (.text:EDMA3GetCCErrStatus)
                  0000d1ce    00000002     --HOLE-- [fill = 0]
                  0000d1d0    00000058     sysbios.aer4ft : BIOS.obj (.text:ti_sysbios_knl_Swi_restoreHwi__E)
                  0000d228    00000056     libmmwavelink_xwr14xx.aer4f : rl_driver.oer4f (.text:rlDriverOsiCbCheck)
                  0000d27e    00000002     --HOLE-- [fill = 0]
                  0000d280    00000054     libcrc_xwr14xx.aer4f : crc.oer4f (.text:CRC_getTransactionId)
                  0000d2d4    00000054     libcsi_xwr14xx.aer4f : csi.oer4f (.text:CSI_getHSIClock)
                  0000d328    00000054     framework_ipc.oer4f (.text:TestFmk_IPCRecv)
                  0000d37c    00000054     mss_per4ft.oer4ft (.text:ti_sysbios_family_arm_v7r_vim_Hwi_create)
                  0000d3d0    00000054     sysbios.aer4ft : BIOS.obj (.text:ti_sysbios_heaps_HeapMem_getStats__E)
                  0000d424    0000000a     libadcbuf_xwr14xx.aer4f : ADCBuf.oer4f (.text:ADCBuf_control)
                  0000d42e    00000002     --HOLE-- [fill = 0]
                  0000d430    00000054     sysbios.aer4ft : BIOS.obj (.text:ti_sysbios_knl_Swi_runLoop__I)
                  0000d484    00000054     ti.targets.arm.rtsarm.aer4ft : Assert.oer4ft (.text:xdc_runtime_Assert_raise__I)
                  0000d4d8    00000050     libcrc_xwr14xx.aer4f : crc.oer4f (.text:CRC_getSignature)
                  0000d528    00000050     libedma_xwr14xx.aer4f : edma_low_level.oer4f (.text:EDMA3MapChToEvtQ)
                  0000d578    00000050     libmmwave_xwr14xx.aer4f : mmwave.oer4f (.text:MMWave_sync)
                  0000d5c8    00000050     framework_core.oer4f (.text:TestFmk_open)
                  0000d618    00000050     framework_core.oer4f (.text:TestFmk_start)
                  0000d668    00000050     libmmwavelink_xwr14xx.aer4f : rl_driver.oer4f (.text:rlDeviceIdentifyCmdDir)
                  0000d6b8    00000050                                 : rl_driver.oer4f (.text:rlDriverVerifyCRC)
                  0000d708    00000050     rtsv7R4_T_le_v3D16_eabi.lib : exit.obj (.text)
                  0000d758    00000050                                 : u_div32.obj (.text)
                  0000d7a8    00000050     ti.targets.arm.rtsarm.aer4ft : Startup.oer4ft (.text:xdc_runtime_Startup_exec__E)
                  0000d7f8    00000050                                  : Text.oer4ft (.text:xdc_runtime_Text_visitRope2__I)
                  0000d848    0000004c     libedma_xwr14xx.aer4f : edma.oer4f (.text:EDMA_disableChannel)
                  0000d894    0000004c                           : edma.oer4f (.text:EDMA_enableChannel)
                  0000d8e0    0000004c     csi_stream.oer4f (.text:TestFmkCSIStream_start)
                  0000d92c    0000004c     rtsv7R4_T_le_v3D16_eabi.lib : cpy_tbl.obj (.text)
                  0000d978    00000006     libedma_xwr14xx.aer4f : edma_low_level.oer4f (.text:EDMA3GetErrIntrStatus)
                  0000d97e    00000002     --HOLE-- [fill = 0]
                  0000d980    0000004c     sysbios.aer4ft : BIOS.obj (.text:ti_sysbios_family_arm_v7r_vim_Hwi_getStackInfo__E)
                  0000d9cc    00000004     libmmwave_xwr14xx.aer4f : mmwave_xwr14xx.oer4f (.text:MMWave_deviceStartFxn)
                  0000d9d0    0000004c     sysbios.aer4ft : BIOS.obj (.text:ti_sysbios_knl_Swi_startup__E)
                  0000da1c    0000004c     mss_per4ft.oer4ft (.text:ti_sysbios_knl_Task_create)
                  0000da68    00000048     libcbuff_xwr14xx.aer4f : cbuff_transfer.oer4f (.text:CBUFF_setup_USER)
                  0000dab0    00000048     framework_core.oer4f (.text:TestFmk_execute)
                  0000daf8    00000048     framework_core.oer4f (.text:TestFmk_stop)
                  0000db40    00000048     libmmwavelink_xwr14xx.aer4f : rl_device.oer4f (.text:rlDeviceGetVersion)
                  0000db88    00000048                                 : rl_driver.oer4f (.text:rlDriverOsiInit)
                  0000dbd0    00000048     ti.targets.arm.rtsarm.aer4ft : Core-params.oer4ft (.text:xdc_runtime_Core_assignParams__I)
                  0000dc18    00000046     libmailbox_xwr14xx.aer4f : mailbox.oer4f (.text:CSL_FINSR)
                  0000dc5e    00000044     libcrc_xwr14xx.aer4f : crc.oer4f (.text:CRC_resetSignature)
                  0000dca2    00000002     --HOLE-- [fill = 0]
                  0000dca4    00000044     rtsv7R4_T_le_v3D16_eabi.lib : hostclose.obj (.text)
                  0000dce8    00000044                                 : hostunlink.obj (.text)
                  0000dd2c    00000004     libmmwave_xwr14xx.aer4f : mmwave_xwr14xx.oer4f (.text:MMWave_deviceSyncFxn)
                  0000dd30    00000044     sysbios.aer4ft : BIOS.obj (.text:ti_sysbios_knl_Task_allBlockedFunction__I)
                  0000dd74    00000044     ti.targets.arm.rtsarm.aer4ft : Error.oer4ft (.text:xdc_runtime_Error_setX__E)
                  0000ddb8    00000044                                  : Text.oer4ft (.text:xdc_runtime_Text_xprintf__I)
                  0000ddfc    00000042     libcbuff_xwr14xx.aer4f : cbuff_lvds.oer4f (.text:CBUFF_closeLVDS)
                  0000de3e    00000042     libmmwave_xwr14xx.aer4f : mmwave_link.oer4f (.text:MMWave_executeLink)
                  0000de80    00000040     libedma_xwr14xx.aer4f : edma.oer4f (.text:EDMA_linkParamSets)
                  0000dec0    00000040     libmmwave_xwr14xx.aer4f : mmwave.oer4f (.text:MMWave_decodeError)
                  0000df00    00000040     libmmwavelink_xwr14xx.aer4f : rl_driver.oer4f (.text:rlDriverValidateHdr)
                  0000df40    00000040     sysbios.aer4ft : BIOS.obj (.text:ti_sysbios_timers_rti_Timer_stop__E)
                  0000df80    0000003e     libcbuff_xwr14xx.aer4f : cbuff_transfer.oer4f (.text:CBUFF_configCQEDMA)
                  0000dfbe    0000003e     libadcbuf_xwr14xx.aer4f : adcbuf_mmwave.oer4f (.text:CSL_FINSR)
                  0000dffc    0000003e     libcbuff_xwr14xx.aer4f : cbuff.oer4f (.text:CSL_FINSR)
                  0000e03a    0000003e                            : cbuff_lvds.oer4f (.text:CSL_FINSR)
                  0000e078    0000003e     libcrc_xwr14xx.aer4f : crc.oer4f (.text:CSL_FINSR)
                  0000e0b6    0000003e     libsoc_xwr14xx.aer4f : soc.oer4f (.text:CSL_FINSR)
                  0000e0f4    0000003e                          : soc_xwr14xx.oer4f (.text:CSL_FINSR)
                  0000e132    00000002     --HOLE-- [fill = 0]
                  0000e134    0000003c     libedma_xwr14xx.aer4f : edma.oer4f (.text:EDMA_chainChannels)
                  0000e170    0000003c     libmailbox_xwr14xx.aer4f : mailbox.oer4f (.text:Mailbox_writeReset)
                  0000e1ac    0000003c     libsoc_xwr14xx.aer4f : soc.oer4f (.text:SOC_unhaltBSS)
                  0000e1e8    0000003c     framework_ipc_local.oer4f (.text:TestFmk_IPCLocalRecv)
                  0000e224    0000003c     libmmwavelink_xwr14xx.aer4f : rl_controller.oer4f (.text:rlGetSubBlock)
                  0000e260    0000003c     sysbios.aer4ft : BIOS.obj (.text:ti_sysbios_family_arm_v7r_tms570_Core_Module_startup__E)
                  0000e29c    0000003c                    : vim_Hwi_asm.obj (.text:ti_sysbios_family_arm_v7r_vim_Hwi_init__I)
                  0000e2d8    00000006     libedma_xwr14xx.aer4f : edma_low_level.oer4f (.text:EDMA3QdmaGetErrIntrStatus)
                  0000e2de    00000002     --HOLE-- [fill = 0]
                  0000e2e0    0000003c     sysbios.aer4ft : BIOS.obj (.text:ti_sysbios_heaps_HeapMem_init__I)
                  0000e31c    00000004     libmmwave_xwr14xx.aer4f : mmwave_link.oer4f (.text:MMWave_disableDevice)
                  0000e320    0000003c     sysbios.aer4ft : BIOS.obj (.text:ti_sysbios_timers_rti_Timer_setPeriod__E)
                  0000e35c    0000003a     libosal_xwr14xx.aer4f : HwiP_tirtos.oer4f (.text:HwiP_delete)
                  0000e396    00000002     --HOLE-- [fill = 0]
                  0000e398    00000038     libadcbuf_xwr14xx.aer4f : adcbuf_mmwave.oer4f (.text:ADCBUF_MMWave_close)
                  0000e3d0    00000038     libcbuff_xwr14xx.aer4f : cbuff_transfer.oer4f (.text:CBUFF_addUserBufferLLEntry)
                  0000e408    00000038                            : cbuff_transfer.oer4f (.text:CBUFF_setupHeader)
                  0000e440    00000038     libedma_xwr14xx.aer4f : edma_low_level.oer4f (.text:EDMA3ClrMissEvt)
                  0000e478    00000038     csi_stream.oer4f (.text:TestFmkCSIStream_deinit)
                  0000e4b0    00000038     ti.targets.arm.rtsarm.aer4ft : System.oer4ft (.text:xdc_runtime_System_atexit__E)
                  0000e4e8    00000036     libmmwavelink_xwr14xx.aer4f : rl_controller.oer4f (.text:rlAppendSubBlock)
                  0000e51e    00000036     rtsv7R4_T_le_v3D16_eabi.lib : strncpy.obj (.text)
                  0000e554    00000034     libadcbuf_xwr14xx.aer4f : ADCBuf.oer4f (.text:ADCBuf_open)
                  0000e588    00000034     libedma_xwr14xx.aer4f : edma.oer4f (.text:EDMA_configTransferControllerError)
                  0000e5bc    00000034     libmmwave_xwr14xx.aer4f : mmwave_link.oer4f (.text:MMWave_mboxWrite)
                  0000e5f0    00000034     sysbios.aer4ft : BIOS.obj (.text:ti_sysbios_hal_Hwi_checkStack)
                  0000e624    00000034     mss_per4ft.oer4ft (.text:ti_sysbios_knl_Semaphore_create)
                  0000e658    00000034     ti.targets.arm.rtsarm.aer4ft : Core-label.oer4ft (.text:xdc_runtime_Core_assignLabel__I)
                  0000e68c    00000034                                  : Text.oer4ft (.text:xdc_runtime_Text_cordText__E)
                  0000e6c0    00000033                                  : Text.oer4ft (.text:xdc_runtime_Text_printVisFxn__I)
                  0000e6f3    00000001     --HOLE-- [fill = 0]
                  0000e6f4    00000032     libcrc_xwr14xx.aer4f : crc.oer4f (.text:CRC_getCRCDataSelectBitValue)
                  0000e726    00000002     --HOLE-- [fill = 0]
                  0000e728    00000032                          : crc.oer4f (.text:CRC_getCRCTypeBitValue)
                  0000e75a    00000032     libedma_xwr14xx.aer4f : edma.oer4f (.text:EDMA_configQueueThreshold)
                  0000e78c    00000004     libmmwave_xwr14xx.aer4f : mmwave_link.oer4f (.text:MMWave_enableDevice)
                  0000e790    00000032     sysbios.aer4ft : BIOS.obj (.text:ti_sysbios_hal_Hwi_initStack)
                  0000e7c2    00000002     --HOLE-- [fill = 0]
                  0000e7c4    00000030     libadcbuf_xwr14xx.aer4f : ADCBuf.oer4f (.text:ADCBuf_init)
                  0000e7f4    00000030     libcbuff_xwr14xx.aer4f : cbuff_transfer.oer4f (.text:CBUFF_addCQLLEntry)
                  0000e824    00000030     libcsi_xwr14xx.aer4f : csi.oer4f (.text:CSI_configVC)
                  0000e854    00000030     libmmwavelink_xwr14xx.aer4f : rl_sensor.oer4f (.text:rlSensorStart)
                  0000e884    00000030     mss_per4ft.oer4ft (.text:ti_sysbios_BIOS_atExitFunc__I)
                  0000e8b4    00000030     mss_per4ft.oer4ft (.text:ti_sysbios_BIOS_startFunc__I)
                  0000e8e4    0000000a     libadcbuf_xwr14xx.aer4f : ADCBuf.oer4f (.text:ADCBuf_getChanBufAddr)
                  0000e8ee    00000002     --HOLE-- [fill = 0]
                  0000e8f0    00000030     sysbios.aer4ft : BIOS.obj (.text:ti_sysbios_family_arm_TaskSupport_start__E)
                  0000e920    00000030     mss_per4ft.oer4ft (.text:ti_sysbios_gates_GateHwi_Object__create__S)
                  0000e950    00000030     mss_per4ft.oer4ft (.text:ti_sysbios_gates_GateMutex_Object__create__S)
                  0000e980    00000030     mss_per4ft.oer4ft (.text:ti_sysbios_heaps_HeapMem_Object__create__S)
                  0000e9b0    00000030     sysbios.aer4ft : BIOS.obj (.text:ti_sysbios_heaps_HeapMem_free__E)
                  0000e9e0    00000030     mss_per4ft.oer4ft (.text:ti_sysbios_knl_Semaphore_construct)
                  0000ea10    00000030     ti.targets.arm.rtsarm.aer4ft : System.oer4ft (.text:xdc_runtime_System_processAtExit__E)
                  0000ea40    0000002e     libmmwave_xwr14xx.aer4f : mmwave_osal.oer4f (.text:MMWave_osalMutexCreate)
                  0000ea6e    0000002e                             : mmwave_osal.oer4f (.text:MMWave_osalSemCreate)
                  0000ea9c    00000004                             : mmwave_listlib.oer4f (.text:MMWave_listGetHead)
                  0000eaa0    0000002e     sysbios.aer4ft : BIOS.obj (.text:ti_sysbios_knl_Semaphore_pendTimeout__I)
                  0000eace    0000002e     mss_per4ft.oer4ft (.text:ti_sysbios_rts_gnu_MemAlloc_alloc)
                  0000eafc    0000002e     ti.targets.arm.rtsarm.aer4ft : System.oer4ft (.text:xdc_runtime_System_putchar__I)
                  0000eb2a    00000002     --HOLE-- [fill = 0]
                  0000eb2c    0000002c     libedma_xwr14xx.aer4f : edma.oer4f (.text:EDMA_setDestinationAddress)
                  0000eb58    0000002c                           : edma.oer4f (.text:EDMA_validate_channelIdchannelType)
                  0000eb84    0000002c     libsoc_xwr14xx.aer4f : soc_xwr14xx.oer4f (.text:SOC_waitBSSPowerUp)
                  0000ebb0    0000002c     framework_ipc_local.oer4f (.text:TestFmk_IPCLocalInit)
                  0000ebdc    0000002c     libmmwavelink_xwr14xx.aer4f : rl_device.oer4f (.text:rlDeviceGetMssVersion)
                  0000ec08    0000002c     rtsv7R4_T_le_v3D16_eabi.lib : unlink.obj (.text)
                  0000ec34    0000002c     mss_per4ft.oer4ft (.text:ti_sysbios_knl_Clock_doTick__I)
                  0000ec60    0000002c     mss_per4ft.oer4ft (.text:ti_sysbios_knl_Queue_construct)
                  0000ec8c    00000004     libmmwave_xwr14xx.aer4f : mmwave_listlib.oer4f (.text:MMWave_listGetNext)
                  0000ec90    0000002c     sysbios.aer4ft : BIOS.obj (.text:ti_sysbios_knl_Swi_Module_startup__E)
                  0000ecbc    00000004     libmmwave_xwr14xx.aer4f : mmwave_link.oer4f (.text:MMWave_mboxClose)
                  0000ecc0    0000002c     sysbios.aer4ft : BIOS.obj (.text:ti_sysbios_timers_rti_Timer_periodicStub__E)
                  0000ecec    0000002a     libcsi_xwr14xx.aer4f : csi.oer4f (.text:CSI_close)
                  0000ed16    0000002a     libsoc_xwr14xx.aer4f : soc.oer4f (.text:SOC_SystemISR)
                  0000ed40    00000028     libcbuff_xwr14xx.aer4f : cbuff.oer4f (.text:CBUFF_ErrorISR)
                  0000ed68    00000028                            : cbuff.oer4f (.text:CBUFF_FrameStartISR)
                  0000ed90    00000028     csi_stream.oer4f (.text:TestFmkCSIStream_control)
                  0000edb8    00000028     libmmwavelink_xwr14xx.aer4f : rl_driver.oer4f (.text:rlDriverConstructInMsg)
                  0000ede0    00000028     rtsv7R4_T_le_v3D16_eabi.lib : lseek.obj (.text)
                  0000ee08    00000028                                 : write.obj (.text)
                  0000ee30    00000028     sysbios.aer4ft : BIOS.obj (.text:ti_sysbios_knl_Idle_run__E)
                  0000ee58    00000026     libmmwavelink_xwr14xx.aer4f : rl_device.oer4f (.text:rlDeviceGetMmWaveLinkVersion)
                  0000ee7e    00000026                                 : rl_sensor.oer4f (.text:rlRfInitCalibConfig)
                  0000eea4    00000026                                 : rl_sensor.oer4f (.text:rlRfRunTimeCalibConfig)
                  0000eeca    00000026                                 : rl_sensor.oer4f (.text:rlRfSetCalMonFreqLimitConfig)
                  0000eef0    00000026                                 : rl_sensor.oer4f (.text:rlRfSetDeviceCfg)
                  0000ef16    00000026                                 : rl_sensor.oer4f (.text:rlSetAdcOutConfig)
                  0000ef3c    00000026                                 : rl_sensor.oer4f (.text:rlSetBpmCommonConfig)
                  0000ef62    00000026                                 : rl_sensor.oer4f (.text:rlSetChannelConfig)
                  0000ef88    00000026                                 : rl_sensor.oer4f (.text:rlSetContModeConfig)
                  0000efae    00000026     rtsv7R4_T_le_v3D16_eabi.lib : memcmp.obj (.text)
                  0000efd4    00000026     ti.targets.arm.rtsarm.aer4ft : System.oer4ft (.text:xdc_runtime_System_avprintf__E)
                  0000effa    00000024     libcrc_xwr14xx.aer4f : crc.oer4f (.text:CRC_isTransactionIdValid)
                  0000f01e    00000002     --HOLE-- [fill = 0]
                  0000f020    00000024     libedma_xwr14xx.aer4f : edma_low_level.oer4f (.text:EDMA3ClrEvt)
                  0000f044    00000024                           : edma_low_level.oer4f (.text:EDMA3ClrIntr)
                  0000f068    00000024                           : edma_low_level.oer4f (.text:EDMA3DisableEvtIntr)
                  0000f08c    00000024                           : edma_low_level.oer4f (.text:EDMA3EnableDmaEvt)
                  0000f0b0    00000024                           : edma_low_level.oer4f (.text:EDMA3EnableEvtIntr)
                  0000f0d4    00000024                           : edma_low_level.oer4f (.text:EDMA3SetEvt)
                  0000f0f8    00000024     libmailbox_xwr14xx.aer4f : mailbox.oer4f (.text:Mailbox_Config_init)
                  0000f11c    00000024     libmmwavelink_xwr14xx.aer4f : rl_device.oer4f (.text:rlDeviceSetHsiClk)
                  0000f140    00000024                                 : rl_sensor.oer4f (.text:rlEnableContMode)
                  0000f164    00000024                                 : rl_sensor.oer4f (.text:rlRfSetCalMonTimeUnitConfig)
                  0000f188    00000024                                 : rl_sensor.oer4f (.text:rlSetLowPowerModeConfig)
                  0000f1ac    00000024     mss_per4ft.oer4ft (.text:ti_sysbios_BIOS_errorRaiseHook__I)
                  0000f1d0    00000024     mss_per4ft.oer4ft (.text:ti_sysbios_BIOS_registerRTSLock__I)
                  0000f1f4    00000024     mss_per4ft.oer4ft (.text:ti_sysbios_BIOS_removeRTSLock__I)
                  0000f218    00000024     mss_per4ft.oer4ft (.text:ti_sysbios_gates_GateMutex_Object__delete__S)
                  0000f23c    00000024     mss_per4ft.oer4ft (.text:ti_sysbios_knl_Semaphore_Object__delete__S)
                  0000f260    00000024     sysbios.aer4ft : BIOS.obj (.text:ti_sysbios_knl_Task_restoreHwi__E)
                  0000f284    00000024     ti.targets.arm.rtsarm.aer4ft : System.oer4ft (.text:xdc_runtime_System_vprintf__E)
                  0000f2a8    00000022     libcbuff_xwr14xx.aer4f : cbuff_transfer.oer4f (.text:CBUFF_initLinkedList)
                  0000f2ca    00000022     csi_stream.oer4f (.text:TestFmkCSIStream_edmaCallbackFxn)
                  0000f2ec    00000022     framework_ipc.oer4f (.text:TestFmk_IPCSend)
                  0000f30e    00000022     framework_core.oer4f (.text:TestFmk_disableADC)
                  0000f330    00000020     libcbuff_xwr14xx.aer4f : cbuff_csi.oer4f (.text:CBUFF_openCSI)
                  0000f350    00000020     libedma_xwr14xx.aer4f : edma_low_level.oer4f (.text:EDMA3DisableDmaEvt)
                  0000f370    00000020                           : edma_low_level.oer4f (.text:EDMA3QdmaClrMissEvt)
                  0000f390    00000020     libesm_xwr14xx.aer4f : esm.oer4f (.text:ESM_lowpriority_IRQ)
                  0000f3b0    00000020     libmmwave_xwr14xx.aer4f : mmwave_listlib.oer4f (.text:MMWave_listCat)
                  0000f3d0    00000020     framework_listlib.oer4f (.text:TestFmk_listCat)
                  0000f3f0    00000020     libmmwavelink_xwr14xx.aer4f : rl_sensor.oer4f (.text:rlRfInit)
                  0000f410    00000020     mss_per4ft.oer4ft (.text:ti_sysbios_family_arm_v7r_vim_Hwi_Object__delete__S)
                  0000f430    00000020     sysbios.aer4ft : BIOS.obj (.text:ti_sysbios_family_arm_v7r_vim_Hwi_disableInterrupt__E)
                  0000f450    00000020                    : BIOS.obj (.text:ti_sysbios_family_arm_v7r_vim_Hwi_enableInterrupt__E)
                  0000f470    00000020     mss_per4ft.oer4ft (.text:ti_sysbios_gates_GateHwi_Object__delete__S)
                  0000f490    00000020     mss_per4ft.oer4ft (.text:ti_sysbios_heaps_HeapMem_Object__delete__S)
                  0000f4b0    00000020     sysbios.aer4ft : BIOS.obj (.text:ti_sysbios_knl_Clock_Module_startup__E)
                  0000f4d0    00000020     mss_per4ft.oer4ft (.text:ti_sysbios_knl_Semaphore_destruct)
                  0000f4f0    00000020     ti.targets.arm.rtsarm.aer4ft : Registry.oer4ft (.text:xdc_runtime_Registry_findById__E)
                  0000f510    00000020                                  : SysStd.oer4ft (.text:xdc_runtime_SysStd_abort__E)
                  0000f530    0000001e     framework_ipc.oer4f (.text:TestFmk_IPCInit)
                  0000f54e    0000001e     framework_ipc_local.oer4f (.text:TestFmk_IPCLocalDequeue)
                  0000f56c    0000001c     libcrc_xwr14xx.aer4f : crc.oer4f (.text:CRC_releaseTransactionId)
                  0000f588    0000001c     libadcbuf_xwr14xx.aer4f : adcbuf_mmwave.oer4f (.text:CSL_FEXTR)
                  0000f5a4    0000001c     libcbuff_xwr14xx.aer4f : cbuff.oer4f (.text:CSL_FEXTR)
                  0000f5c0    0000001c                            : cbuff_lvds.oer4f (.text:CSL_FEXTR)
                  0000f5dc    0000001c     libcsi_xwr14xx.aer4f : csi.oer4f (.text:CSL_FEXTR)
                  0000f5f8    0000001c     libmmwave_xwr14xx.aer4f : mmwave.oer4f (.text:CSL_FEXTR)
                  0000f614    0000001c     libsoc_xwr14xx.aer4f : soc_xwr14xx.oer4f (.text:CSL_FEXTR)
                  0000f630    0000001c     libmmwave_xwr14xx.aer4f : mmwave_listlib.oer4f (.text:MMWave_listRemove)
                  0000f64c    0000001c     framework_listlib.oer4f (.text:TestFmk_listRemove)
                  0000f668    0000001c     sysbios.aer4ft : arm_TaskSupport_asm.obj (.text:_ti_sysbios_family_arm_TaskSupport_glue)
                  0000f684    0000001c     mss_per4ft.oer4ft (.text:ti_sysbios_BIOS_rtsLock__I)
                  0000f6a0    0000001c     sysbios.aer4ft : BIOS.obj (.text:ti_sysbios_family_arm_v7r_vim_Hwi_clearInterrupt__E)
                  0000f6bc    00000004     libmmwave_xwr14xx.aer4f : mmwave_link.oer4f (.text:MMWave_mboxRead)
                  0000f6c0    0000001c     sysbios.aer4ft : BIOS.obj (.text:ti_sysbios_gates_GateMutex_Instance_init__E)
                  0000f6dc    00000004     libmmwave_xwr14xx.aer4f : mmwave_link.oer4f (.text:MMWave_registerInterruptHandler)
                  0000f6e0    0000001c     sysbios.aer4ft : BIOS.obj (.text:ti_sysbios_gates_GateMutex_leave__E)
                  0000f6fc    0000001c     mss_per4ft.oer4ft (.text:ti_sysbios_knl_Queue_destruct)
                  0000f718    0000001c     ti.targets.arm.rtsarm.aer4ft : Error.oer4ft (.text:xdc_runtime_Error_check__E)
                  0000f734    0000001c                                  : Error.oer4ft (.text:xdc_runtime_Error_raiseX__E)
                  0000f750    0000001c                                  : Memory.oer4ft (.text:xdc_runtime_Memory_valloc__E)
                  0000f76c    0000001c                                  : System.oer4ft (.text:xdc_runtime_System_abort__E)
                  0000f788    0000001a     libcbuff_xwr14xx.aer4f : cbuff_lvds.oer4f (.text:CBUFF_finalizeLVDSLinkListParams)
                  0000f7a2    0000001a     libsoc_xwr14xx.aer4f : soc.oer4f (.text:CSL_FEXTR)
                  0000f7bc    0000001a     libedma_xwr14xx.aer4f : edma_low_level.oer4f (.text:EDMA3SetPaRAM)
                  0000f7d6    0000001a     libmmwave_xwr14xx.aer4f : mmwave.oer4f (.text:MMWave_encodeError)
                  0000f7f0    0000001a                             : mmwave_listlib.oer4f (.text:MMWave_listAdd)
                  0000f80a    0000001a     csi_stream.oer4f (.text:TestFmkCSIStream_close)
                  0000f824    0000001a     framework_listlib.oer4f (.text:TestFmk_listAdd)
                  0000f83e    0000001a     mss_per4ft.oer4ft (.text:free)
                  0000f858    0000001a     mss_per4ft.oer4ft (.text:ti_sysbios_gates_GateHwi_Handle__label__S)
                  0000f872    0000001a     mss_per4ft.oer4ft (.text:ti_sysbios_gates_GateMutex_Handle__label__S)
                  0000f88c    0000001a     mss_per4ft.oer4ft (.text:ti_sysbios_heaps_HeapMem_Handle__label__S)
                  0000f8a6    0000001a     mss_per4ft.oer4ft (.text:xdc_runtime_System_aprintf__E)
                  0000f8c0    0000001a     mss_per4ft.oer4ft (.text:xdc_runtime_System_printf__E)
                  0000f8da    00000018     libcsi_xwr14xx.aer4f : csi.oer4f (.text:CSI_setupControl)
                  0000f8f2    00000018     libcbuff_xwr14xx.aer4f : cbuff_transfer.oer4f (.text:CSL_FINSR)
                  0000f90a    00000018     libcsi_xwr14xx.aer4f : csi.oer4f (.text:CSL_FINSR)
                  0000f922    00000002     --HOLE-- [fill = 0]
                  0000f924    00000018     libedma_xwr14xx.aer4f : edma_low_level.oer4f (.text:EDMA3DisableQdmaEvt)
                  0000f93c    00000018                           : edma_low_level.oer4f (.text:EDMA3EnableQdmaEvt)
                  0000f954    00000018     libmmwave_xwr14xx.aer4f : mmwave_osal.oer4f (.text:MMWave_osalMutexLock)
                  0000f96c    00000018                             : mmwave_osal.oer4f (.text:MMWave_osalSemWait)
                  0000f984    00000018     sysbios.aer4ft : arm_TaskSupport_asm.obj (.text:_ti_sysbios_family_arm_TaskSupport_swap__E)
                  0000f99c    00000018     libmmwavelink_xwr14xx.aer4f : rl_device.oer4f (.text:rlDeviceGetRfVersion)
                  0000f9b4    00000018                                 : rl_driver.oer4f (.text:rlDriverCalCRC)
                  0000f9cc    00000018                                 : rl_driver.oer4f (.text:rlDriverFillPayload)
                  0000f9e4    00000018                                 : rl_driver.oer4f (.text:rlDriverIsDeviceMapValid)
                  0000f9fc    00000018     rtsv7R4_T_le_v3D16_eabi.lib : args_main.obj (.text)
                  0000fa14    00000018                                 : strcmp.obj (.text)
                  0000fa2c    00000018     mss_per4ft.oer4ft (.text:ti_sysbios_BIOS_rtsUnlock__I)
                  0000fa44    00000018     mss_per4ft.oer4ft (.text:ti_sysbios_family_arm_v7r_vim_Hwi_Module__startupDone__F)
                  0000fa5c    00000018     mss_per4ft.oer4ft (.text:ti_sysbios_family_arm_v7r_vim_Hwi_Params__init__S)
                  0000fa74    00000018     mss_per4ft.oer4ft (.text:ti_sysbios_knl_Semaphore_Params__init__S)
                  0000fa8c    00000018     mss_per4ft.oer4ft (.text:ti_sysbios_knl_Task_Params__init__S)
                  0000faa4    0000000a     libosal_xwr14xx.aer4f : MemoryP_tirtos.oer4f (.text:MemoryP_ctrlFree)
                  0000faae    00000002     --HOLE-- [fill = 0]
                  0000fab0    00000018     sysbios.aer4ft : BIOS.obj (.text:ti_sysbios_knl_Task_enter__I)
                  0000fac8    00000018     mss_per4ft.oer4ft (.text:ti_sysbios_timers_rti_Timer_Module__startupDone__F)
                  0000fae0    00000018     ti.targets.arm.rtsarm.aer4ft : Error.oer4ft (.text:xdc_runtime_Error_init__E)
                  0000faf8    00000018                                  : System.oer4ft (.text:xdc_runtime_System_exit__E)
                  0000fb10    00000018                                  : Text.oer4ft (.text:xdc_runtime_Text_ropeText__E)
                  0000fb28    00000016     libcbuff_xwr14xx.aer4f : cbuff_transfer.oer4f (.text:CBUFF_shutdownTransfer)
                  0000fb3e    00000016     framework_ipc.oer4f (.text:TestFmk_IPCMsgInit)
                  0000fb54    00000016     rtsv7R4_T_le_v3D16_eabi.lib : strchr.obj (.text)
                  0000fb6a    00000016                                 : strlen.obj (.text)
                  0000fb80    00000016     mss_per4ft.oer4ft (.text:ti_sysbios_BIOS_exitFunc__I)
                  0000fb96    0000000a     libosal_xwr14xx.aer4f : SemaphoreP_tirtos.oer4f (.text:SemaphoreP_post)
                  0000fba0    00000016     sysbios.aer4ft : BIOS.obj (.text:ti_sysbios_knl_Idle_loop__E)
                  0000fbb6    0000000a     mss_per4ft.oer4ft (.text:xdc_runtime_IHeap_alloc)
                  0000fbc0    00000016     sysbios.aer4ft : BIOS.obj (.text:ti_sysbios_knl_Task_sleepTimeout__I)
                  0000fbd6    00000014     libcbuff_xwr14xx.aer4f : cbuff_csi.oer4f (.text:CSL_FINSR)
                  0000fbea    00000002     --HOLE-- [fill = 0]
                  0000fbec    00000014     libedma_xwr14xx.aer4f : edma_low_level.oer4f (.text:EDMA3GetIntrStatus)
                  0000fc00    00000014                           : edma_low_level.oer4f (.text:EDMA3IntrStatusHighGet)
                  0000fc14    00000014                           : edma_low_level.oer4f (.text:EDMA3MapQdmaChToPaRAM)
                  0000fc28    00000014     libosal_xwr14xx.aer4f : HwiP_tirtos.oer4f (.text:HwiP_Params_init)
                  0000fc3c    00000014     libmmwave_xwr14xx.aer4f : mmwave_osal.oer4f (.text:MMWave_osalMutexDelete)
                  0000fc50    00000014                             : mmwave_osal.oer4f (.text:MMWave_osalSemDelete)
                  0000fc64    00000014     framework_core.oer4f (.text:TestFmk_synch)
                  0000fc78    00000014     libosal_xwr14xx.aer4f : DebugP_tirtos.oer4f (.text:_DebugP_assert)
                  0000fc8c    00000014     libmmwavelink_xwr14xx.aer4f : rl_controller.oer4f (.text:rlAppendDummy)
                  0000fca0    00000014     rtsv7R4_T_le_v3D16_eabi.lib : _lock.obj (.text)
                  0000fcb4    00000014                                 : strcpy.obj (.text)
                  0000fcc8    00000014     mss_per4ft.oer4ft (.text:ti_sysbios_heaps_HeapMem_Object__get__S)
                  0000fcdc    00000014     mss_per4ft.oer4ft (.text:ti_sysbios_knl_Swi_Object__get__S)
                  0000fcf0    00000012     libcrc_xwr14xx.aer4f : crc.oer4f (.text:CRC_initConfigParams)
                  0000fd02    00000012     libedma_xwr14xx.aer4f : edma_low_level.oer4f (.text:EDMA3SetQdmaTrigWord)
                  0000fd14    00000012     libosal_xwr14xx.aer4f : MemoryP_tirtos.oer4f (.text:MemoryP_ctrlAlloc)
                  0000fd26    00000012                           : SemaphoreP_tirtos.oer4f (.text:SemaphoreP_pend)
                  0000fd38    00000012     csi_stream.oer4f (.text:TestFmkCSIStream_chirpAvailable)
                  0000fd4a    00000012     framework_core.oer4f (.text:TestFmk_chirpISR)
                  0000fd5c    00000012     framework_core.oer4f (.text:TestFmk_frameStartISR)
                  0000fd6e    00000002     --HOLE-- [fill = 0]
                  0000fd70    00000012     sysbios.aer4ft : BIOS.obj (.text:ti_sysbios_hal_Hwi_Module_startup__E)
                  0000fd82    00000012     mss_per4ft.oer4ft (.text:xdc_runtime_Startup_exec__I)
                  0000fd94    00000010     libcrc_xwr14xx.aer4f : crc.oer4f (.text:CRC_getSignatureRegister)
                  0000fda4    00000010     libcsi_xwr14xx.aer4f : csi.oer4f (.text:CSI_setupTimingTA)
                  0000fdb4    00000010     libsoc_xwr14xx.aer4f : soc_xwr14xx.oer4f (.text:SOC_getInAddr_LUTType)
                  0000fdc4    00000010                          : soc_xwr14xx.oer4f (.text:SOC_getOutAddr_LUTType)
                  0000fdd4    0000000a     sysbios.aer4ft : tms570_Core_asm.obj (.text:ti_sysbios_family_arm_v7r_tms570_Core_getId__E)
                  0000fdde    00000002     --HOLE-- [fill = 0]
                  0000fde0    00000010                    : BIOS.obj (.text:ti_sysbios_BIOS_setThreadType__E)
                  0000fdf0    00000010                    : BIOS.obj (.text:ti_sysbios_BIOS_start__E)
                  0000fe00    00000010                    : BIOS.obj (.text:ti_sysbios_gates_GateMutex_Instance_finalize__E)
                  0000fe10    00000010     mss_per4ft.oer4ft (.text:ti_sysbios_heaps_HeapBuf_Object__get__S)
                  0000fe20    00000010     sysbios.aer4ft : BIOS.obj (.text:ti_sysbios_knl_Semaphore_Instance_finalize__E)
                  0000fe30    00000010                    : BIOS.obj (.text:ti_sysbios_knl_Swi_disable__E)
                  0000fe40    00000010     mss_per4ft.oer4ft (.text:ti_sysbios_knl_Task_Object__get__S)
                  0000fe50    00000010     sysbios.aer4ft : BIOS.obj (.text:ti_sysbios_knl_Task_disable__E)
                  0000fe60    00000010     ti.targets.arm.rtsarm.aer4ft : Gate.oer4ft (.text:xdc_runtime_Gate_leaveSystem__E)
                  0000fe70    00000010                                  : Memory.oer4ft (.text:xdc_runtime_Memory_free__E)
                  0000fe80    00000010                                  : System.oer4ft (.text:xdc_runtime_System_vsnprintf__E)
                  0000fe90    00000010     mss_per4ft.oer4ft (.text:xdc_runtime_Text_visitRope__I)
                  0000fea0    0000000e     libadcbuf_xwr14xx.aer4f : ADCBuf.oer4f (.text:ADCBuf_Params_init)
                  0000feae    0000000e     libmmwave_xwr14xx.aer4f : mmwave.oer4f (.text:MMWave_decodeErrorLevel)
                  0000febc    0000000e     libsoc_xwr14xx.aer4f : soc_xwr14xx.oer4f (.text:SOC_microDelay)
                  0000feca    0000000e     libosal_xwr14xx.aer4f : SemaphoreP_tirtos.oer4f (.text:SemaphoreP_delete)
                  0000fed8    0000000e     rtsv7R4_T_le_v3D16_eabi.lib : copy_decompress_none.obj (.text:decompress:none)
                  0000fee6    0000000a     mss_per4ft.oer4ft (.text:xdc_runtime_IHeap_free)
                  0000fef0    0000000e     sysbios.aer4ft : BIOS.obj (.text:ti_sysbios_knl_Queue_empty__E)
                  0000fefe    00000002     --HOLE-- [fill = 0]
                  0000ff00    0000000c                    : BIOS.obj (.text:ti_sysbios_family_arm_TaskSupport_checkStack__E)
                  0000ff0c    00000004     libmmwave_xwr14xx.aer4f : mmwave_link.oer4f (.text:MMWave_unmaskHostIRQ)
                  0000ff10    0000000c     sysbios.aer4ft : BIOS.obj (.text:ti_sysbios_family_arm_TaskSupport_getStackAlignment__E)
                  0000ff1c    00000004     libmmwave_xwr14xx.aer4f : mmwave_link.oer4f (.text:MMWave_waitIRQStatus)
                  0000ff20    0000000c     sysbios.aer4ft : BIOS.obj (.text:ti_sysbios_family_arm_exc_Exception_Module_startup__E)
                  0000ff2c    00000004     framework_xwr14xx.oer4f (.text:TestFmk_IPCRemoteInit)
                  0000ff30    0000000c     sysbios.aer4ft : BIOS.obj (.text:ti_sysbios_family_arm_v7r_vim_Hwi_switchFromBootStack__E)
                  0000ff3c    00000004     framework_xwr14xx.oer4f (.text:TestFmk_IPCRemoteRecv)
                  0000ff40    00000008     sysbios.aer4ft : BIOS.obj (.text:ti_sysbios_gates_GateHwi_enter__E)
                  0000ff48    00000006     libosal_xwr14xx.aer4f : HwiP_tirtos.oer4f (.text:HwiP_restore)
                  0000ff4e    00000006     csi_stream.oer4f (.text:TestFmkCSIStream_stop)
                  0000ff54    00000006     libmmwavelink_xwr14xx.aer4f : rl_controller.oer4f (.text:rlGetSubBlockId)
                  0000ff5a    00000006                                 : rl_controller.oer4f (.text:rlGetSubBlockLen)
                  0000ff60    00000006     sysbios.aer4ft : BIOS.obj (.text:ti_sysbios_family_arm_v7r_vim_Hwi_startup__E)
                  0000ff66    00000006     ti.targets.arm.rtsarm.aer4ft : System.oer4ft (.text:xdc_runtime_System_Module_startup__E)
                  0000ff6c    00000004     framework_xwr14xx.oer4f (.text:TestFmk_IPCRemoteSend)
                  0000ff70    00000006     sysbios.aer4ft : BIOS.obj (.text:ti_sysbios_gates_GateHwi_leave__E)
                  0000ff76    00000004     mss_per4ft.oer4ft (.text:ti_sysbios_BIOS_RtsGateProxy_enter__E)
                  0000ff7a    00000004     mss_per4ft.oer4ft (.text:ti_sysbios_BIOS_RtsGateProxy_leave__E)
                  0000ff7e    00000002     --HOLE-- [fill = 0]
                  0000ff80    00000006     sysbios.aer4ft : BIOS.obj (.text:ti_sysbios_heaps_HeapMem_isBlocking__E)
                  0000ff86    00000004     mss_per4ft.oer4ft (.text:ti_sysbios_family_arm_TaskSupport_Module__startupDone__S)
                  0000ff8a    00000004     mss_per4ft.oer4ft (.text:ti_sysbios_family_arm_v7r_vim_Hwi_delete)
                  0000ff8e    00000002     --HOLE-- [fill = 0]
                  0000ff90    00000006     sysbios.aer4ft : BIOS.obj (.text:ti_sysbios_knl_Queue_Instance_init__E)
                  0000ff96    00000004     mss_per4ft.oer4ft (.text:ti_sysbios_heaps_HeapMem_Module_GateProxy_enter__E)
                  0000ff9a    00000004     mss_per4ft.oer4ft (.text:ti_sysbios_heaps_HeapMem_Module_GateProxy_leave__E)
                  0000ff9e    00000002     --HOLE-- [fill = 0]
                  0000ffa0    00000004     sysbios.aer4ft : BIOS.obj (.text:ti_sysbios_gates_GateHwi_query__E)
                  0000ffa4    00000004     mss_per4ft.oer4ft (.text:ti_sysbios_knl_Clock_TimerProxy_getMaxTicks__E)
                  0000ffa8    00000004     mss_per4ft.oer4ft (.text:ti_sysbios_knl_Semaphore_delete)
                  0000ffac    00000004     ti.targets.arm.rtsarm.aer4ft : Error.oer4ft (.text:xdc_runtime_Error_getSite__E)
                  0000ffb0    00000004     sysbios.aer4ft : BIOS.obj (.text:ti_sysbios_gates_GateMutex_query__E)
                  0000ffb4    00000004     ti.targets.arm.rtsarm.aer4ft : SysStd.oer4ft (.text:xdc_runtime_SysStd_putch__E)
                  0000ffb8    00000004                                  : SysStd.oer4ft (.text:xdc_runtime_SysStd_ready__E)
                  0000ffbc    00000004     mss_per4ft.oer4ft (.text:xdc_runtime_System_Module_GateProxy_enter__E)
                  0000ffc0    00000004     sysbios.aer4ft : BIOS.obj (.text:ti_sysbios_knl_Task_startup__E)
                  0000ffc4    00000004     mss_per4ft.oer4ft (.text:xdc_runtime_System_Module_GateProxy_leave__E)
                  0000ffc8    00000004     ti.targets.arm.rtsarm.aer4ft : System.oer4ft (.text:xdc_runtime_System_aprintf_va__F)
                  0000ffcc    00000004                                  : System.oer4ft (.text:xdc_runtime_System_printf_va__F)
                  0000ffd0    00000004     sysbios.aer4ft : BIOS.obj (.text:ti_sysbios_timers_rti_Timer_getMaxTicks__E)
                  0000ffd4    0000000c     --HOLE-- [fill = 0]
                  0000ffe0    00000002                    : BIOS.obj (.text:ti_sysbios_BIOS_linkedWithIncorrectBootLibrary__E)
                  0000ffe2    0000000e     --HOLE-- [fill = 0]
                  0000fff0    00000002                    : BIOS.obj (.text:ti_sysbios_gates_GateHwi_Instance_init__E)

.const     0    00010000    00002452     
                  00010000    00001a17     mss_per4ft.oer4ft (.const:xdc_runtime_Text_charTab__A)
                  00011a17    00000001     mss_per4ft.oer4ft (.const:xdc_runtime_Error_policy__C)
                  00011a18    00000254     libmmwavelink_xwr14xx.aer4f : rl_sensor.oer4f (.const:$O1$$)
                  00011c6c    000000d0     mss_per4ft.oer4ft (.const:xdc_runtime_Text_nodeTab__A)
                  00011d3c    00000080     mss_per4ft.oer4ft (.const:ti_sysbios_family_arm_v7r_vim_Hwi_channelMap__A)
                  00011dbc    00000078     libmmwavelink_xwr14xx.aer4f : rl_driver.oer4f (.const:$O2$$)
                  00011e34    00000048     mss_per4ft.oer4ft (.const:.string)
                  00011e7c    0000003c     mss_per4ft.oer4ft (.const:ti_sysbios_knl_Task_Object__PARAMS__C)
                  00011eb8    00000030     mss_per4ft.oer4ft (.const:ti_sysbios_family_arm_v7r_vim_Hwi_Object__PARAMS__C)
                  00011ee8    00000028     mss_per4ft.oer4ft (.const:ti_sysbios_heaps_HeapMem_Module__FXNS__C)
                  00011f10    00000028     mss_per4ft.oer4ft (.const:xdc_runtime_Startup_sfxnTab__A)
                  00011f38    00000024     mss_per4ft.oer4ft (.const:ti_sysbios_gates_GateHwi_Module__FXNS__C)
                  00011f5c    00000024     mss_per4ft.oer4ft (.const:ti_sysbios_gates_GateMutex_Module__FXNS__C)
                  00011f80    00000024     mss_per4ft.oer4ft (.const:ti_sysbios_heaps_HeapMem_Object__PARAMS__C)
                  00011fa4    00000024     mss_per4ft.oer4ft (.const:ti_sysbios_knl_Semaphore_Object__PARAMS__C)
                  00011fc8    00000020     mss_per4ft.oer4ft (.const:ti_sysbios_family_arm_v7r_vim_Hwi_Object__DESC__C)
                  00011fe8    00000020     mss_per4ft.oer4ft (.const:ti_sysbios_gates_GateHwi_Object__DESC__C)
                  00012008    00000020     mss_per4ft.oer4ft (.const:ti_sysbios_gates_GateMutex_Object__DESC__C)
                  00012028    00000020     mss_per4ft.oer4ft (.const:ti_sysbios_heaps_HeapMem_Object__DESC__C)
                  00012048    00000020     mss_per4ft.oer4ft (.const:ti_sysbios_knl_Queue_Object__DESC__C)
                  00012068    00000020     mss_per4ft.oer4ft (.const:ti_sysbios_knl_Semaphore_Object__DESC__C)
                  00012088    00000020     mss_per4ft.oer4ft (.const:ti_sysbios_knl_Task_Object__DESC__C)
                  000120a8    0000001c     libedma_xwr14xx.aer4f : edma_xwr1xxx.oer4f (.const:gEdmaHwAttrs)
                  000120c4    00000018     mss_per4ft.oer4ft (.const:ti_sysbios_gates_GateHwi_Object__PARAMS__C)
                  000120dc    00000018     mss_per4ft.oer4ft (.const:ti_sysbios_gates_GateMutex_Object__PARAMS__C)
                  000120f4    00000018     mss_per4ft.oer4ft (.const:ti_sysbios_knl_Queue_Object__PARAMS__C)
                  0001210c    00000014     libmailbox_xwr14xx.aer4f : mailbox.oer4f (.const:Mailbox_defaultCfg)
                  00012120    00000014     libadcbuf_xwr14xx.aer4f : adcbuf_mmwave.oer4f (.const:gADCBufFxnTable)
                  00012134    00000014     mss_per4ft.oer4ft (.const:xdc_runtime_Startup_sfxnRts__A)
                  00012148    00000010     libadcbuf_xwr14xx.aer4f : adcbuf_xwr1xxx.oer4f (.const:gADCBufHwCfg)
                  00012158    00000010     mss_per4ft.oer4ft (.const:ti_sysbios_family_arm_v7r_vim_Hwi_intReqEnaSet__A)
                  00012168    00000010     mss_per4ft.oer4ft (.const:ti_sysbios_family_arm_v7r_vim_Hwi_wakeEnaSet__A)
                  00012178    00000008     libadcbuf_xwr14xx.aer4f : ADCBuf.oer4f (.const:ADCBuf_defaultParams)
                  00012180    00000008     libedma_xwr14xx.aer4f : edma.oer4f (.const:EDMA_config$1)
                  00012188    00000008     mss_per4ft.oer4ft (.const:ti_sysbios_knl_Idle_funcList__C)
                  00012190    00000008     mss_per4ft.oer4ft (.const:xdc_runtime_Startup_firstFxns__A)
                  00012198    00000008     mss_per4ft.oer4ft (.const:xdc_runtime_Startup_firstFxns__C)
                  000121a0    00000008     mss_per4ft.oer4ft (.const:xdc_runtime_Startup_lastFxns__C)
                  000121a8    00000004     mss_per4ft.oer4ft (.const:ti_sysbios_family_arm_TaskSupport_stackAlignment__C)
                  000121ac    00000004     mss_per4ft.oer4ft (.const:ti_sysbios_family_arm_exc_Exception_E_dataAbort__C)
                  000121b0    00000004     mss_per4ft.oer4ft (.const:ti_sysbios_family_arm_exc_Exception_E_prefetchAbort__C)
                  000121b4    00000004     mss_per4ft.oer4ft (.const:ti_sysbios_family_arm_exc_Exception_E_swi__C)
                  000121b8    00000004     mss_per4ft.oer4ft (.const:ti_sysbios_family_arm_exc_Exception_E_undefinedInstruction__C)
                  000121bc    00000004     mss_per4ft.oer4ft (.const:ti_sysbios_family_arm_exc_Exception_excHookFuncs__A)
                  000121c0    00000004     mss_per4ft.oer4ft (.const:ti_sysbios_family_arm_exc_Exception_excHookFuncs__C)
                  000121c4    00000004     mss_per4ft.oer4ft (.const:ti_sysbios_family_arm_v7r_tms570_Core_E_mismatchedIds__C)
                  000121c8    00000004     mss_per4ft.oer4ft (.const:ti_sysbios_family_arm_v7r_tms570_Core_id__C)
                  000121cc    00000004     mss_per4ft.oer4ft (.const:ti_sysbios_family_arm_v7r_vim_Hwi_A_badChannelId__C)
                  000121d0    00000004     mss_per4ft.oer4ft (.const:ti_sysbios_family_arm_v7r_vim_Hwi_E_alreadyDefined__C)
                  000121d4    00000004     mss_per4ft.oer4ft (.const:ti_sysbios_family_arm_v7r_vim_Hwi_E_badIntNum__C)
                  000121d8    00000004     mss_per4ft.oer4ft (.const:ti_sysbios_family_arm_v7r_vim_Hwi_E_phantomInterrupt__C)
                  000121dc    00000004     mss_per4ft.oer4ft (.const:ti_sysbios_family_arm_v7r_vim_Hwi_E_undefined__C)
                  000121e0    00000004     mss_per4ft.oer4ft (.const:ti_sysbios_family_arm_v7r_vim_Hwi_E_unsupportedMaskingOption__C)
                  000121e4    00000004     mss_per4ft.oer4ft (.const:ti_sysbios_family_arm_v7r_vim_Hwi_LD_end__C)
                  000121e8    00000004     mss_per4ft.oer4ft (.const:ti_sysbios_family_arm_v7r_vim_Hwi_LM_begin__C)
                  000121ec    00000004     mss_per4ft.oer4ft (.const:ti_sysbios_family_arm_v7r_vim_Hwi_Module__diagsEnabled__C)
                  000121f0    00000004     mss_per4ft.oer4ft (.const:ti_sysbios_family_arm_v7r_vim_Hwi_Module__diagsIncluded__C)
                  000121f4    00000004     mss_per4ft.oer4ft (.const:ti_sysbios_family_arm_v7r_vim_Hwi_Module__diagsMask__C)
                  000121f8    00000004     mss_per4ft.oer4ft (.const:ti_sysbios_family_arm_v7r_vim_Hwi_Module__loggerFxn1__C)
                  000121fc    00000004     mss_per4ft.oer4ft (.const:ti_sysbios_family_arm_v7r_vim_Hwi_Module__loggerFxn8__C)
                  00012200    00000004     mss_per4ft.oer4ft (.const:ti_sysbios_family_arm_v7r_vim_Hwi_Module__loggerObj__C)
                  00012204    00000004     mss_per4ft.oer4ft (.const:ti_sysbios_family_arm_v7r_vim_Hwi_NUM_INTERRUPTS__C)
                  00012208    00000004     mss_per4ft.oer4ft (.const:ti_sysbios_family_arm_v7r_vim_Hwi_channelMap__C)
                  0001220c    00000004     mss_per4ft.oer4ft (.const:ti_sysbios_family_arm_v7r_vim_Hwi_intReqEnaSet__C)
                  00012210    00000004     mss_per4ft.oer4ft (.const:ti_sysbios_family_arm_v7r_vim_Hwi_phantomFunc__C)
                  00012214    00000004     mss_per4ft.oer4ft (.const:ti_sysbios_family_arm_v7r_vim_Hwi_swiDisable__C)
                  00012218    00000004     mss_per4ft.oer4ft (.const:ti_sysbios_family_arm_v7r_vim_Hwi_swiRestoreHwi__C)
                  0001221c    00000004     mss_per4ft.oer4ft (.const:ti_sysbios_family_arm_v7r_vim_Hwi_taskDisable__C)
[...]
00012244  ti_sysbios_heaps_HeapBuf_Object__count__C                            
00012248  ti_sysbios_heaps_HeapBuf_numConstructedHeaps__C                      
0001224c  ti_sysbios_heaps_HeapMem_A_align__C                                  
00012250  ti_sysbios_heaps_HeapMem_A_heapSize__C                               
00012254  ti_sysbios_heaps_HeapMem_A_invalidFree__C                            
00012258  ti_sysbios_heaps_HeapMem_A_zeroBlock__C                              
0001225c  ti_sysbios_heaps_HeapMem_E_memory__C                                 
00012260  ti_sysbios_heaps_HeapMem_Module__diagsEnabled__C                     
00012264  ti_sysbios_heaps_HeapMem_Module__diagsIncluded__C                    
00012268  ti_sysbios_heaps_HeapMem_Module__diagsMask__C                        
0001226c  ti_sysbios_heaps_HeapMem_Module__gateObj__C                          
00012270  ti_sysbios_heaps_HeapMem_Object__count__C                            
00012274  ti_sysbios_heaps_HeapMem_reqAlign__C                                 
00012278  ti_sysbios_knl_Clock_LM_begin__C                                     
0001227c  ti_sysbios_knl_Clock_LM_tick__C                                      
00012280  ti_sysbios_knl_Clock_LW_delayed__C                                   
00012284  ti_sysbios_knl_Clock_Module_State_clockQ__O                          
00012288  ti_sysbios_knl_Clock_Module__diagsEnabled__C                         
0001228c  ti_sysbios_knl_Clock_Module__diagsIncluded__C                        
00012290  ti_sysbios_knl_Clock_Module__diagsMask__C                            
00012294  ti_sysbios_knl_Clock_Module__loggerFxn1__C                           
00012298  ti_sysbios_knl_Clock_Module__loggerFxn2__C                           
0001229c  ti_sysbios_knl_Clock_Module__loggerObj__C                            
000122a0  ti_sysbios_knl_Idle_funcList__A                                      
000122a4  ti_sysbios_knl_Semaphore_A_badContext__C                             
000122a8  ti_sysbios_knl_Semaphore_A_noEvents__C                               
000122ac  ti_sysbios_knl_Semaphore_A_overflow__C                               
000122b0  ti_sysbios_knl_Semaphore_A_pendTaskDisabled__C                       
000122b4  ti_sysbios_knl_Semaphore_Instance_State_pendQ__O                     
000122b8  ti_sysbios_knl_Semaphore_LM_pend__C                                  
000122bc  ti_sysbios_knl_Semaphore_LM_post__C                                  
000122c0  ti_sysbios_knl_Semaphore_Module__diagsEnabled__C                     
000122c4  ti_sysbios_knl_Semaphore_Module__diagsIncluded__C                    
000122c8  ti_sysbios_knl_Semaphore_Module__diagsMask__C                        
000122cc  ti_sysbios_knl_Semaphore_Module__loggerFxn2__C                       
000122d0  ti_sysbios_knl_Semaphore_Module__loggerFxn4__C                       
000122d4  ti_sysbios_knl_Semaphore_Module__loggerObj__C                        
000122d8  ti_sysbios_knl_Swi_LD_end__C                                         
000122dc  ti_sysbios_knl_Swi_LM_begin__C                                       
000122e0  ti_sysbios_knl_Swi_LM_post__C                                        
000122e4  ti_sysbios_knl_Swi_Module__diagsEnabled__C                           
000122e8  ti_sysbios_knl_Swi_Module__diagsIncluded__C                          
000122ec  ti_sysbios_knl_Swi_Module__diagsMask__C                              
000122f0  ti_sysbios_knl_Swi_Module__loggerFxn1__C                             
000122f4  ti_sysbios_knl_Swi_Module__loggerFxn4__C                             
000122f8  ti_sysbios_knl_Swi_Module__loggerObj__C                              
000122fc  ti_sysbios_knl_Swi_Object__count__C                                  
00012300  ti_sysbios_knl_Task_A_badPriority__C                                 
00012304  ti_sysbios_knl_Task_A_badTaskState__C                                
00012308  ti_sysbios_knl_Task_A_badThreadType__C                               
0001230c  ti_sysbios_knl_Task_A_badTimeout__C                                  
00012310  ti_sysbios_knl_Task_A_noPendElem__C                                  
00012314  ti_sysbios_knl_Task_A_sleepTaskDisabled__C                           
00012318  ti_sysbios_knl_Task_E_spOutOfBounds__C                               
0001231c  ti_sysbios_knl_Task_E_stackOverflow__C                               
00012320  ti_sysbios_knl_Task_LD_block__C                                      
00012324  ti_sysbios_knl_Task_LD_exit__C                                       
00012328  ti_sysbios_knl_Task_LD_ready__C                                      
0001232c  ti_sysbios_knl_Task_LM_sleep__C                                      
00012330  ti_sysbios_knl_Task_LM_switch__C                                     
00012334  ti_sysbios_knl_Task_Module_State_inactiveQ__O                        
00012338  ti_sysbios_knl_Task_Module__diagsEnabled__C                          
0001233c  ti_sysbios_knl_Task_Module__diagsIncluded__C                         
00012340  ti_sysbios_knl_Task_Module__diagsMask__C                             
00012344  ti_sysbios_knl_Task_Module__loggerFxn2__C                            
00012348  ti_sysbios_knl_Task_Module__loggerFxn4__C                            
0001234c  ti_sysbios_knl_Task_Module__loggerObj__C                             
00012350  ti_sysbios_knl_Task_Object__count__C                                 
00012354  ti_sysbios_knl_Task_allBlockedFunc__C                                
00012358  ti_sysbios_knl_Task_defaultStackHeap__C                              
0001235c  ti_sysbios_knl_Task_defaultStackSize__C                              
00012360  ti_sysbios_knl_Task_numConstructedTasks__C                           
00012364  ti_sysbios_timers_rti_Timer_E_cannotSupport__C                       
00012368  ti_sysbios_timers_rti_Timer_Module__diagsEnabled__C                  
0001236c  ti_sysbios_timers_rti_Timer_Module__diagsIncluded__C                 
00012370  ti_sysbios_timers_rti_Timer_Module__diagsMask__C                     
00012374  ti_sysbios_timers_rti_Timer_numTimerDevices__C                       
00012378  ti_sysbios_timers_rti_Timer_startupNeeded__C                         
0001237c  xdc_runtime_Assert_E_assertFailed__C                                 
00012380  xdc_runtime_Core_A_initializedParams__C                              
00012384  xdc_runtime_Core_Module__diagsEnabled__C                             
00012388  xdc_runtime_Core_Module__diagsIncluded__C                            
0001238c  xdc_runtime_Core_Module__diagsMask__C                                
00012390  xdc_runtime_Error_E_memory__C                                        
00012394  xdc_runtime_Error_Module__diagsEnabled__C                            
00012398  xdc_runtime_Error_Module__diagsIncluded__C                           
0001239c  xdc_runtime_Error_Module__diagsMask__C                               
000123a0  xdc_runtime_Error_Module__loggerFxn8__C                              
000123a4  xdc_runtime_Error_Module__loggerObj__C                               
000123a8  xdc_runtime_Error_policyFxn__C                                       
000123ac  xdc_runtime_Error_raiseHook__C                                       
000123b0  xdc_runtime_IGateProvider_Interface__BASE__C                         
000123b4  xdc_runtime_IHeap_Interface__BASE__C                                 
000123b8  xdc_runtime_IModule_Interface__BASE__C                               
000123bc  xdc_runtime_Log_L_error__C                                           
000123c0  xdc_runtime_Main_Module__diagsEnabled__C                             
000123c4  xdc_runtime_Main_Module__diagsIncluded__C                            
000123c8  xdc_runtime_Main_Module__diagsMask__C                                
000123cc  xdc_runtime_Main_Module__loggerFxn1__C                               
000123d0  xdc_runtime_Main_Module__loggerFxn2__C                               
000123d4  xdc_runtime_Main_Module__loggerFxn4__C                               
000123d8  xdc_runtime_Main_Module__loggerObj__C                                
000123dc  xdc_runtime_Memory_defaultHeapInstance__C                            
000123e0  xdc_runtime_Startup_execImpl__C                                      
000123e4  xdc_runtime_Startup_maxPasses__C                                     
000123e8  xdc_runtime_Startup_sfxnRts__C                                       
000123ec  xdc_runtime_Startup_sfxnTab__C                                       
000123f0  xdc_runtime_System_Module__gateObj__C                                
000123f4  xdc_runtime_System_abortFxn__C                                       
000123f8  xdc_runtime_System_exitFxn__C                                        
000123fc  xdc_runtime_System_extendFxn__C                                      
00012400  xdc_runtime_System_maxAtexitHandlers__C                              
00012404  xdc_runtime_Text_charTab__C                                          
00012408  xdc_runtime_Text_nameEmpty__C                                        
0001240c  xdc_runtime_Text_nameStatic__C                                       
00012410  xdc_runtime_Text_nameUnknown__C                                      
00012414  xdc_runtime_Text_nodeTab__C                                          
00012418  xdc_runtime_Text_visitRopeFxn__C                                     
0001241c  ti_sysbios_family_arm_exc_Exception_Module__id__C                    
0001241e  ti_sysbios_family_arm_v7r_tms570_Core_Module__id__C                  
00012420  ti_sysbios_family_arm_v7r_vim_Hwi_Module__id__C                      
00012422  ti_sysbios_family_arm_v7r_vim_Hwi_Module__loggerDefined__C           
00012424  ti_sysbios_gates_GateMutex_Module__id__C                             
00012426  ti_sysbios_hal_Hwi_Module__id__C                                     
00012428  ti_sysbios_heaps_HeapMem_Module__id__C                               
0001242a  ti_sysbios_knl_Clock_Module__id__C                                   
0001242c  ti_sysbios_knl_Clock_Module__loggerDefined__C                        
0001242e  ti_sysbios_knl_Semaphore_Module__id__C                               
00012430  ti_sysbios_knl_Semaphore_Module__loggerDefined__C                    
00012432  ti_sysbios_knl_Swi_Module__id__C                                     
00012434  ti_sysbios_knl_Swi_Module__loggerDefined__C                          
00012436  ti_sysbios_knl_Task_Module__id__C                                    
00012438  ti_sysbios_knl_Task_Module__loggerDefined__C                         
0001243a  ti_sysbios_timers_rti_Timer_Module__id__C                            
0001243c  ti_sysbios_timers_rti_Timer_continueOnSuspend__C                     
0001243e  xdc_runtime_Core_Module__id__C                                       
00012440  xdc_runtime_Error_Module__loggerDefined__C                           
00012442  xdc_runtime_Error_maxDepth__C                                        
00012444  xdc_runtime_Main_Module__id__C                                       
00012446  xdc_runtime_Main_Module__loggerDefined__C                            
00012448  xdc_runtime_Memory_Module__id__C                                     
0001244a  xdc_runtime_Text_charCnt__C                                          
0001244c  xdc_runtime_Text_isLoaded__C                                         
0001244e  xdc_runtime_Text_registryModsLastId__C                               
00012450  xdc_runtime_Text_unnamedModsLastId__C                                
0001279c  __TI_Handler_Table_Base                                              
000127a8  __TI_Handler_Table_Limit                                             
000127c8  __TI_CINIT_Base                                                      
000127f0  __TI_CINIT_Limit                                                     
08000000  ti_sysbios_heaps_HeapMem_Instance_State_0_buf__A                     
08008000  ti_sysbios_family_arm_exc_Exception_Module_State_0_excStack_0__A     
08009000  ti_sysbios_knl_Task_Instance_State_0_stack__A                        
08009800  edmaDbg                                                              
08009a7c  __CIOBUF_                                                            
08009b9c  gCSIStreamMCB                                                        
08009ca0  gMMWave_MCB                                                          
08009d74  __TI_tmpnams                                                         
08009e14  gEsmMCB                                                              
08009e84  parmbuf                                                              
08009e8c  gPtrCSIStreamProfileMCB                                              
08009e90  __stack                                                              
0800ae90  D2H_SYNC_PATTERN                                                     
0800ae90  __STACK_END                                                          
0800ae94  H2D_SYNC_PATTERN                                                     
0800ae98  H2D_CNYS_PATTERN                                                     
0800ae9c  rl_txMsg                                                             
0800af9c  rl_rxMsg                                                             
0800b280  ti_sysbios_family_arm_v7r_vim_Hwi_Module_State_0_dispatchTable__A    
0800b480  _ftable                                                              
0800b570  ti_sysbios_knl_Swi_Module_State_0_readyQ__A                          
0800b5f0  ti_sysbios_knl_Task_Module_State_0_readyQ__A                         
0800b670  _device                                                              
0800b6e8  gCBUFFHwAttribute                                                    
0800b758  gCBUFFInterfaceFxn                                                   
0800b7ac  _stream                                                              
0800b7fc  ti_sysbios_knl_Task_Object__table__V                                 
0800b848  gMailboxMCB                                                          
0800b890  ti_sysbios_knl_Task_Module__state__V                                 
0800b8d4  ti_sysbios_gates_GateMutex_Object__table__V                          
0800b90c  ti_sysbios_timers_rti_Timer_Object__table__V                         
0800b944  ti_sysbios_family_arm_v7r_vim_Hwi_Module__state__V                   
0800b978  ti_sysbios_knl_Swi_Object__table__V                                  
0800b9a8  gCSIStreamProfileCfg                                                 
0800b9d4  ti_sysbios_family_arm_v7r_vim_Hwi_Object__table__V                   
0800ba00  ti_sysbios_knl_Clock_Module__state__V                                
0800ba2c  SOC_TranslateAddr_LUT                                                
0800ba50  ti_sysbios_BIOS_Module__state__V                                     
0800ba74  xdc_runtime_Error_IgnoreBlock                                        
0800ba94  xdc_runtime_System_Module_State_0_atexitHandlers__A                  
0800bab4  ti_sysbios_knl_Swi_Module__state__V                                  
0800bad0  ADCBuf_config                                                        
0800bae8  gInterleavedTransferFxn                                              
0800bb00  gMailboxMssBssHwCfg                                                  
0800bb18  gMultipleChirpNonInterleavedTransferFxn                              
0800bb30  gNonInterleavedTransferFxn                                           
0800bb48  ti_sysbios_heaps_HeapMem_Object__table__V                            
0800bb60  ti_sysbios_timers_rti_Timer_Module_State_0_device__A                 
0800bb78  ti_sysbios_family_arm_exc_Exception_Module__state__V                 
0800bb8c  gSOCHwAttrib                                                         
0800bb9c  __TI_ft_end                                                          
0800bba0  __aeabi_stdin                                                        
0800bba4  __aeabi_stdout                                                       
0800bba8  __aeabi_stderr                                                       
0800bbac  ti_sysbios_timers_rti_Timer_Module_State_0_intFreqs__A               
0800bbbc  ti_sysbios_timers_rti_Timer_Module__state__V                         
0800bbcc  __TI_cleanup_ptr                                                     
0800bbd0  __TI_dtors_ptr                                                       
0800bbd4  __TI_enable_exit_profile_output                                      
0800bbd8  gESMHwCfgAttrs                                                       
0800bbe4  _lock                                                                
0800bbe8  _unlock                                                              
0800bbec  gTestFmkHwAttrib                                                     
0800bbf4  gCSIPhyRegister                                                      
0800bbf8  gCSIProtocolEngineRegister                                           
0800bbfc  ti_sysbios_family_arm_v7r_vim_Hwi_Module__root__V                    
0800bc04  ti_sysbios_gates_GateHwi_Module__root__V                             
0800bc0c  ti_sysbios_gates_GateMutex_Module__root__V                           
0800bc14  ti_sysbios_hal_Hwi_Object__table__V                                  
0800bc1c  ti_sysbios_heaps_HeapMem_Module__root__V                             
0800bc24  ti_sysbios_knl_Queue_Module__root__V                                 
0800bc2c  ti_sysbios_knl_Semaphore_Module__root__V                             
0800bc34  ti_sysbios_knl_Task_Module__root__V                                  
0800bc3c  ti_sysbios_timers_rti_Timer_Module_State_0_handles__A                
0800bc44  xdc_runtime_Registry_Module__state__V                                
0800bc4c  xdc_runtime_Startup_Module__state__V                                 
0800bc54  xdc_runtime_System_Module__state__V                                  
0800bc60  gCRCRegister                                                         
0800bc64  regionId                                                             
0800bc70  main_func_sp                                                         
0800bc74  ti_sysbios_family_arm_exc_Exception_Module_State_0_excContext__A     
0800bc78  ti_sysbios_family_arm_exc_Exception_Module_State_0_excStackBuffers__A
0800bc7c  ti_sysbios_family_arm_exc_Exception_Module_State_0_excStack__A       
0800bc80  ti_sysbios_gates_GateHwi_Object__table__V                            
0800bc84  ti_sysbios_heaps_HeapBuf_Module__state__V                            
0800bc88  ti_sysbios_knl_Task_Module_State_0_idleTask__A                       
0800bc8c  xdc_runtime_Memory_Module__state__V                                  
0800bc90  ti_sysbios_family_arm_exc_Exception_Module_State_0_excActive__A      
0800bc92  xdc_runtime_Error_Module__state__V                                   
0800bc98  ti_sysbios_family_arm_v7r_vim_Hwi_Module_State_0_fiqStack__A         
51020000  gDataCube                                                            
fffffdec  ti_sysbios_family_arm_v7r_vim_Hwi_vim                                
ffffffff  __TI_pprof_out_hndl                                                  
ffffffff  __TI_prof_data_size                                                  
ffffffff  __TI_prof_data_start                                                 
ffffffff  __binit__                                                            
ffffffff  __c_args__                                                           
ffffffff  binit                                                                
UNDEFED   SHT$$INIT_ARRAY$$Base                                                
UNDEFED   SHT$$INIT_ARRAY$$Limit                                               

[930 symbols]
