<?xml version="1.0"?>
<link_info>
   <banner>TMS320C6x Linker PC v7.4.2</banner>
   <copyright>Copyright (c) 1996-2012 Texas Instruments Incorporated</copyright>
   <link_time>0x573a96d8</link_time>
   <output_file>sinsp_674LE_LE_ELF.out</output_file>
   <entry_point>
      <name>_c_int00</name>
      <address>0x826440</address>
   </entry_point>
   <input_file_list>
      <input_file id="fl-2">
         <path>.\</path>
         <kind>object</kind>
         <file>sinsp_d.obj</file>
         <name>sinsp_d.obj</name>
      </input_file>
      <input_file id="fl-3">
         <path>.\</path>
         <kind>object</kind>
         <file>drvsp.obj</file>
         <name>drvsp.obj</name>
      </input_file>
      <input_file id="fl-4">
         <path>.\</path>
         <kind>object</kind>
         <file>driver.obj</file>
         <name>driver.obj</name>
      </input_file>
      <input_file id="fl-c">
         <path>..\..\..\..\..\lib\</path>
         <kind>archive</kind>
         <file>mathlib.ae674</file>
         <name>sinsp_c.oe674</name>
      </input_file>
      <input_file id="fl-d">
         <path>..\..\..\..\..\lib\</path>
         <kind>archive</kind>
         <file>mathlib.ae674</file>
         <name>sinsp_v.oe674</name>
      </input_file>
      <input_file id="fl-e">
         <path>..\..\..\..\..\lib\</path>
         <kind>archive</kind>
         <file>mathlib.ae674</file>
         <name>sinsp.oe674</name>
      </input_file>
      <input_file id="fl-86">
         <path>C:\MATHLIB_Tools\CCSV5_5_0\ccsv5\tools\compiler\c6000_7.4.2\lib\</path>
         <kind>archive</kind>
         <file>rts6740_elf.lib</file>
         <name>boot.obj</name>
      </input_file>
      <input_file id="fl-87">
         <path>C:\MATHLIB_Tools\CCSV5_5_0\ccsv5\tools\compiler\c6000_7.4.2\lib\</path>
         <kind>archive</kind>
         <file>rts6740_elf.lib</file>
         <name>copy_decompress_none.obj</name>
      </input_file>
      <input_file id="fl-88">
         <path>C:\MATHLIB_Tools\CCSV5_5_0\ccsv5\tools\compiler\c6000_7.4.2\lib\</path>
         <kind>archive</kind>
         <file>rts6740_elf.lib</file>
         <name>copy_decompress_rle.obj</name>
      </input_file>
      <input_file id="fl-89">
         <path>C:\MATHLIB_Tools\CCSV5_5_0\ccsv5\tools\compiler\c6000_7.4.2\lib\</path>
         <kind>archive</kind>
         <file>rts6740_elf.lib</file>
         <name>copy_zero_init.obj</name>
      </input_file>
      <input_file id="fl-8a">
         <path>C:\MATHLIB_Tools\CCSV5_5_0\ccsv5\tools\compiler\c6000_7.4.2\lib\</path>
         <kind>archive</kind>
         <file>rts6740_elf.lib</file>
         <name>divd.obj</name>
      </input_file>
      <input_file id="fl-8b">
         <path>C:\MATHLIB_Tools\CCSV5_5_0\ccsv5\tools\compiler\c6000_7.4.2\lib\</path>
         <kind>archive</kind>
         <file>rts6740_elf.lib</file>
         <name>divf.obj</name>
      </input_file>
      <input_file id="fl-8c">
         <path>C:\MATHLIB_Tools\CCSV5_5_0\ccsv5\tools\compiler\c6000_7.4.2\lib\</path>
         <kind>archive</kind>
         <file>rts6740_elf.lib</file>
         <name>exit.obj</name>
      </input_file>
      <input_file id="fl-8d">
         <path>C:\MATHLIB_Tools\CCSV5_5_0\ccsv5\tools\compiler\c6000_7.4.2\lib\</path>
         <kind>archive</kind>
         <file>rts6740_elf.lib</file>
         <name>fclose.obj</name>
      </input_file>
      <input_file id="fl-8e">
         <path>C:\MATHLIB_Tools\CCSV5_5_0\ccsv5\tools\compiler\c6000_7.4.2\lib\</path>
         <kind>archive</kind>
         <file>rts6740_elf.lib</file>
         <name>fflush.obj</name>
      </input_file>
      <input_file id="fl-8f">
         <path>C:\MATHLIB_Tools\CCSV5_5_0\ccsv5\tools\compiler\c6000_7.4.2\lib\</path>
         <kind>archive</kind>
         <file>rts6740_elf.lib</file>
         <name>fixdlli.obj</name>
      </input_file>
      <input_file id="fl-90">
         <path>C:\MATHLIB_Tools\CCSV5_5_0\ccsv5\tools\compiler\c6000_7.4.2\lib\</path>
         <kind>archive</kind>
         <file>rts6740_elf.lib</file>
         <name>fltllif.obj</name>
      </input_file>
      <input_file id="fl-91">
         <path>C:\MATHLIB_Tools\CCSV5_5_0\ccsv5\tools\compiler\c6000_7.4.2\lib\</path>
         <kind>archive</kind>
         <file>rts6740_elf.lib</file>
         <name>fopen.obj</name>
      </input_file>
      <input_file id="fl-92">
         <path>C:\MATHLIB_Tools\CCSV5_5_0\ccsv5\tools\compiler\c6000_7.4.2\lib\</path>
         <kind>archive</kind>
         <file>rts6740_elf.lib</file>
         <name>fprintf.obj</name>
      </input_file>
      <input_file id="fl-93">
         <path>C:\MATHLIB_Tools\CCSV5_5_0\ccsv5\tools\compiler\c6000_7.4.2\lib\</path>
         <kind>archive</kind>
         <file>rts6740_elf.lib</file>
         <name>fputc.obj</name>
      </input_file>
      <input_file id="fl-94">
         <path>C:\MATHLIB_Tools\CCSV5_5_0\ccsv5\tools\compiler\c6000_7.4.2\lib\</path>
         <kind>archive</kind>
         <file>rts6740_elf.lib</file>
         <name>fputs.obj</name>
      </input_file>
      <input_file id="fl-95">
         <path>C:\MATHLIB_Tools\CCSV5_5_0\ccsv5\tools\compiler\c6000_7.4.2\lib\</path>
         <kind>archive</kind>
         <file>rts6740_elf.lib</file>
         <name>frcmpyd_div.obj</name>
      </input_file>
      <input_file id="fl-96">
         <path>C:\MATHLIB_Tools\CCSV5_5_0\ccsv5\tools\compiler\c6000_7.4.2\lib\</path>
         <kind>archive</kind>
         <file>rts6740_elf.lib</file>
         <name>isinff.obj</name>
      </input_file>
      <input_file id="fl-97">
         <path>C:\MATHLIB_Tools\CCSV5_5_0\ccsv5\tools\compiler\c6000_7.4.2\lib\</path>
         <kind>archive</kind>
         <file>rts6740_elf.lib</file>
         <name>llshift.obj</name>
      </input_file>
      <input_file id="fl-98">
         <path>C:\MATHLIB_Tools\CCSV5_5_0\ccsv5\tools\compiler\c6000_7.4.2\lib\</path>
         <kind>archive</kind>
         <file>rts6740_elf.lib</file>
         <name>lowlev.obj</name>
      </input_file>
      <input_file id="fl-99">
         <path>C:\MATHLIB_Tools\CCSV5_5_0\ccsv5\tools\compiler\c6000_7.4.2\lib\</path>
         <kind>archive</kind>
         <file>rts6740_elf.lib</file>
         <name>memcpy64.obj</name>
      </input_file>
      <input_file id="fl-9a">
         <path>C:\MATHLIB_Tools\CCSV5_5_0\ccsv5\tools\compiler\c6000_7.4.2\lib\</path>
         <kind>archive</kind>
         <file>rts6740_elf.lib</file>
         <name>memory.obj</name>
      </input_file>
      <input_file id="fl-9b">
         <path>C:\MATHLIB_Tools\CCSV5_5_0\ccsv5\tools\compiler\c6000_7.4.2\lib\</path>
         <kind>archive</kind>
         <file>rts6740_elf.lib</file>
         <name>memset.obj</name>
      </input_file>
      <input_file id="fl-9c">
         <path>C:\MATHLIB_Tools\CCSV5_5_0\ccsv5\tools\compiler\c6000_7.4.2\lib\</path>
         <kind>archive</kind>
         <file>rts6740_elf.lib</file>
         <name>negll.obj</name>
      </input_file>
      <input_file id="fl-9d">
         <path>C:\MATHLIB_Tools\CCSV5_5_0\ccsv5\tools\compiler\c6000_7.4.2\lib\</path>
         <kind>archive</kind>
         <file>rts6740_elf.lib</file>
         <name>printf.obj</name>
      </input_file>
      <input_file id="fl-9e">
         <path>C:\MATHLIB_Tools\CCSV5_5_0\ccsv5\tools\compiler\c6000_7.4.2\lib\</path>
         <kind>archive</kind>
         <file>rts6740_elf.lib</file>
         <name>rand.obj</name>
      </input_file>
      <input_file id="fl-9f">
         <path>C:\MATHLIB_Tools\CCSV5_5_0\ccsv5\tools\compiler\c6000_7.4.2\lib\</path>
         <kind>archive</kind>
         <file>rts6740_elf.lib</file>
         <name>remove.obj</name>
      </input_file>
      <input_file id="fl-a0">
         <path>C:\MATHLIB_Tools\CCSV5_5_0\ccsv5\tools\compiler\c6000_7.4.2\lib\</path>
         <kind>archive</kind>
         <file>rts6740_elf.lib</file>
         <name>sin.obj</name>
      </input_file>
      <input_file id="fl-a1">
         <path>C:\MATHLIB_Tools\CCSV5_5_0\ccsv5\tools\compiler\c6000_7.4.2\lib\</path>
         <kind>archive</kind>
         <file>rts6740_elf.lib</file>
         <name>sinf.obj</name>
      </input_file>
      <input_file id="fl-a2">
         <path>C:\MATHLIB_Tools\CCSV5_5_0\ccsv5\tools\compiler\c6000_7.4.2\lib\</path>
         <kind>archive</kind>
         <file>rts6740_elf.lib</file>
         <name>trgdrv.obj</name>
      </input_file>
      <input_file id="fl-a3">
         <path>C:\MATHLIB_Tools\CCSV5_5_0\ccsv5\tools\compiler\c6000_7.4.2\lib\</path>
         <kind>archive</kind>
         <file>rts6740_elf.lib</file>
         <name>trgmsg.obj</name>
      </input_file>
      <input_file id="fl-a4">
         <path>C:\MATHLIB_Tools\CCSV5_5_0\ccsv5\tools\compiler\c6000_7.4.2\lib\</path>
         <kind>archive</kind>
         <file>rts6740_elf.lib</file>
         <name>trunc.obj</name>
      </input_file>
      <input_file id="fl-a5">
         <path>C:\MATHLIB_Tools\CCSV5_5_0\ccsv5\tools\compiler\c6000_7.4.2\lib\</path>
         <kind>archive</kind>
         <file>rts6740_elf.lib</file>
         <name>truncf.obj</name>
      </input_file>
      <input_file id="fl-a6">
         <path>C:\MATHLIB_Tools\CCSV5_5_0\ccsv5\tools\compiler\c6000_7.4.2\lib\</path>
         <kind>archive</kind>
         <file>rts6740_elf.lib</file>
         <name>_io_perm.obj</name>
      </input_file>
      <input_file id="fl-a7">
         <path>C:\MATHLIB_Tools\CCSV5_5_0\ccsv5\tools\compiler\c6000_7.4.2\lib\</path>
         <kind>archive</kind>
         <file>rts6740_elf.lib</file>
         <name>_lock.obj</name>
      </input_file>
      <input_file id="fl-a8">
         <path>C:\MATHLIB_Tools\CCSV5_5_0\ccsv5\tools\compiler\c6000_7.4.2\lib\</path>
         <kind>archive</kind>
         <file>rts6740_elf.lib</file>
         <name>_printfi.obj</name>
      </input_file>
      <input_file id="fl-a9">
         <path>C:\MATHLIB_Tools\CCSV5_5_0\ccsv5\tools\compiler\c6000_7.4.2\lib\</path>
         <kind>archive</kind>
         <file>rts6740_elf.lib</file>
         <name>args_main.obj</name>
      </input_file>
      <input_file id="fl-aa">
         <path>C:\MATHLIB_Tools\CCSV5_5_0\ccsv5\tools\compiler\c6000_7.4.2\lib\</path>
         <kind>archive</kind>
         <file>rts6740_elf.lib</file>
         <name>atoi.obj</name>
      </input_file>
      <input_file id="fl-ab">
         <path>C:\MATHLIB_Tools\CCSV5_5_0\ccsv5\tools\compiler\c6000_7.4.2\lib\</path>
         <kind>archive</kind>
         <file>rts6740_elf.lib</file>
         <name>autoinit.obj</name>
      </input_file>
      <input_file id="fl-ac">
         <path>C:\MATHLIB_Tools\CCSV5_5_0\ccsv5\tools\compiler\c6000_7.4.2\lib\</path>
         <kind>archive</kind>
         <file>rts6740_elf.lib</file>
         <name>cpp_init.obj</name>
      </input_file>
      <input_file id="fl-ad">
         <path>C:\MATHLIB_Tools\CCSV5_5_0\ccsv5\tools\compiler\c6000_7.4.2\lib\</path>
         <kind>archive</kind>
         <file>rts6740_elf.lib</file>
         <name>cpy_tbl.obj</name>
      </input_file>
      <input_file id="fl-ae">
         <path>C:\MATHLIB_Tools\CCSV5_5_0\ccsv5\tools\compiler\c6000_7.4.2\lib\</path>
         <kind>archive</kind>
         <file>rts6740_elf.lib</file>
         <name>ctype.obj</name>
      </input_file>
      <input_file id="fl-af">
         <path>C:\MATHLIB_Tools\CCSV5_5_0\ccsv5\tools\compiler\c6000_7.4.2\lib\</path>
         <kind>archive</kind>
         <file>rts6740_elf.lib</file>
         <name>defs.obj</name>
      </input_file>
      <input_file id="fl-b0">
         <path>C:\MATHLIB_Tools\CCSV5_5_0\ccsv5\tools\compiler\c6000_7.4.2\lib\</path>
         <kind>archive</kind>
         <file>rts6740_elf.lib</file>
         <name>divu.obj</name>
      </input_file>
      <input_file id="fl-b1">
         <path>C:\MATHLIB_Tools\CCSV5_5_0\ccsv5\tools\compiler\c6000_7.4.2\lib\</path>
         <kind>archive</kind>
         <file>rts6740_elf.lib</file>
         <name>fseek.obj</name>
      </input_file>
      <input_file id="fl-b2">
         <path>C:\MATHLIB_Tools\CCSV5_5_0\ccsv5\tools\compiler\c6000_7.4.2\lib\</path>
         <kind>archive</kind>
         <file>rts6740_elf.lib</file>
         <name>imath40.obj</name>
      </input_file>
      <input_file id="fl-b3">
         <path>C:\MATHLIB_Tools\CCSV5_5_0\ccsv5\tools\compiler\c6000_7.4.2\lib\</path>
         <kind>archive</kind>
         <file>rts6740_elf.lib</file>
         <name>imath64.obj</name>
      </input_file>
      <input_file id="fl-b4">
         <path>C:\MATHLIB_Tools\CCSV5_5_0\ccsv5\tools\compiler\c6000_7.4.2\lib\</path>
         <kind>archive</kind>
         <file>rts6740_elf.lib</file>
         <name>isinf.obj</name>
      </input_file>
      <input_file id="fl-b5">
         <path>C:\MATHLIB_Tools\CCSV5_5_0\ccsv5\tools\compiler\c6000_7.4.2\lib\</path>
         <kind>archive</kind>
         <file>rts6740_elf.lib</file>
         <name>ltoa.obj</name>
      </input_file>
      <input_file id="fl-b6">
         <path>C:\MATHLIB_Tools\CCSV5_5_0\ccsv5\tools\compiler\c6000_7.4.2\lib\</path>
         <kind>archive</kind>
         <file>rts6740_elf.lib</file>
         <name>memccpy.obj</name>
      </input_file>
      <input_file id="fl-b7">
         <path>C:\MATHLIB_Tools\CCSV5_5_0\ccsv5\tools\compiler\c6000_7.4.2\lib\</path>
         <kind>archive</kind>
         <file>rts6740_elf.lib</file>
         <name>modf.obj</name>
      </input_file>
      <input_file id="fl-b8">
         <path>C:\MATHLIB_Tools\CCSV5_5_0\ccsv5\tools\compiler\c6000_7.4.2\lib\</path>
         <kind>archive</kind>
         <file>rts6740_elf.lib</file>
         <name>modff.obj</name>
      </input_file>
      <input_file id="fl-b9">
         <path>C:\MATHLIB_Tools\CCSV5_5_0\ccsv5\tools\compiler\c6000_7.4.2\lib\</path>
         <kind>archive</kind>
         <file>rts6740_elf.lib</file>
         <name>round.obj</name>
      </input_file>
      <input_file id="fl-ba">
         <path>C:\MATHLIB_Tools\CCSV5_5_0\ccsv5\tools\compiler\c6000_7.4.2\lib\</path>
         <kind>archive</kind>
         <file>rts6740_elf.lib</file>
         <name>roundf.obj</name>
      </input_file>
      <input_file id="fl-bb">
         <path>C:\MATHLIB_Tools\CCSV5_5_0\ccsv5\tools\compiler\c6000_7.4.2\lib\</path>
         <kind>archive</kind>
         <file>rts6740_elf.lib</file>
         <name>setvbuf.obj</name>
      </input_file>
      <input_file id="fl-bc">
         <path>C:\MATHLIB_Tools\CCSV5_5_0\ccsv5\tools\compiler\c6000_7.4.2\lib\</path>
         <kind>archive</kind>
         <file>rts6740_elf.lib</file>
         <name>tls.obj</name>
      </input_file>
      <input_file id="fl-bd">
         <path>C:\MATHLIB_Tools\CCSV5_5_0\ccsv5\tools\compiler\c6000_7.4.2\lib\</path>
         <kind>archive</kind>
         <file>rts6740_elf.lib</file>
         <name>tls_get_tp.obj</name>
      </input_file>
      <input_file id="fl-be">
         <path>C:\MATHLIB_Tools\CCSV5_5_0\ccsv5\tools\compiler\c6000_7.4.2\lib\</path>
         <kind>archive</kind>
         <file>rts6740_elf.lib</file>
         <name>abs.obj</name>
      </input_file>
   </input_file_list>
   <object_component_list>
      <object_component id="oc-ab">
         <name>.text:optasm</name>
         <load_address>0x82fb00</load_address>
         <run_address>0x82fb00</run_address>
         <size>0x120</size>
         <input_file_ref idref="fl-e"/>
      </object_component>
      <object_component id="oc-b0">
         <name>.text:optvec</name>
         <load_address>0x82f500</load_address>
         <run_address>0x82f500</run_address>
         <size>0x600</size>
         <input_file_ref idref="fl-d"/>
      </object_component>
      <object_component id="oc-af">
         <name>.text:optci</name>
         <load_address>0x82fc20</load_address>
         <run_address>0x82fc20</run_address>
         <size>0x100</size>
         <input_file_ref idref="fl-c"/>
      </object_component>
      <object_component id="oc-6a">
         <name>.text</name>
         <load_address>0x81de20</load_address>
         <run_address>0x81de20</run_address>
         <size>0x11a0</size>
         <input_file_ref idref="fl-2"/>
      </object_component>
      <object_component id="oc-a6">
         <name>.text</name>
         <load_address>0x81efc0</load_address>
         <run_address>0x81efc0</run_address>
         <size>0x660</size>
         <input_file_ref idref="fl-4"/>
      </object_component>
      <object_component id="oc-25b">
         <name>.text:_getarg_diouxp</name>
         <load_address>0x81f620</load_address>
         <run_address>0x81f620</run_address>
         <size>0x5c0</size>
         <input_file_ref idref="fl-a8"/>
      </object_component>
      <object_component id="oc-f7">
         <name>.text:__c6xabi_divd</name>
         <load_address>0x81fbe0</load_address>
         <run_address>0x81fbe0</run_address>
         <size>0x5a0</size>
         <input_file_ref idref="fl-8a"/>
      </object_component>
      <object_component id="oc-12b">
         <name>.text:_printfi</name>
         <load_address>0x820180</load_address>
         <run_address>0x820180</run_address>
         <size>0x460</size>
         <input_file_ref idref="fl-a8"/>
      </object_component>
      <object_component id="oc-18e">
         <name>.text:_setfield</name>
         <load_address>0x8205e0</load_address>
         <run_address>0x8205e0</run_address>
         <size>0x460</size>
         <input_file_ref idref="fl-a8"/>
      </object_component>
      <object_component id="oc-17c">
         <name>.text:fputs</name>
         <load_address>0x820a40</load_address>
         <run_address>0x820a40</run_address>
         <size>0x3a0</size>
         <input_file_ref idref="fl-94"/>
      </object_component>
      <object_component id="oc-b1">
         <name>.text</name>
         <load_address>0x820de0</load_address>
         <run_address>0x820de0</run_address>
         <size>0x340</size>
         <input_file_ref idref="fl-3"/>
      </object_component>
      <object_component id="oc-1f9">
         <name>.text:_pproc_fge</name>
         <load_address>0x821120</load_address>
         <run_address>0x821120</run_address>
         <size>0x320</size>
         <input_file_ref idref="fl-a8"/>
      </object_component>
      <object_component id="oc-18a">
         <name>.text:_pproc_fwp</name>
         <load_address>0x821440</load_address>
         <run_address>0x821440</run_address>
         <size>0x2e0</size>
         <input_file_ref idref="fl-a8"/>
      </object_component>
      <object_component id="oc-29a">
         <name>.text:ecvt</name>
         <load_address>0x821720</load_address>
         <run_address>0x821720</run_address>
         <size>0x2a0</size>
         <input_file_ref idref="fl-a8"/>
      </object_component>
      <object_component id="oc-2a7">
         <name>.text:fcvt</name>
         <load_address>0x8219c0</load_address>
         <run_address>0x8219c0</run_address>
         <size>0x2a0</size>
         <input_file_ref idref="fl-a8"/>
      </object_component>
      <object_component id="oc-ff">
         <name>.text:__c6xabi_divf</name>
         <load_address>0x821c60</load_address>
         <run_address>0x821c60</run_address>
         <size>0x280</size>
         <input_file_ref idref="fl-8b"/>
      </object_component>
      <object_component id="oc-1c6">
         <name>.text:free</name>
         <load_address>0x821ee0</load_address>
         <run_address>0x821ee0</run_address>
         <size>0x280</size>
         <input_file_ref idref="fl-9a"/>
      </object_component>
      <object_component id="oc-b2">
         <name>.text:sin</name>
         <load_address>0x822160</load_address>
         <run_address>0x822160</run_address>
         <size>0x280</size>
         <input_file_ref idref="fl-a0"/>
      </object_component>
      <object_component id="oc-2fa">
         <name>.text:__c6xabi_divull</name>
         <load_address>0x8223e0</load_address>
         <run_address>0x8223e0</run_address>
         <size>0x260</size>
         <input_file_ref idref="fl-b3"/>
      </object_component>
      <object_component id="oc-256">
         <name>.text:_pconv_e</name>
         <load_address>0x822640</load_address>
         <run_address>0x822640</run_address>
         <size>0x260</size>
         <input_file_ref idref="fl-a8"/>
      </object_component>
      <object_component id="oc-1fd">
         <name>.text:_pproc_diouxp</name>
         <load_address>0x8228a0</load_address>
         <run_address>0x8228a0</run_address>
         <size>0x240</size>
         <input_file_ref idref="fl-a8"/>
      </object_component>
      <object_component id="oc-a7">
         <name>.text:sinf</name>
         <load_address>0x822ae0</load_address>
         <run_address>0x822ae0</run_address>
         <size>0x240</size>
         <input_file_ref idref="fl-a1"/>
      </object_component>
      <object_component id="oc-192">
         <name>.text:_pproc_str</name>
         <load_address>0x822d20</load_address>
         <run_address>0x822d20</run_address>
         <size>0x220</size>
         <input_file_ref idref="fl-a8"/>
      </object_component>
      <object_component id="oc-181">
         <name>.text:fputc</name>
         <load_address>0x822f40</load_address>
         <run_address>0x822f40</run_address>
         <size>0x220</size>
         <input_file_ref idref="fl-93"/>
      </object_component>
      <object_component id="oc-24e">
         <name>.text:_pconv_g</name>
         <load_address>0x823160</load_address>
         <run_address>0x823160</run_address>
         <size>0x200</size>
         <input_file_ref idref="fl-a8"/>
      </object_component>
      <object_component id="oc-237">
         <name>.text:setvbuf</name>
         <load_address>0x823360</load_address>
         <run_address>0x823360</run_address>
         <size>0x200</size>
         <input_file_ref idref="fl-bb"/>
      </object_component>
      <object_component id="oc-2a2">
         <name>.text:_mcpy</name>
         <load_address>0x823560</load_address>
         <run_address>0x823560</run_address>
         <size>0x1c0</size>
         <input_file_ref idref="fl-a8"/>
      </object_component>
      <object_component id="oc-13a">
         <name>.text:_openfile</name>
         <load_address>0x823720</load_address>
         <run_address>0x823720</run_address>
         <size>0x1c0</size>
         <input_file_ref idref="fl-91"/>
      </object_component>
      <object_component id="oc-2f6">
         <name>.text:__c6xabi_divul</name>
         <load_address>0x8238e0</load_address>
         <run_address>0x8238e0</run_address>
         <size>0x1a0</size>
         <input_file_ref idref="fl-b2"/>
      </object_component>
      <object_component id="oc-2d6">
         <name>.text:HOSTrename</name>
         <load_address>0x823a80</load_address>
         <run_address>0x823a80</run_address>
         <size>0x180</size>
         <input_file_ref idref="fl-a2"/>
      </object_component>
      <object_component id="oc-4c">
         <name>.text:__TI_decompress_rle_core</name>
         <load_address>0x823c00</load_address>
         <run_address>0x823c00</run_address>
         <size>0x180</size>
         <input_file_ref idref="fl-88"/>
      </object_component>
      <object_component id="oc-28b">
         <name>.text:malloc</name>
         <load_address>0x823d80</load_address>
         <run_address>0x823d80</run_address>
         <size>0x180</size>
         <input_file_ref idref="fl-9a"/>
      </object_component>
      <object_component id="oc-1b2">
         <name>.text:open</name>
         <load_address>0x823f00</load_address>
         <run_address>0x823f00</run_address>
         <size>0x180</size>
         <input_file_ref idref="fl-98"/>
      </object_component>
      <object_component id="oc-186">
         <name>.text:_pproc_fflags</name>
         <load_address>0x824080</load_address>
         <run_address>0x824080</run_address>
         <size>0x140</size>
         <input_file_ref idref="fl-a8"/>
      </object_component>
      <object_component id="oc-21a">
         <name>.text:getdevice</name>
         <load_address>0x8241c0</load_address>
         <run_address>0x8241c0</run_address>
         <size>0x140</size>
         <input_file_ref idref="fl-98"/>
      </object_component>
      <object_component id="oc-14a">
         <name>.text:_closefile</name>
         <load_address>0x824300</load_address>
         <run_address>0x824300</run_address>
         <size>0x120</size>
         <input_file_ref idref="fl-8d"/>
      </object_component>
      <object_component id="oc-25f">
         <name>.text:_ltostr</name>
         <load_address>0x824420</load_address>
         <run_address>0x824420</run_address>
         <size>0x120</size>
         <input_file_ref idref="fl-a8"/>
      </object_component>
      <object_component id="oc-136">
         <name>.text:_search_fp</name>
         <load_address>0x824540</load_address>
         <run_address>0x824540</run_address>
         <size>0x120</size>
         <input_file_ref idref="fl-91"/>
      </object_component>
      <object_component id="oc-233">
         <name>.text:fseek</name>
         <load_address>0x824660</load_address>
         <run_address>0x824660</run_address>
         <size>0x120</size>
         <input_file_ref idref="fl-b1"/>
      </object_component>
      <object_component id="oc-2ce">
         <name>.text:HOSTlseek</name>
         <load_address>0x824780</load_address>
         <run_address>0x824780</run_address>
         <size>0x100</size>
         <input_file_ref idref="fl-a2"/>
      </object_component>
      <object_component id="oc-ba">
         <name>.text:__c6xabi_fixdlli</name>
         <load_address>0x824880</load_address>
         <run_address>0x824880</run_address>
         <size>0x100</size>
         <input_file_ref idref="fl-8f"/>
      </object_component>
      <object_component id="oc-2f">
         <name>.text:_auto_init_elf</name>
         <load_address>0x824980</load_address>
         <run_address>0x824980</run_address>
         <size>0x100</size>
         <input_file_ref idref="fl-ab"/>
      </object_component>
      <object_component id="oc-1e7">
         <name>.text:_wrt_ok</name>
         <load_address>0x824a80</load_address>
         <run_address>0x824a80</run_address>
         <size>0x100</size>
         <input_file_ref idref="fl-a6"/>
      </object_component>
      <object_component id="oc-5d">
         <name>.text:copy_in</name>
         <load_address>0x824b80</load_address>
         <run_address>0x824b80</run_address>
         <size>0x100</size>
         <input_file_ref idref="fl-ad"/>
      </object_component>
      <object_component id="oc-dc">
         <name>.text:fprintf</name>
         <load_address>0x824c80</load_address>
         <run_address>0x824c80</run_address>
         <size>0x100</size>
         <input_file_ref idref="fl-92"/>
      </object_component>
      <object_component id="oc-2be">
         <name>.text:HOSTopen</name>
         <load_address>0x824d80</load_address>
         <run_address>0x824d80</run_address>
         <size>0xe0</size>
         <input_file_ref idref="fl-a2"/>
      </object_component>
      <object_component id="oc-b6">
         <name>.text:__c6xabi_fltllif</name>
         <load_address>0x824e60</load_address>
         <run_address>0x824e60</run_address>
         <size>0xe0</size>
         <input_file_ref idref="fl-90"/>
      </object_component>
      <object_component id="oc-1f4">
         <name>.text:atoi</name>
         <load_address>0x824f40</load_address>
         <run_address>0x824f40</run_address>
         <size>0xe0</size>
         <input_file_ref idref="fl-aa"/>
      </object_component>
      <object_component id="oc-1ca">
         <name>.text:close</name>
         <load_address>0x825020</load_address>
         <run_address>0x825020</run_address>
         <size>0xe0</size>
         <input_file_ref idref="fl-98"/>
      </object_component>
      <object_component id="oc-23">
         <name>.text:decompress:ZI:__TI_zero_init</name>
         <load_address>0x825100</load_address>
         <run_address>0x825100</run_address>
         <size>0xe0</size>
         <input_file_ref idref="fl-89"/>
      </object_component>
      <object_component id="oc-2e9">
         <name>.text:ltoa</name>
         <load_address>0x8251e0</load_address>
         <run_address>0x8251e0</run_address>
         <size>0xe0</size>
         <input_file_ref idref="fl-b5"/>
      </object_component>
      <object_component id="oc-1a9">
         <name>.text:memset</name>
         <load_address>0x8252c0</load_address>
         <run_address>0x8252c0</run_address>
         <size>0xe0</size>
         <input_file_ref idref="fl-9b"/>
      </object_component>
      <object_component id="oc-be">
         <name>.text:printf</name>
         <load_address>0x8253a0</load_address>
         <run_address>0x8253a0</run_address>
         <size>0xe0</size>
         <input_file_ref idref="fl-9d"/>
      </object_component>
      <object_component id="oc-2c6">
         <name>.text:HOSTread</name>
         <load_address>0x825480</load_address>
         <run_address>0x825480</run_address>
         <size>0xc0</size>
         <input_file_ref idref="fl-a2"/>
      </object_component>
      <object_component id="oc-2d2">
         <name>.text:HOSTunlink</name>
         <load_address>0x825540</load_address>
         <run_address>0x825540</run_address>
         <size>0xc0</size>
         <input_file_ref idref="fl-a2"/>
      </object_component>
      <object_component id="oc-2ca">
         <name>.text:HOSTwrite</name>
         <load_address>0x825600</load_address>
         <run_address>0x825600</run_address>
         <size>0xc0</size>
         <input_file_ref idref="fl-a2"/>
      </object_component>
      <object_component id="oc-2f2">
         <name>.text:__divu</name>
         <load_address>0x8256c0</load_address>
         <run_address>0x8256c0</run_address>
         <size>0xc0</size>
         <input_file_ref idref="fl-b0"/>
      </object_component>
      <object_component id="oc-2b7">
         <name>.text:_div</name>
         <load_address>0x825780</load_address>
         <run_address>0x825780</run_address>
         <size>0xc0</size>
         <input_file_ref idref="fl-a8"/>
      </object_component>
      <object_component id="oc-1c2">
         <name>.text:_doflush</name>
         <load_address>0x825840</load_address>
         <run_address>0x825840</run_address>
         <size>0xc0</size>
         <input_file_ref idref="fl-8e"/>
      </object_component>
      <object_component id="oc-37">
         <name>.text:exit</name>
         <load_address>0x825900</load_address>
         <run_address>0x825900</run_address>
         <size>0xc0</size>
         <input_file_ref idref="fl-8c"/>
      </object_component>
      <object_component id="oc-61">
         <name>.text:tls:init:__TI_tls_init</name>
         <load_address>0x8259c0</load_address>
         <run_address>0x8259c0</run_address>
         <size>0xc0</size>
         <input_file_ref idref="fl-bc"/>
      </object_component>
      <object_component id="oc-2c2">
         <name>.text:HOSTclose</name>
         <load_address>0x825a80</load_address>
         <run_address>0x825a80</run_address>
         <size>0xa0</size>
         <input_file_ref idref="fl-a2"/>
      </object_component>
      <object_component id="oc-107">
         <name>.text:__c6xabi_nround</name>
         <load_address>0x825b20</load_address>
         <run_address>0x825b20</run_address>
         <size>0xa0</size>
         <input_file_ref idref="fl-b9"/>
      </object_component>
      <object_component id="oc-1ae">
         <name>.text:_cleanup</name>
         <load_address>0x825bc0</load_address>
         <run_address>0x825bc0</run_address>
         <size>0xa0</size>
         <input_file_ref idref="fl-91"/>
      </object_component>
      <object_component id="oc-29e">
         <name>.text:_ecpy</name>
         <load_address>0x825c60</load_address>
         <run_address>0x825c60</run_address>
         <size>0xa0</size>
         <input_file_ref idref="fl-a8"/>
      </object_component>
      <object_component id="oc-2ab">
         <name>.text:_fcpy</name>
         <load_address>0x825d00</load_address>
         <run_address>0x825d00</run_address>
         <size>0xa0</size>
         <input_file_ref idref="fl-a8"/>
      </object_component>
      <object_component id="oc-2e0">
         <name>.text:_minit</name>
         <load_address>0x825da0</load_address>
         <run_address>0x825da0</run_address>
         <size>0xa0</size>
         <input_file_ref idref="fl-9a"/>
      </object_component>
      <object_component id="oc-252">
         <name>.text:_pconv_f</name>
         <load_address>0x825e40</load_address>
         <run_address>0x825e40</run_address>
         <size>0xa0</size>
         <input_file_ref idref="fl-a8"/>
      </object_component>
      <object_component id="oc-26e">
         <name>.text:finddevice</name>
         <load_address>0x825ee0</load_address>
         <run_address>0x825ee0</run_address>
         <size>0xa0</size>
         <input_file_ref idref="fl-98"/>
      </object_component>
      <object_component id="oc-285">
         <name>.text:lseek</name>
         <load_address>0x825f80</load_address>
         <run_address>0x825f80</run_address>
         <size>0xa0</size>
         <input_file_ref idref="fl-98"/>
      </object_component>
      <object_component id="oc-3c">
         <name>.text:memcpy</name>
         <load_address>0x826020</load_address>
         <run_address>0x826020</run_address>
         <size>0xa0</size>
         <input_file_ref idref="fl-99"/>
      </object_component>
      <object_component id="oc-228">
         <name>.text:minsert</name>
         <load_address>0x8260c0</load_address>
         <run_address>0x8260c0</run_address>
         <size>0xa0</size>
         <input_file_ref idref="fl-9a"/>
      </object_component>
      <object_component id="oc-10b">
         <name>.text:modf</name>
         <load_address>0x826160</load_address>
         <run_address>0x826160</run_address>
         <size>0xa0</size>
         <input_file_ref idref="fl-b7"/>
      </object_component>
      <object_component id="oc-224">
         <name>.text:mremove</name>
         <load_address>0x826200</load_address>
         <run_address>0x826200</run_address>
         <size>0xa0</size>
         <input_file_ref idref="fl-9a"/>
      </object_component>
      <object_component id="oc-1eb">
         <name>.text:write</name>
         <load_address>0x8262a0</load_address>
         <run_address>0x8262a0</run_address>
         <size>0xa0</size>
         <input_file_ref idref="fl-98"/>
      </object_component>
      <object_component id="oc-115">
         <name>.text:__c6xabi_llshl</name>
         <load_address>0x826340</load_address>
         <run_address>0x826340</run_address>
         <size>0x80</size>
         <input_file_ref idref="fl-97"/>
      </object_component>
      <object_component id="oc-ed">
         <name>.text:__c6xabi_roundf</name>
         <load_address>0x8263c0</load_address>
         <run_address>0x8263c0</run_address>
         <size>0x80</size>
         <input_file_ref idref="fl-ba"/>
      </object_component>
      <object_component id="oc-1b">
         <name>.text:_c_int00</name>
         <load_address>0x826440</load_address>
         <run_address>0x826440</run_address>
         <size>0x80</size>
         <input_file_ref idref="fl-86"/>
      </object_component>
      <object_component id="oc-d4">
         <name>.text:rand</name>
         <load_address>0x8264c0</load_address>
         <run_address>0x8264c0</run_address>
         <size>0x80</size>
         <input_file_ref idref="fl-9e"/>
      </object_component>
      <object_component id="oc-305">
         <name>.text:readmsg</name>
         <load_address>0x826540</load_address>
         <run_address>0x826540</run_address>
         <size>0x80</size>
         <input_file_ref idref="fl-a3"/>
      </object_component>
      <object_component id="oc-1ce">
         <name>.text:unlink</name>
         <load_address>0x8265c0</load_address>
         <run_address>0x8265c0</run_address>
         <size>0x80</size>
         <input_file_ref idref="fl-98"/>
      </object_component>
      <object_component id="oc-65">
         <name>.text:__TI_cpp_init</name>
         <load_address>0x826640</load_address>
         <run_address>0x826640</run_address>
         <size>0x60</size>
         <input_file_ref idref="fl-ac"/>
      </object_component>
      <object_component id="oc-316">
         <name>.text:_subcull</name>
         <load_address>0x8266a0</load_address>
         <run_address>0x8266a0</run_address>
         <size>0x60</size>
         <input_file_ref idref="fl-b3"/>
      </object_component>
      <object_component id="oc-e0">
         <name>.text:fclose</name>
         <load_address>0x826700</load_address>
         <run_address>0x826700</run_address>
         <size>0x60</size>
         <input_file_ref idref="fl-8d"/>
      </object_component>
      <object_component id="oc-d8">
         <name>.text:fopen</name>
         <load_address>0x826760</load_address>
         <run_address>0x826760</run_address>
         <size>0x60</size>
         <input_file_ref idref="fl-91"/>
      </object_component>
      <object_component id="oc-201">
         <name>.text:memccpy</name>
         <load_address>0x8267c0</load_address>
         <run_address>0x8267c0</run_address>
         <size>0x60</size>
         <input_file_ref idref="fl-b6"/>
      </object_component>
      <object_component id="oc-f1">
         <name>.text:modff</name>
         <load_address>0x826820</load_address>
         <run_address>0x826820</run_address>
         <size>0x60</size>
         <input_file_ref idref="fl-b8"/>
      </object_component>
      <object_component id="oc-e4">
         <name>.text:srand</name>
         <load_address>0x826880</load_address>
         <run_address>0x826880</run_address>
         <size>0x60</size>
         <input_file_ref idref="fl-9e"/>
      </object_component>
      <object_component id="oc-216">
         <name>.text:tabinit</name>
         <load_address>0x8268e0</load_address>
         <run_address>0x8268e0</run_address>
         <size>0x60</size>
         <input_file_ref idref="fl-98"/>
      </object_component>
      <object_component id="oc-301">
         <name>.text:writemsg</name>
         <load_address>0x826940</load_address>
         <run_address>0x826940</run_address>
         <size>0x60</size>
         <input_file_ref idref="fl-a3"/>
      </object_component>
      <object_component id="oc-155">
         <name>.text:__c6xabi_frcmpyd_div</name>
         <load_address>0x8269a0</load_address>
         <run_address>0x8269a0</run_address>
         <size>0x40</size>
         <input_file_ref idref="fl-95"/>
      </object_component>
      <object_component id="oc-24a">
         <name>.text:__c6xabi_isinf</name>
         <load_address>0x8269e0</load_address>
         <run_address>0x8269e0</run_address>
         <size>0x40</size>
         <input_file_ref idref="fl-b4"/>
      </object_component>
      <object_component id="oc-246">
         <name>.text:__c6xabi_isnan</name>
         <load_address>0x826a20</load_address>
         <run_address>0x826a20</run_address>
         <size>0x40</size>
         <input_file_ref idref="fl-a8"/>
      </object_component>
      <object_component id="oc-11a">
         <name>.text:__c6xabi_llshru</name>
         <load_address>0x826a60</load_address>
         <run_address>0x826a60</run_address>
         <size>0x40</size>
         <input_file_ref idref="fl-97"/>
      </object_component>
      <object_component id="oc-33">
         <name>.text:_args_main</name>
         <load_address>0x826aa0</load_address>
         <run_address>0x826aa0</run_address>
         <size>0x40</size>
         <input_file_ref idref="fl-a9"/>
      </object_component>
      <object_component id="oc-fb">
         <name>.text:__c6xabi_isinff</name>
         <load_address>0x826ae0</load_address>
         <run_address>0x826ae0</run_address>
         <size>0x20</size>
         <input_file_ref idref="fl-96"/>
      </object_component>
      <object_component id="oc-111">
         <name>.text:__c6xabi_negll</name>
         <load_address>0x826b00</load_address>
         <run_address>0x826b00</run_address>
         <size>0x20</size>
         <input_file_ref idref="fl-9c"/>
      </object_component>
      <object_component id="oc-103">
         <name>.text:__c6xabi_trunc</name>
         <load_address>0x826b20</load_address>
         <run_address>0x826b20</run_address>
         <size>0x20</size>
         <input_file_ref idref="fl-a4"/>
      </object_component>
      <object_component id="oc-e9">
         <name>.text:__c6xabi_truncf</name>
         <load_address>0x826b40</load_address>
         <run_address>0x826b40</run_address>
         <size>0x20</size>
         <input_file_ref idref="fl-a5"/>
      </object_component>
      <object_component id="oc-172">
         <name>.text:_nop</name>
         <load_address>0x826b60</load_address>
         <run_address>0x826b60</run_address>
         <size>0x20</size>
         <input_file_ref idref="fl-a7"/>
      </object_component>
      <object_component id="oc-144">
         <name>.text:_outc</name>
         <load_address>0x826b80</load_address>
         <run_address>0x826b80</run_address>
         <size>0x20</size>
         <input_file_ref idref="fl-92"/>
      </object_component>
      <object_component id="oc-127">
         <name>.text:_outc</name>
         <load_address>0x826ba0</load_address>
         <run_address>0x826ba0</run_address>
         <size>0x20</size>
         <input_file_ref idref="fl-9d"/>
      </object_component>
      <object_component id="oc-140">
         <name>.text:_outs</name>
         <load_address>0x826bc0</load_address>
         <run_address>0x826bc0</run_address>
         <size>0x20</size>
         <input_file_ref idref="fl-92"/>
      </object_component>
      <object_component id="oc-123">
         <name>.text:_outs</name>
         <load_address>0x826be0</load_address>
         <run_address>0x826be0</run_address>
         <size>0x20</size>
         <input_file_ref idref="fl-9d"/>
      </object_component>
      <object_component id="oc-73">
         <name>.text:abort</name>
         <load_address>0x826c00</load_address>
         <run_address>0x826c00</run_address>
         <size>0x20</size>
         <input_file_ref idref="fl-8c"/>
      </object_component>
      <object_component id="oc-1f">
         <name>.text:decompress:none:__TI_decompress_none</name>
         <load_address>0x826c20</load_address>
         <run_address>0x826c20</run_address>
         <size>0x20</size>
         <input_file_ref idref="fl-87"/>
      </object_component>
      <object_component id="oc-27">
         <name>.text:decompress:rle24:__TI_decompress_rle24</name>
         <load_address>0x826c40</load_address>
         <run_address>0x826c40</run_address>
         <size>0x20</size>
         <input_file_ref idref="fl-88"/>
      </object_component>
      <object_component id="oc-355">
         <name>$Tramp$S$$sinsp_v</name>
         <load_address>0x826c60</load_address>
         <run_address>0x826c60</run_address>
         <size>0x10</size>
         <input_file_ref idref="fl-d"/>
      </object_component>
      <object_component id="oc-354">
         <name>$Tramp$S$$sinsp_c</name>
         <load_address>0x826c70</load_address>
         <run_address>0x826c70</run_address>
         <size>0x10</size>
         <input_file_ref idref="fl-c"/>
      </object_component>
      <object_component id="oc-353">
         <name>$Tramp$S$$sinsp</name>
         <load_address>0x826c80</load_address>
         <run_address>0x826c80</run_address>
         <size>0x10</size>
         <input_file_ref idref="fl-e"/>
      </object_component>
      <object_component id="oc-a4">
         <name>.far</name>
         <uninitialized>true</uninitialized>
         <run_address>0x800000</run_address>
         <size>0x11c60</size>
         <input_file_ref idref="fl-3"/>
      </object_component>
      <object_component id="oc-1d2">
         <name>.far</name>
         <uninitialized>true</uninitialized>
         <run_address>0x811c60</run_address>
         <size>0x140</size>
         <input_file_ref idref="fl-af"/>
      </object_component>
      <object_component id="oc-a3">
         <name>.far</name>
         <uninitialized>true</uninitialized>
         <run_address>0x811da0</run_address>
         <size>0x60</size>
         <input_file_ref idref="fl-4"/>
      </object_component>
      <object_component id="oc-2ff">
         <name>.far</name>
         <uninitialized>true</uninitialized>
         <run_address>0x811e00</run_address>
         <size>0x8</size>
         <input_file_ref idref="fl-a2"/>
      </object_component>
      <object_component id="oc-a2">
         <name>.fardata:output</name>
         <load_address>0x81de08</load_address>
         <run_address>0x81de08</run_address>
         <size>0x14</size>
         <input_file_ref idref="fl-3"/>
      </object_component>
      <object_component id="oc-1a7">
         <name>.fardata</name>
         <load_address>0x81de1c</load_address>
         <run_address>0x81de1c</run_address>
         <size>0x4</size>
         <input_file_ref idref="fl-af"/>
      </object_component>
      <object_component id="oc-121">
         <name>.fardata:_ftable</name>
         <load_address>0x82eca0</load_address>
         <run_address>0x82eca0</run_address>
         <size>0x1e0</size>
         <input_file_ref idref="fl-af"/>
      </object_component>
      <object_component id="oc-214">
         <name>.fardata:_stream</name>
         <load_address>0x82ee80</load_address>
         <run_address>0x82ee80</run_address>
         <size>0xa0</size>
         <input_file_ref idref="fl-98"/>
      </object_component>
      <object_component id="oc-268">
         <name>.fardata:_device</name>
         <load_address>0x82ef20</load_address>
         <run_address>0x82ef20</run_address>
         <size>0x78</size>
         <input_file_ref idref="fl-98"/>
      </object_component>
      <object_component id="oc-10f">
         <name>.fardata:R$1</name>
         <load_address>0x82ef98</load_address>
         <run_address>0x82ef98</run_address>
         <size>0x40</size>
         <input_file_ref idref="fl-a0"/>
      </object_component>
      <object_component id="oc-a1">
         <name>.fardata:a</name>
         <load_address>0x82efd8</load_address>
         <run_address>0x82efd8</run_address>
         <size>0x28</size>
         <input_file_ref idref="fl-2"/>
      </object_component>
      <object_component id="oc-e8">
         <name>.fardata:R$1</name>
         <load_address>0x82f000</load_address>
         <run_address>0x82f000</run_address>
         <size>0x10</size>
         <input_file_ref idref="fl-a1"/>
      </object_component>
      <object_component id="oc-71">
         <name>.fardata</name>
         <load_address>0x82f010</load_address>
         <run_address>0x82f010</run_address>
         <size>0xc</size>
         <input_file_ref idref="fl-8c"/>
      </object_component>
      <object_component id="oc-222">
         <name>.fardata</name>
         <load_address>0x82f01c</load_address>
         <run_address>0x82f01c</run_address>
         <size>0xc</size>
         <input_file_ref idref="fl-9a"/>
      </object_component>
      <object_component id="oc-a5">
         <name>.fardata:input</name>
         <load_address>0x82f028</load_address>
         <run_address>0x82f028</run_address>
         <size>0x8</size>
         <input_file_ref idref="fl-3"/>
      </object_component>
      <object_component id="oc-11f">
         <name>.fardata</name>
         <load_address>0x82f030</load_address>
         <run_address>0x82f030</run_address>
         <size>0x8</size>
         <input_file_ref idref="fl-a7"/>
      </object_component>
      <object_component id="oc-1a6">
         <name>.fardata</name>
         <load_address>0x82f038</load_address>
         <run_address>0x82f038</run_address>
         <size>0x4</size>
         <input_file_ref idref="fl-91"/>
      </object_component>
      <object_component id="oc-26c">
         <name>.fardata</name>
         <load_address>0x82f03c</load_address>
         <run_address>0x82f03c</run_address>
         <size>0x4</size>
         <input_file_ref idref="fl-98"/>
      </object_component>
      <object_component id="oc-133">
         <name>.fardata</name>
         <load_address>0x82f040</load_address>
         <run_address>0x82f040</run_address>
         <size>0x4</size>
         <input_file_ref idref="fl-9e"/>
      </object_component>
      <object_component id="oc-2b">
         <name>.stack</name>
         <uninitialized>true</uninitialized>
         <run_address>0x811e08</run_address>
         <size>0x8</size>
         <input_file_ref idref="fl-86"/>
      </object_component>
      <object_component id="oc-351">
         <name>.stack</name>
         <uninitialized>true</uninitialized>
         <run_address>0x811e08</run_address>
         <size>0x0</size>
      </object_component>
      <object_component id="oc-2d">
         <name>.sysmem</name>
         <uninitialized>true</uninitialized>
         <run_address>0x826ca0</run_address>
         <size>0x8</size>
         <input_file_ref idref="fl-9a"/>
      </object_component>
      <object_component id="oc-352">
         <name>.sysmem</name>
         <uninitialized>true</uninitialized>
         <run_address>0x826ca0</run_address>
         <size>0x0</size>
      </object_component>
      <object_component id="oc-35f">
         <name>.cinit..fardata.2.load</name>
         <load_address>0x82fd20</load_address>
         <run_address>0x82fd20</run_address>
         <size>0xf1</size>
      </object_component>
      <object_component id="oc-35e">
         <name>.cinit..fardata.1.load</name>
         <load_address>0x82fe14</load_address>
         <run_address>0x82fe14</run_address>
         <size>0x1e</size>
      </object_component>
      <object_component id="oc-34d">
         <name>__TI_handler_table</name>
         <load_address>0x82fe34</load_address>
         <run_address>0x82fe34</run_address>
         <size>0xc</size>
      </object_component>
      <object_component id="oc-35c">
         <name>.cinit..far.load</name>
         <load_address>0x82fe40</load_address>
         <run_address>0x82fe40</run_address>
         <size>0x8</size>
      </object_component>
      <object_component id="oc-34e">
         <name>__TI_cinit_table</name>
         <load_address>0x82fe48</load_address>
         <run_address>0x82fe48</run_address>
         <size>0x18</size>
      </object_component>
      <object_component id="oc-d3">
         <name>.const:.string</name>
         <load_address>0x82f048</load_address>
         <run_address>0x82f048</run_address>
         <size>0x203</size>
         <input_file_ref idref="fl-4"/>
      </object_component>
      <object_component id="oc-242">
         <name>.const:.string:_ctypes_</name>
         <load_address>0x82f250</load_address>
         <run_address>0x82f250</run_address>
         <size>0x101</size>
         <input_file_ref idref="fl-ae"/>
      </object_component>
      <object_component id="oc-a0">
         <name>.const:.string</name>
         <load_address>0x82f351</load_address>
         <run_address>0x82f351</run_address>
         <size>0x59</size>
         <input_file_ref idref="fl-2"/>
      </object_component>
      <object_component id="oc-205">
         <name>.const:.string</name>
         <load_address>0x82f3aa</load_address>
         <run_address>0x82f3aa</run_address>
         <size>0x23</size>
         <input_file_ref idref="fl-a8"/>
      </object_component>
      <object_component id="oc-31d">
         <name>.cio</name>
         <uninitialized>true</uninitialized>
         <run_address>0x82f3d0</run_address>
         <size>0x120</size>
         <input_file_ref idref="fl-a3"/>
      </object_component>
      <object_component id="oc-1c">
         <name>.debug_info</name>
         <load_address>0x0</load_address>
         <run_address>0x0</run_address>
         <size>0x110</size>
         <input_file_ref idref="fl-86"/>
      </object_component>
      <object_component id="oc-20">
         <name>.debug_info</name>
         <load_address>0x110</load_address>
         <run_address>0x110</run_address>
         <size>0x14f</size>
         <input_file_ref idref="fl-87"/>
      </object_component>
      <object_component id="oc-24">
         <name>.debug_info</name>
         <load_address>0x25f</load_address>
         <run_address>0x25f</run_address>
         <size>0x190</size>
         <input_file_ref idref="fl-89"/>
      </object_component>
      <object_component id="oc-28">
         <name>.debug_info</name>
         <load_address>0x3ef</load_address>
         <run_address>0x3ef</run_address>
         <size>0x16c</size>
         <input_file_ref idref="fl-88"/>
      </object_component>
      <object_component id="oc-2c">
         <name>.debug_info</name>
         <load_address>0x55b</load_address>
         <run_address>0x55b</run_address>
         <size>0xa7</size>
         <input_file_ref idref="fl-86"/>
      </object_component>
      <object_component id="oc-2e">
         <name>.debug_info</name>
         <load_address>0x602</load_address>
         <run_address>0x602</run_address>
         <size>0xb3</size>
         <input_file_ref idref="fl-9a"/>
      </object_component>
      <object_component id="oc-30">
         <name>.debug_info</name>
         <load_address>0x6b5</load_address>
         <run_address>0x6b5</run_address>
         <size>0x190</size>
         <input_file_ref idref="fl-ab"/>
      </object_component>
      <object_component id="oc-34">
         <name>.debug_info</name>
         <load_address>0x845</load_address>
         <run_address>0x845</run_address>
         <size>0xf6</size>
         <input_file_ref idref="fl-a9"/>
      </object_component>
      <object_component id="oc-38">
         <name>.debug_info</name>
         <load_address>0x93b</load_address>
         <run_address>0x93b</run_address>
         <size>0x10c</size>
         <input_file_ref idref="fl-8c"/>
      </object_component>
      <object_component id="oc-3d">
         <name>.debug_info</name>
         <load_address>0xa47</load_address>
         <run_address>0xa47</run_address>
         <size>0xd6</size>
         <input_file_ref idref="fl-99"/>
      </object_component>
      <object_component id="oc-41">
         <name>.debug_info</name>
         <load_address>0xb1d</load_address>
         <run_address>0xb1d</run_address>
         <size>0x53</size>
         <input_file_ref idref="fl-87"/>
      </object_component>
      <object_component id="oc-47">
         <name>.debug_info</name>
         <load_address>0xb70</load_address>
         <run_address>0xb70</run_address>
         <size>0x53</size>
         <input_file_ref idref="fl-89"/>
      </object_component>
      <object_component id="oc-4d">
         <name>.debug_info</name>
         <load_address>0xbc3</load_address>
         <run_address>0xbc3</run_address>
         <size>0x2f2</size>
         <input_file_ref idref="fl-88"/>
      </object_component>
      <object_component id="oc-51">
         <name>.debug_info</name>
         <load_address>0xeb5</load_address>
         <run_address>0xeb5</run_address>
         <size>0x1d7</size>
         <input_file_ref idref="fl-88"/>
      </object_component>
      <object_component id="oc-52">
         <name>.debug_info</name>
         <load_address>0x108c</load_address>
         <run_address>0x108c</run_address>
         <size>0x46</size>
         <input_file_ref idref="fl-88"/>
      </object_component>
      <object_component id="oc-59">
         <name>.debug_info</name>
         <load_address>0x10d2</load_address>
         <run_address>0x10d2</run_address>
         <size>0xfc</size>
         <input_file_ref idref="fl-86"/>
      </object_component>
      <object_component id="oc-5c">
         <name>.debug_info</name>
         <load_address>0x11ce</load_address>
         <run_address>0x11ce</run_address>
         <size>0x147</size>
         <input_file_ref idref="fl-9a"/>
      </object_component>
      <object_component id="oc-5e">
         <name>.debug_info</name>
         <load_address>0x1315</load_address>
         <run_address>0x1315</run_address>
         <size>0x18e</size>
         <input_file_ref idref="fl-ad"/>
      </object_component>
      <object_component id="oc-62">
         <name>.debug_info</name>
         <load_address>0x14a3</load_address>
         <run_address>0x14a3</run_address>
         <size>0x164</size>
         <input_file_ref idref="fl-bc"/>
      </object_component>
      <object_component id="oc-66">
         <name>.debug_info</name>
         <load_address>0x1607</load_address>
         <run_address>0x1607</run_address>
         <size>0x15f</size>
         <input_file_ref idref="fl-ac"/>
      </object_component>
      <object_component id="oc-6c">
         <name>.debug_info</name>
         <load_address>0x1766</load_address>
         <run_address>0x1766</run_address>
         <size>0x94</size>
         <input_file_ref idref="fl-86"/>
      </object_component>
      <object_component id="oc-72">
         <name>.debug_info</name>
         <load_address>0x17fa</load_address>
         <run_address>0x17fa</run_address>
         <size>0x127</size>
         <input_file_ref idref="fl-8c"/>
      </object_component>
      <object_component id="oc-74">
         <name>.debug_info</name>
         <load_address>0x1921</load_address>
         <run_address>0x1921</run_address>
         <size>0x11e</size>
         <input_file_ref idref="fl-8c"/>
      </object_component>
      <object_component id="oc-78">
         <name>.debug_info</name>
         <load_address>0x1a3f</load_address>
         <run_address>0x1a3f</run_address>
         <size>0x8d</size>
         <input_file_ref idref="fl-87"/>
      </object_component>
      <object_component id="oc-7e">
         <name>.debug_info</name>
         <load_address>0x1acc</load_address>
         <run_address>0x1acc</run_address>
         <size>0x46</size>
         <input_file_ref idref="fl-87"/>
      </object_component>
      <object_component id="oc-83">
         <name>.debug_info</name>
         <load_address>0x1b12</load_address>
         <run_address>0x1b12</run_address>
         <size>0xe5</size>
         <input_file_ref idref="fl-87"/>
      </object_component>
      <object_component id="oc-84">
         <name>.debug_info</name>
         <load_address>0x1bf7</load_address>
         <run_address>0x1bf7</run_address>
         <size>0x2c</size>
         <input_file_ref idref="fl-88"/>
      </object_component>
      <object_component id="oc-89">
         <name>.debug_info</name>
         <load_address>0x1c23</load_address>
         <run_address>0x1c23</run_address>
         <size>0x1cd</size>
         <input_file_ref idref="fl-89"/>
      </object_component>
      <object_component id="oc-91">
         <name>.debug_info</name>
         <load_address>0x1df0</load_address>
         <run_address>0x1df0</run_address>
         <size>0xf6</size>
         <input_file_ref idref="fl-8c"/>
      </object_component>
      <object_component id="oc-96">
         <name>.debug_info</name>
         <load_address>0x1ee6</load_address>
         <run_address>0x1ee6</run_address>
         <size>0x70</size>
         <input_file_ref idref="fl-9a"/>
      </object_component>
      <object_component id="oc-9c">
         <name>.debug_info</name>
         <load_address>0x1f56</load_address>
         <run_address>0x1f56</run_address>
         <size>0x140</size>
         <input_file_ref idref="fl-ad"/>
      </object_component>
      <object_component id="oc-9e">
         <name>.debug_info</name>
         <load_address>0x2096</load_address>
         <run_address>0x2096</run_address>
         <size>0x253</size>
         <input_file_ref idref="fl-bc"/>
      </object_component>
      <object_component id="oc-a8">
         <name>.debug_info</name>
         <load_address>0x22e9</load_address>
         <run_address>0x22e9</run_address>
         <size>0x133</size>
         <input_file_ref idref="fl-a1"/>
      </object_component>
      <object_component id="oc-ac">
         <name>.debug_info</name>
         <load_address>0x241c</load_address>
         <run_address>0x241c</run_address>
         <size>0xe2</size>
         <input_file_ref idref="fl-e"/>
      </object_component>
      <object_component id="oc-b3">
         <name>.debug_info</name>
         <load_address>0x24fe</load_address>
         <run_address>0x24fe</run_address>
         <size>0x182</size>
         <input_file_ref idref="fl-a0"/>
      </object_component>
      <object_component id="oc-b7">
         <name>.debug_info</name>
         <load_address>0x2680</load_address>
         <run_address>0x2680</run_address>
         <size>0x145</size>
         <input_file_ref idref="fl-90"/>
      </object_component>
      <object_component id="oc-bb">
         <name>.debug_info</name>
         <load_address>0x27c5</load_address>
         <run_address>0x27c5</run_address>
         <size>0x13d</size>
         <input_file_ref idref="fl-8f"/>
      </object_component>
      <object_component id="oc-bf">
         <name>.debug_info</name>
         <load_address>0x2902</load_address>
         <run_address>0x2902</run_address>
         <size>0x127</size>
         <input_file_ref idref="fl-9d"/>
      </object_component>
      <object_component id="oc-c4">
         <name>.debug_info</name>
         <load_address>0x2a29</load_address>
         <run_address>0x2a29</run_address>
         <size>0x105</size>
         <input_file_ref idref="fl-8c"/>
      </object_component>
      <object_component id="oc-cc">
         <name>.debug_info</name>
         <load_address>0x2b2e</load_address>
         <run_address>0x2b2e</run_address>
         <size>0xcd</size>
         <input_file_ref idref="fl-ad"/>
      </object_component>
      <object_component id="oc-d5">
         <name>.debug_info</name>
         <load_address>0x2bfb</load_address>
         <run_address>0x2bfb</run_address>
         <size>0xe8</size>
         <input_file_ref idref="fl-9e"/>
      </object_component>
      <object_component id="oc-d9">
         <name>.debug_info</name>
         <load_address>0x2ce3</load_address>
         <run_address>0x2ce3</run_address>
         <size>0x136</size>
         <input_file_ref idref="fl-91"/>
      </object_component>
      <object_component id="oc-dd">
         <name>.debug_info</name>
         <load_address>0x2e19</load_address>
         <run_address>0x2e19</run_address>
         <size>0x13b</size>
         <input_file_ref idref="fl-92"/>
      </object_component>
      <object_component id="oc-e1">
         <name>.debug_info</name>
         <load_address>0x2f54</load_address>
         <run_address>0x2f54</run_address>
         <size>0x112</size>
         <input_file_ref idref="fl-8d"/>
      </object_component>
      <object_component id="oc-e5">
         <name>.debug_info</name>
         <load_address>0x3066</load_address>
         <run_address>0x3066</run_address>
         <size>0xf7</size>
         <input_file_ref idref="fl-9e"/>
      </object_component>
      <object_component id="oc-ea">
         <name>.debug_info</name>
         <load_address>0x315d</load_address>
         <run_address>0x315d</run_address>
         <size>0x10d</size>
         <input_file_ref idref="fl-a5"/>
      </object_component>
      <object_component id="oc-ee">
         <name>.debug_info</name>
         <load_address>0x326a</load_address>
         <run_address>0x326a</run_address>
         <size>0x10d</size>
         <input_file_ref idref="fl-ba"/>
      </object_component>
      <object_component id="oc-f2">
         <name>.debug_info</name>
         <load_address>0x3377</load_address>
         <run_address>0x3377</run_address>
         <size>0xfd</size>
         <input_file_ref idref="fl-b8"/>
      </object_component>
      <object_component id="oc-f8">
         <name>.debug_info</name>
         <load_address>0x3474</load_address>
         <run_address>0x3474</run_address>
         <size>0x199</size>
         <input_file_ref idref="fl-8a"/>
      </object_component>
      <object_component id="oc-fc">
         <name>.debug_info</name>
         <load_address>0x360d</load_address>
         <run_address>0x360d</run_address>
         <size>0x101</size>
         <input_file_ref idref="fl-96"/>
      </object_component>
      <object_component id="oc-100">
         <name>.debug_info</name>
         <load_address>0x370e</load_address>
         <run_address>0x370e</run_address>
         <size>0x11c</size>
         <input_file_ref idref="fl-8b"/>
      </object_component>
      <object_component id="oc-104">
         <name>.debug_info</name>
         <load_address>0x382a</load_address>
         <run_address>0x382a</run_address>
         <size>0x107</size>
         <input_file_ref idref="fl-a4"/>
      </object_component>
      <object_component id="oc-108">
         <name>.debug_info</name>
         <load_address>0x3931</load_address>
         <run_address>0x3931</run_address>
         <size>0x109</size>
         <input_file_ref idref="fl-b9"/>
      </object_component>
      <object_component id="oc-10c">
         <name>.debug_info</name>
         <load_address>0x3a3a</load_address>
         <run_address>0x3a3a</run_address>
         <size>0xf8</size>
         <input_file_ref idref="fl-b7"/>
      </object_component>
      <object_component id="oc-112">
         <name>.debug_info</name>
         <load_address>0x3b32</load_address>
         <run_address>0x3b32</run_address>
         <size>0xf3</size>
         <input_file_ref idref="fl-9c"/>
      </object_component>
      <object_component id="oc-116">
         <name>.debug_info</name>
         <load_address>0x3c25</load_address>
         <run_address>0x3c25</run_address>
         <size>0x11f</size>
         <input_file_ref idref="fl-97"/>
      </object_component>
      <object_component id="oc-11b">
         <name>.debug_info</name>
         <load_address>0x3d44</load_address>
         <run_address>0x3d44</run_address>
         <size>0x11b</size>
         <input_file_ref idref="fl-97"/>
      </object_component>
      <object_component id="oc-120">
         <name>.debug_info</name>
         <load_address>0x3e5f</load_address>
         <run_address>0x3e5f</run_address>
         <size>0xc5</size>
         <input_file_ref idref="fl-a7"/>
      </object_component>
      <object_component id="oc-122">
         <name>.debug_info</name>
         <load_address>0x3f24</load_address>
         <run_address>0x3f24</run_address>
         <size>0xa9</size>
         <input_file_ref idref="fl-af"/>
      </object_component>
      <object_component id="oc-124">
         <name>.debug_info</name>
         <load_address>0x3fcd</load_address>
         <run_address>0x3fcd</run_address>
         <size>0x10b</size>
         <input_file_ref idref="fl-9d"/>
      </object_component>
      <object_component id="oc-128">
         <name>.debug_info</name>
         <load_address>0x40d8</load_address>
         <run_address>0x40d8</run_address>
         <size>0xfc</size>
         <input_file_ref idref="fl-9d"/>
      </object_component>
      <object_component id="oc-12c">
         <name>.debug_info</name>
         <load_address>0x41d4</load_address>
         <run_address>0x41d4</run_address>
         <size>0x418</size>
         <input_file_ref idref="fl-a8"/>
      </object_component>
      <object_component id="oc-130">
         <name>.debug_info</name>
         <load_address>0x45ec</load_address>
         <run_address>0x45ec</run_address>
         <size>0x1e3</size>
         <input_file_ref idref="fl-9d"/>
      </object_component>
      <object_component id="oc-134">
         <name>.debug_info</name>
         <load_address>0x47cf</load_address>
         <run_address>0x47cf</run_address>
         <size>0xa2</size>
         <input_file_ref idref="fl-9e"/>
      </object_component>
      <object_component id="oc-137">
         <name>.debug_info</name>
         <load_address>0x4871</load_address>
         <run_address>0x4871</run_address>
         <size>0x199</size>
         <input_file_ref idref="fl-91"/>
      </object_component>
      <object_component id="oc-13b">
         <name>.debug_info</name>
         <load_address>0x4a0a</load_address>
         <run_address>0x4a0a</run_address>
         <size>0x13a</size>
         <input_file_ref idref="fl-91"/>
      </object_component>
      <object_component id="oc-13f">
         <name>.debug_info</name>
         <load_address>0x4b44</load_address>
         <run_address>0x4b44</run_address>
         <size>0x1d3</size>
         <input_file_ref idref="fl-91"/>
      </object_component>
      <object_component id="oc-141">
         <name>.debug_info</name>
         <load_address>0x4d17</load_address>
         <run_address>0x4d17</run_address>
         <size>0x10e</size>
         <input_file_ref idref="fl-92"/>
      </object_component>
      <object_component id="oc-145">
         <name>.debug_info</name>
         <load_address>0x4e25</load_address>
         <run_address>0x4e25</run_address>
         <size>0xff</size>
         <input_file_ref idref="fl-92"/>
      </object_component>
      <object_component id="oc-149">
         <name>.debug_info</name>
         <load_address>0x4f24</load_address>
         <run_address>0x4f24</run_address>
         <size>0x1bb</size>
         <input_file_ref idref="fl-92"/>
      </object_component>
      <object_component id="oc-14b">
         <name>.debug_info</name>
         <load_address>0x50df</load_address>
         <run_address>0x50df</run_address>
         <size>0x146</size>
         <input_file_ref idref="fl-8d"/>
      </object_component>
      <object_component id="oc-14f">
         <name>.debug_info</name>
         <load_address>0x5225</load_address>
         <run_address>0x5225</run_address>
         <size>0x1a4</size>
         <input_file_ref idref="fl-8d"/>
      </object_component>
      <object_component id="oc-154">
         <name>.debug_info</name>
         <load_address>0x53c9</load_address>
         <run_address>0x53c9</run_address>
         <size>0xd7</size>
         <input_file_ref idref="fl-b8"/>
      </object_component>
      <object_component id="oc-156">
         <name>.debug_info</name>
         <load_address>0x54a0</load_address>
         <run_address>0x54a0</run_address>
         <size>0x125</size>
         <input_file_ref idref="fl-95"/>
      </object_component>
      <object_component id="oc-15f">
         <name>.debug_info</name>
         <load_address>0x55c5</load_address>
         <run_address>0x55c5</run_address>
         <size>0xf3</size>
         <input_file_ref idref="fl-b7"/>
      </object_component>
      <object_component id="oc-161">
         <name>.debug_info</name>
         <load_address>0x56b8</load_address>
         <run_address>0x56b8</run_address>
         <size>0x88</size>
         <input_file_ref idref="fl-9c"/>
      </object_component>
      <object_component id="oc-167">
         <name>.debug_info</name>
         <load_address>0x5740</load_address>
         <run_address>0x5740</run_address>
         <size>0x1d9</size>
         <input_file_ref idref="fl-86"/>
      </object_component>
      <object_component id="oc-16c">
         <name>.debug_info</name>
         <load_address>0x5919</load_address>
         <run_address>0x5919</run_address>
         <size>0x46</size>
         <input_file_ref idref="fl-97"/>
      </object_component>
      <object_component id="oc-173">
         <name>.debug_info</name>
         <load_address>0x595f</load_address>
         <run_address>0x595f</run_address>
         <size>0xd9</size>
         <input_file_ref idref="fl-a7"/>
      </object_component>
      <object_component id="oc-178">
         <name>.debug_info</name>
         <load_address>0x5a38</load_address>
         <run_address>0x5a38</run_address>
         <size>0x99</size>
         <input_file_ref idref="fl-a7"/>
      </object_component>
      <object_component id="oc-17b">
         <name>.debug_info</name>
         <load_address>0x5ad1</load_address>
         <run_address>0x5ad1</run_address>
         <size>0xca</size>
         <input_file_ref idref="fl-af"/>
      </object_component>
      <object_component id="oc-17d">
         <name>.debug_info</name>
         <load_address>0x5b9b</load_address>
         <run_address>0x5b9b</run_address>
         <size>0x3e4</size>
         <input_file_ref idref="fl-94"/>
      </object_component>
      <object_component id="oc-182">
         <name>.debug_info</name>
         <load_address>0x5f7f</load_address>
         <run_address>0x5f7f</run_address>
         <size>0x182</size>
         <input_file_ref idref="fl-93"/>
      </object_component>
      <object_component id="oc-187">
         <name>.debug_info</name>
         <load_address>0x6101</load_address>
         <run_address>0x6101</run_address>
         <size>0x1f5</size>
         <input_file_ref idref="fl-a8"/>
      </object_component>
      <object_component id="oc-18b">
         <name>.debug_info</name>
         <load_address>0x62f6</load_address>
         <run_address>0x62f6</run_address>
         <size>0x20b</size>
         <input_file_ref idref="fl-a8"/>
      </object_component>
      <object_component id="oc-18f">
         <name>.debug_info</name>
         <load_address>0x6501</load_address>
         <run_address>0x6501</run_address>
         <size>0x224</size>
         <input_file_ref idref="fl-a8"/>
      </object_component>
      <object_component id="oc-193">
         <name>.debug_info</name>
         <load_address>0x6725</load_address>
         <run_address>0x6725</run_address>
         <size>0x37b</size>
         <input_file_ref idref="fl-a8"/>
      </object_component>
      <object_component id="oc-197">
         <name>.debug_info</name>
         <load_address>0x6aa0</load_address>
         <run_address>0x6aa0</run_address>
         <size>0x1e3</size>
         <input_file_ref idref="fl-a8"/>
      </object_component>
      <object_component id="oc-198">
         <name>.debug_info</name>
         <load_address>0x6c83</load_address>
         <run_address>0x6c83</run_address>
         <size>0x2c</size>
         <input_file_ref idref="fl-8d"/>
      </object_component>
      <object_component id="oc-19f">
         <name>.debug_info</name>
         <load_address>0x6caf</load_address>
         <run_address>0x6caf</run_address>
         <size>0xc8</size>
         <input_file_ref idref="fl-8d"/>
      </object_component>
      <object_component id="oc-1a8">
         <name>.debug_info</name>
         <load_address>0x6d77</load_address>
         <run_address>0x6d77</run_address>
         <size>0xa9</size>
         <input_file_ref idref="fl-af"/>
      </object_component>
      <object_component id="oc-1aa">
         <name>.debug_info</name>
         <load_address>0x6e20</load_address>
         <run_address>0x6e20</run_address>
         <size>0x163</size>
         <input_file_ref idref="fl-9b"/>
      </object_component>
      <object_component id="oc-1af">
         <name>.debug_info</name>
         <load_address>0x6f83</load_address>
         <run_address>0x6f83</run_address>
         <size>0x171</size>
         <input_file_ref idref="fl-91"/>
      </object_component>
      <object_component id="oc-1b3">
         <name>.debug_info</name>
         <load_address>0x70f4</load_address>
         <run_address>0x70f4</run_address>
         <size>0x1c1</size>
         <input_file_ref idref="fl-98"/>
      </object_component>
      <object_component id="oc-1b9">
         <name>.debug_info</name>
         <load_address>0x72b5</load_address>
         <run_address>0x72b5</run_address>
         <size>0xbb</size>
         <input_file_ref idref="fl-91"/>
      </object_component>
      <object_component id="oc-1c3">
         <name>.debug_info</name>
         <load_address>0x7370</load_address>
         <run_address>0x7370</run_address>
         <size>0x103</size>
         <input_file_ref idref="fl-8e"/>
      </object_component>
      <object_component id="oc-1c7">
         <name>.debug_info</name>
         <load_address>0x7473</load_address>
         <run_address>0x7473</run_address>
         <size>0x1f9</size>
         <input_file_ref idref="fl-9a"/>
      </object_component>
      <object_component id="oc-1cb">
         <name>.debug_info</name>
         <load_address>0x766c</load_address>
         <run_address>0x766c</run_address>
         <size>0x11c</size>
         <input_file_ref idref="fl-98"/>
      </object_component>
      <object_component id="oc-1cf">
         <name>.debug_info</name>
         <load_address>0x7788</load_address>
         <run_address>0x7788</run_address>
         <size>0x11d</size>
         <input_file_ref idref="fl-98"/>
      </object_component>
      <object_component id="oc-1d3">
         <name>.debug_info</name>
         <load_address>0x78a5</load_address>
         <run_address>0x78a5</run_address>
         <size>0xab</size>
         <input_file_ref idref="fl-af"/>
      </object_component>
      <object_component id="oc-1da">
         <name>.debug_info</name>
         <load_address>0x7950</load_address>
         <run_address>0x7950</run_address>
         <size>0x7f</size>
         <input_file_ref idref="fl-8a"/>
      </object_component>
      <object_component id="oc-1e1">
         <name>.debug_info</name>
         <load_address>0x79cf</load_address>
         <run_address>0x79cf</run_address>
         <size>0xc6</size>
         <input_file_ref idref="fl-97"/>
      </object_component>
      <object_component id="oc-1e8">
         <name>.debug_info</name>
         <load_address>0x7a95</load_address>
[...]
      </symbol>
      <symbol id="sm-b">
         <name>binit</name>
         <value>0xffffffff</value>
      </symbol>
      <symbol id="sm-c">
         <name>__binit__</name>
         <value>0xffffffff</value>
      </symbol>
      <symbol id="sm-d">
         <name>__TI_STACK_SIZE</name>
         <value>0xc000</value>
      </symbol>
      <symbol id="sm-e">
         <name>__TI_STACK_END</name>
         <value>0x81de08</value>
      </symbol>
      <symbol id="sm-f">
         <name>__TI_SYSMEM_SIZE</name>
         <value>0x8000</value>
      </symbol>
      <symbol id="sm-10">
         <name>__c_args__</name>
         <value>0xffffffff</value>
      </symbol>
      <symbol id="sm-11">
         <name>__TI_pprof_out_hndl</name>
         <value>0xffffffff</value>
      </symbol>
      <symbol id="sm-12">
         <name>__TI_prof_data_start</name>
         <value>0xffffffff</value>
      </symbol>
      <symbol id="sm-13">
         <name>__TI_prof_data_size</name>
         <value>0xffffffff</value>
      </symbol>
      <symbol id="sm-59">
         <name>a</name>
         <value>0x82efd8</value>
         <object_component_ref idref="oc-a1"/>
      </symbol>
      <symbol id="sm-5a">
         <name>main</name>
         <value>0x81de20</value>
         <object_component_ref idref="oc-6a"/>
      </symbol>
      <symbol id="sm-76">
         <name>output</name>
         <value>0x81de08</value>
         <object_component_ref idref="oc-a2"/>
      </symbol>
      <symbol id="sm-77">
         <name>output_data</name>
         <value>0x8041a0</value>
         <object_component_ref idref="oc-a4"/>
      </symbol>
      <symbol id="sm-78">
         <name>a_ext</name>
         <value>0x800000</value>
         <object_component_ref idref="oc-a4"/>
      </symbol>
      <symbol id="sm-79">
         <name>input_data</name>
         <value>0x80dde0</value>
         <object_component_ref idref="oc-a4"/>
      </symbol>
      <symbol id="sm-7a">
         <name>b_ext</name>
         <value>0x801f40</value>
         <object_component_ref idref="oc-a4"/>
      </symbol>
      <symbol id="sm-7b">
         <name>b_sc</name>
         <value>0x804010</value>
         <object_component_ref idref="oc-a4"/>
      </symbol>
      <symbol id="sm-7c">
         <name>gimme_random</name>
         <value>0x8210d4</value>
         <object_component_ref idref="oc-b1"/>
      </symbol>
      <symbol id="sm-7d">
         <name>input</name>
         <value>0x82f028</value>
         <object_component_ref idref="oc-a5"/>
      </symbol>
      <symbol id="sm-7e">
         <name>isequal</name>
         <value>0x820e04</value>
         <object_component_ref idref="oc-b1"/>
      </symbol>
      <symbol id="sm-7f">
         <name>a_sc</name>
         <value>0x803e80</value>
         <object_component_ref idref="oc-a4"/>
      </symbol>
      <symbol id="sm-be">
         <name>fcn_pass</name>
         <value>0x811de8</value>
         <object_component_ref idref="oc-a3"/>
      </symbol>
      <symbol id="sm-bf">
         <name>t_offset</name>
         <value>0x811db8</value>
         <object_component_ref idref="oc-a3"/>
      </symbol>
      <symbol id="sm-c0">
         <name>driver_init</name>
         <value>0x81f56c</value>
         <object_component_ref idref="oc-a6"/>
      </symbol>
      <symbol id="sm-c1">
         <name>seed</name>
         <value>0x811da0</value>
         <object_component_ref idref="oc-a3"/>
      </symbol>
      <symbol id="sm-c2">
         <name>print_profile_results</name>
         <value>0x81f36c</value>
         <object_component_ref idref="oc-a6"/>
      </symbol>
      <symbol id="sm-c3">
         <name>print_memory_results</name>
         <value>0x81f48c</value>
         <object_component_ref idref="oc-a6"/>
      </symbol>
      <symbol id="sm-c4">
         <name>t_start</name>
         <value>0x811da8</value>
         <object_component_ref idref="oc-a3"/>
      </symbol>
      <symbol id="sm-c5">
         <name>cycle_counts</name>
         <value>0x811dc0</value>
         <object_component_ref idref="oc-a3"/>
      </symbol>
      <symbol id="sm-c6">
         <name>fp</name>
         <value>0x811da4</value>
         <object_component_ref idref="oc-a3"/>
      </symbol>
      <symbol id="sm-c7">
         <name>all_pass</name>
         <value>0x811dfc</value>
         <object_component_ref idref="oc-a3"/>
      </symbol>
      <symbol id="sm-c8">
         <name>print_test_results</name>
         <value>0x81efc0</value>
         <object_component_ref idref="oc-a6"/>
      </symbol>
      <symbol id="sm-c9">
         <name>t_stop</name>
         <value>0x811db0</value>
         <object_component_ref idref="oc-a3"/>
      </symbol>
      <symbol id="sm-cd">
         <name>sinsp_c</name>
         <value>0x82fc20</value>
         <object_component_ref idref="oc-af"/>
      </symbol>
      <symbol id="sm-d5">
         <name>sinsp_v</name>
         <value>0x82f500</value>
         <object_component_ref idref="oc-b0"/>
      </symbol>
      <symbol id="sm-dd">
         <name>sinsp</name>
         <value>0x82fb14</value>
         <object_component_ref idref="oc-ab"/>
      </symbol>
      <symbol id="sm-f9">
         <name>_c_int00</name>
         <value>0x826440</value>
         <object_component_ref idref="oc-1b"/>
      </symbol>
      <symbol id="sm-fa">
         <name>_stack</name>
         <value>0x811e08</value>
         <object_component_ref idref="oc-2b"/>
      </symbol>
      <symbol id="sm-113">
         <name>__TI_decompress_none</name>
         <value>0x826c20</value>
         <object_component_ref idref="oc-1f"/>
      </symbol>
      <symbol id="sm-134">
         <name>__TI_decompress_rle24</name>
         <value>0x826c40</value>
         <object_component_ref idref="oc-27"/>
      </symbol>
      <symbol id="sm-144">
         <name>__TI_zero_init</name>
         <value>0x825100</value>
         <object_component_ref idref="oc-23"/>
      </symbol>
      <symbol id="sm-158">
         <name>__c6xabi_divd</name>
         <value>0x81fbe0</value>
         <object_component_ref idref="oc-f7"/>
      </symbol>
      <symbol id="sm-165">
         <name>__c6xabi_divf</name>
         <value>0x821c60</value>
         <object_component_ref idref="oc-ff"/>
      </symbol>
      <symbol id="sm-184">
         <name>C$$EXIT</name>
         <value>0x826c00</value>
         <object_component_ref idref="oc-73"/>
      </symbol>
      <symbol id="sm-185">
         <name>_dtors_ptr</name>
         <value>0x82f014</value>
         <object_component_ref idref="oc-71"/>
      </symbol>
      <symbol id="sm-186">
         <name>abort</name>
         <value>0x826c00</value>
         <object_component_ref idref="oc-73"/>
      </symbol>
      <symbol id="sm-187">
         <name>_cleanup_ptr</name>
         <value>0x82f010</value>
         <object_component_ref idref="oc-71"/>
      </symbol>
      <symbol id="sm-188">
         <name>exit</name>
         <value>0x825900</value>
         <object_component_ref idref="oc-37"/>
      </symbol>
      <symbol id="sm-189">
         <name>__TI_enable_exit_profile_output</name>
         <value>0x82f018</value>
         <object_component_ref idref="oc-71"/>
      </symbol>
      <symbol id="sm-1b1">
         <name>_closefile</name>
         <value>0x824300</value>
         <object_component_ref idref="oc-14a"/>
      </symbol>
      <symbol id="sm-1b2">
         <name>fclose</name>
         <value>0x826700</value>
         <object_component_ref idref="oc-e0"/>
      </symbol>
      <symbol id="sm-1bf">
         <name>_doflush</name>
         <value>0x825840</value>
         <object_component_ref idref="oc-1c2"/>
      </symbol>
      <symbol id="sm-1cc">
         <name>__c6xabi_fixdlli</name>
         <value>0x824880</value>
         <object_component_ref idref="oc-ba"/>
      </symbol>
      <symbol id="sm-1d7">
         <name>__c6xabi_fltllif</name>
         <value>0x824e60</value>
         <object_component_ref idref="oc-b6"/>
      </symbol>
      <symbol id="sm-20b">
         <name>fopen</name>
         <value>0x826760</value>
         <object_component_ref idref="oc-d8"/>
      </symbol>
      <symbol id="sm-20c">
         <name>_cleanup</name>
         <value>0x825bc0</value>
         <object_component_ref idref="oc-1ae"/>
      </symbol>
      <symbol id="sm-227">
         <name>fprintf</name>
         <value>0x824c80</value>
         <object_component_ref idref="oc-dc"/>
      </symbol>
      <symbol id="sm-242">
         <name>fputc</name>
         <value>0x822f40</value>
         <object_component_ref idref="oc-181"/>
      </symbol>
      <symbol id="sm-261">
         <name>fputs</name>
         <value>0x820a40</value>
         <object_component_ref idref="oc-17c"/>
      </symbol>
      <symbol id="sm-268">
         <name>__c6xabi_frcmpyd_div</name>
         <value>0x8269a0</value>
         <object_component_ref idref="oc-155"/>
      </symbol>
      <symbol id="sm-26f">
         <name>__c6xabi_isinff</name>
         <value>0x826ae0</value>
         <object_component_ref idref="oc-fb"/>
      </symbol>
      <symbol id="sm-285">
         <name>__c6xabi_llshru</name>
         <value>0x826a60</value>
         <object_component_ref idref="oc-11a"/>
      </symbol>
      <symbol id="sm-286">
         <name>__c6xabi_llshl</name>
         <value>0x826340</value>
         <object_component_ref idref="oc-115"/>
      </symbol>
      <symbol id="sm-2f3">
         <name>open</name>
         <value>0x823f00</value>
         <object_component_ref idref="oc-1b2"/>
      </symbol>
      <symbol id="sm-2f4">
         <name>lseek</name>
         <value>0x825f80</value>
         <object_component_ref idref="oc-285"/>
      </symbol>
      <symbol id="sm-2f5">
         <name>write</name>
         <value>0x8262a0</value>
         <object_component_ref idref="oc-1eb"/>
      </symbol>
      <symbol id="sm-2f6">
         <name>close</name>
         <value>0x825020</value>
         <object_component_ref idref="oc-1ca"/>
      </symbol>
      <symbol id="sm-2f7">
         <name>unlink</name>
         <value>0x8265c0</value>
         <object_component_ref idref="oc-1ce"/>
      </symbol>
      <symbol id="sm-2fe">
         <name>memcpy</name>
         <value>0x826020</value>
         <object_component_ref idref="oc-3c"/>
      </symbol>
      <symbol id="sm-34f">
         <name>_sys_memory</name>
         <value>0x826ca0</value>
         <object_component_ref idref="oc-2d"/>
      </symbol>
      <symbol id="sm-350">
         <name>free</name>
         <value>0x821ee0</value>
         <object_component_ref idref="oc-1c6"/>
      </symbol>
      <symbol id="sm-351">
         <name>malloc</name>
         <value>0x823d80</value>
         <object_component_ref idref="oc-28b"/>
      </symbol>
      <symbol id="sm-352">
         <name>_minit</name>
         <value>0x825da0</value>
         <object_component_ref idref="oc-2e0"/>
      </symbol>
      <symbol id="sm-35d">
         <name>memset</name>
         <value>0x8252c0</value>
         <object_component_ref idref="oc-1a9"/>
      </symbol>
      <symbol id="sm-369">
         <name>__c6xabi_negll</name>
         <value>0x826b00</value>
         <object_component_ref idref="oc-111"/>
      </symbol>
      <symbol id="sm-384">
         <name>printf</name>
         <value>0x8253a0</value>
         <object_component_ref idref="oc-be"/>
      </symbol>
      <symbol id="sm-399">
         <name>rand</name>
         <value>0x8264c0</value>
         <object_component_ref idref="oc-d4"/>
      </symbol>
      <symbol id="sm-39a">
         <name>srand</name>
         <value>0x826880</value>
         <object_component_ref idref="oc-e4"/>
      </symbol>
      <symbol id="sm-3aa">
         <name>sin</name>
         <value>0x822160</value>
         <object_component_ref idref="oc-b2"/>
      </symbol>
      <symbol id="sm-3b8">
         <name>sinf</name>
         <value>0x822ae0</value>
         <object_component_ref idref="oc-a7"/>
      </symbol>
      <symbol id="sm-3f5">
         <name>HOSTrename</name>
         <value>0x823a80</value>
         <object_component_ref idref="oc-2d6"/>
      </symbol>
      <symbol id="sm-3f6">
         <name>HOSTclose</name>
         <value>0x825a80</value>
         <object_component_ref idref="oc-2c2"/>
      </symbol>
      <symbol id="sm-3f7">
         <name>HOSTunlink</name>
         <value>0x825540</value>
         <object_component_ref idref="oc-2d2"/>
      </symbol>
      <symbol id="sm-3f8">
         <name>HOSTlseek</name>
         <value>0x824780</value>
         <object_component_ref idref="oc-2ce"/>
      </symbol>
      <symbol id="sm-3f9">
         <name>HOSTopen</name>
         <value>0x824d80</value>
         <object_component_ref idref="oc-2be"/>
      </symbol>
      <symbol id="sm-3fa">
         <name>HOSTwrite</name>
         <value>0x825600</value>
         <object_component_ref idref="oc-2ca"/>
      </symbol>
      <symbol id="sm-3fb">
         <name>HOSTread</name>
         <value>0x825480</value>
         <object_component_ref idref="oc-2c6"/>
      </symbol>
      <symbol id="sm-410">
         <name>writemsg</name>
         <value>0x826940</value>
         <object_component_ref idref="oc-301"/>
      </symbol>
      <symbol id="sm-411">
         <name>C$$IO$$</name>
         <value>0x826998</value>
         <object_component_ref idref="oc-301"/>
      </symbol>
      <symbol id="sm-412">
         <name>__CIOBUF_</name>
         <value>0x82f3d0</value>
         <object_component_ref idref="oc-31d"/>
      </symbol>
      <symbol id="sm-413">
         <name>readmsg</name>
         <value>0x826540</value>
         <object_component_ref idref="oc-305"/>
      </symbol>
      <symbol id="sm-41a">
         <name>__c6xabi_trunc</name>
         <value>0x826b20</value>
         <object_component_ref idref="oc-103"/>
      </symbol>
      <symbol id="sm-421">
         <name>__c6xabi_truncf</name>
         <value>0x826b40</value>
         <object_component_ref idref="oc-e9"/>
      </symbol>
      <symbol id="sm-430">
         <name>_wrt_ok</name>
         <value>0x824a80</value>
         <object_component_ref idref="oc-1e7"/>
      </symbol>
      <symbol id="sm-43e">
         <name>_nop</name>
         <value>0x826b60</value>
         <object_component_ref idref="oc-172"/>
      </symbol>
      <symbol id="sm-43f">
         <name>_lock</name>
         <value>0x82f030</value>
         <object_component_ref idref="oc-11f"/>
      </symbol>
      <symbol id="sm-440">
         <name>_unlock</name>
         <value>0x82f034</value>
         <object_component_ref idref="oc-11f"/>
      </symbol>
      <symbol id="sm-586">
         <name>_printfi</name>
         <value>0x820180</value>
         <object_component_ref idref="oc-12b"/>
      </symbol>
      <symbol id="sm-58d">
         <name>_args_main</name>
         <value>0x826aa0</value>
         <object_component_ref idref="oc-33"/>
      </symbol>
      <symbol id="sm-59b">
         <name>atoi</name>
         <value>0x824f40</value>
         <object_component_ref idref="oc-1f4"/>
      </symbol>
      <symbol id="sm-5a7">
         <name>_auto_init_elf</name>
         <value>0x824980</value>
         <object_component_ref idref="oc-2f"/>
      </symbol>
      <symbol id="sm-5b1">
         <name>__TI_cpp_init</name>
         <value>0x826640</value>
         <object_component_ref idref="oc-65"/>
      </symbol>
      <symbol id="sm-5c6">
         <name>copy_in</name>
         <value>0x824b80</value>
         <object_component_ref idref="oc-5d"/>
      </symbol>
      <symbol id="sm-5cf">
         <name>_ctypes_</name>
         <value>0x82f250</value>
         <object_component_ref idref="oc-242"/>
      </symbol>
      <symbol id="sm-5e0">
         <name>_tmpnams</name>
         <value>0x811c60</value>
         <object_component_ref idref="oc-1d2"/>
      </symbol>
      <symbol id="sm-5e1">
         <name>_ftable</name>
         <value>0x82eca0</value>
         <object_component_ref idref="oc-121"/>
      </symbol>
      <symbol id="sm-5e2">
         <name>_ft_end</name>
         <value>0x81de1c</value>
         <object_component_ref idref="oc-1a7"/>
      </symbol>
      <symbol id="sm-5ea">
         <name>__c6xabi_divu</name>
         <value>0x8256c0</value>
         <object_component_ref idref="oc-2f2"/>
      </symbol>
      <symbol id="sm-5eb">
         <name>__divu</name>
         <value>0x8256c0</value>
         <object_component_ref idref="oc-2f2"/>
      </symbol>
      <symbol id="sm-5fc">
         <name>fseek</name>
         <value>0x824660</value>
         <object_component_ref idref="oc-233"/>
      </symbol>
      <symbol id="sm-605">
         <name>__c6xabi_divul</name>
         <value>0x8238e0</value>
         <object_component_ref idref="oc-2f6"/>
      </symbol>
      <symbol id="sm-619">
         <name>_subcull</name>
         <value>0x8266a0</value>
         <object_component_ref idref="oc-316"/>
      </symbol>
      <symbol id="sm-61a">
         <name>__c6xabi_divull</name>
         <value>0x8223e0</value>
         <object_component_ref idref="oc-2fa"/>
      </symbol>
      <symbol id="sm-621">
         <name>__c6xabi_isinf</name>
         <value>0x8269e0</value>
         <object_component_ref idref="oc-24a"/>
      </symbol>
      <symbol id="sm-62b">
         <name>ltoa</name>
         <value>0x8251e0</value>
         <object_component_ref idref="oc-2e9"/>
      </symbol>
      <symbol id="sm-638">
         <name>memccpy</name>
         <value>0x8267c0</value>
         <object_component_ref idref="oc-201"/>
      </symbol>
      <symbol id="sm-644">
         <name>modf</name>
         <value>0x826160</value>
         <object_component_ref idref="oc-10b"/>
      </symbol>
      <symbol id="sm-64f">
         <name>modff</name>
         <value>0x826820</value>
         <object_component_ref idref="oc-f1"/>
      </symbol>
      <symbol id="sm-656">
         <name>__c6xabi_nround</name>
         <value>0x825b20</value>
         <object_component_ref idref="oc-107"/>
      </symbol>
      <symbol id="sm-65d">
         <name>__c6xabi_roundf</name>
         <value>0x8263c0</value>
         <object_component_ref idref="oc-ed"/>
      </symbol>
      <symbol id="sm-673">
         <name>setvbuf</name>
         <value>0x823360</value>
         <object_component_ref idref="oc-237"/>
      </symbol>
      <symbol id="sm-680">
         <name>__TI_tls_init</name>
         <value>0x8259c0</value>
         <object_component_ref idref="oc-61"/>
      </symbol>
      <symbol id="sm-683">
         <name>__TI_STATIC_BASE</name>
         <value>0x0</value>
      </symbol>
      <symbol id="sm-684">
         <name>__TI_args_main</name>
         <value>0x1</value>
      </symbol>
      <symbol id="sm-685">
         <name>__TI_INITARRAY_Base</name>
         <value>0x0</value>
      </symbol>
      <symbol id="sm-686">
         <name>__TI_INITARRAY_Limit</name>
         <value>0x0</value>
      </symbol>
      <symbol id="sm-687">
         <name>__TI_TLS_INIT_Base</name>
         <value>0x0</value>
      </symbol>
      <symbol id="sm-688">
         <name>__TI_TLS_INIT_Limit</name>
         <value>0x0</value>
      </symbol>
      <symbol id="sm-68b">
         <name>remove</name>
         <value>0x8265c0</value>
      </symbol>
   </symbol_table>
</link_info>
