******************************************************************************
               TMS320C6x Linker Unix v8.1.3                    
******************************************************************************
>> Linked Wed Mar  7 22:58:05 2018

OUTPUT FILE NAME:   <test/xwr16xx/xwr16xx_cbuff_dss.xe674>
ENTRY POINT SYMBOL: "_c_int00"  address: 007f7500


MEMORY CONFIGURATION

         name            origin    length      used     unused   attr    fill
----------------------  --------  ---------  --------  --------  ----  --------
PAGE 0:
  L2SRAM_UMAP1          007e0000   00020000  0001b740  000048c0  RWIX
  L2SRAM_UMAP0          00800000   00020000  0001624d  00009db3  RWIX
  L1PSRAM               00e00000   00004000  00000000  00004000  RWIX
  L1DSRAM               00f00000   00004000  00000000  00004000  RWIX
  L3SRAM                20000000   000a0000  00000080  0009ff80  RWIX
  HSRAM                 21080000   00008000  00000000  00008000  RWIX

PAGE 1:
  L3SRAM                20000000   000a0000  00000000  000a0000  RWIX


SEGMENT ALLOCATION MAP

run origin  load origin   length   init length attrs members
----------  ----------- ---------- ----------- ----- -------
007e0000    007e0000    0001b740   0001b740    r-x
  007e0000    007e0000    00000200   00000200    r-x .vecs
  007e0200    007e0200    0001b540   0001b540    r-x .text
00800000    00800000    00010000   00000000    rw-
  00800000    00800000    00008000   00000000    rw- .MCPILogBuffer
  00808000    00808000    00008000   00000000    rw- systemHeap
00810000    00810000    000033b4   000033b4    r--
  00810000    00810000    000033b4   000033b4    r-- .const
008133b8    008133b8    00001e90   00000000    rw-
  008133b8    008133b8    00001000   00000000    rw- .stack
  008143b8    008143b8    00000e90   00000000    rw- .far
00815248    00815248    00000dbc   00000dbc    rw-
  00815248    00815248    00000dbc   00000dbc    rw- .fardata
00816004    00816004    00000114   00000114    r--
  00816004    00816004    00000114   00000114    r-- .switch
00816118    00816118    00000120   00000000    rw-
  00816118    00816118    00000120   00000000    rw- .cio
00816238    00816238    00000019   00000014    rw-
  00816238    00816238    00000014   00000014    rw- .neardata
  0081624c    0081624c    00000005   00000000    rw- .bss
20000000    20000000    00000080   00000000    rw-
  20000000    20000000    00000080   00000000    rw- .cbuffL3Memory


SECTION ALLOCATION MAP

 output                                  attributes/
section   page    origin      length       input sections
--------  ----  ----------  ----------   ----------------
xdc.meta   0    00000000    00000108     COPY SECTION
                  00000000    00000108     dss_pe674.oe674 (xdc.meta)

.vecs      0    007e0000    00000200     
                  007e0000    00000200     dss_pe674.oe674 (.vecs)

.MCPILogBuffer 
*          0    00800000    00008000     UNINITIALIZED
                  00800000    00008000     main_dss.oe674 (.MCPILogBuffer)

systemHeap 
*          0    00808000    00008000     UNINITIALIZED
                  00808000    00008000     dss_pe674.oe674 (systemHeap)

.stack     0    008133b8    00001000     UNINITIALIZED
                  008133b8    00000008     boot.ae674 : boot.oe674 (.stack)
                  008133c0    00000ff8     --HOLE--

.neardata 
*          0    00816238    00000014     
                  00816238    00000006     main_dss.oe674 (.neardata)
                  0081623e    00000002     --HOLE-- [fill = 0]
                  00816240    00000004     libadcbuf_xwr16xx.ae674 : ADCBuf.oe674 (.neardata)
                  00816244    00000004     libedma_xwr16xx.ae674 : edma_low_level.oe674 (.neardata)
                  00816248    00000004     libtestlogger_xwr16xx.ae674 : logger.oe674 (.neardata)

.bss       0    0081624c    00000005     UNINITIALIZED
                  0081624c    00000004     (.common:MCPI_FailSignature)
                  00816250    00000001     (.common:MCPI_Result)

.cinit     0    00800000    00000000     UNINITIALIZED

.far       0    008143b8    00000e90     UNINITIALIZED
                  008143b8    00000800     dss_pe674.oe674 (.far:taskStackSection)
                  00814bb8    00000538     (.common:EDMA_object)
                  008150f0    00000140     (.common:__TI_tmpnams)
                  00815230    00000010     (.common:edmaDbg)
                  00815240    00000008     (.common:parmbuf)

.cbuffL3Memory 
*          0    20000000    00000080     UNINITIALIZED
                  20000000    00000080     test_common.oe674 (.cbuffL3Memory)

.text      0    007e0200    0001b540     
                  007e0200    000008a0     ti.targets.rts6000.ae674 : System.oe674 (.text:xdc_runtime_System_doPrint__I)
                  007e0aa0    00000860     rts6740_elf.lib : _printfi.obj (.text:_pproc_diouxp)
                  007e1300    000007e0     sysbios.ae674 : BIOS.obj (.text:ti_sysbios_knl_Semaphore_pend__E)
                  007e1ae0    00000780     rts6740_elf.lib : _printfi.obj (.text:__TI_printfi)
                  007e2260    00000780     sysbios.ae674 : BIOS.obj (.text:ti_sysbios_family_c64p_Exception_handler__I)
                  007e29e0    00000640                   : BIOS.obj (.text:ti_sysbios_heaps_HeapMem_allocUnprotected__E)
                  007e3020    000005c0     rts6740_elf.lib : divd.obj (.text:__c6xabi_divd)
                  007e35e0    000005c0     sysbios.ae674 : BIOS.obj (.text:ti_sysbios_heaps_HeapMem_freeUnprotected__E)
                  007e3ba0    000005a0     rts6740_elf.lib : _printfi.obj (.text:_pconv_g)
                  007e4140    000005a0                     : _printfi.obj (.text:_setfield)
                  007e46e0    00000580     sysbios.ae674 : BIOS.obj (.text:ti_sysbios_knl_Task_Instance_finalize__E)
                  007e4c60    00000520     test_common.oe674 (.text:Test_MultipleSessions)
                  007e5180    00000500     cbuff.oe674 (.text:CBUFF_init)
                  007e5680    000004c0     cbuff.oe674 (.text:CBUFF_createSession)
                  007e5b40    000004a0     rts6740_elf.lib : _printfi.obj (.text:_pconv_e)
                  007e5fe0    00000460     sysbios.ae674 : BIOS.obj (.text:ti_sysbios_timers_rti_Timer_Module_startup__E)
                  007e6440    00000420     rts6740_elf.lib : _printfi.obj (.text:_pconv_a)
                  007e6860    000003c0     test_common.oe674 (.text:Test_dataFormats)
                  007e6c20    000003c0     sysbios.ae674 : BIOS.obj (.text:ti_sysbios_knl_Task_Module_startup__E)
                  007e6fe0    000003a0     libadcbuf_xwr16xx.ae674 : adcbuf_mmwave.oe674 (.text:ADCBUF_MMWave_control)
                  007e7380    000003a0     test_common.oe674 (.text:Test_MultipleChirpMode)
                  007e7720    00000380     sysbios.ae674 : BIOS.obj (.text:ti_sysbios_knl_Task_Instance_init__E)
                  007e7aa0    00000360     cbuff.oe674 (.text:CBUFF_validateHWSessionCfg)
                  007e7e00    00000360     rts6740_elf.lib : _printfi.obj (.text:acvt)
                  007e8160    00000360                     : fputs.obj (.text:fputs)
                  007e84c0    00000340     cbuff_lvds.oe674 (.text:CBUFF_openLVDS)
                  007e8800    00000320     cbuff_lvds.oe674 (.text:CBUFF_initLVDS)
                  007e8b20    00000320     rts6740_elf.lib : _printfi.obj (.text:_pproc_fgea)
                  007e8e40    00000300     cbuff.oe674 (.text:CBUFF_activateSession)
                  007e9140    000002e0     cbuff_edma.oe674 (.text:CBUFF_configEDMA)
                  007e9420    000002e0     libedma_xwr16xx.ae674 : edma.oe674 (.text:EDMA_error_isr)
                  007e9700    000002e0     sysbios.ae674 : BIOS.obj (.text:ti_sysbios_heaps_HeapMem_Instance_init__E)
                  007e99e0    000002c0     test_common.oe674 (.text:Test_EDMAChannelAllocationFailures)
                  007e9ca0    000002a0     rts6740_elf.lib : _printfi.obj (.text:_pconv_f)
                  007e9f40    000002a0                     : _printfi.obj (.text:_pproc_fwp)
                  007ea1e0    000002a0                     : _printfi.obj (.text:fcvt)
                  007ea480    000002a0     sysbios.ae674 : BIOS.obj (.text:ti_sysbios_family_c64p_Cache_Module_startup__E)
                  007ea720    000002a0                   : BIOS.obj (.text:ti_sysbios_knl_Clock_workFunc__E)
                  007ea9c0    000002a0                   : BIOS.obj (.text:ti_sysbios_knl_Semaphore_post__E)
                  007eac60    00000280     libedma_xwr16xx.ae674 : edma.oe674 (.text:EDMA_configChannel)
                  007eaee0    00000280     test_common.oe674 (.text:Test_InvalidDataSize)
                  007eb160    00000260     libedma_xwr16xx.ae674 : edma.oe674 (.text:EDMA_open)
                  007eb3c0    00000260     libtestlogger_xwr16xx.ae674 : logger.oe674 (.text:MCPI_setFeatureTestResult)
                  007eb620    00000260     rts6740_elf.lib : imath64.obj (.text:__c6xabi_divull)
                  007eb880    00000260     sysbios.ae674 : BIOS.obj (.text:ti_sysbios_family_c64p_Hwi_dispatchCore__I)
                  007ebae0    00000260     ti.targets.rts6000.ae674 : Startup.oe674 (.text:xdc_runtime_Startup_startMods__I)
                  007ebd40    00000240     libedma_xwr16xx.ae674 : edma.oe674 (.text:EDMA_configErrorMonitoring)
                  007ebf80    00000240     rts6740_elf.lib : setvbuf.obj (.text:setvbuf)
                  007ec1c0    00000240     sysbios.ae674 : BIOS.obj (.text:ti_sysbios_family_c64p_Exception_internalHandler__I)
                  007ec400    00000240                   : BIOS.obj (.text:ti_sysbios_timers_rti_Timer_getFreq__E)
                  007ec640    00000240     ti.targets.rts6000.ae674 : Core-mem.oe674 (.text:xdc_runtime_Core_createObject__I)
                  007ec880    00000240     dss_pe674.oe674 (.text:xdc_runtime_System_printfExtend__I)
                  007ecac0    00000220     cbuff.oe674 (.text:CBUFF_deinit)
                  007ecce0    00000220     cbuff_transfer.oe674 (.text:CBUFF_setupNonInterleaved_ADC)
                  007ecf00    00000220     libedma_xwr16xx.ae674 : edma.oe674 (.text:EDMA_transferComplete_isr)
                  007ed120    00000220     rts6740_elf.lib : fputc.obj (.text:fputc)
                  007ed340    00000220     sysbios.ae674 : BIOS.obj (.text:ti_sysbios_family_c64p_Cache_block__I)
                  007ed560    00000220                   : BIOS.obj (.text:ti_sysbios_family_c64p_Cache_setMode__E)
                  007ed780    00000220                   : BIOS.obj (.text:ti_sysbios_family_c64p_Hwi_reconfig__E)
                  007ed9a0    00000220                   : BIOS.obj (.text:ti_sysbios_knl_Swi_run__I)
                  007edbc0    00000200     cbuff_transfer.oe674 (.text:CBUFF_setupNonInterleaved_MultiChirp_CP_ADC_CQ_USER)
                  007eddc0    00000200     main_dss.oe674 (.text:Test_initTask)
                  007edfc0    00000200     rts6740_elf.lib : _printfi.obj (.text:_ltostr)
                  007ee1c0    00000200     sysbios.ae674 : c64p_Hwi_disp_always.obj (.text:_ti_sysbios_family_c64p_Hwi_dispatchAlways)
                  007ee3c0    00000200                   : BIOS.obj (.text:ti_sysbios_family_c64p_EventCombiner_dispatchPlug__E)
                  007ee5c0    00000200                   : BIOS.obj (.text:ti_sysbios_family_c64p_EventCombiner_dispatch__E)
                  007ee7c0    00000200     ti.targets.rts6000.ae674 : Error.oe674 (.text:xdc_runtime_Error_policyDefault__E)
                  007ee9c0    000001e0     libadcbuf_xwr16xx.ae674 : adcbuf_mmwave.oe674 (.text:ADCBUF_MMWave_open)
                  007eeba0    000001e0     cbuff_transfer.oe674 (.text:CBUFF_setupNonInterleaved_MultiChirp_CP_ADC)
                  007eed80    000001e0     cbuff_transfer.oe674 (.text:CBUFF_setupNonInterleaved_MultiChirp_CP_ADC_CQ)
                  007eef60    000001e0     cbuff_transfer.oe674 (.text:CBUFF_setupTransfer)
                  007ef140    000001e0     libedma_xwr16xx.ae674 : edma.oe674 (.text:EDMA_init)
                  007ef320    000001e0     sysbios.ae674 : BIOS.obj (.text:ti_sysbios_gates_GateMutex_enter__E)
                  007ef500    000001e0                   : BIOS.obj (.text:ti_sysbios_knl_Task_checkStacks__E)
                  007ef6e0    000001e0                   : BIOS.obj (.text:ti_sysbios_knl_Task_exit__E)
                  007ef8c0    000001e0     ti.targets.rts6000.ae674 : Text.oe674 (.text:xdc_runtime_Text_putSite__E)
                  007efaa0    000001c0     cbuff_transfer.oe674 (.text:CBUFF_setupNonInterleaved_MultiChirp_ADC_CP)
                  007efc60    000001c0     libsoc_xwr16xx.ae674 : soc.oe674 (.text:SOC_deregisterSysIntListener)
                  007efe20    000001c0     rts6740_elf.lib : imath40.obj (.text:__c6xabi_divul)
                  007effe0    000001c0                     : frexp.obj (.text:frexp)
                  007f01a0    000001a0     libadcbuf_xwr16xx.ae674 : adcbuf_mmwave.oe674 (.text:ADCBUFTestPatternConfig)
                  007f0340    000001a0     libedma_xwr16xx.ae674 : edma.oe674 (.text:EDMA_paramConfig_assist)
                  007f04e0    000001a0     rts6740_elf.lib : trgdrv.obj (.text:HOSTrename)
                  007f0680    000001a0                     : lowlev.obj (.text:getdevice)
                  007f0820    000001a0     sysbios.ae674 : BIOS.obj (.text:ti_sysbios_family_c64p_Cache_getL2InitSize__I)
                  007f09c0    000001a0                   : BIOS.obj (.text:ti_sysbios_heaps_HeapBuf_Module_startup__E)
                  007f0b60    000001a0                   : BIOS.obj (.text:ti_sysbios_knl_Task_schedule__I)
                  007f0d00    000001a0                   : BIOS.obj (.text:ti_sysbios_timers_rti_Timer_startup__E)
                  007f0ea0    000001a0     ti.targets.rts6000.ae674 : Core-smem.oe674 (.text:xdc_runtime_Core_constructObject__I)
                  007f1040    00000180     libadcbuf_xwr16xx.ae674 : adcbuf_mmwave.oe674 (.text:ADCBUFCmdParamCheck)
                  007f11c0    00000180     cbuff_transfer.oe674 (.text:CBUFF_setupNonInterleaved_CP_ADC)
                  007f1340    00000180     cbuff_transfer.oe674 (.text:CBUFF_setupNonInterleaved_CP_ADC_CQ_USER)
                  007f14c0    00000180     rts6740_elf.lib : ldexp.obj (.text:ldexp)
                  007f1640    00000180     sysbios.ae674 : c64p_Exception_asm.obj (.text)
                  007f17c0    00000180                   : BIOS.obj (.text:ti_sysbios_family_c64p_Cache_enable__E)
                  007f1940    00000180                   : BIOS.obj (.text:ti_sysbios_knl_Task_postInit__I)
                  007f1ac0    00000180                   : BIOS.obj (.text:ti_sysbios_knl_Task_startCore__E)
                  007f1c40    00000160     cbuff_transfer.oe674 (.text:CBUFF_setupNonInterleaved_ADC_CP)
                  007f1da0    00000160     cbuff_transfer.oe674 (.text:CBUFF_setupNonInterleaved_CP_ADC_CQ)
                  007f1f00    00000160     libsoc_xwr16xx.ae674 : soc.oe674 (.text:SOC_registerSysIntListener)
                  007f2060    00000160     test_common.oe674 (.text:Test_enableADCChannel)
                  007f21c0    00000160     sysbios.ae674 : BIOS.obj (.text:ti_sysbios_knl_Swi_post__E)
                  007f2320    00000160     ti.targets.rts6000.ae674 : Text.oe674 (.text:xdc_runtime_Text_putMod__E)
                  007f2480    00000140     cbuff.oe674 (.text:CBUFF_ISR)
                  007f25c0    00000140     cbuff.oe674 (.text:CBUFF_control)
                  007f2700    00000140     cbuff.oe674 (.text:CBUFF_deactivateSession)
                  007f2840    00000140     cbuff.oe674 (.text:CBUFF_deregisterFrameDone)
                  007f2980    00000140     libedma_xwr16xx.ae674 : edma_low_level.oe674 (.text:EDMA3Init)
                  007f2ac0    00000140                           : edma.oe674 (.text:EDMA_transferController_error_isr)
                  007f2c00    00000140     rts6740_elf.lib : fclose.obj (.text:__TI_closefile)
                  007f2d40    00000140                     : fflush.obj (.text:fflush)
                  007f2e80    00000140     sysbios.ae674 : BIOS.obj (.text:ti_sysbios_family_c64p_Cache_getL1DInitSize__I)
                  007f2fc0    00000140                   : BIOS.obj (.text:ti_sysbios_family_c64p_Cache_getL1PInitSize__I)
                  007f3100    00000140                   : BIOS.obj (.text:ti_sysbios_family_c64p_Hwi_Module_startup__E)
                  007f3240    00000140                   : BIOS.obj (.text:ti_sysbios_knl_Semaphore_Instance_init__E)
                  007f3380    00000140                   : BIOS.obj (.text:ti_sysbios_knl_Task_blockI__E)
                  007f34c0    00000140                   : BIOS.obj (.text:ti_sysbios_timers_rti_Timer_initDevice__I)
                  007f3600    00000140     ti.targets.rts6000.ae674 : Core-mem.oe674 (.text:xdc_runtime_Core_deleteObject__I)
                  007f3740    00000140                              : Text.oe674 (.text:xdc_runtime_Text_putLab__E)
                  007f3880    00000120     libadcbuf_xwr16xx.ae674 : adcbuf_mmwave.oe674 (.text:ADCBUF_MMWave_getChanBufAddr)
                  007f39a0    00000120     cbuff_transfer.oe674 (.text:CBUFF_setupNonInterleaved_ADC_USER)
                  007f3ac0    00000120     libsoc_xwr16xx.ae674 : soc.oe674 (.text:SOC_init)
                  007f3be0    00000120     main_dss.oe674 (.text:Test_EDMAAllocateCBUFFChannel)
                  007f3d00    00000120     boot.ae674 : autoinit.oe674 (.text:_auto_init_elf)
                  007f3e20    00000120     rts6740_elf.lib : fseek.obj (.text:fseek)
                  007f3f40    00000120     sysbios.ae674 : BIOS.obj (.text:ti_sysbios_family_c64p_Hwi_Instance_init__E)
                  007f4060    00000120                   : BIOS.obj (.text:ti_sysbios_knl_Swi_restoreHwi__E)
                  007f4180    00000120                   : BIOS.obj (.text:ti_sysbios_knl_Task_unblockI__E)
                  007f42a0    00000100     cbuff_transfer.oe674 (.text:CBUFF_addLinkedList)
                  007f43a0    00000100     cbuff_edma.oe674 (.text:CBUFF_closeEDMA)
                  007f44a0    00000100     cbuff_transfer.oe674 (.text:CBUFF_configUserBufferEDMA)
                  007f45a0    00000100     cbuff_transfer.oe674 (.text:CBUFF_displayLinkedList)
                  007f46a0    00000100     cbuff_edma.oe674 (.text:CBUFF_setupEDMAShadowLink)
                  007f47a0    00000100     rts6740_elf.lib : trgdrv.obj (.text:HOSTlseek)
                  007f48a0    00000100     libsoc_xwr16xx.ae674 : soc_xwr16xx_dss.oe674 (.text:SOC_deviceInit)
                  007f49a0    00000100                          : soc_xwr16xx.oe674 (.text:SOC_translateAddress)
                  007f4aa0    00000100     rts6740_elf.lib : _io_perm.obj (.text:__TI_wrt_ok)
                  007f4ba0    00000100                     : atoi.obj (.text:atoi)
                  007f4ca0    00000100     main_dss.oe674 (.text:main)
                  007f4da0    00000100     sysbios.ae674 : BIOS.obj (.text:ti_sysbios_family_c64p_Hwi_Instance_finalize__E)
                  007f4ea0    00000100                   : BIOS.obj (.text:ti_sysbios_knl_Swi_schedule__I)
                  007f4fa0    00000100     ti.targets.rts6000.ae674 : Error.oe674 (.text:xdc_runtime_Error_print__E)
                  007f50a0    00000100                              : Memory.oe674 (.text:xdc_runtime_Memory_alloc__E)
                  007f51a0    00000100                              : Startup.oe674 (.text:xdc_runtime_Startup_exec__E)
                  007f52a0    000000e0     libadcbuf_xwr16xx.ae674 : adcbuf_mmwave.oe674 (.text:ADCBUFChannelEnSetOffset)
                  007f5380    000000e0                             : adcbuf_mmwave.oe674 (.text:ADCBUF_MMWave_getCQBufAddr)
                  007f5460    000000e0     cbuff_transfer.oe674 (.text:CBUFF_configCQEDMA)
                  007f5540    000000e0     cbuff_lvds.oe674 (.text:CBUFF_initLVDSLinkListParams)
                  007f5620    000000e0     libosal_xwr16xx.ae674 : DebugP_tirtos.oe674 (.text:DebugP_log3)
                  007f5700    000000e0     libedma_xwr16xx.ae674 : edma.oe674 (.text:EDMA_configParamSet)
                  007f57e0    000000e0     rts6740_elf.lib : trgdrv.obj (.text:HOSTopen)
                  007f58c0    000000e0                     : trgdrv.obj (.text:HOSTwrite)
                  007f59a0    000000e0                     : lowlev.obj (.text:close)
                  007f5a80    000000e0                     : ltoa.obj (.text:ltoa)
                  007f5b60    000000e0                     : memset.obj (.text:memset)
                  007f5c40    000000e0                     : printf.obj (.text:printf)
                  007f5d20    000000e0     sysbios.ae674 : BIOS.obj (.text:ti_sysbios_knl_Swi_runLoop__I)
                  007f5e00    000000e0                   : BIOS.obj (.text:ti_sysbios_knl_Swi_startup__E)
                  007f5ee0    000000e0     ti.targets.rts6000.ae674 : Text.oe674 (.text:xdc_runtime_Text_visitRope2__I)
                  007f5fc0    000000c0     cbuff.oe674 (.text:CBUFF_deleteSession)
                  007f6080    000000c0     libosal_xwr16xx.ae674 : DebugP_tirtos.oe674 (.text:DebugP_log0)
                  007f6140    000000c0                           : DebugP_tirtos.oe674 (.text:DebugP_log1)
                  007f6200    000000c0                           : DebugP_tirtos.oe674 (.text:DebugP_log2)
                  007f62c0    000000c0     rts6740_elf.lib : trgdrv.obj (.text:HOSTread)
                  007f6380    000000c0                     : trgdrv.obj (.text:HOSTunlink)
                  007f6440    000000c0     libsoc_xwr16xx.ae674 : soc.oe674 (.text:SOC_enableLVDS)
                  007f6500    000000c0     main_dss.oe674 (.text:Test_setupEventCombiner)
                  007f65c0    000000c0     rts6740_elf.lib : fflush.obj (.text:__TI_doflush)
                  007f6680    000000c0                     : divu.obj (.text:__divu)
                  007f6740    000000c0                     : exit.obj (.text:exit)
                  007f6800    000000c0     dss_pe674.oe674 (.text:ti_sysbios_family_c64p_Hwi_create)
                  007f68c0    000000c0     sysbios.ae674 : BIOS.obj (.text:ti_sysbios_heaps_HeapMem_alloc__E)
                  007f6980    000000c0                   : BIOS.obj (.text:ti_sysbios_heaps_HeapMem_getStats__E)
                  007f6a40    000000c0                   : BIOS.obj (.text:ti_sysbios_knl_Clock_logTick__E)
                  007f6b00    000000c0                   : BIOS.obj (.text:ti_sysbios_knl_Task_allBlockedFunction__I)
                  007f6bc0    000000c0     dss_pe674.oe674 (.text:ti_sysbios_knl_Task_create)
                  007f6c80    000000c0     rts6740_elf.lib : tls.obj (.text:tls:init:__TI_tls_init)
                  007f6d40    000000c0     ti.targets.rts6000.ae674 : Assert.oe674 (.text:xdc_runtime_Assert_raise__I)
                  007f6e00    000000c0                              : Error.oe674 (.text:xdc_runtime_Error_setX__E)
                  007f6ec0    000000a0     cbuff_transfer.oe674 (.text:CBUFF_addCQLLEntry)
                  007f6f60    000000a0     cbuff_transfer.oe674 (.text:CBUFF_addUserBufferLLEntry)
                  007f7000    000000a0     cbuff.oe674 (.text:CBUFF_setVC)
                  007f70a0    000000a0     cbuff_transfer.oe674 (.text:CBUFF_shutdownTransfer)
                  007f7140    000000a0     libedma_xwr16xx.ae674 : edma_low_level.oe674 (.text:EDMA3EnableChInShadowReg)
                  007f71e0    000000a0                           : edma.oe674 (.text:EDMA_disableChannel)
                  007f7280    000000a0     rts6740_elf.lib : trgdrv.obj (.text:HOSTclose)
                  007f7320    000000a0     libsoc_xwr16xx.ae674 : soc.oe674 (.text:SOC_SystemISR)
                  007f73c0    000000a0     rts6740_elf.lib : fopen.obj (.text:__TI_cleanup)
                  007f7460    000000a0                     : remu.obj (.text:__remu)
                  007f7500    000000a0     boot.ae674 : boot.oe674 (.text:_c_int00)
                  007f75a0    000000a0     sysbios.ae674 : c64p_Hwi_asm.obj (.text:_ti_sysbios_family_c64p_Hwi_plug__E)
                  007f7640    000000a0     rts6740_elf.lib : memcpy64.obj (.text:memcpy)
                  007f76e0    000000a0                     : snprintf.obj (.text:snprintf)
                  007f7780    000000a0     sysbios.ae674 : BIOS.obj (.text:ti_sysbios_family_c64p_Exception_Module_startup__E)
                  007f7820    000000a0                   : BIOS.obj (.text:ti_sysbios_family_c64p_Hwi_dispatchC__I)
                  007f78c0    000000a0                   : BIOS.obj (.text:ti_sysbios_family_c64p_Hwi_eventMap__E)
                  007f7960    000000a0                   : BIOS.obj (.text:ti_sysbios_family_c64p_Hwi_getStackInfo__E)
                  007f7a00    000000a0                   : BIOS.obj (.text:ti_sysbios_heaps_HeapMem_init__I)
                  007f7aa0    000000a0     ti.targets.rts6000.ae674 : Core-params.oe674 (.text:xdc_runtime_Core_assignParams__I)
                  007f7b40    000000a0                              : System.oe674 (.text:xdc_runtime_System_formatNum__I)
                  007f7be0    000000a0                              : System.oe674 (.text:xdc_runtime_System_putchar__I)
                  007f7c80    000000a0                              : Text.oe674 (.text:xdc_runtime_Text_printVisFxn__I)
                  007f7d20    000000a0                              : Text.oe674 (.text:xdc_runtime_Text_xprintf__I)
                  007f7dc0    00000080     libadcbuf_xwr16xx.ae674 : ADCBuf.oe674 (.text:ADCBuf_init)
                  007f7e40    00000080     cbuff_lvds.oe674 (.text:CBUFF_closeLVDS)
                  007f7ec0    00000080     cbuff_transfer.oe674 (.text:CBUFF_setupHeader)
                  007f7f40    00000080     cbuff_transfer.oe674 (.text:CBUFF_setup_USER)
                  007f7fc0    00000080     libedma_xwr16xx.ae674 : edma_low_level.oe674 (.text:EDMA3MapChToEvtQ)
                  007f8040    00000080                           : edma.oe674 (.text:EDMA_chainChannels)
                  007f80c0    00000080                           : edma.oe674 (.text:EDMA_linkParamSets)
                  007f8140    00000080     libsoc_xwr16xx.ae674 : soc_xwr16xx_dss.oe674 (.text:SOC_deviceDeinit)
                  007f81c0    00000080     rts6740_elf.lib : trgmsg.obj (.text:__TI_readmsg)
                  007f8240    00000080                     : trgmsg.obj (.text:__TI_writemsg)
                  007f82c0    00000080                     : llshift.obj (.text:__c6xabi_llshl)
                  007f8340    00000080                     : snprintf.obj (.text:_outs)
                  007f83c0    00000080     sysbios.ae674 : c62_TaskSupport_asm.obj (.text:_ti_sysbios_family_c62_TaskSupport_swap__E)
                  007f8440    00000080     dss_pe674.oe674 (.text:ti_sysbios_BIOS_atExitFunc__I)
                  007f84c0    00000080     dss_pe674.oe674 (.text:ti_sysbios_BIOS_registerRTSLock__I)
                  007f8540    00000080     sysbios.ae674 : BIOS.obj (.text:ti_sysbios_family_c64p_Cache_invL1pAll__E)
                  007f85c0    00000080     dss_pe674.oe674 (.text:ti_sysbios_gates_GateHwi_Object__create__S)
                  007f8640    00000080     dss_pe674.oe674 (.text:ti_sysbios_gates_GateMutex_Object__create__S)
                  007f86c0    00000080     sysbios.ae674 : BIOS.obj (.text:ti_sysbios_hal_Hwi_checkStack)
                  007f8740    00000080                   : BIOS.obj (.text:ti_sysbios_hal_Hwi_initStack)
                  007f87c0    00000080     dss_pe674.oe674 (.text:ti_sysbios_heaps_HeapMem_Object__create__S)
                  007f8840    00000080     dss_pe674.oe674 (.text:ti_sysbios_knl_Clock_doTick__I)
                  007f88c0    00000080     sysbios.ae674 : BIOS.obj (.text:ti_sysbios_knl_Idle_run__E)
                  007f8940    00000080                   : BIOS.obj (.text:ti_sysbios_knl_Semaphore_pendTimeout__I)
                  007f89c0    00000080                   : BIOS.obj (.text:ti_sysbios_timers_rti_Timer_stop__E)
                  007f8a40    00000080     rts6740_elf.lib : lowlev.obj (.text:unlink)
                  007f8ac0    00000080     ti.targets.rts6000.ae674 : Core-label.oe674 (.text:xdc_runtime_Core_assignLabel__I)
                  007f8b40    00000080                              : SysStd.oe674 (.text:xdc_runtime_SysStd_abort__E)
                  007f8bc0    00000080                              : System.oe674 (.text:xdc_runtime_System_atexit__E)
                  007f8c40    00000080                              : System.oe674 (.text:xdc_runtime_System_avprintf__E)
                  007f8cc0    00000080                              : System.oe674 (.text:xdc_runtime_System_processAtExit__E)
                  007f8d40    00000080                              : System.oe674 (.text:xdc_runtime_System_vprintf__E)
                  007f8dc0    00000060     libadcbuf_xwr16xx.ae674 : adcbuf_mmwave.oe674 (.text:ADCBUF_MMWave_close)
                  007f8e20    00000060                             : ADCBuf.oe674 (.text:ADCBuf_open)
                  007f8e80    00000060     cbuff.oe674 (.text:CBUFF_ErrorISR)
                  007f8ee0    00000060     libedma_xwr16xx.ae674 : edma_low_level.oe674 (.text:EDMA3ClrEvt)
                  007f8f40    00000060                           : edma_low_level.oe674 (.text:EDMA3ClrIntr)
                  007f8fa0    00000060                           : edma_low_level.oe674 (.text:EDMA3ClrMissEvt)
                  007f9000    00000060                           : edma_low_level.oe674 (.text:EDMA3DisableEvtIntr)
                  007f9060    00000060                           : edma_low_level.oe674 (.text:EDMA3EnableDmaEvt)
                  007f90c0    00000060                           : edma_low_level.oe674 (.text:EDMA3EnableEvtIntr)
                  007f9120    00000060                           : edma.oe674 (.text:EDMA_configTransferControllerError)
                  007f9180    00000060                           : edma.oe674 (.text:EDMA_validate_channelIdchannelType)
                  007f91e0    00000060     libsoc_xwr16xx.ae674 : soc.oe674 (.text:SOC_deinit)
                  007f9240    00000060                          : soc.oe674 (.text:SOC_unhaltBSS)
                  007f92a0    00000060     rts6740_elf.lib : llshift.obj (.text:__c6xabi_llshru)
                  007f9300    00000060                     : imath64.obj (.text:_subcull)
                  007f9360    00000060     sysbios.ae674 : c64p_Hwi_asm_switch.obj (.text:_ti_sysbios_family_c64p_Hwi_switchAndDispatch__I)
                  007f93c0    00000060                   : c64p_Hwi_asm_switch.obj (.text:_ti_sysbios_family_xxx_Hwi_switchAndRunFunc)
                  007f9420    00000060     rts6740_elf.lib : lowlev.obj (.text:lseek)
                  007f9480    00000060                     : memccpy.obj (.text:memccpy)
                  007f94e0    00000060                     : sprintf.obj (.text:sprintf)
                  007f9540    00000060     dss_pe674.oe674 (.text:ti_sysbios_BIOS_errorRaiseHook__I)
                  007f95a0    00000060     dss_pe674.oe674 (.text:ti_sysbios_BIOS_removeRTSLock__I)
                  007f9600    00000060     dss_pe674.oe674 (.text:ti_sysbios_BIOS_startFunc__I)
                  007f9660    00000060     sysbios.ae674 : BIOS.obj (.text:ti_sysbios_family_c62_TaskSupport_start__E)
                  007f96c0    00000060                   : BIOS.obj (.text:ti_sysbios_family_c64p_Cache_setMar__E)
                  007f9720    00000060                   : BIOS.obj (.text:ti_sysbios_family_c64p_EventCombiner_Module_startup__E)
                  007f9780    00000060                   : BIOS.obj (.text:ti_sysbios_family_c64p_EventCombiner_unused__E)
                  007f97e0    00000060     dss_pe674.oe674 (.text:ti_sysbios_gates_GateMutex_Object__delete__S)
                  007f9840    00000060     sysbios.ae674 : BIOS.obj (.text:ti_sysbios_heaps_HeapMem_free__E)
                  007f98a0    00000060                   : BIOS.obj (.text:ti_sysbios_knl_Clock_Module_startup__E)
                  007f9900    00000060     dss_pe674.oe674 (.text:ti_sysbios_knl_Queue_construct)
                  007f9960    00000060     dss_pe674.oe674 (.text:ti_sysbios_knl_Semaphore_construct)
                  007f99c0    00000060     sysbios.ae674 : BIOS.obj (.text:ti_sysbios_knl_Swi_Module_startup__E)
                  007f9a20    00000060                   : BIOS.obj (.text:ti_sysbios_knl_Task_enter__I)
                  007f9a80    00000060     dss_pe674.oe674 (.text:ti_sysbios_rts_gnu_MemAlloc_alloc)
                  007f9ae0    00000060     rts6740_elf.lib : lowlev.obj (.text:write)
                  007f9b40    00000060     ti.targets.rts6000.ae674 : Memory.oe674 (.text:xdc_runtime_Memory_valloc__E)
                  007f9ba0    00000060                              : Text.oe674 (.text:xdc_runtime_Text_cordText__E)
                  007f9c00    00000040     cbuff.oe674 (.text:CBUFF_FrameStartISR)
                  007f9c40    00000040     cbuff_lvds.oe674 (.text:CBUFF_finalizeLVDSLinkListParams)
                  007f9c80    00000040     cbuff.oe674 (.text:CSL_FEXTR)
                  007f9cc0    00000040     cbuff_lvds.oe674 (.text:CSL_FEXTR)
                  007f9d00    00000040     libadcbuf_xwr16xx.ae674 : adcbuf_mmwave.oe674 (.text:CSL_FEXTR)
                  007f9d40    00000040     libsoc_xwr16xx.ae674 : soc.oe674 (.text:CSL_FEXTR)
                  007f9d80    00000040     cbuff.oe674 (.text:CSL_FINSR)
                  007f9dc0    00000040     cbuff_lvds.oe674 (.text:CSL_FINSR)
                  007f9e00    00000040     cbuff_transfer.oe674 (.text:CSL_FINSR)
                  007f9e40    00000040     libadcbuf_xwr16xx.ae674 : adcbuf_mmwave.oe674 (.text:CSL_FINSR)
                  007f9e80    00000040     libsoc_xwr16xx.ae674 : soc.oe674 (.text:CSL_FINSR)
                  007f9ec0    00000040                          : soc_xwr16xx_dss.oe674 (.text:CSL_FINSR)
                  007f9f00    00000040     libedma_xwr16xx.ae674 : edma_low_level.oe674 (.text:EDMA3DisableDmaEvt)
                  007f9f40    00000040                           : edma_low_level.oe674 (.text:EDMA3MapQdmaChToPaRAM)
                  007f9f80    00000040                           : edma_low_level.oe674 (.text:EDMA3SetPaRAM)
                  007f9fc0    00000040                           : edma_low_level.oe674 (.text:EDMA3SetQdmaTrigWord)
                  007fa000    00000040     libosal_xwr16xx.ae674 : HwiP_tirtos.oe674 (.text:HwiP_create)
                  007fa040    00000040                           : HwiP_tirtos.oe674 (.text:HwiP_delete)
                  007fa080    00000040     libtestlogger_xwr16xx.ae674 : logger.oe674 (.text:MCPI_Initialize)
                  007fa0c0    00000040     libsoc_xwr16xx.ae674 : soc_xwr16xx_dss.oe674 (.text:SOC_getInAddr_LUTType)
                  007fa100    00000040                          : soc_xwr16xx_dss.oe674 (.text:SOC_getOutAddr_LUTType)
                  007fa140    00000040                          : soc_xwr16xx_dss.oe674 (.text:SOC_microDelay)
                  007fa180    00000040     rts6740_elf.lib : frcmpyd_div.obj (.text:__TI_frcmpyd_div)
                  007fa1c0    00000040                     : isinf.obj (.text:__c6xabi_isinf)
                  007fa200    00000040                     : _printfi.obj (.text:__c6xabi_isnan)
                  007fa240    00000040                     : strasg.obj (.text:__strasgi_64plus)
                  007fa280    00000040                     : args_main.obj (.text:_args_main)
                  007fa2c0    00000040                     : snprintf.obj (.text:_outc)
                  007fa300    00000040                     : sprintf.obj (.text:_outs)
                  007fa340    00000040     sysbios.ae674 : c62_TaskSupport_asm.obj (.text:_ti_sysbios_family_c62_TaskSupport_buildTaskStack)
                  007fa380    00000040     dss_pe674.oe674 (.text:free)
                  007fa3c0    00000040     dss_pe674.oe674 (.text:ti_sysbios_BIOS_exitFunc__I)
                  007fa400    00000040     dss_pe674.oe674 (.text:ti_sysbios_BIOS_rtsLock__I)
                  007fa440    00000040     dss_pe674.oe674 (.text:ti_sysbios_BIOS_rtsUnlock__I)
                  007fa480    00000040     sysbios.ae674 : BIOS.obj (.text:ti_sysbios_family_c64p_EventCombiner_disableEvent__E)
                  007fa4c0    00000040                   : BIOS.obj (.text:ti_sysbios_family_c64p_EventCombiner_enableEvent__E)
                  007fa500    00000040                   : BIOS.obj (.text:ti_sysbios_family_c64p_Hwi_disableInterrupt__E)
                  007fa540    00000040                   : BIOS.obj (.text:ti_sysbios_family_c64p_Hwi_enableInterrupt__E)
                  007fa580    00000040     dss_pe674.oe674 (.text:ti_sysbios_gates_GateHwi_Handle__label__S)
                  007fa5c0    00000040     dss_pe674.oe674 (.text:ti_sysbios_gates_GateHwi_Object__delete__S)
                  007fa600    00000040     dss_pe674.oe674 (.text:ti_sysbios_gates_GateMutex_Handle__label__S)
                  007fa640    00000040     sysbios.ae674 : BIOS.obj (.text:ti_sysbios_gates_GateMutex_Instance_init__E)
                  007fa680    00000040                   : BIOS.obj (.text:ti_sysbios_gates_GateMutex_leave__E)
                  007fa6c0    00000040     dss_pe674.oe674 (.text:ti_sysbios_heaps_HeapMem_Handle__label__S)
                  007fa700    00000040     dss_pe674.oe674 (.text:ti_sysbios_heaps_HeapMem_Object__delete__S)
                  007fa740    00000040     dss_pe674.oe674 (.text:ti_sysbios_heaps_HeapMem_Object__get__S)
                  007fa780    00000040     dss_pe674.oe674 (.text:ti_sysbios_knl_Semaphore_destruct)
                  007fa7c0    00000040     dss_pe674.oe674 (.text:ti_sysbios_knl_Swi_Object__get__S)
                  007fa800    00000040     dss_pe674.oe674 (.text:ti_sysbios_knl_Task_Object__get__S)
                  007fa840    00000040     sysbios.ae674 : BIOS.obj (.text:ti_sysbios_timers_rti_Timer_periodicStub__E)
                  007fa880    00000040     ti.targets.rts6000.ae674 : Error.oe674 (.text:xdc_runtime_Error_check__E)
                  007fa8c0    00000040                              : Error.oe674 (.text:xdc_runtime_Error_init__E)
                  007fa900    00000040                              : Registry.oe674 (.text:xdc_runtime_Registry_findById__E)
                  007fa940    00000040                              : System.oe674 (.text:xdc_runtime_System_abort__E)
                  007fa980    00000040     dss_pe674.oe674 (.text:xdc_runtime_System_aprintf__E)
                  007fa9c0    00000040     ti.targets.rts6000.ae674 : System.oe674 (.text:xdc_runtime_System_exit__E)
                  007faa00    00000040     dss_pe674.oe674 (.text:xdc_runtime_System_printf__E)
                  007faa40    00000020     libadcbuf_xwr16xx.ae674 : adcbuf_mmwave.oe674 (.text:ADCBUF_MMWave_init)
                  007faa60    00000020                             : ADCBuf.oe674 (.text:ADCBuf_Params_init)
                  007faa80    00000020                             : ADCBuf.oe674 (.text:ADCBuf_control)
                  007faaa0    00000020                             : ADCBuf.oe674 (.text:ADCBuf_getChanBufAddr)
                  007faac0    00000020     cbuff_lvds.oe674 (.text:CBUFF_deinitLVDS)
                  007faae0    00000020     libedma_xwr16xx.ae674 : edma_low_level.oe674 (.text:EDMA3ChannelToParamMap)
                  007fab00    00000020                           : edma_low_level.oe674 (.text:EDMA3ClrCCErr)
                  007fab20    00000020                           : edma_low_level.oe674 (.text:EDMA3DisableQdmaEvt)
                  007fab40    00000020                           : edma_low_level.oe674 (.text:EDMA3EnableQdmaEvt)
                  007fab60    00000020                           : edma_low_level.oe674 (.text:EDMA3ErrIntrHighStatusGet)
                  007fab80    00000020                           : edma_low_level.oe674 (.text:EDMA3GetCCErrStatus)
                  007faba0    00000020                           : edma_low_level.oe674 (.text:EDMA3GetErrIntrStatus)
                  007fabc0    00000020                           : edma_low_level.oe674 (.text:EDMA3GetIntrStatus)
                  007fabe0    00000020                           : edma_low_level.oe674 (.text:EDMA3IntrStatusHighGet)
                  007fac00    00000020                           : edma_low_level.oe674 (.text:EDMA3QdmaClrMissEvt)
                  007fac20    00000020                           : edma_low_level.oe674 (.text:EDMA3QdmaGetErrIntrStatus)
                  007fac40    00000020                           : edma_low_level.oe674 (.text:EDMAsetRegion)
                  007fac60    00000020     libosal_xwr16xx.ae674 : HwiP_tirtos.oe674 (.text:HwiP_Params_init)
                  007fac80    00000020                           : HwiP_tirtos.oe674 (.text:HwiP_disable)
                  007faca0    00000020                           : HwiP_tirtos.oe674 (.text:HwiP_disableInterrupt)
                  007facc0    00000020                           : HwiP_tirtos.oe674 (.text:HwiP_enableInterrupt)
                  007face0    00000020                           : HwiP_tirtos.oe674 (.text:HwiP_restore)
                  007fad00    00000020     libtestlogger_xwr16xx.ae674 : logger.oe674 (.text:MCPI_setTestResult)
                  007fad20    00000020     libosal_xwr16xx.ae674 : MemoryP_tirtos.oe674 (.text:MemoryP_ctrlAlloc)
                  007fad40    00000020                           : MemoryP_tirtos.oe674 (.text:MemoryP_ctrlFree)
                  007fad60    00000020     main_dss.oe674 (.text:Test_EDMAFreeCBUFFChannel)
                  007fad80    00000020     main_dss.oe674 (.text:Test_edmaErrorCallbackFxn)
                  007fada0    00000020     main_dss.oe674 (.text:Test_edmaTransferControllerErrorCallbackFxn)
                  007fadc0    00000020     libosal_xwr16xx.ae674 : DebugP_tirtos.oe674 (.text:_DebugP_assert)
                  007fade0    00000020     rts6740_elf.lib : errno.obj (.text:__c6xabi_errno_addr)
                  007fae00    00000020                     : push.obj (.text:__pop_rts)
                  007fae20    00000020                     : push.obj (.text:__push_rts)
                  007fae40    00000020     ti.targets.rts6000.ae674 : xdc_noinit.oe674 (.text:__xdc__init)
                  007fae60    00000020     rts6740_elf.lib : _lock.obj (.text:_nop)
                  007fae80    00000020                     : printf.obj (.text:_outc)
                  007faea0    00000020                     : sprintf.obj (.text:_outc)
                  007faec0    00000020                     : printf.obj (.text:_outs)
                  007faee0    00000020                     : _lock.obj (.text:_register_lock)
                  007faf00    00000020                     : _lock.obj (.text:_register_unlock)
                  007faf20    00000020     sysbios.ae674 : c62_TaskSupport_asm.obj (.text:_ti_sysbios_family_c62_TaskSupport_glue)
                  007faf40    00000020     rts6740_elf.lib : exit.obj (.text:abort)
                  007faf60    00000020                     : fputc.obj (.text:putchar)
                  007faf80    00000020     dss_pe674.oe674 (.text:ti_sysbios_BIOS_RtsGateProxy_enter__E)
                  007fafa0    00000020     dss_pe674.oe674 (.text:ti_sysbios_BIOS_RtsGateProxy_leave__E)
                  007fafc0    00000020     sysbios.ae674 : BIOS.obj (.text:ti_sysbios_BIOS_exit__E)
                  007fafe0    00000020                   : BIOS.obj (.text:ti_sysbios_BIOS_linkedWithIncorrectBootLibrary__E)
                  007fb000    00000020     dss_pe674.oe674 (.text:ti_sysbios_BIOS_nullFunc__I)
                  007fb020    00000020     sysbios.ae674 : BIOS.obj (.text:ti_sysbios_BIOS_setThreadType__E)
                  007fb040    00000020                   : BIOS.obj (.text:ti_sysbios_BIOS_start__E)
                  007fb060    00000020     dss_pe674.oe674 (.text:ti_sysbios_family_c62_TaskSupport_Module__startupDone__S)
                  007fb080    00000020     sysbios.ae674 : BIOS.obj (.text:ti_sysbios_family_c62_TaskSupport_checkStack__E)
                  007fb0a0    00000020                   : BIOS.obj (.text:ti_sysbios_family_c62_TaskSupport_getStackAlignment__E)
                  007fb0c0    00000020                   : BIOS.obj (.text:ti_sysbios_family_c64p_Cache_wbInv__E)
                  007fb0e0    00000020     dss_pe674.oe674 (.text:ti_sysbios_family_c64p_Hwi_Module__startupDone__F)
                  007fb100    00000020     dss_pe674.oe674 (.text:ti_sysbios_family_c64p_Hwi_Params__init__S)
                  007fb120    00000020     sysbios.ae674 : BIOS.obj (.text:ti_sysbios_family_c64p_Hwi_clearInterrupt__E)
                  007fb140    00000020                   : BIOS.obj (.text:ti_sysbios_family_c64p_Hwi_startup__E)
                  007fb160    00000020                   : BIOS.obj (.text:ti_sysbios_family_c64p_Hwi_switchFromBootStack__E)
                  007fb180    00000020                   : BIOS.obj (.text:ti_sysbios_family_c64p_Hwi_unPluggedInterrupt__I)
                  007fb1a0    00000020                   : BIOS.obj (.text:ti_sysbios_gates_GateHwi_Instance_init__E)
                  007fb1c0    00000020                   : BIOS.obj (.text:ti_sysbios_gates_GateHwi_enter__E)
                  007fb1e0    00000020                   : BIOS.obj (.text:ti_sysbios_gates_GateHwi_leave__E)
                  007fb200    00000020                   : BIOS.obj (.text:ti_sysbios_gates_GateHwi_query__E)
                  007fb220    00000020                   : BIOS.obj (.text:ti_sysbios_gates_GateMutex_Instance_finalize__E)
                  007fb240    00000020                   : BIOS.obj (.text:ti_sysbios_gates_GateMutex_query__E)
                  007fb260    00000020                   : BIOS.obj (.text:ti_sysbios_hal_Hwi_Module_startup__E)
                  007fb280    00000020     dss_pe674.oe674 (.text:ti_sysbios_heaps_HeapBuf_Object__get__S)
                  007fb2a0    00000020     dss_pe674.oe674 (.text:ti_sysbios_heaps_HeapMem_Module_GateProxy_enter__E)
                  007fb2c0    00000020     dss_pe674.oe674 (.text:ti_sysbios_heaps_HeapMem_Module_GateProxy_leave__E)
                  007fb2e0    00000020     sysbios.ae674 : BIOS.obj (.text:ti_sysbios_heaps_HeapMem_isBlocking__E)
                  007fb300    00000020     dss_pe674.oe674 (.text:ti_sysbios_knl_Clock_TimerProxy_getMaxTicks__E)
                  007fb320    00000020     sysbios.ae674 : BIOS.obj (.text:ti_sysbios_knl_Idle_loop__E)
                  007fb340    00000020                   : BIOS.obj (.text:ti_sysbios_knl_Queue_Instance_init__E)
                  007fb360    00000020     dss_pe674.oe674 (.text:ti_sysbios_knl_Queue_Object__get__S)
                  007fb380    00000020     dss_pe674.oe674 (.text:ti_sysbios_knl_Queue_destruct)
                  007fb3a0    00000020     sysbios.ae674 : BIOS.obj (.text:ti_sysbios_knl_Queue_empty__E)
                  007fb3c0    00000020                   : BIOS.obj (.text:ti_sysbios_knl_Semaphore_Instance_finalize__E)
                  007fb3e0    00000020                   : BIOS.obj (.text:ti_sysbios_knl_Swi_disable__E)
                  007fb400    00000020     dss_pe674.oe674 (.text:ti_sysbios_knl_Task_Params__init__S)
                  007fb420    00000020     sysbios.ae674 : BIOS.obj (.text:ti_sysbios_knl_Task_disable__E)
                  007fb440    00000020                   : BIOS.obj (.text:ti_sysbios_knl_Task_startup__E)
                  007fb460    00000020     dss_pe674.oe674 (.text:ti_sysbios_timers_rti_Timer_Module__startupDone__F)
                  007fb480    00000020     sysbios.ae674 : BIOS.obj (.text:ti_sysbios_timers_rti_Timer_getMaxTicks__E)
                  007fb4a0    00000020     ti.targets.rts6000.ae674 : Error.oe674 (.text:xdc_runtime_Error_getSite__E)
                  007fb4c0    00000020                              : Error.oe674 (.text:xdc_runtime_Error_raiseX__E)
                  007fb4e0    00000020                              : Gate.oe674 (.text:xdc_runtime_Gate_enterSystem__E)
                  007fb500    00000020                              : Gate.oe674 (.text:xdc_runtime_Gate_leaveSystem__E)
                  007fb520    00000020     dss_pe674.oe674 (.text:xdc_runtime_IHeap_alloc)
                  007fb540    00000020     dss_pe674.oe674 (.text:xdc_runtime_IHeap_free)
                  007fb560    00000020     ti.targets.rts6000.ae674 : Memory.oe674 (.text:xdc_runtime_Memory_calloc__E)
                  007fb580    00000020                              : Memory.oe674 (.text:xdc_runtime_Memory_free__E)
                  007fb5a0    00000020                              : Memory.oe674 (.text:xdc_runtime_Memory_getMaxDefaultTypeAlign__E)
                  007fb5c0    00000020     dss_pe674.oe674 (.text:xdc_runtime_Startup_exec__I)
                  007fb5e0    00000020     dss_pe674.oe674 (.text:xdc_runtime_Startup_reset__I)
                  007fb600    00000020     ti.targets.rts6000.ae674 : Startup.oe674 (.text:xdc_runtime_Startup_rtsDone__E)
                  007fb620    00000020                              : SysStd.oe674 (.text:xdc_runtime_SysStd_exit__E)
                  007fb640    00000020                              : SysStd.oe674 (.text:xdc_runtime_SysStd_putch__E)
                  007fb660    00000020                              : SysStd.oe674 (.text:xdc_runtime_SysStd_ready__E)
                  007fb680    00000020     dss_pe674.oe674 (.text:xdc_runtime_System_Module_GateProxy_enter__E)
                  007fb6a0    00000020     dss_pe674.oe674 (.text:xdc_runtime_System_Module_GateProxy_leave__E)
                  007fb6c0    00000020     ti.targets.rts6000.ae674 : System.oe674 (.text:xdc_runtime_System_Module_startup__E)
                  007fb6e0    00000020                              : System.oe674 (.text:xdc_runtime_System_vsnprintf__E)
                  007fb700    00000020                              : Text.oe674 (.text:xdc_runtime_Text_ropeText__E)
                  007fb720    00000020     dss_pe674.oe674 (.text:xdc_runtime_Text_visitRope__I)

.const     0    00810000    000033b4     
                  00810000    00001925     dss_pe674.oe674 (.const:xdc_runtime_Text_charTab__A)
                  00811925    00000001     --HOLE-- [fill = 0]
                  00811926    00000002     dss_pe674.oe674 (.const:ti_sysbios_family_c64p_Cache_Module__id__C)
                  00811928    000006fc     test_common.oe674 (.const:.string)
                  00812024    00000518     sysbios.ae674 : BIOS.obj (.const:.string)
                  0081253c    00000230     main_dss.oe674 (.const:.string)
                  0081276c    00000108     cbuff_transfer.oe674 (.const:.string)
                  00812874    00000004     ti.targets.rts6000.ae674 : Assert.oe674 (.const:.string)
                  00812878    00000101     rts6740_elf.lib : ctype.obj (.const:.string:_ctypes_)
                  00812979    00000001     --HOLE-- [fill = 0]
                  0081297a    00000002     dss_pe674.oe674 (.const:ti_sysbios_family_c64p_EventCombiner_Module__id__C)
                  0081297c    00000004     dss_pe674.oe674 (.const:ti_sysbios_family_c62_TaskSupport_stackAlignment__C)
                  00812980    000000c8     dss_pe674.oe674 (.const:xdc_runtime_Text_nodeTab__A)
                  00812a48    00000094     libtestlogger_xwr16xx.ae674 : logger.oe674 (.const:.string)
                  00812adc    00000004     dss_pe674.oe674 (.const:ti_sysbios_family_c64p_Cache_EMIFA_BASE__C)
                  00812ae0    00000068     libedma_xwr16xx.ae674 : edma_xwr1xxx.oe674 (.const:gEdmaHwAttrs)
                  00812b48    00000064     dss_pe674.oe674 (.const:.string)
                  00812bac    00000058     libedma_xwr16xx.ae674 : edma.oe674 (.const:.string)
                  00812c04    00000058     ti.targets.rts6000.ae674 : Error.oe674 (.const:.string)
                  00812c5c    00000040     cbuff_lvds.oe674 (.const:.string)
                  00812c9c    00000040     ti.targets.rts6000.ae674 : Text.oe674 (.const:.string)
                  00812cdc    0000003c     libsoc_xwr16xx.ae674 : soc_xwr16xx_dss.oe674 (.const:.string)
                  00812d18    0000003c     dss_pe674.oe674 (.const:ti_sysbios_knl_Task_Object__PARAMS__C)
                  00812d54    00000030     dss_pe674.oe674 (.const:ti_sysbios_family_c64p_Hwi_Object__PARAMS__C)
                  00812d84    0000002c     ti.targets.rts6000.ae674 : Startup.oe674 (.const:.string)
                  00812db0    0000002c     dss_pe674.oe674 (.const:xdc_runtime_Startup_sfxnTab__A)
                  00812ddc    00000028     cbuff.oe674 (.const:.string)
                  00812e04    00000028     dss_pe674.oe674 (.const:ti_sysbios_heaps_HeapMem_Module__FXNS__C)
                  00812e2c    00000024     rts6740_elf.lib : _printfi.obj (.const:.string)
                  00812e50    00000024     dss_pe674.oe674 (.const:ti_sysbios_gates_GateHwi_Module__FXNS__C)
                  00812e74    00000024     dss_pe674.oe674 (.const:ti_sysbios_gates_GateMutex_Module__FXNS__C)
                  00812e98    00000024     dss_pe674.oe674 (.const:ti_sysbios_heaps_HeapMem_Object__PARAMS__C)
                  00812ebc    00000024     dss_pe674.oe674 (.const:ti_sysbios_knl_Semaphore_Object__PARAMS__C)
                  00812ee0    00000020     dss_pe674.oe674 (.const:ti_sysbios_family_c64p_Hwi_Object__DESC__C)
                  00812f00    00000020     dss_pe674.oe674 (.const:ti_sysbios_gates_GateHwi_Object__DESC__C)
                  00812f20    00000020     dss_pe674.oe674 (.const:ti_sysbios_gates_GateMutex_Object__DESC__C)
                  00812f40    00000020     dss_pe674.oe674 (.const:ti_sysbios_heaps_HeapMem_Object__DESC__C)
                  00812f60    00000020     dss_pe674.oe674 (.const:ti_sysbios_knl_Queue_Object__DESC__C)
                  00812f80    00000020     dss_pe674.oe674 (.const:ti_sysbios_knl_Semaphore_Object__DESC__C)
                  00812fa0    00000020     dss_pe674.oe674 (.const:ti_sysbios_knl_Task_Object__DESC__C)
                  00812fc0    0000001c     libosal_xwr16xx.ae674 : HwiP_tirtos.oe674 (.const:.string)
                  00812fdc    00000018     ti.targets.rts6000.ae674 : System.oe674 (.const:.string)
                  00812ff4    00000018     dss_pe674.oe674 (.const:ti_sysbios_gates_GateHwi_Object__PARAMS__C)
                  0081300c    00000018     dss_pe674.oe674 (.const:ti_sysbios_gates_GateMutex_Object__PARAMS__C)
                  00813024    00000018     dss_pe674.oe674 (.const:ti_sysbios_knl_Queue_Object__PARAMS__C)
                  0081303c    00000004     dss_pe674.oe674 (.const:ti_sysbios_family_c64p_Cache_EMIFA_CFG__C)
                  00813040    00000016     dss_pe674.oe674 (.const:xdc_runtime_Startup_sfxnRts__A)
                  00813056    00000002     dss_pe674.oe674 (.const:ti_sysbios_family_c64p_Exception_Module__id__C)
                  00813058    00000014     cbuff_edma.oe674 (.const:.string)
                  0081306c    00000014     libadcbuf_xwr16xx.ae674 : adcbuf_mmwave.oe674 (.const:.string)
                  00813080    00000014                             : adcbuf_mmwave.oe674 (.const)
                  00813094    00000004     dss_pe674.oe674 (.const:ti_sysbios_family_c64p_Cache_EMIFA_LENGTH__C)
                  00813098    00000010     libedma_xwr16xx.ae674 : edma.oe674 (.const:EDMA_config$1)
                  008130a8    00000010     libadcbuf_xwr16xx.ae674 : adcbuf_xwr1xxx.oe674 (.const:gADCBufHwCfg)
                  008130b8    00000010     dss_pe674.oe674 (.const:ti_sysbios_family_c64p_EventCombiner_EVTMASK__C)
                  008130c8    0000000c     libadcbuf_xwr16xx.ae674 : ADCBuf.oe674 (.const)
                  008130d4    00000008     dss_pe674.oe674 (.const:ti_sysbios_knl_Idle_funcList__C)
                  008130dc    00000004     dss_pe674.oe674 (.const:ti_sysbios_family_c64p_Cache_EMIFB_BASE__C)
                  008130e0    00000008     dss_pe674.oe674 (.const:xdc_runtime_Startup_firstFxns__A)
                  008130e8    00000008     dss_pe674.oe674 (.const:xdc_runtime_Startup_firstFxns__C)
                  008130f0    00000008     dss_pe674.oe674 (.const:xdc_runtime_Startup_lastFxns__C)
                  008130f8    00000004     dss_pe674.oe674 (.const:ti_sysbios_family_c64p_Cache_EMIFB_CFG__C)
                  008130fc    00000004     dss_pe674.oe674 (.const:ti_sysbios_family_c64p_Cache_EMIFB_LENGTH__C)
                  00813100    00000004     dss_pe674.oe674 (.const:ti_sysbios_family_c64p_Cache_EMIFC_BASE__C)
                  00813104    00000004     dss_pe674.oe674 (.const:ti_sysbios_family_c64p_Cache_EMIFC_CFG__C)
                  00813108    00000004     dss_pe674.oe674 (.const:ti_sysbios_family_c64p_Cache_EMIFC_LENGTH__C)
                  0081310c    00000004     dss_pe674.oe674 (.const:ti_sysbios_family_c64p_Cache_E_invalidL1CacheSize__C)
                  00813110    00000004     dss_pe674.oe674 (.const:ti_sysbios_family_c64p_Cache_E_invalidL2CacheSize__C)
                  00813114    00000004     dss_pe674.oe674 (.const:ti_sysbios_family_c64p_Cache_MAR0_31__C)
                  00813118    00000004     dss_pe674.oe674 (.const:ti_sysbios_family_c64p_Cache_MAR128_159__C)
                  0081311c    00000004     dss_pe674.oe674 (.const:ti_sysbios_family_c64p_Cache_MAR160_191__C)
                  00813120    00000004     dss_pe674.oe674 (.const:ti_sysbios_family_c64p_Cache_MAR192_223__C)
                  00813124    00000004     dss_pe674.oe674 (.const:ti_sysbios_family_c64p_Cache_MAR224_255__C)
                  00813128    00000004     dss_pe674.oe674 (.const:ti_sysbios_family_c64p_Cache_MAR32_63__C)
                  0081312c    00000004     dss_pe674.oe674 (.const:ti_sysbios_family_c64p_Cache_MAR64_95__C)
                  00813130    00000004     dss_pe674.oe674 (.const:ti_sysbios_family_c64p_Cache_MAR96_127__C)
                  00813134    00000004     dss_pe674.oe674 (.const:ti_sysbios_family_c64p_Cache_Module__diagsEnabled__C)
                  00813138    00000004     dss_pe674.oe674 (.const:ti_sysbios_family_c64p_Cache_Module__diagsIncluded__C)
                  0081313c    00000004     dss_pe674.oe674 (.const:ti_sysbios_family_c64p_Cache_Module__diagsMask__C)
                  00813140    00000004     dss_pe674.oe674 (.const:ti_sysbios_family_c64p_EventCombiner_A_invalidEventId__C)
                  00813144    00000004     dss_pe674.oe674 (.const:ti_sysbios_family_c64p_EventCombiner_E_unpluggedEvent__C)
                  00813148    00000004     dss_pe674.oe674 (.const:ti_sysbios_family_c64p_EventCombiner_Module__diagsEnabled__C)
                  0081314c    00000004     dss_pe674.oe674 (.const:ti_sysbios_family_c64p_EventCombiner_Module__diagsIncluded__C)
                  00813150    00000004     dss_pe674.oe674 (.const:ti_sysbios_family_c64p_EventCombiner_Module__diagsMask__C)
                  00813154    00000004     dss_pe674.oe674 (.const:ti_sysbios_family_c64p_Exception_E_exceptionMax__C)
                  00813158    00000004     dss_pe674.oe674 (.const:ti_sysbios_family_c64p_Exception_exceptionHook__C)
                  0081315c    00000004     dss_pe674.oe674 (.const:ti_sysbios_family_c64p_Exception_externalHook__C)
                  00813160    00000004     dss_pe674.oe674 (.const:ti_sysbios_family_c64p_Exception_internalHook__C)
                  00813164    00000004     dss_pe674.oe674 (.const:ti_sysbios_family_c64p_Exception_nmiHook__C)
                  00813168    00000004     dss_pe674.oe674 (.const:ti_sysbios_family_c64p_Hwi_E_alreadyDefined__C)
                  0081316c    00000004     dss_pe674.oe674 (.const:ti_sysbios_family_c64p_Hwi_E_handleNotFound__C)
                  00813170    00000004     dss_pe674.oe674 (.const:ti_sysbios_family_c64p_Hwi_E_invalidIntNum__C)
                  00813174    00000004     dss_pe674.oe674 (.const:ti_sysbios_family_c64p_Hwi_LD_end__C)
                  00813178    00000004     dss_pe674.oe674 (.const:ti_sysbios_family_c64p_Hwi_LM_begin__C)
                  0081317c    00000004     dss_pe674.oe674 (.const:ti_sysbios_family_c64p_Hwi_Module__diagsEnabled__C)
                  00813180    00000004     dss_pe674.oe674 (.const:ti_sysbios_family_c64p_Hwi_Module__diagsIncluded__C)
                  00813184    00000004     dss_pe674.oe674 (.const:ti_sysbios_family_c64p_Hwi_Module__diagsMask__C)
                  00813188    00000004     dss_pe674.oe674 (.const:ti_sysbios_family_c64p_Hwi_Module__loggerFxn1__C)
                  0081318c    00000004     dss_pe674.oe674 (.const:ti_sysbios_family_c64p_Hwi_Module__loggerFxn8__C)
                  00813190    00000004     dss_pe674.oe674 (.const:ti_sysbios_family_c64p_Hwi_Module__loggerObj__C)
                  00813194    00000004     dss_pe674.oe674 (.const:ti_sysbios_gates_GateMutex_A_badContext__C)
                  00813198    00000004     dss_pe674.oe674 (.const:ti_sysbios_gates_GateMutex_Instance_State_sem__O)
                  0081319c    00000004     dss_pe674.oe674 (.const:ti_sysbios_gates_GateMutex_Module__diagsEnabled__C)
                  008131a0    00000004     dss_pe674.oe674 (.const:ti_sysbios_gates_GateMutex_Module__diagsIncluded__C)
                  008131a4    00000004     dss_pe674.oe674 (.const:ti_sysbios_gates_GateMutex_Module__diagsMask__C)
                  008131a8    00000004     dss_pe674.oe674 (.const:ti_sysbios_hal_Hwi_E_stackOverflow__C)
                  008131ac    00000004     dss_pe674.oe674 (.const:ti_sysbios_heaps_HeapBuf_Instance_State_freeList__O)
                  008131b0    00000004     dss_pe674.oe674 (.const:ti_sysbios_heaps_HeapBuf_Object__count__C)
                  008131b4    00000004     dss_pe674.oe674 (.const:ti_sysbios_heaps_HeapBuf_numConstructedHeaps__C)
                  008131b8    00000004     dss_pe674.oe674 (.const:ti_sysbios_heaps_HeapMem_A_align__C)
                  008131bc    00000004     dss_pe674.oe674 (.const:ti_sysbios_heaps_HeapMem_A_heapSize__C)
                  008131c0    00000004     dss_pe674.oe674 (.const:ti_sysbios_heaps_HeapMem_A_invalidFree__C)
                  008131c4    00000004     dss_pe674.oe674 (.const:ti_sysbios_heaps_HeapMem_A_zeroBlock__C)
                  008131c8    00000004     dss_pe674.oe674 (.const:ti_sysbios_heaps_HeapMem_E_memory__C)
                  008131cc    00000004     dss_pe674.oe674 (.const:ti_sysbios_heaps_HeapMem_Module__diagsEnabled__C)
                  008131d0    00000004     dss_pe674.oe674 (.const:ti_sysbios_heaps_HeapMem_Module__diagsIncluded__C)
                  008131d4    00000004     dss_pe674.oe674 (.const:ti_sysbios_heaps_HeapMem_Module__diagsMask__C)
                  008131d8    00000004     dss_pe674.oe674 (.const:ti_sysbios_heaps_HeapMem_Module__gateObj__C)
                  008131dc    00000004     dss_pe674.oe674 (.const:ti_sysbios_heaps_HeapMem_Object__count__C)
                  008131e0    00000004     dss_pe674.oe674 (.const:ti_sysbios_heaps_HeapMem_reqAlign__C)
                  008131e4    00000004     dss_pe674.oe674 (.const:ti_sysbios_knl_Clock_LM_begin__C)
                  008131e8    00000004     dss_pe674.oe674 (.const:ti_sysbios_knl_Clock_LM_tick__C)
                  008131ec    00000004     dss_pe674.oe674 (.const:ti_sysbios_knl_Clock_LW_delayed__C)
                  008131f0    00000004     dss_pe674.oe674 (.const:ti_sysbios_knl_Clock_Module_State_clockQ__O)
                  008131f4    00000004     dss_pe674.oe674 (.const:ti_sysbios_knl_Clock_Module__diagsEnabled__C)
                  008131f8    00000004     dss_pe674.oe674 (.const:ti_sysbios_knl_Clock_Module__diagsIncluded__C)
                  008131fc    00000004     dss_pe674.oe674 (.const:ti_sysbios_knl_Clock_Module__diagsMask__C)
                  00813200    00000004     dss_pe674.oe674 (.const:ti_sysbios_knl_Clock_Module__loggerFxn1__C)
                  00813204    00000004     dss_pe674.oe674 (.const:ti_sysbios_knl_Clock_Module__loggerFxn2__C)
                  00813208    00000004     dss_pe674.oe674 (.const:ti_sysbios_knl_Clock_Module__loggerObj__C)
                  0081320c    00000004     dss_pe674.oe674 (.const:ti_sysbios_knl_Semaphore_A_badContext__C)
                  00813210    00000004     dss_pe674.oe674 (.const:ti_sysbios_knl_Idle_funcList__A)
                  00813214    00000004     dss_pe674.oe674 (.const:ti_sysbios_knl_Semaphore_A_noEvents__C)
                  00813218    00000004     dss_pe674.oe674 (.const:ti_sysbios_knl_Semaphore_A_overflow__C)
                  0081321c    00000004     dss_pe674.oe674 (.const:ti_sysbios_knl_Semaphore_A_pendTaskDisabled__C)
                  00813220    00000004     dss_pe674.oe674 (.const:ti_sysbios_knl_Semaphore_Instance_State_pendQ__O)
                  00813224    00000004     dss_pe674.oe674 (.const:ti_sysbios_knl_Semaphore_LM_pend__C)
                  00813228    00000004     dss_pe674.oe674 (.const:ti_sysbios_knl_Semaphore_LM_post__C)
                  0081322c    00000004     dss_pe674.oe674 (.const:ti_sysbios_knl_Semaphore_Module__diagsEnabled__C)
                  00813230    00000004     dss_pe674.oe674 (.const:ti_sysbios_knl_Semaphore_Module__diagsIncluded__C)
                  00813234    00000004     dss_pe674.oe674 (.const:ti_sysbios_knl_Semaphore_Module__diagsMask__C)
                  00813238    00000004     dss_pe674.oe674 (.const:ti_sysbios_knl_Semaphore_Module__loggerFxn2__C)
                  0081323c    00000004     dss_pe674.oe674 (.const:ti_sysbios_knl_Semaphore_Module__loggerFxn4__C)
                  00813240    00000004     dss_pe674.oe674 (.const:ti_sysbios_knl_Semaphore_Module__loggerObj__C)
                  00813244    00000004     dss_pe674.oe674 (.const:ti_sysbios_knl_Swi_LD_end__C)
                  00813248    00000004     dss_pe674.oe674 (.const:ti_sysbios_knl_Swi_LM_begin__C)
                  0081324c    00000004     dss_pe674.oe674 (.const:ti_sysbios_knl_Swi_LM_post__C)
                  00813250    00000004     dss_pe674.oe674 (.const:ti_sysbios_knl_Swi_Module__diagsEnabled__C)
                  00813254    00000004     dss_pe674.oe674 (.const:ti_sysbios_knl_Swi_Module__diagsIncluded__C)
                  00813258    00000004     dss_pe674.oe674 (.const:ti_sysbios_knl_Swi_Module__diagsMask__C)
                  0081325c    00000004     dss_pe674.oe674 (.const:ti_sysbios_knl_Swi_Module__loggerFxn1__C)
                  00813260    00000004     dss_pe674.oe674 (.const:ti_sysbios_knl_Swi_Module__loggerFxn4__C)
                  00813264    00000004     dss_pe674.oe674 (.const:ti_sysbios_knl_Swi_Module__loggerObj__C)
                  00813268    00000004     dss_pe674.oe674 (.const:ti_sysbios_knl_Swi_Object__count__C)
                  0081326c    00000004     dss_pe674.oe674 (.const:ti_sysbios_knl_Task_A_badPriority__C)
                  00813270    00000004     dss_pe674.oe674 (.const:ti_sysbios_knl_Task_A_badTaskState__C)
                  00813274    00000004     dss_pe674.oe674 (.const:ti_sysbios_knl_Task_A_badThreadType__C)
                  00813278    00000004     dss_pe674.oe674 (.const:ti_sysbios_knl_Task_A_noPendElem__C)
                  0081327c    00000004     dss_pe674.oe674 (.const:ti_sysbios_knl_Task_E_spOutOfBounds__C)
                  00813280    00000004     dss_pe674.oe674 (.const:ti_sysbios_knl_Task_E_stackOverflow__C)
                  00813284    00000004     dss_pe674.oe674 (.const:ti_sysbios_knl_Task_LD_block__C)
                  00813288    00000004     dss_pe674.oe674 (.const:ti_sysbios_knl_Task_LD_exit__C)
                  0081328c    00000004     dss_pe674.oe674 (.const:ti_sysbios_knl_Task_LD_ready__C)
                  00813290    00000004     dss_pe674.oe674 (.const:ti_sysbios_knl_Task_LM_switch__C)
                  00813294    00000004     dss_pe674.oe674 (.const:ti_sysbios_knl_Task_Module_State_inactiveQ__O)
                  00813298    00000004     dss_pe674.oe674 (.const:ti_sysbios_knl_Task_Module__diagsEnabled__C)
                  0081329c    00000004     dss_pe674.oe674 (.const:ti_sysbios_knl_Task_Module__diagsIncluded__C)
                  008132a0    00000004     dss_pe674.oe674 (.const:ti_sysbios_knl_Task_Module__diagsMask__C)
                  008132a4    00000004     dss_pe674.oe674 (.const:ti_sysbios_knl_Task_Module__loggerFxn2__C)
                  008132a8    00000004     dss_pe674.oe674 (.const:ti_sysbios_knl_Task_Module__loggerFxn4__C)
                  008132ac    00000004     dss_pe674.oe674 (.const:ti_sysbios_knl_Task_Module__loggerObj__C)
                  008132b0    00000004     dss_pe674.oe674 (.const:ti_sysbios_knl_Task_Object__count__C)
                  008132b4    00000004     dss_pe674.oe674 (.const:ti_sysbios_knl_Task_allBlockedFunc__C)
                  008132b8    00000004     dss_pe674.oe674 (.const:ti_sysbios_knl_Task_defaultStackHeap__C)
                  008132bc    00000004     dss_pe674.oe674 (.const:ti_sysbios_knl_Task_defaultStackSize__C)
                  008132c0    00000004     dss_pe674.oe674 (.const:ti_sysbios_knl_Task_numConstructedTasks__C)
                  008132c4    00000004     dss_pe674.oe674 (.const:ti_sysbios_timers_rti_Timer_E_cannotSupport__C)
                  008132c8    00000004     dss_pe674.oe674 (.const:ti_sysbios_timers_rti_Timer_Module__diagsEnabled__C)
                  008132cc    00000004     dss_pe674.oe674 (.const:ti_sysbios_timers_rti_Timer_Module__diagsIncluded__C)
                  008132d0    00000004     dss_pe674.oe674 (.const:ti_sysbios_timers_rti_Timer_Module__diagsMask__C)
                  008132d4    00000004     dss_pe674.oe674 (.const:ti_sysbios_timers_rti_Timer_numTimerDevices__C)
                  008132d8    00000004     dss_pe674.oe674 (.const:ti_sysbios_timers_rti_Timer_startupNeeded__C)
                  008132dc    00000004     dss_pe674.oe674 (.const:xdc_runtime_Assert_E_assertFailed__C)
                  008132e0    00000004     dss_pe674.oe674 (.const:xdc_runtime_Core_A_initializedParams__C)
                  008132e4    00000004     dss_pe674.oe674 (.const:xdc_runtime_Core_Module__diagsEnabled__C)
                  008132e8    00000004     dss_pe674.oe674 (.const:xdc_runtime_Core_Module__diagsIncluded__C)
                  008132ec    00000004     dss_pe674.oe674 (.const:xdc_runtime_Core_Module__diagsMask__C)
                  008132f0    00000004     dss_pe674.oe674 (.const:xdc_runtime_Error_E_memory__C)
                  008132f4    00000004     dss_pe674.oe674 (.const:xdc_runtime_Error_Module__diagsEnabled__C)
                  008132f8    00000004     dss_pe674.oe674 (.const:xdc_runtime_Error_Module__diagsIncluded__C)
                  008132fc    00000004     dss_pe674.oe674 (.const:xdc_runtime_Error_Module__diagsMask__C)
                  00813300    00000004     dss_pe674.oe674 (.const:xdc_runtime_Error_Module__loggerFxn8__C)
                  00813304    00000004     dss_pe674.oe674 (.const:xdc_runtime_Error_Module__loggerObj__C)
                  00813308    00000004     dss_pe674.oe674 (.const:xdc_runtime_Error_policyFxn__C)
                  0081330c    00000004     dss_pe674.oe674 (.const:xdc_runtime_Error_policy__C)
                  00813310    00000004     dss_pe674.oe674 (.const:xdc_runtime_Error_raiseHook__C)
                  00813314    00000004     dss_pe674.oe674 (.const:xdc_runtime_IGateProvider_Interface__BASE__C)
                  00813318    00000004     dss_pe674.oe674 (.const:xdc_runtime_IHeap_Interface__BASE__C)
                  0081331c    00000004     dss_pe674.oe674 (.const:xdc_runtime_IModule_Interface__BASE__C)
                  00813320    00000004     dss_pe674.oe674 (.const:xdc_runtime_Log_L_error__C)
                  00813324    00000004     dss_pe674.oe674 (.const:xdc_runtime_Main_Module__diagsEnabled__C)
                  00813328    00000004     dss_pe674.oe674 (.const:xdc_runtime_Main_Module__diagsIncluded__C)
                  0081332c    00000004     dss_pe674.oe674 (.const:xdc_runtime_Main_Module__diagsMask__C)
                  00813330    00000004     dss_pe674.oe674 (.const:xdc_runtime_Main_Module__loggerFxn1__C)
                  00813334    00000004     dss_pe674.oe674 (.const:xdc_runtime_Main_Module__loggerFxn2__C)
                  00813338    00000004     dss_pe674.oe674 (.const:xdc_runtime_Main_Module__loggerFxn4__C)
                  0081333c    00000004     dss_pe674.oe674 (.const:xdc_runtime_Main_Module__loggerObj__C)
                  00813340    00000004     dss_pe674.oe674 (.const:xdc_runtime_Memory_defaultHeapInstance__C)
                  00813344    00000004     dss_pe674.oe674 (.const:xdc_runtime_Startup_execImpl__C)
                  00813348    00000004     dss_pe674.oe674 (.const:xdc_runtime_Startup_maxPasses__C)
                  0081334c    00000004     dss_pe674.oe674 (.const:xdc_runtime_Startup_sfxnRts__C)
                  00813350    00000004     dss_pe674.oe674 (.const:xdc_runtime_Startup_sfxnTab__C)
                  00813354    00000004     dss_pe674.oe674 (.const:xdc_runtime_System_Module__gateObj__C)
                  00813358    00000004     dss_pe674.oe674 (.const:xdc_runtime_System_abortFxn__C)
                  0081335c    00000004     dss_pe674.oe674 (.const:xdc_runtime_System_exitFxn__C)
                  00813360    00000004     dss_pe674.oe674 (.const:xdc_runtime_System_extendFxn__C)
                  00813364    00000004     dss_pe674.oe674 (.const:xdc_runtime_System_maxAtexitHandlers__C)
                  00813368    00000004     dss_pe674.oe674 (.const:xdc_runtime_Text_charTab__C)
                  0081336c    00000004     dss_pe674.oe674 (.const:xdc_runtime_Text_nameEmpty__C)
                  00813370    00000004     dss_pe674.oe674 (.const:xdc_runtime_Text_nameStatic__C)
                  00813374    00000004     dss_pe674.oe674 (.const:xdc_runtime_Text_nameUnknown__C)
                  00813378    00000004     dss_pe674.oe674 (.const:xdc_runtime_Text_nodeTab__C)
                  0081337c    00000004     dss_pe674.oe674 (.const:xdc_runtime_Text_visitRopeFxn__C)
                  00813380    00000002     dss_pe674.oe674 (.const:ti_sysbios_family_c64p_Exception_useInternalBuffer__C)
                  00813382    00000002     dss_pe674.oe674 (.const:ti_sysbios_family_c64p_Hwi_Module__id__C)
                  00813384    00000002     dss_pe674.oe674 (.const:ti_sysbios_family_c64p_Hwi_Module__loggerDefined__C)
                  00813386    00000002     dss_pe674.oe674 (.const:ti_sysbios_gates_GateMutex_Module__id__C)
                  00813388    00000002     dss_pe674.oe674 (.const:ti_sysbios_hal_Hwi_Module__id__C)
                  0081338a    00000002     dss_pe674.oe674 (.const:ti_sysbios_heaps_HeapMem_Module__id__C)
                  0081338c    00000002     dss_pe674.oe674 (.const:ti_sysbios_knl_Clock_Module__id__C)
                  0081338e    00000002     dss_pe674.oe674 (.const:ti_sysbios_knl_Clock_Module__loggerDefined__C)
                  00813390    00000002     dss_pe674.oe674 (.const:ti_sysbios_knl_Semaphore_Module__id__C)
                  00813392    00000002     dss_pe674.oe674 (.const:ti_sysbios_knl_Semaphore_Module__loggerDefined__C)
                  00813394    00000002     dss_pe674.oe674 (.const:ti_sysbios_knl_Swi_Module__id__C)
                  00813396    00000002     dss_pe674.oe674 (.const:ti_sysbios_knl_Swi_Module__loggerDefined__C)
                  00813398    00000002     dss_pe674.oe674 (.const:ti_sysbios_knl_Task_Module__id__C)
                  0081339a    00000002     dss_pe674.oe674 (.const:ti_sysbios_knl_Task_Module__loggerDefined__C)
                  0081339c    00000002     dss_pe674.oe674 (.const:ti_sysbios_timers_rti_Timer_Module__id__C)
                  0081339e    00000002     dss_pe674.oe674 (.const:ti_sysbios_timers_rti_Timer_continueOnSuspend__C)
                  008133a0    00000002     dss_pe674.oe674 (.const:xdc_runtime_Core_Module__id__C)
                  008133a2    00000002     dss_pe674.oe674 (.const:xdc_runtime_Error_Module__loggerDefined__C)
                  008133a4    00000002     dss_pe674.oe674 (.const:xdc_runtime_Error_maxDepth__C)
                  008133a6    00000002     dss_pe674.oe674 (.const:xdc_runtime_Main_Module__id__C)
                  008133a8    00000002     dss_pe674.oe674 (.const:xdc_runtime_Main_Module__loggerDefined__C)
                  008133aa    00000002     dss_pe674.oe674 (.const:xdc_runtime_Memory_Module__id__C)
                  008133ac    00000002     dss_pe674.oe674 (.const:xdc_runtime_Text_charCnt__C)
                  008133ae    00000002     dss_pe674.oe674 (.const:xdc_runtime_Text_isLoaded__C)
                  008133b0    00000002     dss_pe674.oe674 (.const:xdc_runtime_Text_registryModsLastId__C)
                  008133b2    00000002     dss_pe674.oe674 (.const:xdc_runtime_Text_unnamedModsLastId__C)

.fardata   0    00815248    00000dbc     
                  00815248    00000624     dss_pe674.oe674 (.fardata)
                  0081586c    00000004     rts6740_elf.lib : _lock.obj (.fardata:_lock)
                  00815870    000001e0                     : defs.obj (.fardata:_ftable)
                  00815a50    000000a0                     : lowlev.obj (.fardata:_stream)
                  00815af0    00000080     dss_pe674.oe674 (.fardata:ti_sysbios_knl_Swi_Module_State_0_readyQ__A)
                  00815b70    00000080     dss_pe674.oe674 (.fardata:ti_sysbios_knl_Task_Module_State_0_readyQ__A)
                  00815bf0    00000078     rts6740_elf.lib : lowlev.obj (.fardata:_device)
                  00815c68    00000078     cbuff_xwr16xx.oe674 (.fardata)
                  00815ce0    0000006c     main_dss.oe674 (.fardata:gCBUFFEDMAChannelResource)
                  00815d4c    00000004     rts6740_elf.lib : _lock.obj (.fardata:_unlock)
                  00815d50    0000004c     dss_pe674.oe674 (.fardata:ti_sysbios_knl_Task_Object__table__V)
                  00815d9c    00000004     rts6740_elf.lib : defs.obj (.fardata)
                  00815da0    00000040     libsoc_xwr16xx.ae674 : soc_xwr16xx.oe674 (.fardata:SOC_TranslateAddr_LUT)
                  00815de0    00000040     dss_pe674.oe674 (.fardata:ti_sysbios_gates_GateMutex_Object__table__V)
                  00815e20    0000003c     dss_pe674.oe674 (.fardata:ti_sysbios_timers_rti_Timer_Object__table__V)
                  00815e5c    00000004     rts6740_elf.lib : errno.obj (.fardata)
                  00815e60    00000038     cbuff_xwr16xx.oe674 (.fardata:gCBUFFInterfaceFxn)
                  00815e98    00000030     dss_pe674.oe674 (.fardata:ti_sysbios_knl_Swi_Object__table__V)
                  00815ec8    00000020     dss_pe674.oe674 (.fardata:xdc_runtime_System_Module_State_0_atexitHandlers__A)
                  00815ee8    0000001c     test_common.oe674 (.fardata:gCBUFFDataFormatString)
                  00815f04    00000004     --HOLE-- [fill = 0]
                  00815f08    00000018     libadcbuf_xwr16xx.ae674 : adcbuf_xwr1xxx.oe674 (.fardata:ADCBuf_config)
                  00815f20    00000018     cbuff_xwr16xx.oe674 (.fardata:gInterleavedTransferFxn)
                  00815f38    00000018     cbuff_xwr16xx.oe674 (.fardata:gMultipleChirpNonInterleavedTransferFxn)
                  00815f50    00000018     cbuff_xwr16xx.oe674 (.fardata:gNonInterleavedTransferFxn)
[...]
00813114  ti_sysbios_family_c64p_Cache_MAR0_31__C                      
00813118  ti_sysbios_family_c64p_Cache_MAR128_159__C                   
0081311c  ti_sysbios_family_c64p_Cache_MAR160_191__C                   
00813120  ti_sysbios_family_c64p_Cache_MAR192_223__C                   
00813124  ti_sysbios_family_c64p_Cache_MAR224_255__C                   
00813128  ti_sysbios_family_c64p_Cache_MAR32_63__C                     
0081312c  ti_sysbios_family_c64p_Cache_MAR64_95__C                     
00813130  ti_sysbios_family_c64p_Cache_MAR96_127__C                    
00813134  ti_sysbios_family_c64p_Cache_Module__diagsEnabled__C         
00813138  ti_sysbios_family_c64p_Cache_Module__diagsIncluded__C        
0081313c  ti_sysbios_family_c64p_Cache_Module__diagsMask__C            
00813140  ti_sysbios_family_c64p_EventCombiner_A_invalidEventId__C     
00813144  ti_sysbios_family_c64p_EventCombiner_E_unpluggedEvent__C     
00813148  ti_sysbios_family_c64p_EventCombiner_Module__diagsEnabled__C 
0081314c  ti_sysbios_family_c64p_EventCombiner_Module__diagsIncluded__C
00813150  ti_sysbios_family_c64p_EventCombiner_Module__diagsMask__C    
00813154  ti_sysbios_family_c64p_Exception_E_exceptionMax__C           
00813158  ti_sysbios_family_c64p_Exception_exceptionHook__C            
0081315c  ti_sysbios_family_c64p_Exception_externalHook__C             
00813160  ti_sysbios_family_c64p_Exception_internalHook__C             
00813164  ti_sysbios_family_c64p_Exception_nmiHook__C                  
00813168  ti_sysbios_family_c64p_Hwi_E_alreadyDefined__C               
0081316c  ti_sysbios_family_c64p_Hwi_E_handleNotFound__C               
00813170  ti_sysbios_family_c64p_Hwi_E_invalidIntNum__C                
00813174  ti_sysbios_family_c64p_Hwi_LD_end__C                         
00813178  ti_sysbios_family_c64p_Hwi_LM_begin__C                       
0081317c  ti_sysbios_family_c64p_Hwi_Module__diagsEnabled__C           
00813180  ti_sysbios_family_c64p_Hwi_Module__diagsIncluded__C          
00813184  ti_sysbios_family_c64p_Hwi_Module__diagsMask__C              
00813188  ti_sysbios_family_c64p_Hwi_Module__loggerFxn1__C             
0081318c  ti_sysbios_family_c64p_Hwi_Module__loggerFxn8__C             
00813190  ti_sysbios_family_c64p_Hwi_Module__loggerObj__C              
00813194  ti_sysbios_gates_GateMutex_A_badContext__C                   
00813198  ti_sysbios_gates_GateMutex_Instance_State_sem__O             
0081319c  ti_sysbios_gates_GateMutex_Module__diagsEnabled__C           
008131a0  ti_sysbios_gates_GateMutex_Module__diagsIncluded__C          
008131a4  ti_sysbios_gates_GateMutex_Module__diagsMask__C              
008131a8  ti_sysbios_hal_Hwi_E_stackOverflow__C                        
008131ac  ti_sysbios_heaps_HeapBuf_Instance_State_freeList__O          
008131b0  ti_sysbios_heaps_HeapBuf_Object__count__C                    
008131b4  ti_sysbios_heaps_HeapBuf_numConstructedHeaps__C              
008131b8  ti_sysbios_heaps_HeapMem_A_align__C                          
008131bc  ti_sysbios_heaps_HeapMem_A_heapSize__C                       
008131c0  ti_sysbios_heaps_HeapMem_A_invalidFree__C                    
008131c4  ti_sysbios_heaps_HeapMem_A_zeroBlock__C                      
008131c8  ti_sysbios_heaps_HeapMem_E_memory__C                         
008131cc  ti_sysbios_heaps_HeapMem_Module__diagsEnabled__C             
008131d0  ti_sysbios_heaps_HeapMem_Module__diagsIncluded__C            
008131d4  ti_sysbios_heaps_HeapMem_Module__diagsMask__C                
008131d8  ti_sysbios_heaps_HeapMem_Module__gateObj__C                  
008131dc  ti_sysbios_heaps_HeapMem_Object__count__C                    
008131e0  ti_sysbios_heaps_HeapMem_reqAlign__C                         
008131e4  ti_sysbios_knl_Clock_LM_begin__C                             
008131e8  ti_sysbios_knl_Clock_LM_tick__C                              
008131ec  ti_sysbios_knl_Clock_LW_delayed__C                           
008131f0  ti_sysbios_knl_Clock_Module_State_clockQ__O                  
008131f4  ti_sysbios_knl_Clock_Module__diagsEnabled__C                 
008131f8  ti_sysbios_knl_Clock_Module__diagsIncluded__C                
008131fc  ti_sysbios_knl_Clock_Module__diagsMask__C                    
00813200  ti_sysbios_knl_Clock_Module__loggerFxn1__C                   
00813204  ti_sysbios_knl_Clock_Module__loggerFxn2__C                   
00813208  ti_sysbios_knl_Clock_Module__loggerObj__C                    
0081320c  ti_sysbios_knl_Semaphore_A_badContext__C                     
00813210  ti_sysbios_knl_Idle_funcList__A                              
00813214  ti_sysbios_knl_Semaphore_A_noEvents__C                       
00813218  ti_sysbios_knl_Semaphore_A_overflow__C                       
0081321c  ti_sysbios_knl_Semaphore_A_pendTaskDisabled__C               
00813220  ti_sysbios_knl_Semaphore_Instance_State_pendQ__O             
00813224  ti_sysbios_knl_Semaphore_LM_pend__C                          
00813228  ti_sysbios_knl_Semaphore_LM_post__C                          
0081322c  ti_sysbios_knl_Semaphore_Module__diagsEnabled__C             
00813230  ti_sysbios_knl_Semaphore_Module__diagsIncluded__C            
00813234  ti_sysbios_knl_Semaphore_Module__diagsMask__C                
00813238  ti_sysbios_knl_Semaphore_Module__loggerFxn2__C               
0081323c  ti_sysbios_knl_Semaphore_Module__loggerFxn4__C               
00813240  ti_sysbios_knl_Semaphore_Module__loggerObj__C                
00813244  ti_sysbios_knl_Swi_LD_end__C                                 
00813248  ti_sysbios_knl_Swi_LM_begin__C                               
0081324c  ti_sysbios_knl_Swi_LM_post__C                                
00813250  ti_sysbios_knl_Swi_Module__diagsEnabled__C                   
00813254  ti_sysbios_knl_Swi_Module__diagsIncluded__C                  
00813258  ti_sysbios_knl_Swi_Module__diagsMask__C                      
0081325c  ti_sysbios_knl_Swi_Module__loggerFxn1__C                     
00813260  ti_sysbios_knl_Swi_Module__loggerFxn4__C                     
00813264  ti_sysbios_knl_Swi_Module__loggerObj__C                      
00813268  ti_sysbios_knl_Swi_Object__count__C                          
0081326c  ti_sysbios_knl_Task_A_badPriority__C                         
00813270  ti_sysbios_knl_Task_A_badTaskState__C                        
00813274  ti_sysbios_knl_Task_A_badThreadType__C                       
00813278  ti_sysbios_knl_Task_A_noPendElem__C                          
0081327c  ti_sysbios_knl_Task_E_spOutOfBounds__C                       
00813280  ti_sysbios_knl_Task_E_stackOverflow__C                       
00813284  ti_sysbios_knl_Task_LD_block__C                              
00813288  ti_sysbios_knl_Task_LD_exit__C                               
0081328c  ti_sysbios_knl_Task_LD_ready__C                              
00813290  ti_sysbios_knl_Task_LM_switch__C                             
00813294  ti_sysbios_knl_Task_Module_State_inactiveQ__O                
00813298  ti_sysbios_knl_Task_Module__diagsEnabled__C                  
0081329c  ti_sysbios_knl_Task_Module__diagsIncluded__C                 
008132a0  ti_sysbios_knl_Task_Module__diagsMask__C                     
008132a4  ti_sysbios_knl_Task_Module__loggerFxn2__C                    
008132a8  ti_sysbios_knl_Task_Module__loggerFxn4__C                    
008132ac  ti_sysbios_knl_Task_Module__loggerObj__C                     
008132b0  ti_sysbios_knl_Task_Object__count__C                         
008132b4  ti_sysbios_knl_Task_allBlockedFunc__C                        
008132b8  ti_sysbios_knl_Task_defaultStackHeap__C                      
008132bc  ti_sysbios_knl_Task_defaultStackSize__C                      
008132c0  ti_sysbios_knl_Task_numConstructedTasks__C                   
008132c4  ti_sysbios_timers_rti_Timer_E_cannotSupport__C               
008132c8  ti_sysbios_timers_rti_Timer_Module__diagsEnabled__C          
008132cc  ti_sysbios_timers_rti_Timer_Module__diagsIncluded__C         
008132d0  ti_sysbios_timers_rti_Timer_Module__diagsMask__C             
008132d4  ti_sysbios_timers_rti_Timer_numTimerDevices__C               
008132d8  ti_sysbios_timers_rti_Timer_startupNeeded__C                 
008132dc  xdc_runtime_Assert_E_assertFailed__C                         
008132e0  xdc_runtime_Core_A_initializedParams__C                      
008132e4  xdc_runtime_Core_Module__diagsEnabled__C                     
008132e8  xdc_runtime_Core_Module__diagsIncluded__C                    
008132ec  xdc_runtime_Core_Module__diagsMask__C                        
008132f0  xdc_runtime_Error_E_memory__C                                
008132f4  xdc_runtime_Error_Module__diagsEnabled__C                    
008132f8  xdc_runtime_Error_Module__diagsIncluded__C                   
008132fc  xdc_runtime_Error_Module__diagsMask__C                       
00813300  xdc_runtime_Error_Module__loggerFxn8__C                      
00813304  xdc_runtime_Error_Module__loggerObj__C                       
00813308  xdc_runtime_Error_policyFxn__C                               
0081330c  xdc_runtime_Error_policy__C                                  
00813310  xdc_runtime_Error_raiseHook__C                               
00813314  xdc_runtime_IGateProvider_Interface__BASE__C                 
00813318  xdc_runtime_IHeap_Interface__BASE__C                         
0081331c  xdc_runtime_IModule_Interface__BASE__C                       
00813320  xdc_runtime_Log_L_error__C                                   
00813324  xdc_runtime_Main_Module__diagsEnabled__C                     
00813328  xdc_runtime_Main_Module__diagsIncluded__C                    
0081332c  xdc_runtime_Main_Module__diagsMask__C                        
00813330  xdc_runtime_Main_Module__loggerFxn1__C                       
00813334  xdc_runtime_Main_Module__loggerFxn2__C                       
00813338  xdc_runtime_Main_Module__loggerFxn4__C                       
0081333c  xdc_runtime_Main_Module__loggerObj__C                        
00813340  xdc_runtime_Memory_defaultHeapInstance__C                    
00813344  xdc_runtime_Startup_execImpl__C                              
00813348  xdc_runtime_Startup_maxPasses__C                             
0081334c  xdc_runtime_Startup_sfxnRts__C                               
00813350  xdc_runtime_Startup_sfxnTab__C                               
00813354  xdc_runtime_System_Module__gateObj__C                        
00813358  xdc_runtime_System_abortFxn__C                               
0081335c  xdc_runtime_System_exitFxn__C                                
00813360  xdc_runtime_System_extendFxn__C                              
00813364  xdc_runtime_System_maxAtexitHandlers__C                      
00813368  xdc_runtime_Text_charTab__C                                  
0081336c  xdc_runtime_Text_nameEmpty__C                                
00813370  xdc_runtime_Text_nameStatic__C                               
00813374  xdc_runtime_Text_nameUnknown__C                              
00813378  xdc_runtime_Text_nodeTab__C                                  
0081337c  xdc_runtime_Text_visitRopeFxn__C                             
00813380  ti_sysbios_family_c64p_Exception_useInternalBuffer__C        
00813382  ti_sysbios_family_c64p_Hwi_Module__id__C                     
00813384  ti_sysbios_family_c64p_Hwi_Module__loggerDefined__C          
00813386  ti_sysbios_gates_GateMutex_Module__id__C                     
00813388  ti_sysbios_hal_Hwi_Module__id__C                             
0081338a  ti_sysbios_heaps_HeapMem_Module__id__C                       
0081338c  ti_sysbios_knl_Clock_Module__id__C                           
0081338e  ti_sysbios_knl_Clock_Module__loggerDefined__C                
00813390  ti_sysbios_knl_Semaphore_Module__id__C                       
00813392  ti_sysbios_knl_Semaphore_Module__loggerDefined__C            
00813394  ti_sysbios_knl_Swi_Module__id__C                             
00813396  ti_sysbios_knl_Swi_Module__loggerDefined__C                  
00813398  ti_sysbios_knl_Task_Module__id__C                            
0081339a  ti_sysbios_knl_Task_Module__loggerDefined__C                 
0081339c  ti_sysbios_timers_rti_Timer_Module__id__C                    
0081339e  ti_sysbios_timers_rti_Timer_continueOnSuspend__C             
008133a0  xdc_runtime_Core_Module__id__C                               
008133a2  xdc_runtime_Error_Module__loggerDefined__C                   
008133a4  xdc_runtime_Error_maxDepth__C                                
008133a6  xdc_runtime_Main_Module__id__C                               
008133a8  xdc_runtime_Main_Module__loggerDefined__C                    
008133aa  xdc_runtime_Memory_Module__id__C                             
008133ac  xdc_runtime_Text_charCnt__C                                  
008133ae  xdc_runtime_Text_isLoaded__C                                 
008133b0  xdc_runtime_Text_registryModsLastId__C                       
008133b2  xdc_runtime_Text_unnamedModsLastId__C                        
008133b8  _stack                                                       
008143b8  __TI_STACK_END                                               
008143b8  ti_sysbios_knl_Task_Instance_State_0_stack__A                
008150f0  __TI_tmpnams                                                 
00815230  edmaDbg                                                      
00815248  xdc_runtime_Error_IgnoreBlock                                
00815268  ti_sysbios_BIOS_Module__state__V                             
0081528c  ti_sysbios_family_c64p_Cache_Module__state__V                
00815290  ti_sysbios_family_c64p_EventCombiner_Module__state__V        
00815690  ti_sysbios_family_c64p_Exception_Module__state__V            
008156c0  ti_sysbios_family_c64p_Hwi_Module__root__V                   
008156c8  ti_sysbios_family_c64p_Hwi_Module__state__V                  
00815734  ti_sysbios_gates_GateHwi_Module__root__V                     
0081573c  ti_sysbios_gates_GateMutex_Module__root__V                   
00815744  ti_sysbios_hal_Hwi_Module__root__V                           
0081574c  ti_sysbios_heaps_HeapBuf_Module__root__V                     
00815754  ti_sysbios_heaps_HeapBuf_Module__state__V                    
00815758  ti_sysbios_heaps_HeapMem_Module__root__V                     
00815760  ti_sysbios_knl_Clock_Module__root__V                         
00815768  ti_sysbios_knl_Clock_Module__state__V                        
00815794  ti_sysbios_knl_Event_Module__root__V                         
0081579c  ti_sysbios_knl_Queue_Module__root__V                         
008157a4  ti_sysbios_knl_Semaphore_Module__root__V                     
008157ac  ti_sysbios_knl_Swi_Module__root__V                           
008157b4  ti_sysbios_knl_Swi_Module__state__V                          
008157d0  ti_sysbios_knl_Task_Module__root__V                          
008157d8  ti_sysbios_knl_Task_Module__state__V                         
0081581c  ti_sysbios_rts_ti_ThreadLocalStorage_Module__state__V        
00815828  ti_sysbios_timers_rti_Timer_Module__root__V                  
00815830  ti_sysbios_timers_rti_Timer_Module__state__V                 
00815840  xdc_runtime_Error_Module__state__V                           
00815844  xdc_runtime_Memory_Module__state__V                          
00815848  xdc_runtime_Registry_Module__state__V                        
00815850  xdc_runtime_Startup_Module__state__V                         
00815858  xdc_runtime_System_Module__state__V                          
00815860  xdc_runtime_Text_Module__state__V                            
00815868  __xdc__init__addr                                            
0081586c  _lock                                                        
00815870  _ftable                                                      
00815af0  ti_sysbios_knl_Swi_Module_State_0_readyQ__A                  
00815b70  ti_sysbios_knl_Task_Module_State_0_readyQ__A                 
00815c68  gCBUFFHwAttribute                                            
00815d4c  _unlock                                                      
00815d50  ti_sysbios_knl_Task_Object__table__V                         
00815d9c  __TI_ft_end                                                  
00815da0  SOC_TranslateAddr_LUT                                        
00815de0  ti_sysbios_gates_GateMutex_Object__table__V                  
00815e20  ti_sysbios_timers_rti_Timer_Object__table__V                 
00815e5c  __errno                                                      
00815e5c  errno                                                        
00815e60  gCBUFFInterfaceFxn                                           
00815e98  ti_sysbios_knl_Swi_Object__table__V                          
00815ec8  xdc_runtime_System_Module_State_0_atexitHandlers__A          
00815ee8  gCBUFFDataFormatString                                       
00815f08  ADCBuf_config                                                
00815f20  gInterleavedTransferFxn                                      
00815f38  gMultipleChirpNonInterleavedTransferFxn                      
00815f50  gNonInterleavedTransferFxn                                   
00815f68  gSOCHwAttrib                                                 
00815f80  ti_sysbios_family_c64p_Hwi_Object__table__V                  
00815f98  ti_sysbios_heaps_HeapMem_Object__table__V                    
00815fb0  ti_sysbios_timers_rti_Timer_Module_State_0_device__A         
00815fc8  ti_sysbios_timers_rti_Timer_Module_State_0_intFreqs__A       
00815fd8  __TI_cleanup_ptr                                             
00815fdc  __TI_dtors_ptr                                               
00815fe0  __TI_enable_exit_profile_output                              
00815fe8  ti_sysbios_hal_Hwi_Object__table__V                          
00815ff0  ti_sysbios_timers_rti_Timer_Module_State_0_handles__A        
00815ff8  ti_sysbios_gates_GateHwi_Object__table__V                    
00816000  ti_sysbios_knl_Task_Module_State_0_idleTask__A               
00816118  __CIOBUF_                                                    
00816238  __TI_STATIC_BASE                                             
00816238  gMCPILogMessageSize                                          
0081623c  gCBUFFEDMAChannelResourceCounter                             
0081623d  gTestEDMAChannelAllocationFailure                            
00816244  regionId                                                     
0081624c  MCPI_FailSignature                                           
00816250  MCPI_Result                                                  
20000000  gUserBuffer0                                                 
20000020  gUserBuffer1                                                 
20000040  gUserBuffer2                                                 
20000060  gHeader                                                      
ffffffff  __TI_pprof_out_hndl                                          
ffffffff  __TI_prof_data_size                                          
ffffffff  __TI_prof_data_start                                         
ffffffff  __binit__                                                    
ffffffff  __c_args__                                                   
ffffffff  binit                                                        
UNDEFED   __TI_CINIT_Base                                              
UNDEFED   __TI_CINIT_Limit                                             
UNDEFED   __TI_Handler_Table_Base                                      
UNDEFED   __TI_Handler_Table_Limit                                     
UNDEFED   __TI_INITARRAY_Base                                          
UNDEFED   __TI_INITARRAY_Limit                                         
UNDEFED   __TI_TLS_INIT_Base                                           
UNDEFED   __TI_TLS_INIT_Limit                                          

[782 symbols]
