******************************************************************************
                  TI ARM Linker Unix v16.9.6                   
******************************************************************************
>> Linked Wed Mar  7 22:42:15 2018

OUTPUT FILE NAME:   <test/xwr14xx/xwr14xx_i2c_mss_slave.xer4f>
ENTRY POINT SYMBOL: "_c_int00"  address: 00005afc


MEMORY CONFIGURATION

         name            origin    length      used     unused   attr    fill
----------------------  --------  ---------  --------  --------  ----  --------
PAGE 0:
  VECTORS               00000000   00000100  0000003c  000000c4     X
  PROG_RAM              00000100   0001ff00  0000a38c  00015b74  R  X
  DATA_RAM              08000000   00010000  000076ec  00008914  RW  
  L3_RAM                51020000   00040000  00000000  00040000  RW  
  HWA_RAM               52030000   00010000  00000000  00010000  RW  

PAGE 1:
  L3_RAM                51020000   00040000  00000000  00040000  RW  


SEGMENT ALLOCATION MAP

run origin  load origin   length   init length attrs members
----------  ----------- ---------- ----------- ----- -------
00000000    00000000    0000003c   0000003c    r--
  00000000    00000000    0000003c   0000003c    r-- .vecs
00000100    00000100    00007f12   00007f12    r-x
  00000100    00000100    00007f12   00007f12    r-x .text
00008020    00008020    00002480   00002480    r--
  00008020    00008020    000021fa   000021fa    r-- .const
  0000a220    0000a220    00000280   00000280    r-- .cinit
08000000    08000000    000076ec   00000000    rw-
  08000000    08000000    00003a58   00000000    rw- .bss
  08003a58    08003a58    00002400   00000000    rw- .MCPILogBuffer
  08005e58    08005e58    00001000   00000000    rw- .stack
  08006e58    08006e58    00000894   00000000    rw- .data


SECTION ALLOCATION MAP

 output                                  attributes/
section   page    origin      length       input sections
--------  ----  ----------  ----------   ----------------
.vecs      0    00000000    0000003c     
                  00000000    0000003c     mss_per4ft.oer4ft (.vecs)

xdc.meta   0    00000000    0000010a     COPY SECTION
                  00000000    0000010a     mss_per4ft.oer4ft (xdc.meta)

.text      0    00000100    00007f12     
                  00000100    0000107a     rtsv7R4_T_le_v3D16_eabi.lib : _printfi.obj (.text)
                  0000117a    00000002     i2c_slave.oer4f (.text:I2C_slave_init)
                  0000117c    00000398     slave.oer4f (.text:Test_initTask)
                  00001514    0000034c     ti.targets.arm.rtsarm.aer4ft : System.oer4ft (.text:xdc_runtime_System_doPrint__I)
                  00001860    00000314     sysbios.aer4ft : BIOS.obj (.text:ti_sysbios_knl_Semaphore_pend__E)
                  00001b74    000002b8     rtsv7R4_T_le_v3D16_eabi.lib : ull_div32.obj (.text)
                  00001e2c    00000004     libosal_xwr14xx.aer4f : HwiP_tirtos.oer4f (.text:HwiP_disableInterrupt)
                  00001e30    00000280     sysbios.aer4ft : BIOS.obj (.text:ti_sysbios_family_arm_exc_Exception_excDumpContext__I)
                  000020b0    00000250                    : BIOS.obj (.text:ti_sysbios_heaps_HeapMem_freeUnprotected__E)
                  00002300    00000238                    : BIOS.obj (.text:ti_sysbios_knl_Task_Instance_finalize__E)
                  00002538    0000021c     libsoc_xwr14xx.aer4f : soc_xwr14xx.oer4f (.text:SOC_deviceInit)
                  00002754    0000000c     sysbios.aer4ft : arm_IntrinsicsSupport_asm.obj (.text:_ti_sysbios_family_arm_IntrinsicsSupport_maxbitA)
                  00002760    0000020c                    : BIOS.obj (.text:ti_sysbios_heaps_HeapMem_allocUnprotected__E)
                  0000296c    000001c8     rtsv7R4_T_le_v3D16_eabi.lib : fopen.obj (.text)
                  00002b34    0000000c                                 : copy_zero_init.obj (.text:decompress:ZI)
                  00002b40    000001c8     sysbios.aer4ft : BIOS.obj (.text:ti_sysbios_knl_Task_Module_startup__E)
                  00002d08    00000008     libosal_xwr14xx.aer4f : HwiP_tirtos.oer4f (.text:HwiP_disable)
                  00002d10    000001bc     sysbios.aer4ft : BIOS.obj (.text:ti_sysbios_knl_Task_Instance_init__E)
                  00002ecc    00000004     i2c_reg.oer4f (.text:I2CIntClear)
                  00002ed0    00000170     sysbios.aer4ft : BIOS.obj (.text:ti_sysbios_family_arm_exc_Exception_excHandler__I)
                  00003040    0000015c                    : BIOS.obj (.text:ti_sysbios_family_arm_v7r_vim_Hwi_reconfig__E)
                  0000319c    00000004     i2c_reg.oer4f (.text:I2CPutData)
                  000031a0    00000140     sysbios.aer4ft : BIOS.obj (.text:ti_sysbios_heaps_HeapMem_Instance_init__E)
                  000032e0    00000140                    : BIOS.obj (.text:ti_sysbios_timers_rti_Timer_Module_startup__E)
                  00003420    00000138     rtsv7R4_T_le_v3D16_eabi.lib : fputs.obj (.text)
                  00003558    0000012c     ti.targets.arm.rtsarm.aer4ft : Error.oer4ft (.text:xdc_runtime_Error_policyDefault__E)
                  00003684    0000000c     mss_per4ft.oer4ft (.text:ti_sysbios_knl_Queue_Object__get__S)
                  00003690    00000128     sysbios.aer4ft : BIOS.obj (.text:ti_sysbios_family_arm_v7r_vim_Hwi_dispatchIRQC__I)
                  000037b8    00000120     libtestlogger_xwr14xx.aer4f : logger.oer4f (.text:MCPI_setFeatureTestResult)
                  000038d8    0000011e     i2c_slave.oer4f (.text:I2CSlave_ISR)
                  000039f6    0000000a     i2c_reg.oer4f (.text:I2CReset)
                  00003a00    000000f8     sysbios.aer4ft : BIOS.obj (.text:ti_sysbios_knl_Semaphore_post__E)
                  00003af8    000000f8     ti.targets.arm.rtsarm.aer4ft : Startup.oer4ft (.text:xdc_runtime_Startup_startMods__I)
                  00003bf0    000000f8     mss_per4ft.oer4ft (.text:xdc_runtime_System_printfExtend__I)
                  00003ce8    000000ec     rtsv7R4_T_le_v3D16_eabi.lib : s_scalbn.obj (.text)
                  00003dd4    0000000c     ti.targets.arm.rtsarm.aer4ft : Gate.oer4ft (.text:xdc_runtime_Gate_enterSystem__E)
                  00003de0    000000ec     sysbios.aer4ft : BIOS.obj (.text:ti_sysbios_heaps_HeapBuf_Module_startup__E)
                  00003ecc    000000e8     ti.targets.arm.rtsarm.aer4ft : Core-mem.oer4ft (.text:xdc_runtime_Core_createObject__I)
                  00003fb4    0000000c                                  : Memory.oer4ft (.text:xdc_runtime_Memory_calloc__E)
                  00003fc0    000000e4     sysbios.aer4ft : BIOS.obj (.text:ti_sysbios_family_arm_v7r_vim_Hwi_Instance_init__E)
                  000040a4    000000dc     rtsv7R4_T_le_v3D16_eabi.lib : setvbuf.obj (.text)
                  00004180    000000d0     sysbios.aer4ft : exc_Exception_asm.obj (.text:ti_sysbios_family_arm_exc_Exception_excHandlerAsm__I)
                  00004250    000000d0     ti.targets.arm.rtsarm.aer4ft : Core-smem.oer4ft (.text:xdc_runtime_Core_constructObject__I)
                  00004320    000000cc     i2c_slave.oer4f (.text:I2C_slave_open)
                  000043ec    000000cc     rtsv7R4_T_le_v3D16_eabi.lib : fflush.obj (.text)
                  000044b8    00000008     i2c_reg.oer4f (.text:I2CGetIntStatus)
                  000044c0    000000c4     sysbios.aer4ft : BIOS.obj (.text:ti_sysbios_knl_Task_postInit__I)
                  00004584    0000000c     ti.targets.arm.rtsarm.aer4ft : Memory.oer4ft (.text:xdc_runtime_Memory_getMaxDefaultTypeAlign__E)
                  00004590    000000c4     sysbios.aer4ft : BIOS.obj (.text:ti_sysbios_timers_rti_Timer_getFreq__E)
                  00004654    0000000c     ti.targets.arm.rtsarm.aer4ft : Startup.oer4ft (.text:xdc_runtime_Startup_rtsDone__E)
                  00004660    000000c0     sysbios.aer4ft : BIOS.obj (.text:ti_sysbios_family_arm_v7r_vim_Hwi_Module_startup__E)
                  00004720    000000c0                    : BIOS.obj (.text:ti_sysbios_timers_rti_Timer_startup__E)
                  000047e0    000000bc     rtsv7R4_T_le_v3D16_eabi.lib : open.obj (.text)
                  0000489c    000000b6     libsoc_xwr14xx.aer4f : soc_mpu.o (.text)
                  00004952    0000000e     libosal_xwr14xx.aer4f : SemaphoreP_tirtos.oer4f (.text:SemaphoreP_delete)
                  00004960    000000b4     sysbios.aer4ft : BIOS.obj (.text:ti_sysbios_gates_GateMutex_enter__E)
                  00004a14    0000000c     ti.targets.arm.rtsarm.aer4ft : SysStd.oer4ft (.text:xdc_runtime_SysStd_exit__E)
                  00004a20    000000b4     sysbios.aer4ft : BIOS.obj (.text:ti_sysbios_knl_Task_checkStacks__E)
                  00004ad4    0000000a     I2CSlave.oer4f (.text:I2CSlave_close)
                  00004ade    00000002     rtsv7R4_T_le_v3D16_eabi.lib : i_div0.obj (.text)
                  00004ae0    000000b0     sysbios.aer4ft : BIOS.obj (.text:ti_sysbios_knl_Swi_restoreHwi__E)
                  00004b90    000000ae     rtsv7R4_T_le_v3D16_eabi.lib : _io_perm.obj (.text)
                  00004c3e    00000002     mss_per4ft.oer4ft (.text:ti_sysbios_BIOS_nullFunc__I)
                  00004c40    000000ac     libesm_xwr14xx.aer4f : esm.oer4f (.text:ESM_processInterrupt)
                  00004cec    00000004     i2c_reg.oer4f (.text:I2CSetOwnAddress)
                  00004cf0    000000ac     sysbios.aer4ft : BIOS.obj (.text:ti_sysbios_knl_Task_exit__E)
                  00004d9c    000000a8     libpinmux_xwr14xx.aer4f : pinmux.oer4f (.text:Pinmux_Set_OverrideCtrl)
                  00004e44    0000000a     I2CSlave.oer4f (.text:I2CSlave_control)
                  00004e4e    00000002     mss_per4ft.oer4ft (.text:xdc_runtime_Startup_reset__I)
                  00004e50    000000a8     sysbios.aer4ft : BIOS.obj (.text:ti_sysbios_knl_Swi_runLoop__I)
                  00004ef8    000000a4     libesm_xwr14xx.aer4f : esm.oer4f (.text:ESM_init)
                  00004f9c    000000a0     auto_init.aer4ft : auto_init.oer4ft (.text)
                  0000503c    0000009c     slave.oer4f (.text:main)
                  000050d8    0000009c     rtsv7R4_T_le_v3D16_eabi.lib : memcpy_t2.obj (.text)
                  00005174    0000000a     I2CSlave.oer4f (.text:I2CSlave_read)
                  0000517e    00000002     --HOLE-- [fill = 0]
                  00005180    0000009c     sysbios.aer4ft : BIOS.obj (.text:ti_sysbios_family_arm_v7r_vim_Hwi_initIntController__I)
                  0000521c    00000004     i2c_reg.oer4f (.text:I2CSetPSC)
                  00005220    0000009c     sysbios.aer4ft : BIOS.obj (.text:ti_sysbios_family_arm_v7r_vim_Hwi_mapChannel__I)
                  000052bc    00000004     i2c_slave.oer4f (.text:I2C_slave_read)
                  000052c0    0000009c     sysbios.aer4ft : BIOS.obj (.text:ti_sysbios_knl_Semaphore_Instance_init__E)
                  0000535c    0000009a     ti.targets.arm.rtsarm.aer4ft : Text.oer4ft (.text:xdc_runtime_Text_putSite__E)
                  000053f6    00000002     --HOLE-- [fill = 0]
                  000053f8    00000098     rtsv7R4_T_le_v3D16_eabi.lib : fclose.obj (.text)
                  00005490    00000098                                 : fputc.obj (.text)
                  00005528    00000098     sysbios.aer4ft : vim_Hwi_asm_switch.obj (.text)
                  000055c0    00000098     ti.targets.arm.rtsarm.aer4ft : Text.oer4ft (.text:xdc_runtime_Text_putMod__E)
                  00005658    00000094     rtsv7R4_T_le_v3D16_eabi.lib : snprintf.obj (.text)
                  000056ec    00000094     sysbios.aer4ft : vim_Hwi_asm.obj (.text:ti_sysbios_family_arm_v7r_vim_Hwi_dispatchIRQ__I)
                  00005780    0000008c                    : BIOS.obj (.text:ti_sysbios_family_arm_v7r_vim_Hwi_Instance_finalize__E)
                  0000580c    00000004     i2c_slave.oer4f (.text:I2C_slave_write)
                  00005810    00000080     sysbios.aer4ft : BIOS.obj (.text:ti_sysbios_timers_rti_Timer_initDevice__I)
                  00005890    0000007e     libosal_xwr14xx.aer4f : HwiP_tirtos.oer4f (.text:HwiP_create)
                  0000590e    00000002     --HOLE-- [fill = 0]
                  00005910    0000007c     sysbios.aer4ft : arm_TaskSupport_asm.obj (.text:_ti_sysbios_family_arm_TaskSupport_buildTaskStack)
                  0000598c    00000004     mss_per4ft.oer4ft (.text:ti_sysbios_BIOS_RtsGateProxy_enter__E)
                  00005990    0000007c     sysbios.aer4ft : BIOS.obj (.text:ti_sysbios_knl_Clock_workFunc__E)
                  00005a0c    0000007a     rtsv7R4_T_le_v3D16_eabi.lib : memset_t2.obj (.text)
                  00005a86    00000002     --HOLE-- [fill = 0]
                  00005a88    00000074     libsoc_xwr14xx.aer4f : soc.oer4f (.text:SOC_init)
                  00005afc    00000074     boot.aer4ft : boot.oer4ft (.text)
                  00005b70    00000074     rtsv7R4_T_le_v3D16_eabi.lib : getdevice.obj (.text)
                  00005be4    00000074                                 : s_frexp.obj (.text)
                  00005c58    00000070                                 : printf.obj (.text)
                  00005cc8    00000070     ti.targets.arm.rtsarm.aer4ft : Error.oer4ft (.text:xdc_runtime_Error_print__E)
                  00005d38    0000006d                                  : System.oer4ft (.text:xdc_runtime_System_formatNum__I)
                  00005da5    00000003     --HOLE-- [fill = 0]
                  00005da8    0000006c     libpinmux_xwr14xx.aer4f : pinmux.oer4f (.text:Pinmux_Set_FuncSel)
                  00005e14    0000006c     rtsv7R4_T_le_v3D16_eabi.lib : copy_decompress_lzss.obj (.text:decompress:lzss)
                  00005e80    0000006c                                 : trgmsg.obj (.text)
                  00005eec    0000006c     ti.targets.arm.rtsarm.aer4ft : Memory.oer4ft (.text:xdc_runtime_Memory_alloc__E)
                  00005f58    00000068     rtsv7R4_T_le_v3D16_eabi.lib : hostlseek.obj (.text)
                  00005fc0    00000068                                 : hostrename.obj (.text)
                  00006028    00000066     ti.targets.arm.rtsarm.aer4ft : Core-mem.oer4ft (.text:xdc_runtime_Core_deleteObject__I)
                  0000608e    00000002     --HOLE-- [fill = 0]
                  00006090    00000064     libosal_xwr14xx.aer4f : SemaphoreP_tirtos.oer4f (.text:SemaphoreP_create)
                  000060f4    00000064     rtsv7R4_T_le_v3D16_eabi.lib : fseek.obj (.text)
                  00006158    00000064     sysbios.aer4ft : exc_Exception_asm.obj (.text:ti_sysbios_family_arm_exc_Exception_initCore0__I)
                  000061bc    00000004     mss_per4ft.oer4ft (.text:ti_sysbios_BIOS_RtsGateProxy_leave__E)
                  000061c0    00000064     sysbios.aer4ft : BIOS.obj (.text:ti_sysbios_knl_Swi_schedule__I)
                  00006224    0000000a     I2CSlave.oer4f (.text:I2CSlave_write)
                  0000622e    00000002     --HOLE-- [fill = 0]
                  00006230    00000064     sysbios.aer4ft : BIOS.obj (.text:ti_sysbios_knl_Task_schedule__I)
                  00006294    0000005c     i2c_slave.oer4f (.text:I2C_slave_close)
                  000062f0    0000005c     rtsv7R4_T_le_v3D16_eabi.lib : hostopen.obj (.text)
                  0000634c    0000005c                                 : hostread.obj (.text)
                  000063a8    00000008     i2c_reg.oer4f (.text:I2CGetIntVector)
                  000063b0    0000005c     sysbios.aer4ft : BIOS.obj (.text:ti_sysbios_family_arm_v7r_vim_Hwi_phantomIntHandler__I)
                  0000640c    0000005b     ti.targets.arm.rtsarm.aer4ft : Text.oer4ft (.text:xdc_runtime_Text_putLab__E)
                  00006467    00000001     --HOLE-- [fill = 0]
                  00006468    00000058     libesm_xwr14xx.aer4f : esm.oer4f (.text:ESM_highpriority_FIQ)
                  000064c0    00000058     rtsv7R4_T_le_v3D16_eabi.lib : close.obj (.text)
                  00006518    00000058                                 : hostwrite.obj (.text)
                  00006570    00000058     sysbios.aer4ft : BIOS.obj (.text:ti_sysbios_heaps_HeapMem_alloc__E)
                  000065c8    00000054     i2c_slave.oer4f (.text:I2CSlave_setupTransfer)
                  0000661c    00000054     rtsv7R4_T_le_v3D16_eabi.lib : ltoa.obj (.text)
                  00006670    00000054     mss_per4ft.oer4ft (.text:ti_sysbios_family_arm_v7r_vim_Hwi_create)
                  000066c4    0000000a     libosal_xwr14xx.aer4f : MemoryP_tirtos.oer4f (.text:MemoryP_ctrlFree)
                  000066ce    00000002     --HOLE-- [fill = 0]
                  000066d0    00000054     sysbios.aer4ft : BIOS.obj (.text:ti_sysbios_heaps_HeapMem_getStats__E)
                  00006724    0000000a     libosal_xwr14xx.aer4f : SemaphoreP_tirtos.oer4f (.text:SemaphoreP_post)
                  0000672e    00000002     --HOLE-- [fill = 0]
                  00006730    00000054     sysbios.aer4ft : BIOS.obj (.text:ti_sysbios_knl_Task_startCore__E)
                  00006784    00000054     ti.targets.arm.rtsarm.aer4ft : Assert.oer4ft (.text:xdc_runtime_Assert_raise__I)
                  000067d8    00000050     rtsv7R4_T_le_v3D16_eabi.lib : atoi.obj (.text)
                  00006828    00000050                                 : exit.obj (.text)
                  00006878    00000050                                 : u_div32.obj (.text)
                  000068c8    00000008     i2c_reg.oer4f (.text:I2CIntDisable)
                  000068d0    00000050     sysbios.aer4ft : BIOS.obj (.text:ti_sysbios_timers_rti_Timer_setPeriodMicroSecs__E)
                  00006920    00000050     ti.targets.arm.rtsarm.aer4ft : Startup.oer4ft (.text:xdc_runtime_Startup_exec__E)
                  00006970    00000050                                  : Text.oer4ft (.text:xdc_runtime_Text_visitRope2__I)
                  000069c0    0000004c     rtsv7R4_T_le_v3D16_eabi.lib : cpy_tbl.obj (.text)
                  00006a0c    00000004     mss_per4ft.oer4ft (.text:ti_sysbios_family_arm_TaskSupport_Module__startupDone__S)
                  00006a10    0000004c     sysbios.aer4ft : BIOS.obj (.text:ti_sysbios_family_arm_v7r_vim_Hwi_getStackInfo__E)
                  00006a5c    0000004c     mss_per4ft.oer4ft (.text:ti_sysbios_knl_Task_create)
                  00006aa8    00000048     ti.targets.arm.rtsarm.aer4ft : Core-params.oer4ft (.text:xdc_runtime_Core_assignParams__I)
                  00006af0    00000044     rtsv7R4_T_le_v3D16_eabi.lib : hostclose.obj (.text)
                  00006b34    00000044                                 : hostunlink.obj (.text)
                  00006b78    00000008     i2c_reg.oer4f (.text:I2CIntEnable)
                  00006b80    00000044     sysbios.aer4ft : BIOS.obj (.text:ti_sysbios_knl_Task_allBlockedFunction__I)
                  00006bc4    00000044     ti.targets.arm.rtsarm.aer4ft : Error.oer4ft (.text:xdc_runtime_Error_setX__E)
                  00006c08    00000044                                  : Text.oer4ft (.text:xdc_runtime_Text_xprintf__I)
                  00006c4c    00000004     mss_per4ft.oer4ft (.text:ti_sysbios_family_arm_v7r_vim_Hwi_delete)
                  00006c50    00000040     sysbios.aer4ft : BIOS.obj (.text:ti_sysbios_family_arm_v7r_vim_Hwi_setType__E)
                  00006c90    00000040                    : BIOS.obj (.text:ti_sysbios_knl_Swi_post__E)
                  00006cd0    00000040                    : BIOS.obj (.text:ti_sysbios_timers_rti_Timer_stop__E)
                  00006d10    0000003e     libpinmux_xwr14xx.aer4f : pinmux.oer4f (.text:CSL_FINSR)
                  00006d4e    0000003e     libsoc_xwr14xx.aer4f : soc.oer4f (.text:CSL_FINSR)
                  00006d8c    0000003c                          : soc.oer4f (.text:SOC_unhaltBSS)
                  00006dc8    00000008     i2c_slave.oer4f (.text:I2CSlave_blockingTransferCallback)
                  00006dd0    0000003c     sysbios.aer4ft : BIOS.obj (.text:ti_sysbios_family_arm_v7r_tms570_Core_Module_startup__E)
                  00006e0c    0000003c                    : vim_Hwi_asm.obj (.text:ti_sysbios_family_arm_v7r_vim_Hwi_init__I)
                  00006e48    00000008     libosal_xwr14xx.aer4f : SemaphoreP_tirtos.oer4f (.text:SemaphoreP_Params_init)
                  00006e50    0000003c     sysbios.aer4ft : BIOS.obj (.text:ti_sysbios_heaps_HeapMem_init__I)
                  00006e8c    00000004     mss_per4ft.oer4ft (.text:ti_sysbios_heaps_HeapMem_Module_GateProxy_enter__E)
                  00006e90    0000003c     sysbios.aer4ft : BIOS.obj (.text:ti_sysbios_knl_Swi_startup__E)
                  00006ecc    00000004     mss_per4ft.oer4ft (.text:ti_sysbios_heaps_HeapMem_Module_GateProxy_leave__E)
                  00006ed0    0000003c     sysbios.aer4ft : BIOS.obj (.text:ti_sysbios_timers_rti_Timer_setPeriod__E)
                  00006f0c    0000003a     libosal_xwr14xx.aer4f : HwiP_tirtos.oer4f (.text:HwiP_delete)
                  00006f46    00000002     --HOLE-- [fill = 0]
                  00006f48    00000038     I2CSlave.oer4f (.text:I2CSlave_init)
                  00006f80    00000038     ti.targets.arm.rtsarm.aer4ft : System.oer4ft (.text:xdc_runtime_System_atexit__E)
                  00006fb8    00000036     rtsv7R4_T_le_v3D16_eabi.lib : strncpy.obj (.text)
                  00006fee    00000002     --HOLE-- [fill = 0]
                  00006ff0    00000034     I2CSlave.oer4f (.text:I2CSlave_open)
                  00007024    00000034     i2c_slave.oer4f (.text:I2C_slave_control)
                  00007058    00000006     libosal_xwr14xx.aer4f : HwiP_tirtos.oer4f (.text:HwiP_restore)
                  0000705e    00000002     --HOLE-- [fill = 0]
                  00007060    00000034     sysbios.aer4ft : BIOS.obj (.text:ti_sysbios_hal_Hwi_checkStack)
                  00007094    00000034     mss_per4ft.oer4ft (.text:ti_sysbios_knl_Semaphore_create)
                  000070c8    00000006     i2c_reg.oer4f (.text:I2CGetData)
                  000070ce    00000002     --HOLE-- [fill = 0]
                  000070d0    00000034     sysbios.aer4ft : BIOS.obj (.text:ti_sysbios_knl_Task_processVitalTaskFlag__I)
                  00007104    00000034     ti.targets.arm.rtsarm.aer4ft : Core-label.oer4ft (.text:xdc_runtime_Core_assignLabel__I)
                  00007138    00000034                                  : Text.oer4ft (.text:xdc_runtime_Text_cordText__E)
                  0000716c    00000033                                  : Text.oer4ft (.text:xdc_runtime_Text_printVisFxn__I)
                  0000719f    00000001     --HOLE-- [fill = 0]
                  000071a0    00000032     sysbios.aer4ft : BIOS.obj (.text:ti_sysbios_hal_Hwi_initStack)
                  000071d2    00000002     --HOLE-- [fill = 0]
                  000071d4    00000030     mss_per4ft.oer4ft (.text:ti_sysbios_BIOS_atExitFunc__I)
                  00007204    00000030     mss_per4ft.oer4ft (.text:ti_sysbios_BIOS_startFunc__I)
                  00007234    0000000a     sysbios.aer4ft : tms570_Core_asm.obj (.text:ti_sysbios_family_arm_v7r_tms570_Core_getId__E)
                  0000723e    00000002     --HOLE-- [fill = 0]
                  00007240    00000030                    : BIOS.obj (.text:ti_sysbios_family_arm_TaskSupport_start__E)
                  00007270    00000030     mss_per4ft.oer4ft (.text:ti_sysbios_gates_GateHwi_Object__create__S)
                  000072a0    00000030     mss_per4ft.oer4ft (.text:ti_sysbios_gates_GateMutex_Object__create__S)
                  000072d0    00000030     mss_per4ft.oer4ft (.text:ti_sysbios_heaps_HeapMem_Object__create__S)
                  00007300    00000030     sysbios.aer4ft : BIOS.obj (.text:ti_sysbios_heaps_HeapMem_free__E)
                  00007330    00000030     mss_per4ft.oer4ft (.text:ti_sysbios_knl_Semaphore_construct)
                  00007360    00000030     ti.targets.arm.rtsarm.aer4ft : System.oer4ft (.text:xdc_runtime_System_processAtExit__E)
                  00007390    0000002e     mss_per4ft.oer4ft (.text:ti_sysbios_rts_gnu_MemAlloc_alloc)
                  000073be    0000002e     ti.targets.arm.rtsarm.aer4ft : System.oer4ft (.text:xdc_runtime_System_putchar__I)
                  000073ec    0000002c     rtsv7R4_T_le_v3D16_eabi.lib : unlink.obj (.text)
                  00007418    0000002c     mss_per4ft.oer4ft (.text:ti_sysbios_knl_Clock_doTick__I)
                  00007444    0000002c     mss_per4ft.oer4ft (.text:ti_sysbios_knl_Queue_construct)
                  00007470    0000002c     sysbios.aer4ft : BIOS.obj (.text:ti_sysbios_knl_Semaphore_pendTimeout__I)
                  0000749c    00000004     mss_per4ft.oer4ft (.text:ti_sysbios_knl_Clock_TimerProxy_getMaxTicks__E)
                  000074a0    0000002c     sysbios.aer4ft : BIOS.obj (.text:ti_sysbios_knl_Swi_Module_startup__E)
                  000074cc    00000004     mss_per4ft.oer4ft (.text:ti_sysbios_knl_Semaphore_delete)
                  000074d0    0000002c     sysbios.aer4ft : BIOS.obj (.text:ti_sysbios_knl_Task_unblockI__E)
                  000074fc    00000004     ti.targets.arm.rtsarm.aer4ft : Error.oer4ft (.text:xdc_runtime_Error_getSite__E)
                  00007500    0000002c     sysbios.aer4ft : BIOS.obj (.text:ti_sysbios_timers_rti_Timer_periodicStub__E)
                  0000752c    0000002a     libsoc_xwr14xx.aer4f : soc.oer4f (.text:SOC_SystemISR)
                  00007556    00000002     --HOLE-- [fill = 0]
                  00007558    00000028     rtsv7R4_T_le_v3D16_eabi.lib : lseek.obj (.text)
                  00007580    00000028                                 : write.obj (.text)
                  000075a8    00000006     ti.targets.arm.rtsarm.aer4ft : System.oer4ft (.text:xdc_runtime_System_Module_startup__E)
                  000075ae    00000002     --HOLE-- [fill = 0]
                  000075b0    00000028     sysbios.aer4ft : BIOS.obj (.text:ti_sysbios_knl_Idle_run__E)
                  000075d8    00000004     ti.targets.arm.rtsarm.aer4ft : SysStd.oer4ft (.text:xdc_runtime_SysStd_putch__E)
                  000075dc    00000004                                  : SysStd.oer4ft (.text:xdc_runtime_SysStd_ready__E)
                  000075e0    00000028     sysbios.aer4ft : BIOS.obj (.text:ti_sysbios_knl_Task_restore__E)
                  00007608    00000026     ti.targets.arm.rtsarm.aer4ft : System.oer4ft (.text:xdc_runtime_System_avprintf__E)
                  0000762e    00000002     --HOLE-- [fill = 0]
                  00007630    00000024     libtestlogger_xwr14xx.aer4f : logger.oer4f (.text:MCPI_Initialize)
                  00007654    00000024     mss_per4ft.oer4ft (.text:ti_sysbios_BIOS_errorRaiseHook__I)
                  00007678    00000024     mss_per4ft.oer4ft (.text:ti_sysbios_BIOS_registerRTSLock__I)
                  0000769c    00000024     mss_per4ft.oer4ft (.text:ti_sysbios_BIOS_removeRTSLock__I)
                  000076c0    00000024     mss_per4ft.oer4ft (.text:ti_sysbios_gates_GateMutex_Object__delete__S)
                  000076e4    00000024     mss_per4ft.oer4ft (.text:ti_sysbios_knl_Semaphore_Object__delete__S)
                  00007708    00000004     mss_per4ft.oer4ft (.text:xdc_runtime_System_Module_GateProxy_enter__E)
                  0000770c    00000004     mss_per4ft.oer4ft (.text:xdc_runtime_System_Module_GateProxy_leave__E)
                  00007710    00000024     sysbios.aer4ft : BIOS.obj (.text:ti_sysbios_knl_Task_restoreHwi__E)
                  00007734    00000024     ti.targets.arm.rtsarm.aer4ft : System.oer4ft (.text:xdc_runtime_System_vprintf__E)
                  00007758    00000020     libesm_xwr14xx.aer4f : esm.oer4f (.text:ESM_lowpriority_IRQ)
                  00007778    00000020     libpinmux_xwr14xx.aer4f : pinmux.oer4f (.text:Pinmux_Unlock)
                  00007798    00000020     rtsv7R4_T_le_v3D16_eabi.lib : memchr.obj (.text)
                  000077b8    00000004     ti.targets.arm.rtsarm.aer4ft : System.oer4ft (.text:xdc_runtime_System_aprintf_va__F)
                  000077bc    00000004                                  : System.oer4ft (.text:xdc_runtime_System_printf_va__F)
                  000077c0    00000020     sysbios.aer4ft : BIOS.obj (.text:ti_sysbios_family_arm_v7a_Pmu_Module_startup__E)
                  000077e0    00000020     mss_per4ft.oer4ft (.text:ti_sysbios_family_arm_v7r_vim_Hwi_Object__delete__S)
                  00007800    00000020     sysbios.aer4ft : BIOS.obj (.text:ti_sysbios_family_arm_v7r_vim_Hwi_disableInterrupt__E)
                  00007820    00000020                    : BIOS.obj (.text:ti_sysbios_family_arm_v7r_vim_Hwi_enableInterrupt__E)
                  00007840    00000020     mss_per4ft.oer4ft (.text:ti_sysbios_gates_GateHwi_Object__delete__S)
                  00007860    00000020     mss_per4ft.oer4ft (.text:ti_sysbios_heaps_HeapMem_Object__delete__S)
                  00007880    00000020     sysbios.aer4ft : BIOS.obj (.text:ti_sysbios_knl_Clock_Module_startup__E)
                  000078a0    00000020     mss_per4ft.oer4ft (.text:ti_sysbios_knl_Semaphore_destruct)
                  000078c0    00000020     ti.targets.arm.rtsarm.aer4ft : Registry.oer4ft (.text:xdc_runtime_Registry_findById__E)
                  000078e0    00000020                                  : SysStd.oer4ft (.text:xdc_runtime_SysStd_abort__E)
                  00007900    0000001e     rtsv7R4_T_le_v3D16_eabi.lib : strcat.obj (.text)
                  0000791e    0000001c     i2c_slave.oer4f (.text:CSL_FINSR)
                  0000793a    00000002     --HOLE-- [fill = 0]
                  0000793c    0000001c     sysbios.aer4ft : arm_TaskSupport_asm.obj (.text:_ti_sysbios_family_arm_TaskSupport_glue)
                  00007958    0000001c     rtsv7R4_T_le_v3D16_eabi.lib : memccpy.obj (.text)
                  00007974    0000001c     mss_per4ft.oer4ft (.text:ti_sysbios_BIOS_rtsLock__I)
                  00007990    0000001c     sysbios.aer4ft : BIOS.obj (.text:ti_sysbios_gates_GateMutex_Instance_init__E)
                  000079ac    00000004     --HOLE-- [fill = 0]
                  000079b0    0000001c                    : BIOS.obj (.text:ti_sysbios_gates_GateMutex_leave__E)
                  000079cc    0000001c     mss_per4ft.oer4ft (.text:ti_sysbios_knl_Queue_destruct)
                  000079e8    0000001c     ti.targets.arm.rtsarm.aer4ft : Error.oer4ft (.text:xdc_runtime_Error_check__E)
                  00007a04    0000001c                                  : Error.oer4ft (.text:xdc_runtime_Error_raiseX__E)
                  00007a20    0000001c                                  : Memory.oer4ft (.text:xdc_runtime_Memory_valloc__E)
                  00007a3c    0000001c                                  : System.oer4ft (.text:xdc_runtime_System_abort__E)
                  00007a58    0000001a     libsoc_xwr14xx.aer4f : soc.oer4f (.text:CSL_FEXTR)
                  00007a72    0000001a     mss_per4ft.oer4ft (.text:free)
                  00007a8c    0000001a     rtsv7R4_T_le_v3D16_eabi.lib : s_copysign.obj (.text)
                  00007aa6    0000001a     mss_per4ft.oer4ft (.text:ti_sysbios_gates_GateHwi_Handle__label__S)
                  00007ac0    0000001a     mss_per4ft.oer4ft (.text:ti_sysbios_gates_GateMutex_Handle__label__S)
                  00007ada    0000001a     mss_per4ft.oer4ft (.text:ti_sysbios_heaps_HeapMem_Handle__label__S)
                  00007af4    0000001a     mss_per4ft.oer4ft (.text:xdc_runtime_System_aprintf__E)
                  00007b0e    0000001a     mss_per4ft.oer4ft (.text:xdc_runtime_System_printf__E)
                  00007b28    00000018     sysbios.aer4ft : arm_TaskSupport_asm.obj (.text:_ti_sysbios_family_arm_TaskSupport_swap__E)
                  00007b40    00000018     rtsv7R4_T_le_v3D16_eabi.lib : args_main.obj (.text)
                  00007b58    00000018                                 : strcmp.obj (.text)
                  00007b70    00000018     mss_per4ft.oer4ft (.text:ti_sysbios_BIOS_rtsUnlock__I)
                  00007b88    00000018     sysbios.aer4ft : BIOS.obj (.text:ti_sysbios_family_arm_v7a_Pmu_initCounters__I)
                  00007ba0    00000018     mss_per4ft.oer4ft (.text:ti_sysbios_family_arm_v7r_vim_Hwi_Module__startupDone__F)
                  00007bb8    00000018     mss_per4ft.oer4ft (.text:ti_sysbios_family_arm_v7r_vim_Hwi_Params__init__S)
                  00007bd0    00000018     sysbios.aer4ft : BIOS.obj (.text:ti_sysbios_family_arm_v7r_vim_Hwi_clearInterrupt__E)
                  00007be8    00000018     mss_per4ft.oer4ft (.text:ti_sysbios_knl_Semaphore_Params__init__S)
                  00007c00    00000018     mss_per4ft.oer4ft (.text:ti_sysbios_knl_Task_Params__init__S)
                  00007c18    00000008     --HOLE-- [fill = 0]
                  00007c20    00000018     sysbios.aer4ft : BIOS.obj (.text:ti_sysbios_knl_Task_enter__I)
                  00007c38    00000018     mss_per4ft.oer4ft (.text:ti_sysbios_timers_rti_Timer_Module__startupDone__F)
                  00007c50    00000018     ti.targets.arm.rtsarm.aer4ft : Error.oer4ft (.text:xdc_runtime_Error_init__E)
                  00007c68    00000018                                  : System.oer4ft (.text:xdc_runtime_System_exit__E)
                  00007c80    00000018                                  : Text.oer4ft (.text:xdc_runtime_Text_ropeText__E)
                  00007c98    00000016     rtsv7R4_T_le_v3D16_eabi.lib : strchr.obj (.text)
                  00007cae    00000016                                 : strlen.obj (.text)
                  00007cc4    00000016     mss_per4ft.oer4ft (.text:ti_sysbios_BIOS_exitFunc__I)
                  00007cda    00000006     --HOLE-- [fill = 0]
                  00007ce0    00000016     sysbios.aer4ft : BIOS.obj (.text:ti_sysbios_knl_Idle_loop__E)
                  00007cf6    00000014     libosal_xwr14xx.aer4f : HwiP_tirtos.oer4f (.text:HwiP_Params_init)
                  00007d0a    00000002     --HOLE-- [fill = 0]
                  00007d0c    00000014     libtestlogger_xwr14xx.aer4f : logger.oer4f (.text:MCPI_setTestResult)
                  00007d20    00000014     libpinmux_xwr14xx.aer4f : pinmux.oer4f (.text:Pinmux_Lock)
                  00007d34    00000014     libosal_xwr14xx.aer4f : DebugP_tirtos.oer4f (.text:_DebugP_assert)
                  00007d48    00000014     rtsv7R4_T_le_v3D16_eabi.lib : _lock.obj (.text)
                  00007d5c    00000014                                 : strcpy.obj (.text)
                  00007d70    00000014     mss_per4ft.oer4ft (.text:ti_sysbios_heaps_HeapMem_Object__get__S)
                  00007d84    00000014     mss_per4ft.oer4ft (.text:ti_sysbios_knl_Swi_Object__get__S)
                  00007d98    00000012     libosal_xwr14xx.aer4f : MemoryP_tirtos.oer4f (.text:MemoryP_ctrlAlloc)
                  00007daa    00000012                           : SemaphoreP_tirtos.oer4f (.text:SemaphoreP_pend)
                  00007dbc    00000004     --HOLE-- [fill = 0]
                  00007dc0    00000012     sysbios.aer4ft : BIOS.obj (.text:ti_sysbios_hal_Hwi_Module_startup__E)
                  00007dd2    00000012     mss_per4ft.oer4ft (.text:xdc_runtime_Startup_exec__I)
                  00007de4    00000010     i2c_reg.oer4f (.text:I2CSlaveEnable)
                  00007df4    00000010     I2CSlave.oer4f (.text:I2CSlave_Params_init)
                  00007e04    0000000a     mss_per4ft.oer4ft (.text:xdc_runtime_IHeap_alloc)
                  00007e0e    00000002     --HOLE-- [fill = 0]
                  00007e10    00000010     sysbios.aer4ft : BIOS.obj (.text:ti_sysbios_BIOS_exit__E)
                  00007e20    00000010                    : BIOS.obj (.text:ti_sysbios_BIOS_setThreadType__E)
                  00007e30    00000010                    : BIOS.obj (.text:ti_sysbios_BIOS_start__E)
                  00007e40    00000010                    : BIOS.obj (.text:ti_sysbios_family_arm_v7a_Pmu_getNumCounters__E)
                  00007e50    00000010                    : BIOS.obj (.text:ti_sysbios_gates_GateMutex_Instance_finalize__E)
                  00007e60    00000010     mss_per4ft.oer4ft (.text:ti_sysbios_heaps_HeapBuf_Object__get__S)
                  00007e70    00000010     sysbios.aer4ft : BIOS.obj (.text:ti_sysbios_knl_Semaphore_Instance_finalize__E)
                  00007e80    00000010                    : BIOS.obj (.text:ti_sysbios_knl_Swi_disable__E)
                  00007e90    00000010     mss_per4ft.oer4ft (.text:ti_sysbios_knl_Task_Object__get__S)
                  00007ea0    00000010     sysbios.aer4ft : BIOS.obj (.text:ti_sysbios_knl_Task_disable__E)
                  00007eb0    00000010     ti.targets.arm.rtsarm.aer4ft : Gate.oer4ft (.text:xdc_runtime_Gate_leaveSystem__E)
                  00007ec0    00000010                                  : Memory.oer4ft (.text:xdc_runtime_Memory_free__E)
                  00007ed0    00000010                                  : System.oer4ft (.text:xdc_runtime_System_vsnprintf__E)
                  00007ee0    00000010     mss_per4ft.oer4ft (.text:xdc_runtime_Text_visitRope__I)
                  00007ef0    0000000e     rtsv7R4_T_le_v3D16_eabi.lib : copy_decompress_none.obj (.text:decompress:none)
                  00007efe    00000002     --HOLE-- [fill = 0]
                  00007f00    0000000e     sysbios.aer4ft : BIOS.obj (.text:ti_sysbios_knl_Queue_empty__E)
                  00007f0e    00000002     --HOLE-- [fill = 0]
                  00007f10    0000000c                    : BIOS.obj (.text:ti_sysbios_family_arm_TaskSupport_checkStack__E)
                  00007f1c    00000004     --HOLE-- [fill = 0]
                  00007f20    0000000c                    : BIOS.obj (.text:ti_sysbios_family_arm_TaskSupport_getStackAlignment__E)
                  00007f2c    00000004     --HOLE-- [fill = 0]
                  00007f30    0000000c                    : BIOS.obj (.text:ti_sysbios_family_arm_exc_Exception_Module_startup__E)
                  00007f3c    00000004     --HOLE-- [fill = 0]
                  00007f40    0000000c                    : BIOS.obj (.text:ti_sysbios_family_arm_v7r_vim_Hwi_switchFromBootStack__E)
                  00007f4c    0000000a     mss_per4ft.oer4ft (.text:xdc_runtime_IHeap_free)
                  00007f56    0000000a     --HOLE-- [fill = 0]
                  00007f60    00000008     sysbios.aer4ft : BIOS.obj (.text:ti_sysbios_gates_GateHwi_enter__E)
                  00007f68    00000008     --HOLE-- [fill = 0]
                  00007f70    00000006                    : BIOS.obj (.text:ti_sysbios_family_arm_v7r_vim_Hwi_startup__E)
                  00007f76    0000000a     --HOLE-- [fill = 0]
                  00007f80    00000006                    : BIOS.obj (.text:ti_sysbios_gates_GateHwi_leave__E)
                  00007f86    0000000a     --HOLE-- [fill = 0]
                  00007f90    00000006                    : BIOS.obj (.text:ti_sysbios_heaps_HeapMem_isBlocking__E)
                  00007f96    0000000a     --HOLE-- [fill = 0]
                  00007fa0    00000006                    : BIOS.obj (.text:ti_sysbios_knl_Queue_Instance_init__E)
                  00007fa6    0000000a     --HOLE-- [fill = 0]
                  00007fb0    00000004                    : BIOS.obj (.text:ti_sysbios_gates_GateHwi_query__E)
                  00007fb4    0000000c     --HOLE-- [fill = 0]
                  00007fc0    00000004                    : BIOS.obj (.text:ti_sysbios_gates_GateMutex_query__E)
                  00007fc4    0000000c     --HOLE-- [fill = 0]
                  00007fd0    00000004                    : BIOS.obj (.text:ti_sysbios_knl_Task_startup__E)
                  00007fd4    0000000c     --HOLE-- [fill = 0]
                  00007fe0    00000004                    : BIOS.obj (.text:ti_sysbios_timers_rti_Timer_getMaxTicks__E)
                  00007fe4    0000000c     --HOLE-- [fill = 0]
                  00007ff0    00000002                    : BIOS.obj (.text:ti_sysbios_BIOS_linkedWithIncorrectBootLibrary__E)
                  00007ff2    0000000e     --HOLE-- [fill = 0]
                  00008000    00000002                    : BIOS.obj (.text:ti_sysbios_gates_GateHwi_Instance_init__E)
                  00008002    0000000e     --HOLE-- [fill = 0]
                  00008010    00000002                    : BIOS.obj (.text:ti_sysbios_knl_Clock_logTick__E)

.const     0    00008020    000021fa     
                  00008020    00001a98     mss_per4ft.oer4ft (.const:xdc_runtime_Text_charTab__A)
                  00009ab8    00000101     rtsv7R4_T_le_v3D16_eabi.lib : ctype.obj (.const:.string:_ctypes_)
                  00009bb9    00000001     mss_per4ft.oer4ft (.const:xdc_runtime_Error_policy__C)
                  00009bba    000000d8     mss_per4ft.oer4ft (.const:xdc_runtime_Text_nodeTab__A)
                  00009c92    00000080     mss_per4ft.oer4ft (.const:ti_sysbios_family_arm_v7r_vim_Hwi_channelMap__A)
                  00009d12    00000002     mss_per4ft.oer4ft (.const:ti_sysbios_family_arm_exc_Exception_Module__id__C)
                  00009d14    00000048     mss_per4ft.oer4ft (.const:.string)
                  00009d5c    0000003c     mss_per4ft.oer4ft (.const:ti_sysbios_knl_Task_Object__PARAMS__C)
                  00009d98    00000030     mss_per4ft.oer4ft (.const:ti_sysbios_family_arm_v7r_vim_Hwi_Object__PARAMS__C)
                  00009dc8    0000002c     mss_per4ft.oer4ft (.const:xdc_runtime_Startup_sfxnTab__A)
                  00009df4    00000028     mss_per4ft.oer4ft (.const:ti_sysbios_heaps_HeapMem_Module__FXNS__C)
                  00009e1c    00000024     mss_per4ft.oer4ft (.const:ti_sysbios_gates_GateHwi_Module__FXNS__C)
                  00009e40    00000024     mss_per4ft.oer4ft (.const:ti_sysbios_gates_GateMutex_Module__FXNS__C)
                  00009e64    00000024     mss_per4ft.oer4ft (.const:ti_sysbios_heaps_HeapMem_Object__PARAMS__C)
                  00009e88    00000024     mss_per4ft.oer4ft (.const:ti_sysbios_knl_Semaphore_Object__PARAMS__C)
                  00009eac    00000020     mss_per4ft.oer4ft (.const:ti_sysbios_family_arm_v7r_vim_Hwi_Object__DESC__C)
                  00009ecc    00000020     mss_per4ft.oer4ft (.const:ti_sysbios_gates_GateHwi_Object__DESC__C)
                  00009eec    00000020     mss_per4ft.oer4ft (.const:ti_sysbios_gates_GateMutex_Object__DESC__C)
                  00009f0c    00000020     mss_per4ft.oer4ft (.const:ti_sysbios_heaps_HeapMem_Object__DESC__C)
                  00009f2c    00000020     mss_per4ft.oer4ft (.const:ti_sysbios_knl_Queue_Object__DESC__C)
                  00009f4c    00000020     mss_per4ft.oer4ft (.const:ti_sysbios_knl_Semaphore_Object__DESC__C)
                  00009f6c    00000020     mss_per4ft.oer4ft (.const:ti_sysbios_knl_Task_Object__DESC__C)
                  00009f8c    00000018     mss_per4ft.oer4ft (.const:ti_sysbios_gates_GateHwi_Object__PARAMS__C)
                  00009fa4    00000018     mss_per4ft.oer4ft (.const:ti_sysbios_gates_GateMutex_Object__PARAMS__C)
                  00009fbc    00000018     mss_per4ft.oer4ft (.const:ti_sysbios_knl_Queue_Object__PARAMS__C)
                  00009fd4    00000016     mss_per4ft.oer4ft (.const:xdc_runtime_Startup_sfxnRts__A)
                  00009fea    00000002     mss_per4ft.oer4ft (.const:ti_sysbios_family_arm_v7r_tms570_Core_Module__id__C)
                  00009fec    00000010     mss_per4ft.oer4ft (.const:ti_sysbios_family_arm_v7r_vim_Hwi_intReqEnaSet__A)
                  00009ffc    00000010     mss_per4ft.oer4ft (.const:ti_sysbios_family_arm_v7r_vim_Hwi_wakeEnaSet__A)
                  0000a00c    0000000c     I2CSlave.oer4f (.const:I2CSlave_defaultParams)
                  0000a018    00000008     mss_per4ft.oer4ft (.const:ti_sysbios_knl_Idle_funcList__C)
                  0000a020    00000008     mss_per4ft.oer4ft (.const:xdc_runtime_Startup_firstFxns__A)
                  0000a028    00000008     mss_per4ft.oer4ft (.const:xdc_runtime_Startup_firstFxns__C)
                  0000a030    00000008     mss_per4ft.oer4ft (.const:xdc_runtime_Startup_lastFxns__C)
                  0000a038    00000004     mss_per4ft.oer4ft (.const:ti_sysbios_family_arm_TaskSupport_stackAlignment__C)
                  0000a03c    00000004     mss_per4ft.oer4ft (.const:ti_sysbios_family_arm_exc_Exception_E_dataAbort__C)
                  0000a040    00000004     mss_per4ft.oer4ft (.const:ti_sysbios_family_arm_exc_Exception_E_prefetchAbort__C)
                  0000a044    00000004     mss_per4ft.oer4ft (.const:ti_sysbios_family_arm_exc_Exception_E_swi__C)
                  0000a048    00000004     mss_per4ft.oer4ft (.const:ti_sysbios_family_arm_exc_Exception_E_undefinedInstruction__C)
                  0000a04c    00000004     mss_per4ft.oer4ft (.const:ti_sysbios_family_arm_exc_Exception_excHookFuncs__A)
                  0000a050    00000004     mss_per4ft.oer4ft (.const:ti_sysbios_family_arm_exc_Exception_excHookFuncs__C)
                  0000a054    00000004     mss_per4ft.oer4ft (.const:ti_sysbios_family_arm_v7r_tms570_Core_E_mismatchedIds__C)
                  0000a058    00000004     mss_per4ft.oer4ft (.const:ti_sysbios_family_arm_v7r_tms570_Core_id__C)
                  0000a05c    00000004     mss_per4ft.oer4ft (.const:ti_sysbios_family_arm_v7r_vim_Hwi_A_badChannelId__C)
                  0000a060    00000004     mss_per4ft.oer4ft (.const:ti_sysbios_family_arm_v7r_vim_Hwi_E_alreadyDefined__C)
                  0000a064    00000004     mss_per4ft.oer4ft (.const:ti_sysbios_family_arm_v7r_vim_Hwi_E_badIntNum__C)
                  0000a068    00000004     mss_per4ft.oer4ft (.const:ti_sysbios_family_arm_v7r_vim_Hwi_E_phantomInterrupt__C)
                  0000a06c    00000004     mss_per4ft.oer4ft (.const:ti_sysbios_family_arm_v7r_vim_Hwi_E_undefined__C)
                  0000a070    00000004     mss_per4ft.oer4ft (.const:ti_sysbios_family_arm_v7r_vim_Hwi_E_unsupportedMaskingOption__C)
                  0000a074    00000004     mss_per4ft.oer4ft (.const:ti_sysbios_family_arm_v7r_vim_Hwi_Module__diagsEnabled__C)
                  0000a078    00000004     mss_per4ft.oer4ft (.const:ti_sysbios_family_arm_v7r_vim_Hwi_Module__diagsIncluded__C)
                  0000a07c    00000004     mss_per4ft.oer4ft (.const:ti_sysbios_family_arm_v7r_vim_Hwi_Module__diagsMask__C)
                  0000a080    00000004     mss_per4ft.oer4ft (.const:ti_sysbios_family_arm_v7r_vim_Hwi_NUM_INTERRUPTS__C)
                  0000a084    00000004     mss_per4ft.oer4ft (.const:ti_sysbios_family_arm_v7r_vim_Hwi_channelMap__C)
                  0000a088    00000004     mss_per4ft.oer4ft (.const:ti_sysbios_family_arm_v7r_vim_Hwi_intReqEnaSet__C)
                  0000a08c    00000004     mss_per4ft.oer4ft (.const:ti_sysbios_family_arm_v7r_vim_Hwi_phantomFunc__C)
                  0000a090    00000004     mss_per4ft.oer4ft (.const:ti_sysbios_family_arm_v7r_vim_Hwi_swiDisable__C)
                  0000a094    00000004     mss_per4ft.oer4ft (.const:ti_sysbios_family_arm_v7r_vim_Hwi_swiRestoreHwi__C)
                  0000a098    00000004     mss_per4ft.oer4ft (.const:ti_sysbios_family_arm_v7r_vim_Hwi_taskDisable__C)
                  0000a09c    00000004     mss_per4ft.oer4ft (.const:ti_sysbios_family_arm_v7r_vim_Hwi_taskRestoreHwi__C)
                  0000a0a0    00000004     mss_per4ft.oer4ft (.const:ti_sysbios_family_arm_v7r_vim_Hwi_wakeEnaSet__C)
                  0000a0a4    00000004     mss_per4ft.oer4ft (.const:ti_sysbios_gates_GateMutex_A_badContext__C)
                  0000a0a8    00000004     mss_per4ft.oer4ft (.const:ti_sysbios_gates_GateMutex_Instance_State_sem__O)
                  0000a0ac    00000004     mss_per4ft.oer4ft (.const:ti_sysbios_gates_GateMutex_Module__diagsEnabled__C)
                  0000a0b0    00000004     mss_per4ft.oer4ft (.const:ti_sysbios_gates_GateMutex_Module__diagsIncluded__C)
                  0000a0b4    00000004     mss_per4ft.oer4ft (.const:ti_sysbios_gates_GateMutex_Module__diagsMask__C)
                  0000a0b8    00000004     mss_per4ft.oer4ft (.const:ti_sysbios_hal_Hwi_E_stackOverflow__C)
                  0000a0bc    00000004     mss_per4ft.oer4ft (.const:ti_sysbios_heaps_HeapBuf_Instance_State_freeList__O)
                  0000a0c0    00000004     mss_per4ft.oer4ft (.const:ti_sysbios_heaps_HeapBuf_Object__count__C)
                  0000a0c4    00000004     mss_per4ft.oer4ft (.const:ti_sysbios_heaps_HeapBuf_numConstructedHeaps__C)
                  0000a0c8    00000004     mss_per4ft.oer4ft (.const:ti_sysbios_heaps_HeapMem_A_align__C)
                  0000a0cc    00000004     mss_per4ft.oer4ft (.const:ti_sysbios_heaps_HeapMem_A_heapSize__C)
                  0000a0d0    00000004     mss_per4ft.oer4ft (.const:ti_sysbios_heaps_HeapMem_A_invalidFree__C)
                  0000a0d4    00000004     mss_per4ft.oer4ft (.const:ti_sysbios_heaps_HeapMem_A_zeroBlock__C)
                  0000a0d8    00000004     mss_per4ft.oer4ft (.const:ti_sysbios_heaps_HeapMem_E_memory__C)
                  0000a0dc    00000004     mss_per4ft.oer4ft (.const:ti_sysbios_heaps_HeapMem_Module__diagsEnabled__C)
                  0000a0e0    00000004     mss_per4ft.oer4ft (.const:ti_sysbios_heaps_HeapMem_Module__diagsIncluded__C)
                  0000a0e4    00000004     mss_per4ft.oer4ft (.const:ti_sysbios_heaps_HeapMem_Module__diagsMask__C)
                  0000a0e8    00000004     mss_per4ft.oer4ft (.const:ti_sysbios_heaps_HeapMem_Module__gateObj__C)
                  0000a0ec    00000004     mss_per4ft.oer4ft (.const:ti_sysbios_heaps_HeapMem_Object__count__C)
                  0000a0f0    00000004     mss_per4ft.oer4ft (.const:ti_sysbios_heaps_HeapMem_reqAlign__C)
                  0000a0f4    00000004     mss_per4ft.oer4ft (.const:ti_sysbios_knl_Clock_Module_State_clockQ__O)
                  0000a0f8    00000004     mss_per4ft.oer4ft (.const:ti_sysbios_knl_Idle_funcList__A)
                  0000a0fc    00000004     mss_per4ft.oer4ft (.const:ti_sysbios_knl_Semaphore_A_badContext__C)
                  0000a100    00000004     mss_per4ft.oer4ft (.const:ti_sysbios_knl_Semaphore_A_noEvents__C)
                  0000a104    00000004     mss_per4ft.oer4ft (.const:ti_sysbios_knl_Semaphore_A_overflow__C)
                  0000a108    00000004     mss_per4ft.oer4ft (.const:ti_sysbios_knl_Semaphore_A_pendTaskDisabled__C)
                  0000a10c    00000004     mss_per4ft.oer4ft (.const:ti_sysbios_knl_Semaphore_Instance_State_pendQ__O)
                  0000a110    00000004     mss_per4ft.oer4ft (.const:ti_sysbios_knl_Semaphore_Module__diagsEnabled__C)
                  0000a114    00000004     mss_per4ft.oer4ft (.const:ti_sysbios_knl_Semaphore_Module__diagsIncluded__C)
                  0000a118    00000004     mss_per4ft.oer4ft (.const:ti_sysbios_knl_Semaphore_Module__diagsMask__C)
                  0000a11c    00000004     mss_per4ft.oer4ft (.const:ti_sysbios_knl_Swi_Object__count__C)
                  0000a120    00000004     mss_per4ft.oer4ft (.const:ti_sysbios_knl_Task_A_badPriority__C)
                  0000a124    00000004     mss_per4ft.oer4ft (.const:ti_sysbios_knl_Task_A_badTaskState__C)
                  0000a128    00000004     mss_per4ft.oer4ft (.const:ti_sysbios_knl_Task_A_badThreadType__C)
                  0000a12c    00000004     mss_per4ft.oer4ft (.const:ti_sysbios_knl_Task_A_noPendElem__C)
                  0000a130    00000004     mss_per4ft.oer4ft (.const:ti_sysbios_knl_Task_E_spOutOfBounds__C)
                  0000a134    00000004     mss_per4ft.oer4ft (.const:ti_sysbios_knl_Task_E_stackOverflow__C)
                  0000a138    00000004     mss_per4ft.oer4ft (.const:ti_sysbios_knl_Task_Module_State_inactiveQ__O)
                  0000a13c    00000004     mss_per4ft.oer4ft (.const:ti_sysbios_knl_Task_Module__diagsEnabled__C)
                  0000a140    00000004     mss_per4ft.oer4ft (.const:ti_sysbios_knl_Task_Module__diagsIncluded__C)
                  0000a144    00000004     mss_per4ft.oer4ft (.const:ti_sysbios_knl_Task_Module__diagsMask__C)
                  0000a148    00000004     mss_per4ft.oer4ft (.const:ti_sysbios_knl_Task_Object__count__C)
                  0000a14c    00000004     mss_per4ft.oer4ft (.const:ti_sysbios_knl_Task_allBlockedFunc__C)
                  0000a150    00000004     mss_per4ft.oer4ft (.const:ti_sysbios_knl_Task_defaultStackHeap__C)
                  0000a154    00000004     mss_per4ft.oer4ft (.const:ti_sysbios_knl_Task_defaultStackSize__C)
                  0000a158    00000004     mss_per4ft.oer4ft (.const:ti_sysbios_knl_Task_numConstructedTasks__C)
                  0000a15c    00000004     mss_per4ft.oer4ft (.const:ti_sysbios_timers_rti_Timer_E_cannotSupport__C)
                  0000a160    00000004     mss_per4ft.oer4ft (.const:ti_sysbios_timers_rti_Timer_Module__diagsEnabled__C)
                  0000a164    00000004     mss_per4ft.oer4ft (.const:ti_sysbios_timers_rti_Timer_Module__diagsIncluded__C)
                  0000a168    00000004     mss_per4ft.oer4ft (.const:ti_sysbios_timers_rti_Timer_Module__diagsMask__C)
                  0000a16c    00000004     mss_per4ft.oer4ft (.const:ti_sysbios_timers_rti_Timer_numTimerDevices__C)
                  0000a170    00000004     mss_per4ft.oer4ft (.const:ti_sysbios_timers_rti_Timer_startupNeeded__C)
                  0000a174    00000004     mss_per4ft.oer4ft (.const:xdc_runtime_Assert_E_assertFailed__C)
                  0000a178    00000004     mss_per4ft.oer4ft (.const:xdc_runtime_Core_A_initializedParams__C)
                  0000a17c    00000004     mss_per4ft.oer4ft (.const:xdc_runtime_Core_Module__diagsEnabled__C)
                  0000a180    00000004     mss_per4ft.oer4ft (.const:xdc_runtime_Core_Module__diagsIncluded__C)
                  0000a184    00000004     mss_per4ft.oer4ft (.const:xdc_runtime_Core_Module__diagsMask__C)
                  0000a188    00000004     mss_per4ft.oer4ft (.const:xdc_runtime_Error_E_memory__C)
                  0000a18c    00000004     mss_per4ft.oer4ft (.const:xdc_runtime_Error_Module__diagsEnabled__C)
                  0000a190    00000004     mss_per4ft.oer4ft (.const:xdc_runtime_Error_Module__diagsIncluded__C)
                  0000a194    00000004     mss_per4ft.oer4ft (.const:xdc_runtime_Error_Module__diagsMask__C)
                  0000a198    00000004     mss_per4ft.oer4ft (.const:xdc_runtime_Error_Module__loggerFxn8__C)
                  0000a19c    00000004     mss_per4ft.oer4ft (.const:xdc_runtime_Error_Module__loggerObj__C)
                  0000a1a0    00000004     mss_per4ft.oer4ft (.const:xdc_runtime_Error_policyFxn__C)
                  0000a1a4    00000004     mss_per4ft.oer4ft (.const:xdc_runtime_Error_raiseHook__C)
                  0000a1a8    00000004     mss_per4ft.oer4ft (.const:xdc_runtime_IGateProvider_Interface__BASE__C)
                  0000a1ac    00000004     mss_per4ft.oer4ft (.const:xdc_runtime_IHeap_Interface__BASE__C)
                  0000a1b0    00000004     mss_per4ft.oer4ft (.const:xdc_runtime_IModule_Interface__BASE__C)
                  0000a1b4    00000004     mss_per4ft.oer4ft (.const:xdc_runtime_Log_L_error__C)
                  0000a1b8    00000004     mss_per4ft.oer4ft (.const:xdc_runtime_Memory_defaultHeapInstance__C)
                  0000a1bc    00000004     mss_per4ft.oer4ft (.const:xdc_runtime_Startup_execImpl__C)
                  0000a1c0    00000004     mss_per4ft.oer4ft (.const:xdc_runtime_Startup_maxPasses__C)
                  0000a1c4    00000004     mss_per4ft.oer4ft (.const:xdc_runtime_Startup_sfxnRts__C)
                  0000a1c8    00000004     mss_per4ft.oer4ft (.const:xdc_runtime_Startup_sfxnTab__C)
                  0000a1cc    00000004     mss_per4ft.oer4ft (.const:xdc_runtime_System_Module__gateObj__C)
                  0000a1d0    00000004     mss_per4ft.oer4ft (.const:xdc_runtime_System_abortFxn__C)
                  0000a1d4    00000004     mss_per4ft.oer4ft (.const:xdc_runtime_System_exitFxn__C)
                  0000a1d8    00000004     mss_per4ft.oer4ft (.const:xdc_runtime_System_extendFxn__C)
                  0000a1dc    00000004     mss_per4ft.oer4ft (.const:xdc_runtime_System_maxAtexitHandlers__C)
                  0000a1e0    00000004     mss_per4ft.oer4ft (.const:xdc_runtime_Text_charTab__C)
                  0000a1e4    00000004     mss_per4ft.oer4ft (.const:xdc_runtime_Text_nameEmpty__C)
                  0000a1e8    00000004     mss_per4ft.oer4ft (.const:xdc_runtime_Text_nameStatic__C)
                  0000a1ec    00000004     mss_per4ft.oer4ft (.const:xdc_runtime_Text_nameUnknown__C)
                  0000a1f0    00000004     mss_per4ft.oer4ft (.const:xdc_runtime_Text_nodeTab__C)
                  0000a1f4    00000004     mss_per4ft.oer4ft (.const:xdc_runtime_Text_visitRopeFxn__C)
                  0000a1f8    00000002     mss_per4ft.oer4ft (.const:ti_sysbios_family_arm_v7r_vim_Hwi_Module__id__C)
                  0000a1fa    00000002     mss_per4ft.oer4ft (.const:ti_sysbios_gates_GateMutex_Module__id__C)
                  0000a1fc    00000002     mss_per4ft.oer4ft (.const:ti_sysbios_hal_Hwi_Module__id__C)
                  0000a1fe    00000002     mss_per4ft.oer4ft (.const:ti_sysbios_heaps_HeapMem_Module__id__C)
                  0000a200    00000002     mss_per4ft.oer4ft (.const:ti_sysbios_knl_Semaphore_Module__id__C)
                  0000a202    00000002     mss_per4ft.oer4ft (.const:ti_sysbios_knl_Task_Module__id__C)
                  0000a204    00000002     mss_per4ft.oer4ft (.const:ti_sysbios_timers_rti_Timer_Module__id__C)
                  0000a206    00000002     mss_per4ft.oer4ft (.const:ti_sysbios_timers_rti_Timer_continueOnSuspend__C)
                  0000a208    00000002     mss_per4ft.oer4ft (.const:xdc_runtime_Core_Module__id__C)
                  0000a20a    00000002     mss_per4ft.oer4ft (.const:xdc_runtime_Error_Module__loggerDefined__C)
                  0000a20c    00000002     mss_per4ft.oer4ft (.const:xdc_runtime_Error_maxDepth__C)
                  0000a20e    00000002     mss_per4ft.oer4ft (.const:xdc_runtime_Main_Module__id__C)
                  0000a210    00000002     mss_per4ft.oer4ft (.const:xdc_runtime_Memory_Module__id__C)
                  0000a212    00000002     mss_per4ft.oer4ft (.const:xdc_runtime_Text_charCnt__C)
                  0000a214    00000002     mss_per4ft.oer4ft (.const:xdc_runtime_Text_isLoaded__C)
                  0000a216    00000002     mss_per4ft.oer4ft (.const:xdc_runtime_Text_registryModsLastId__C)
                  0000a218    00000002     mss_per4ft.oer4ft (.const:xdc_runtime_Text_unnamedModsLastId__C)

.cinit     0    0000a220    00000280     
                  0000a220    0000024c     (.cinit..data.load) [load image, compression = lzss]
                  0000a46c    0000000c     (__TI_handler_table)
                  0000a478    00000008     (.cinit..MCPILogBuffer.load) [load image, compression = zero_init]
                  0000a480    00000008     (.cinit..bss.load) [load image, compression = zero_init]
                  0000a488    00000018     (__TI_cinit_table)

.bss       0    08000000    00003a58     UNINITIALIZED
                  08000000    00002000     (.common:ti_sysbios_heaps_HeapMem_Instance_State_0_buf__A)
                  08002000    00001000     (.common:ti_sysbios_family_arm_exc_Exception_Module_State_0_excStack_0__A)
                  08003000    00000400     mss_per4ft.oer4ft (.bss:taskStackSection)
                  08003400    00000400     (.common:ti_sysbios_family_arm_v7r_vim_Hwi_Module_State_0_fiqStack__A)
                  08003800    00000120     rtsv7R4_T_le_v3D16_eabi.lib : trgmsg.obj (.bss:_CIOBUF_)
                  08003920    000000a0     (.common:__TI_tmpnams)
                  080039c0    00000070     (.common:gEsmMCB)
                  08003a30    00000020     slave.oer4f (.bss:$O1$$)
                  08003a50    00000008     (.common:parmbuf)

.stack     0    08005e58    00001000     UNINITIALIZED
                  08005e58    00001000     --HOLE--

.data      0    08006e58    00000894     UNINITIALIZED
                  08006e58    00000200     mss_per4ft.oer4ft (.data:ti_sysbios_family_arm_v7r_vim_Hwi_Module_State_0_dispatchTable__A)
                  08007058    000000f0     rtsv7R4_T_le_v3D16_eabi.lib : defs.obj (.data:_ftable)
                  08007148    00000080     mss_per4ft.oer4ft (.data:ti_sysbios_knl_Swi_Module_State_0_readyQ__A)
                  080071c8    00000080     mss_per4ft.oer4ft (.data:ti_sysbios_knl_Task_Module_State_0_readyQ__A)
                  08007248    00000078     rtsv7R4_T_le_v3D16_eabi.lib : write.obj (.data:_device)
                  080072c0    00000050                                 : write.obj (.data:_stream)
                  08007310    0000004c     mss_per4ft.oer4ft (.data:ti_sysbios_knl_Task_Object__table__V)
                  0800735c    00000044     mss_per4ft.oer4ft (.data:ti_sysbios_knl_Task_Module__state__V)
                  080073a0    00000038     mss_per4ft.oer4ft (.data:ti_sysbios_gates_GateMutex_Object__table__V)
                  080073d8    00000038     mss_per4ft.oer4ft (.data:ti_sysbios_timers_rti_Timer_Object__table__V)
                  08007410    00000034     mss_per4ft.oer4ft (.data:ti_sysbios_family_arm_v7r_vim_Hwi_Module__state__V)
                  08007444    00000030     mss_per4ft.oer4ft (.data:ti_sysbios_knl_Swi_Object__table__V)
                  08007474    0000002c     mss_per4ft.oer4ft (.data:ti_sysbios_family_arm_v7r_vim_Hwi_Object__table__V)
                  080074a0    0000002c     mss_per4ft.oer4ft (.data:ti_sysbios_knl_Clock_Module__state__V)
                  080074cc    00000024     mss_per4ft.oer4ft (.data:ti_sysbios_BIOS_Module__state__V)
                  080074f0    00000020     mss_per4ft.oer4ft (.data:xdc_runtime_Error_IgnoreBlock)
                  08007510    00000020     mss_per4ft.oer4ft (.data:xdc_runtime_System_Module_State_0_atexitHandlers__A)
                  08007530    0000001c     mss_per4ft.oer4ft (.data:ti_sysbios_knl_Swi_Module__state__V)
                  0800754c    00000018     i2c_slave.oer4f (.data:I2CSlave_config)
                  08007564    00000018     i2c_slave.oer4f (.data:gI2CSlaveFxnTable)
                  0800757c    00000018     mss_per4ft.oer4ft (.data:ti_sysbios_heaps_HeapMem_Object__table__V)
                  08007594    00000018     mss_per4ft.oer4ft (.data:ti_sysbios_timers_rti_Timer_Module_State_0_device__A)
                  080075ac    00000014     slave.oer4f (.data)
                  080075c0    00000014     mss_per4ft.oer4ft (.data:ti_sysbios_family_arm_exc_Exception_Module__state__V)
                  080075d4    00000010     libsoc_xwr14xx.aer4f : soc_xwr14xx.oer4f (.data:gSOCHwAttrib)
                  080075e4    00000010     rtsv7R4_T_le_v3D16_eabi.lib : defs.obj (.data)
                  080075f4    00000010     mss_per4ft.oer4ft (.data:ti_sysbios_timers_rti_Timer_Module_State_0_intFreqs__A)
                  08007604    00000010     mss_per4ft.oer4ft (.data:ti_sysbios_timers_rti_Timer_Module__state__V)
                  08007614    0000000c     libtestlogger_xwr14xx.aer4f : logger.oer4f (.data:$O1$$)
                  08007620    0000000c     rtsv7R4_T_le_v3D16_eabi.lib : exit.obj (.data:$O1$$)
                  0800762c    0000000c     libesm_xwr14xx.aer4f : esm_xwr1xxx.oer4f (.data:gESMHwCfgAttrs)
                  08007638    0000000c     mss_per4ft.oer4ft (.data:ti_sysbios_family_arm_v7a_Pmu_Module__state__V)
                  08007644    00000008     rtsv7R4_T_le_v3D16_eabi.lib : _lock.obj (.data:$O1$$)
                  0800764c    00000008     i2c_xwr14xx.oer4f (.data:gI2CHwCfg)
                  08007654    00000008     mss_per4ft.oer4ft (.data:ti_sysbios_family_arm_v7r_vim_Hwi_Module__root__V)
                  0800765c    00000008     mss_per4ft.oer4ft (.data:ti_sysbios_gates_GateHwi_Module__root__V)
                  08007664    00000008     mss_per4ft.oer4ft (.data:ti_sysbios_gates_GateMutex_Module__root__V)
                  0800766c    00000008     mss_per4ft.oer4ft (.data:ti_sysbios_hal_Hwi_Object__table__V)
                  08007674    00000008     mss_per4ft.oer4ft (.data:ti_sysbios_heaps_HeapMem_Module__root__V)
                  0800767c    00000008     mss_per4ft.oer4ft (.data:ti_sysbios_knl_Queue_Module__root__V)
                  08007684    00000008     mss_per4ft.oer4ft (.data:ti_sysbios_knl_Semaphore_Module__root__V)
                  0800768c    00000008     mss_per4ft.oer4ft (.data:ti_sysbios_knl_Task_Module__root__V)
                  08007694    00000008     mss_per4ft.oer4ft (.data:ti_sysbios_timers_rti_Timer_Module_State_0_handles__A)
                  0800769c    00000008     mss_per4ft.oer4ft (.data:xdc_runtime_Registry_Module__state__V)
                  080076a4    00000008     mss_per4ft.oer4ft (.data:xdc_runtime_Startup_Module__state__V)
                  080076ac    00000008     mss_per4ft.oer4ft (.data:xdc_runtime_System_Module__state__V)
                  080076b4    00000004     I2CSlave.oer4f (.data)
                  080076b8    00000004     libpinmux_xwr14xx.aer4f : pinmux_xwr1xxx.oer4f (.data)
                  080076bc    00000004     rtsv7R4_T_le_v3D16_eabi.lib : errno.obj (.data)
                  080076c0    00000004                                 : fopen.obj (.data)
                  080076c4    00000004                                 : open.obj (.data)
                  080076c8    00000004                                 : stkdepth_vars.obj (.data)
                  080076cc    00000004     mss_per4ft.oer4ft (.data:ti_sysbios_family_arm_exc_Exception_Module_State_0_excContext__A)
                  080076d0    00000004     mss_per4ft.oer4ft (.data:ti_sysbios_family_arm_exc_Exception_Module_State_0_excStackBuffers__A)
                  080076d4    00000004     mss_per4ft.oer4ft (.data:ti_sysbios_family_arm_exc_Exception_Module_State_0_excStack__A)
                  080076d8    00000004     mss_per4ft.oer4ft (.data:ti_sysbios_gates_GateHwi_Object__table__V)
                  080076dc    00000004     mss_per4ft.oer4ft (.data:ti_sysbios_heaps_HeapBuf_Module__state__V)
                  080076e0    00000004     mss_per4ft.oer4ft (.data:ti_sysbios_knl_Task_Module_State_0_idleTask__A)
                  080076e4    00000004     mss_per4ft.oer4ft (.data:xdc_runtime_Memory_Module__state__V)
                  080076e8    00000002     mss_per4ft.oer4ft (.data:ti_sysbios_family_arm_exc_Exception_Module_State_0_excActive__A)
                  080076ea    00000002     mss_per4ft.oer4ft (.data:xdc_runtime_Error_Module__state__V)

.MCPILogBuffer 
*          0    08003a58    00002400     UNINITIALIZED
                  08003a58    00002400     slave.oer4f (.MCPILogBuffer)

MODULE SUMMARY

       Module                          code    ro data   rw data
       ------                          ----    -------   -------
    /home/gtbldadm/nightlybuilds/mmwave_sdk/ti/drivers/i2c/test/xwr14xx/mss_slave_configPkg_xwr14xx/package/cfg/
       mss_per4ft.oer4ft               1750    8489      15916  
    +--+-------------------------------+-------+---------+---------+
       Total:                          1750    8489      15916  
                                                                
    obj_xwr14xx/
       slave.oer4f                     1076    0         9268   
       i2c_slave.oer4f                 764     0         48     
       I2CSlave.oer4f                  164     12        4      
       i2c_reg.oer4f                   80      0         0      
       i2c_xwr14xx.oer4f               0       0         8      
    +--+-------------------------------+-------+---------+---------+
       Total:                          2084    12        9328   
                                                                
    /home/gtbldadm/nightlybuilds/mmwave_sdk/scripts/jenkins/../../ti/drivers/esm/lib/libesm_xwr14xx.aer4f
       esm.oer4f                       456     0         112    
       esm_xwr1xxx.oer4f               0       0         12     
    +--+-------------------------------+-------+---------+---------+
       Total:                          456     0         124    
                                                                
    /home/gtbldadm/nightlybuilds/mmwave_sdk/scripts/jenkins/../../ti/drivers/osal/lib/libosal_xwr14xx.aer4f
       HwiP_tirtos.oer4f               222     0         0      
       SemaphoreP_tirtos.oer4f         150     0         0      
       MemoryP_tirtos.oer4f            28      0         0      
       DebugP_tirtos.oer4f             20      0         0      
    +--+-------------------------------+-------+---------+---------+
       Total:                          420     0         0      
                                                                
    /home/gtbldadm/nightlybuilds/mmwave_sdk/scripts/jenkins/../../ti/drivers/pinmux/lib/libpinmux_xwr14xx.aer4f
       pinmux.oer4f                    390     0         0      
       pinmux_xwr1xxx.oer4f            0       0         4      
    +--+-------------------------------+-------+---------+---------+
       Total:                          390     0         4      
                                                                
    /home/gtbldadm/nightlybuilds/mmwave_sdk/scripts/jenkins/../../ti/drivers/soc/lib/libsoc_xwr14xx.aer4f
       soc_xwr14xx.oer4f               540     0         16     
       soc.oer4f                       306     0         0      
       soc_mpu.o                       182     0         0      
    +--+-------------------------------+-------+---------+---------+
       Total:                          1028    0         16     
                                                                
    /home/gtbldadm/nightlybuilds/mmwave_sdk/scripts/jenkins/../../ti/utils/testlogger/lib/libtestlogger_xwr14xx.aer4f
       logger.oer4f                    344     0         12     
    +--+-------------------------------+-------+---------+---------+
       Total:                          344     0         12     
                                                                
    /home/gtbldadm/nightlybuilds/mmwave_sdk/ti/drivers/i2c/test/xwr14xx/mss_slave_configPkg_xwr14xx/package/cfg/mss_per4ft.src/sysbios/sysbios.aer4ft
       BIOS.obj                        11174   0         0      
       exc_Exception_asm.obj           308     0         0      
       vim_Hwi_asm.obj                 208     0         0      
       arm_TaskSupport_asm.obj         176     0         0      
       vim_Hwi_asm_switch.obj          152     0         0      
       arm_IntrinsicsSupport_asm.obj   12      0         0      
       tms570_Core_asm.obj             10      0         0      
    +--+-------------------------------+-------+---------+---------+
       Total:                          12040   0         0      
                                                                
    /opt/ti/bios_6_53_02_00/packages/ti/targets/arm/rtsarm/lib/auto_init.aer4ft
       auto_init.oer4ft                160     0         0      
    +--+-------------------------------+-------+---------+---------+
       Total:                          160     0         0      
                                                                
    /opt/ti/bios_6_53_02_00/packages/ti/targets/arm/rtsarm/lib/boot.aer4ft
       boot.oer4ft                     116     0         0      
    +--+-------------------------------+-------+---------+---------+
       Total:                          116     0         0      
                                                                
    /opt/ti/bios_6_53_02_00/packages/ti/targets/arm/rtsarm/lib/ti.targets.arm.rtsarm.aer4ft
       System.oer4ft                   1259    0         0      
       Text.oer4ft                     672     0         0      
       Error.oer4ft                    564     0         0      
       Startup.oer4ft                  340     0         0      
       Core-mem.oer4ft                 334     0         0      
       Core-smem.oer4ft                208     0         0      
       Memory.oer4ft                   176     0         0      
       Assert.oer4ft                   84      0         0      
       Core-params.oer4ft              72      0         0      
       Core-label.oer4ft               52      0         0      
       SysStd.oer4ft                   52      0         0      
       Registry.oer4ft                 32      0         0      
       Gate.oer4ft                     28      0         0      
    +--+-------------------------------+-------+---------+---------+
       Total:                          3873    0         0      
                                                                
    /opt/ti/ti-cgt-arm_16.9.6.LTS/lib/rtsv7R4_T_le_v3D16_eabi.lib
       _printfi.obj                    4218    0         0      
       ull_div32.obj                   696     0         0      
       fopen.obj                       456     0         4      
       defs.obj                        0       0         416    
       trgmsg.obj                      108     0         288    
       fputs.obj                       312     0         0      
       ctype.obj                       0       257       0      
       write.obj                       40      0         200    
       s_scalbn.obj                    236     0         0      
       setvbuf.obj                     220     0         0      
       fflush.obj                      204     0         0      
       open.obj                        188     0         4      
       _io_perm.obj                    174     0         0      
       memcpy_t2.obj                   156     0         0      
       fclose.obj                      152     0         0      
       fputc.obj                       152     0         0      
       snprintf.obj                    148     0         0      
       memset_t2.obj                   122     0         0      
       getdevice.obj                   116     0         0      
       s_frexp.obj                     116     0         0      
       printf.obj                      112     0         0      
       copy_decompress_lzss.obj        108     0         0      
       hostlseek.obj                   104     0         0      
       hostrename.obj                  104     0         0      
       fseek.obj                       100     0         0      
       hostopen.obj                    92      0         8      
       exit.obj                        80      0         12     
       hostread.obj                    92      0         0      
       close.obj                       88      0         0      
       hostwrite.obj                   88      0         0      
       ltoa.obj                        84      0         0      
       atoi.obj                        80      0         0      
       u_div32.obj                     80      0         0      
       cpy_tbl.obj                     76      0         0      
       hostclose.obj                   68      0         0      
       hostunlink.obj                  68      0         0      
       strncpy.obj                     54      0         0      
       unlink.obj                      44      0         0      
       lseek.obj                       40      0         0      
       memchr.obj                      32      0         0      
       strcat.obj                      30      0         0      
       _lock.obj                       20      0         8      
       memccpy.obj                     28      0         0      
       s_copysign.obj                  26      0         0      
       args_main.obj                   24      0         0      
       strcmp.obj                      24      0         0      
       strchr.obj                      22      0         0      
       strlen.obj                      22      0         0      
       strcpy.obj                      20      0         0      
       copy_decompress_none.obj        14      0         0      
       copy_zero_init.obj              12      0         0      
       errno.obj                       0       0         4      
       stkdepth_vars.obj               0       0         4      
       i_div0.obj                      2       0         0      
    +--+-------------------------------+-------+---------+---------+
       Total:                          9652    257       948    
                                                                
       Stack:                          0       0         4096   
       Linker Generated:               0       640       0      
    +--+-------------------------------+-------+---------+---------+
       Grand Total:                    32313   9398      30444  


LINKER GENERATED COPY TABLES

__TI_cinit_table @ 0000a488 records: 3, size/record: 8, table size: 24
	.data: load addr=0000a220, load size=0000024c bytes, run addr=08006e58, run size=00000894 bytes, compression=lzss
	.MCPILogBuffer: load addr=0000a478, load size=00000008 bytes, run addr=08003a58, run size=00002400 bytes, compression=zero_init
	.bss: load addr=0000a480, load size=00000008 bytes, run addr=08000000, run size=00003a58 bytes, compression=zero_init


LINKER GENERATED HANDLER TABLE

__TI_handler_table @ 0000a46c records: 3, size/record: 4, table size: 12
	index: 0, handler: __TI_zero_init
	index: 1, handler: __TI_decompress_lzss
	index: 2, handler: __TI_decompress_none


GLOBAL SYMBOLS: SORTED ALPHABETICALLY BY Name 

address   name                                                                 
-------   ----                                                                 
00006829  C$$EXIT                                                              
00005eb3  C$$IO$$                                                              
00006469  ESM_highpriority_FIQ                                                 
00004ef9  ESM_init                                                             
00007759  ESM_lowpriority_IRQ                                                  
00004c41  ESM_processInterrupt                                                 
00006af1  HOSTclose                                                            
00005f59  HOSTlseek                                                            
000062f1  HOSTopen                                                             
0000634d  HOSTread                                                             
00005fc1  HOSTrename                                                           
00006b35  HOSTunlink                                                           
00006519  HOSTwrite                                                            
00007cf7  HwiP_Params_init                                                     
00005891  HwiP_create                                                          
00006f0d  HwiP_delete                                                          
00002d09  HwiP_disable                                                         
00001e2d  HwiP_disableInterrupt                                                
00007059  HwiP_restore                                                         
000070c9  I2CGetData                                                           
000044b9  I2CGetIntStatus                                                      
000063a9  I2CGetIntVector                                                      
00002ecd  I2CIntClear                                                          
000068c9  I2CIntDisable                                                        
00006b79  I2CIntEnable                                                         
0000319d  I2CPutData                                                           
[...]
00009dc8  xdc_runtime_Startup_sfxnTab__A                                       
00009df4  ti_sysbios_heaps_HeapMem_Module__FXNS__C                             
00009e1c  ti_sysbios_gates_GateHwi_Module__FXNS__C                             
00009e40  ti_sysbios_gates_GateMutex_Module__FXNS__C                           
00009e64  ti_sysbios_heaps_HeapMem_Object__PARAMS__C                           
00009e88  ti_sysbios_knl_Semaphore_Object__PARAMS__C                           
00009eac  ti_sysbios_family_arm_v7r_vim_Hwi_Object__DESC__C                    
00009ecc  ti_sysbios_gates_GateHwi_Object__DESC__C                             
00009eec  ti_sysbios_gates_GateMutex_Object__DESC__C                           
00009f0c  ti_sysbios_heaps_HeapMem_Object__DESC__C                             
00009f2c  ti_sysbios_knl_Queue_Object__DESC__C                                 
00009f4c  ti_sysbios_knl_Semaphore_Object__DESC__C                             
00009f6c  ti_sysbios_knl_Task_Object__DESC__C                                  
00009f8c  ti_sysbios_gates_GateHwi_Object__PARAMS__C                           
00009fa4  ti_sysbios_gates_GateMutex_Object__PARAMS__C                         
00009fbc  ti_sysbios_knl_Queue_Object__PARAMS__C                               
00009fd4  xdc_runtime_Startup_sfxnRts__A                                       
00009fea  ti_sysbios_family_arm_v7r_tms570_Core_Module__id__C                  
00009fec  ti_sysbios_family_arm_v7r_vim_Hwi_intReqEnaSet__A                    
00009ffc  ti_sysbios_family_arm_v7r_vim_Hwi_wakeEnaSet__A                      
0000a00c  I2CSlave_defaultParams                                               
0000a018  ti_sysbios_knl_Idle_funcList__C                                      
0000a020  xdc_runtime_Startup_firstFxns__A                                     
0000a028  xdc_runtime_Startup_firstFxns__C                                     
0000a030  xdc_runtime_Startup_lastFxns__C                                      
0000a038  ti_sysbios_family_arm_TaskSupport_stackAlignment__C                  
0000a03c  ti_sysbios_family_arm_exc_Exception_E_dataAbort__C                   
0000a040  ti_sysbios_family_arm_exc_Exception_E_prefetchAbort__C               
0000a044  ti_sysbios_family_arm_exc_Exception_E_swi__C                         
0000a048  ti_sysbios_family_arm_exc_Exception_E_undefinedInstruction__C        
0000a04c  ti_sysbios_family_arm_exc_Exception_excHookFuncs__A                  
0000a050  ti_sysbios_family_arm_exc_Exception_excHookFuncs__C                  
0000a054  ti_sysbios_family_arm_v7r_tms570_Core_E_mismatchedIds__C             
0000a058  ti_sysbios_family_arm_v7r_tms570_Core_id__C                          
0000a05c  ti_sysbios_family_arm_v7r_vim_Hwi_A_badChannelId__C                  
0000a060  ti_sysbios_family_arm_v7r_vim_Hwi_E_alreadyDefined__C                
0000a064  ti_sysbios_family_arm_v7r_vim_Hwi_E_badIntNum__C                     
0000a068  ti_sysbios_family_arm_v7r_vim_Hwi_E_phantomInterrupt__C              
0000a06c  ti_sysbios_family_arm_v7r_vim_Hwi_E_undefined__C                     
0000a070  ti_sysbios_family_arm_v7r_vim_Hwi_E_unsupportedMaskingOption__C      
0000a074  ti_sysbios_family_arm_v7r_vim_Hwi_Module__diagsEnabled__C            
0000a078  ti_sysbios_family_arm_v7r_vim_Hwi_Module__diagsIncluded__C           
0000a07c  ti_sysbios_family_arm_v7r_vim_Hwi_Module__diagsMask__C               
0000a080  ti_sysbios_family_arm_v7r_vim_Hwi_NUM_INTERRUPTS__C                  
0000a084  ti_sysbios_family_arm_v7r_vim_Hwi_channelMap__C                      
0000a088  ti_sysbios_family_arm_v7r_vim_Hwi_intReqEnaSet__C                    
0000a08c  ti_sysbios_family_arm_v7r_vim_Hwi_phantomFunc__C                     
0000a090  ti_sysbios_family_arm_v7r_vim_Hwi_swiDisable__C                      
0000a094  ti_sysbios_family_arm_v7r_vim_Hwi_swiRestoreHwi__C                   
0000a098  ti_sysbios_family_arm_v7r_vim_Hwi_taskDisable__C                     
0000a09c  ti_sysbios_family_arm_v7r_vim_Hwi_taskRestoreHwi__C                  
0000a0a0  ti_sysbios_family_arm_v7r_vim_Hwi_wakeEnaSet__C                      
0000a0a4  ti_sysbios_gates_GateMutex_A_badContext__C                           
0000a0a8  ti_sysbios_gates_GateMutex_Instance_State_sem__O                     
0000a0ac  ti_sysbios_gates_GateMutex_Module__diagsEnabled__C                   
0000a0b0  ti_sysbios_gates_GateMutex_Module__diagsIncluded__C                  
0000a0b4  ti_sysbios_gates_GateMutex_Module__diagsMask__C                      
0000a0b8  ti_sysbios_hal_Hwi_E_stackOverflow__C                                
0000a0bc  ti_sysbios_heaps_HeapBuf_Instance_State_freeList__O                  
0000a0c0  ti_sysbios_heaps_HeapBuf_Object__count__C                            
0000a0c4  ti_sysbios_heaps_HeapBuf_numConstructedHeaps__C                      
0000a0c8  ti_sysbios_heaps_HeapMem_A_align__C                                  
0000a0cc  ti_sysbios_heaps_HeapMem_A_heapSize__C                               
0000a0d0  ti_sysbios_heaps_HeapMem_A_invalidFree__C                            
0000a0d4  ti_sysbios_heaps_HeapMem_A_zeroBlock__C                              
0000a0d8  ti_sysbios_heaps_HeapMem_E_memory__C                                 
0000a0dc  ti_sysbios_heaps_HeapMem_Module__diagsEnabled__C                     
0000a0e0  ti_sysbios_heaps_HeapMem_Module__diagsIncluded__C                    
0000a0e4  ti_sysbios_heaps_HeapMem_Module__diagsMask__C                        
0000a0e8  ti_sysbios_heaps_HeapMem_Module__gateObj__C                          
0000a0ec  ti_sysbios_heaps_HeapMem_Object__count__C                            
0000a0f0  ti_sysbios_heaps_HeapMem_reqAlign__C                                 
0000a0f4  ti_sysbios_knl_Clock_Module_State_clockQ__O                          
0000a0f8  ti_sysbios_knl_Idle_funcList__A                                      
0000a0fc  ti_sysbios_knl_Semaphore_A_badContext__C                             
0000a100  ti_sysbios_knl_Semaphore_A_noEvents__C                               
0000a104  ti_sysbios_knl_Semaphore_A_overflow__C                               
0000a108  ti_sysbios_knl_Semaphore_A_pendTaskDisabled__C                       
0000a10c  ti_sysbios_knl_Semaphore_Instance_State_pendQ__O                     
0000a110  ti_sysbios_knl_Semaphore_Module__diagsEnabled__C                     
0000a114  ti_sysbios_knl_Semaphore_Module__diagsIncluded__C                    
0000a118  ti_sysbios_knl_Semaphore_Module__diagsMask__C                        
0000a11c  ti_sysbios_knl_Swi_Object__count__C                                  
0000a120  ti_sysbios_knl_Task_A_badPriority__C                                 
0000a124  ti_sysbios_knl_Task_A_badTaskState__C                                
0000a128  ti_sysbios_knl_Task_A_badThreadType__C                               
0000a12c  ti_sysbios_knl_Task_A_noPendElem__C                                  
0000a130  ti_sysbios_knl_Task_E_spOutOfBounds__C                               
0000a134  ti_sysbios_knl_Task_E_stackOverflow__C                               
0000a138  ti_sysbios_knl_Task_Module_State_inactiveQ__O                        
0000a13c  ti_sysbios_knl_Task_Module__diagsEnabled__C                          
0000a140  ti_sysbios_knl_Task_Module__diagsIncluded__C                         
0000a144  ti_sysbios_knl_Task_Module__diagsMask__C                             
0000a148  ti_sysbios_knl_Task_Object__count__C                                 
0000a14c  ti_sysbios_knl_Task_allBlockedFunc__C                                
0000a150  ti_sysbios_knl_Task_defaultStackHeap__C                              
0000a154  ti_sysbios_knl_Task_defaultStackSize__C                              
0000a158  ti_sysbios_knl_Task_numConstructedTasks__C                           
0000a15c  ti_sysbios_timers_rti_Timer_E_cannotSupport__C                       
0000a160  ti_sysbios_timers_rti_Timer_Module__diagsEnabled__C                  
0000a164  ti_sysbios_timers_rti_Timer_Module__diagsIncluded__C                 
0000a168  ti_sysbios_timers_rti_Timer_Module__diagsMask__C                     
0000a16c  ti_sysbios_timers_rti_Timer_numTimerDevices__C                       
0000a170  ti_sysbios_timers_rti_Timer_startupNeeded__C                         
0000a174  xdc_runtime_Assert_E_assertFailed__C                                 
0000a178  xdc_runtime_Core_A_initializedParams__C                              
0000a17c  xdc_runtime_Core_Module__diagsEnabled__C                             
0000a180  xdc_runtime_Core_Module__diagsIncluded__C                            
0000a184  xdc_runtime_Core_Module__diagsMask__C                                
0000a188  xdc_runtime_Error_E_memory__C                                        
0000a18c  xdc_runtime_Error_Module__diagsEnabled__C                            
0000a190  xdc_runtime_Error_Module__diagsIncluded__C                           
0000a194  xdc_runtime_Error_Module__diagsMask__C                               
0000a198  xdc_runtime_Error_Module__loggerFxn8__C                              
0000a19c  xdc_runtime_Error_Module__loggerObj__C                               
0000a1a0  xdc_runtime_Error_policyFxn__C                                       
0000a1a4  xdc_runtime_Error_raiseHook__C                                       
0000a1a8  xdc_runtime_IGateProvider_Interface__BASE__C                         
0000a1ac  xdc_runtime_IHeap_Interface__BASE__C                                 
0000a1b0  xdc_runtime_IModule_Interface__BASE__C                               
0000a1b4  xdc_runtime_Log_L_error__C                                           
0000a1b8  xdc_runtime_Memory_defaultHeapInstance__C                            
0000a1bc  xdc_runtime_Startup_execImpl__C                                      
0000a1c0  xdc_runtime_Startup_maxPasses__C                                     
0000a1c4  xdc_runtime_Startup_sfxnRts__C                                       
0000a1c8  xdc_runtime_Startup_sfxnTab__C                                       
0000a1cc  xdc_runtime_System_Module__gateObj__C                                
0000a1d0  xdc_runtime_System_abortFxn__C                                       
0000a1d4  xdc_runtime_System_exitFxn__C                                        
0000a1d8  xdc_runtime_System_extendFxn__C                                      
0000a1dc  xdc_runtime_System_maxAtexitHandlers__C                              
0000a1e0  xdc_runtime_Text_charTab__C                                          
0000a1e4  xdc_runtime_Text_nameEmpty__C                                        
0000a1e8  xdc_runtime_Text_nameStatic__C                                       
0000a1ec  xdc_runtime_Text_nameUnknown__C                                      
0000a1f0  xdc_runtime_Text_nodeTab__C                                          
0000a1f4  xdc_runtime_Text_visitRopeFxn__C                                     
0000a1f8  ti_sysbios_family_arm_v7r_vim_Hwi_Module__id__C                      
0000a1fa  ti_sysbios_gates_GateMutex_Module__id__C                             
0000a1fc  ti_sysbios_hal_Hwi_Module__id__C                                     
0000a1fe  ti_sysbios_heaps_HeapMem_Module__id__C                               
0000a200  ti_sysbios_knl_Semaphore_Module__id__C                               
0000a202  ti_sysbios_knl_Task_Module__id__C                                    
0000a204  ti_sysbios_timers_rti_Timer_Module__id__C                            
0000a206  ti_sysbios_timers_rti_Timer_continueOnSuspend__C                     
0000a208  xdc_runtime_Core_Module__id__C                                       
0000a20a  xdc_runtime_Error_Module__loggerDefined__C                           
0000a20c  xdc_runtime_Error_maxDepth__C                                        
0000a20e  xdc_runtime_Main_Module__id__C                                       
0000a210  xdc_runtime_Memory_Module__id__C                                     
0000a212  xdc_runtime_Text_charCnt__C                                          
0000a214  xdc_runtime_Text_isLoaded__C                                         
0000a216  xdc_runtime_Text_registryModsLastId__C                               
0000a218  xdc_runtime_Text_unnamedModsLastId__C                                
0000a46c  __TI_Handler_Table_Base                                              
0000a478  __TI_Handler_Table_Limit                                             
0000a488  __TI_CINIT_Base                                                      
0000a4a0  __TI_CINIT_Limit                                                     
08000000  ti_sysbios_heaps_HeapMem_Instance_State_0_buf__A                     
08002000  ti_sysbios_family_arm_exc_Exception_Module_State_0_excStack_0__A     
08003000  ti_sysbios_knl_Task_Instance_State_0_stack__A                        
08003400  ti_sysbios_family_arm_v7r_vim_Hwi_Module_State_0_fiqStack__A         
08003800  __CIOBUF_                                                            
08003920  __TI_tmpnams                                                         
080039c0  gEsmMCB                                                              
08003a30  rxData                                                               
08003a40  txData                                                               
08003a50  parmbuf                                                              
08003a58  MCPI_logMessage                                                      
08005e58  __stack                                                              
08006e58  __STACK_END                                                          
08006e58  ti_sysbios_family_arm_v7r_vim_Hwi_Module_State_0_dispatchTable__A    
08007058  _ftable                                                              
08007148  ti_sysbios_knl_Swi_Module_State_0_readyQ__A                          
080071c8  ti_sysbios_knl_Task_Module_State_0_readyQ__A                         
08007248  _device                                                              
080072c0  _stream                                                              
08007310  ti_sysbios_knl_Task_Object__table__V                                 
0800735c  ti_sysbios_knl_Task_Module__state__V                                 
080073a0  ti_sysbios_gates_GateMutex_Object__table__V                          
080073d8  ti_sysbios_timers_rti_Timer_Object__table__V                         
08007410  ti_sysbios_family_arm_v7r_vim_Hwi_Module__state__V                   
08007444  ti_sysbios_knl_Swi_Object__table__V                                  
08007474  ti_sysbios_family_arm_v7r_vim_Hwi_Object__table__V                   
080074a0  ti_sysbios_knl_Clock_Module__state__V                                
080074cc  ti_sysbios_BIOS_Module__state__V                                     
080074f0  xdc_runtime_Error_IgnoreBlock                                        
08007510  xdc_runtime_System_Module_State_0_atexitHandlers__A                  
08007530  ti_sysbios_knl_Swi_Module__state__V                                  
0800754c  I2CSlave_config                                                      
08007564  gI2CSlaveFxnTable                                                    
0800757c  ti_sysbios_heaps_HeapMem_Object__table__V                            
08007594  ti_sysbios_timers_rti_Timer_Module_State_0_device__A                 
080075ac  gMCPILogMessageSize                                                  
080075b0  testSelection                                                        
080075b4  gTransferDone                                                        
080075b8  gTransferErrors                                                      
080075bc  gTransferCount                                                       
080075c0  ti_sysbios_family_arm_exc_Exception_Module__state__V                 
080075d4  gSOCHwAttrib                                                         
080075e4  __TI_ft_end                                                          
080075e8  __aeabi_stdin                                                        
080075ec  __aeabi_stdout                                                       
080075f0  __aeabi_stderr                                                       
080075f4  ti_sysbios_timers_rti_Timer_Module_State_0_intFreqs__A               
08007604  ti_sysbios_timers_rti_Timer_Module__state__V                         
08007614  MCPI_Result                                                          
08007618  MCPI_FailSignature                                                   
08007620  __TI_cleanup_ptr                                                     
08007624  __TI_dtors_ptr                                                       
08007628  __TI_enable_exit_profile_output                                      
0800762c  gESMHwCfgAttrs                                                       
08007638  ti_sysbios_family_arm_v7a_Pmu_Module__state__V                       
08007644  _lock                                                                
08007648  _unlock                                                              
0800764c  gI2CHwCfg                                                            
08007654  ti_sysbios_family_arm_v7r_vim_Hwi_Module__root__V                    
0800765c  ti_sysbios_gates_GateHwi_Module__root__V                             
08007664  ti_sysbios_gates_GateMutex_Module__root__V                           
0800766c  ti_sysbios_hal_Hwi_Object__table__V                                  
08007674  ti_sysbios_heaps_HeapMem_Module__root__V                             
0800767c  ti_sysbios_knl_Queue_Module__root__V                                 
08007684  ti_sysbios_knl_Semaphore_Module__root__V                             
0800768c  ti_sysbios_knl_Task_Module__root__V                                  
08007694  ti_sysbios_timers_rti_Timer_Module_State_0_handles__A                
0800769c  xdc_runtime_Registry_Module__state__V                                
080076a4  xdc_runtime_Startup_Module__state__V                                 
080076ac  xdc_runtime_System_Module__state__V                                  
080076b8  gPinmuxRegs                                                          
080076bc  errno                                                                
080076c8  main_func_sp                                                         
080076cc  ti_sysbios_family_arm_exc_Exception_Module_State_0_excContext__A     
080076d0  ti_sysbios_family_arm_exc_Exception_Module_State_0_excStackBuffers__A
080076d4  ti_sysbios_family_arm_exc_Exception_Module_State_0_excStack__A       
080076d8  ti_sysbios_gates_GateHwi_Object__table__V                            
080076dc  ti_sysbios_heaps_HeapBuf_Module__state__V                            
080076e0  ti_sysbios_knl_Task_Module_State_0_idleTask__A                       
080076e4  xdc_runtime_Memory_Module__state__V                                  
080076e8  ti_sysbios_family_arm_exc_Exception_Module_State_0_excActive__A      
080076ea  xdc_runtime_Error_Module__state__V                                   
fffffdec  ti_sysbios_family_arm_v7r_vim_Hwi_vim                                
ffffffff  __TI_pprof_out_hndl                                                  
ffffffff  __TI_prof_data_size                                                  
ffffffff  __TI_prof_data_start                                                 
ffffffff  __binit__                                                            
ffffffff  __c_args__                                                           
ffffffff  binit                                                                
UNDEFED   SHT$$INIT_ARRAY$$Base                                                
UNDEFED   SHT$$INIT_ARRAY$$Limit                                               

[669 symbols]
