******************************************************************************
                  TI ARM Linker Unix v16.9.6                   
******************************************************************************
>> Linked Wed Mar  7 22:41:44 2018

OUTPUT FILE NAME:   <test/xwr14xx/xwr14xx_i2c_mss_master.xer4f>
ENTRY POINT SYMBOL: "_c_int00"  address: 00005d4c


MEMORY CONFIGURATION

         name            origin    length      used     unused   attr    fill
----------------------  --------  ---------  --------  --------  ----  --------
PAGE 0:
  VECTORS               00000000   00000100  0000003c  000000c4     X
  PROG_RAM              00000100   0001ff00  0000a5a8  00015958  R  X
  DATA_RAM              08000000   00010000  00007700  00008900  RW  
  L3_RAM                51020000   00040000  00000000  00040000  RW  
  HWA_RAM               52030000   00010000  00000000  00010000  RW  

PAGE 1:
  L3_RAM                51020000   00040000  00000000  00040000  RW  


SEGMENT ALLOCATION MAP

run origin  load origin   length   init length attrs members
----------  ----------- ---------- ----------- ----- -------
00000000    00000000    0000003c   0000003c    r--
  00000000    00000000    0000003c   0000003c    r-- .vecs
00000100    00000100    00008132   00008132    r-x
  00000100    00000100    00008132   00008132    r-x .text
00008240    00008240    000021f6   000021f6    r--
  00008240    00008240    000021f6   000021f6    r-- .const
0000a440    0000a440    00000280   00000280    r--
  0000a440    0000a440    00000280   00000280    r-- .cinit
08000000    08000000    00007700   00000000    rw-
  08000000    08000000    00003a6c   00000000    rw- .bss
  08003a6c    08003a6c    00002400   00000000    rw- .MCPILogBuffer
  08005e6c    08005e6c    00001000   00000000    rw- .stack
  08006e6c    08006e6c    00000894   00000000    rw- .data


SECTION ALLOCATION MAP

 output                                  attributes/
section   page    origin      length       input sections
--------  ----  ----------  ----------   ----------------
.vecs      0    00000000    0000003c     
                  00000000    0000003c     mss_per4ft.oer4ft (.vecs)

xdc.meta   0    00000000    0000010b     COPY SECTION
                  00000000    0000010b     mss_per4ft.oer4ft (xdc.meta)

.text      0    00000100    00008132     
                  00000100    0000107a     rtsv7R4_T_le_v3D16_eabi.lib : _printfi.obj (.text)
                  0000117a    00000002     i2c_master.oer4f (.text:I2CMaster_cancel)
                  0000117c    00000474     master.oer4f (.text:Test_initTask)
                  000015f0    0000034c     ti.targets.arm.rtsarm.aer4ft : System.oer4ft (.text:xdc_runtime_System_doPrint__I)
                  0000193c    00000004     libosal_xwr14xx.aer4f : HwiP_tirtos.oer4f (.text:HwiP_disableInterrupt)
                  00001940    00000314     sysbios.aer4ft : BIOS.obj (.text:ti_sysbios_knl_Semaphore_pend__E)
                  00001c54    000002b8     rtsv7R4_T_le_v3D16_eabi.lib : ull_div32.obj (.text)
                  00001f0c    00000004     libosal_xwr14xx.aer4f : HwiP_tirtos.oer4f (.text:HwiP_enableInterrupt)
                  00001f10    00000280     sysbios.aer4ft : BIOS.obj (.text:ti_sysbios_family_arm_exc_Exception_excDumpContext__I)
                  00002190    00000250                    : BIOS.obj (.text:ti_sysbios_heaps_HeapMem_freeUnprotected__E)
                  000023e0    00000238                    : BIOS.obj (.text:ti_sysbios_knl_Task_Instance_finalize__E)
                  00002618    0000021c     libsoc_xwr14xx.aer4f : soc_xwr14xx.oer4f (.text:SOC_deviceInit)
                  00002834    0000000c     sysbios.aer4ft : arm_IntrinsicsSupport_asm.obj (.text:_ti_sysbios_family_arm_IntrinsicsSupport_maxbitA)
                  00002840    0000020c                    : BIOS.obj (.text:ti_sysbios_heaps_HeapMem_allocUnprotected__E)
                  00002a4c    000001c8     rtsv7R4_T_le_v3D16_eabi.lib : fopen.obj (.text)
                  00002c14    0000000c                                 : copy_zero_init.obj (.text:decompress:ZI)
                  00002c20    000001c8     sysbios.aer4ft : BIOS.obj (.text:ti_sysbios_knl_Task_Module_startup__E)
                  00002de8    00000008     libosal_xwr14xx.aer4f : HwiP_tirtos.oer4f (.text:HwiP_disable)
                  00002df0    000001bc     sysbios.aer4ft : BIOS.obj (.text:ti_sysbios_knl_Task_Instance_init__E)
                  00002fac    00000004     i2c_reg.oer4f (.text:I2CIntClear)
                  00002fb0    00000170     sysbios.aer4ft : BIOS.obj (.text:ti_sysbios_family_arm_exc_Exception_excHandler__I)
                  00003120    0000015c                    : BIOS.obj (.text:ti_sysbios_family_arm_v7r_vim_Hwi_reconfig__E)
                  0000327c    00000004     i2c_reg.oer4f (.text:I2CMasterSetSlaveAddr)
                  00003280    00000140     sysbios.aer4ft : BIOS.obj (.text:ti_sysbios_heaps_HeapMem_Instance_init__E)
                  000033c0    00000140                    : BIOS.obj (.text:ti_sysbios_timers_rti_Timer_Module_startup__E)
                  00003500    00000138     rtsv7R4_T_le_v3D16_eabi.lib : fputs.obj (.text)
                  00003638    00000134     i2c_master.oer4f (.text:I2C_ISR)
                  0000376c    0000012c     ti.targets.arm.rtsarm.aer4ft : Error.oer4ft (.text:xdc_runtime_Error_policyDefault__E)
                  00003898    00000008     i2c_reg.oer4f (.text:I2CGetIntVector)
                  000038a0    00000128     sysbios.aer4ft : BIOS.obj (.text:ti_sysbios_family_arm_v7r_vim_Hwi_dispatchIRQC__I)
                  000039c8    00000120     libtestlogger_xwr14xx.aer4f : logger.oer4f (.text:MCPI_setFeatureTestResult)
                  00003ae8    00000008     i2c_reg.oer4f (.text:I2CIntDisable)
                  00003af0    000000f8     sysbios.aer4ft : BIOS.obj (.text:ti_sysbios_knl_Semaphore_post__E)
                  00003be8    000000f8     ti.targets.arm.rtsarm.aer4ft : Startup.oer4ft (.text:xdc_runtime_Startup_startMods__I)
                  00003ce0    000000f8     mss_per4ft.oer4ft (.text:xdc_runtime_System_printfExtend__I)
                  00003dd8    000000ec     rtsv7R4_T_le_v3D16_eabi.lib : s_scalbn.obj (.text)
                  00003ec4    0000000c     mss_per4ft.oer4ft (.text:ti_sysbios_knl_Queue_Object__get__S)
                  00003ed0    000000ec     sysbios.aer4ft : BIOS.obj (.text:ti_sysbios_heaps_HeapBuf_Module_startup__E)
                  00003fbc    000000e8     ti.targets.arm.rtsarm.aer4ft : Core-mem.oer4ft (.text:xdc_runtime_Core_createObject__I)
                  000040a4    0000000c                                  : Gate.oer4ft (.text:xdc_runtime_Gate_enterSystem__E)
                  000040b0    000000e4     sysbios.aer4ft : BIOS.obj (.text:ti_sysbios_family_arm_v7r_vim_Hwi_Instance_init__E)
                  00004194    000000dc     i2c_master.oer4f (.text:I2CMaster_open)
                  00004270    000000dc     rtsv7R4_T_le_v3D16_eabi.lib : setvbuf.obj (.text)
                  0000434c    000000d4     i2c_master.oer4f (.text:I2CMaster_transfer)
                  00004420    000000d0     sysbios.aer4ft : exc_Exception_asm.obj (.text:ti_sysbios_family_arm_exc_Exception_excHandlerAsm__I)
                  000044f0    000000d0     ti.targets.arm.rtsarm.aer4ft : Core-smem.oer4ft (.text:xdc_runtime_Core_constructObject__I)
                  000045c0    000000cc     rtsv7R4_T_le_v3D16_eabi.lib : fflush.obj (.text)
                  0000468c    00000004     i2c_reg.oer4f (.text:I2CPutData)
                  00004690    000000c4     sysbios.aer4ft : BIOS.obj (.text:ti_sysbios_knl_Task_postInit__I)
                  00004754    0000000c     ti.targets.arm.rtsarm.aer4ft : Memory.oer4ft (.text:xdc_runtime_Memory_calloc__E)
                  00004760    000000c4     sysbios.aer4ft : BIOS.obj (.text:ti_sysbios_timers_rti_Timer_getFreq__E)
                  00004824    0000000c     ti.targets.arm.rtsarm.aer4ft : Memory.oer4ft (.text:xdc_runtime_Memory_getMaxDefaultTypeAlign__E)
                  00004830    000000c0     sysbios.aer4ft : BIOS.obj (.text:ti_sysbios_family_arm_v7r_vim_Hwi_Module_startup__E)
                  000048f0    000000c0                    : BIOS.obj (.text:ti_sysbios_timers_rti_Timer_startup__E)
                  000049b0    000000bc     rtsv7R4_T_le_v3D16_eabi.lib : open.obj (.text)
                  00004a6c    000000b6     libsoc_xwr14xx.aer4f : soc_mpu.o (.text)
                  00004b22    0000000e     i2c_reg.oer4f (.text:I2CMasterControl)
                  00004b30    000000b4     sysbios.aer4ft : BIOS.obj (.text:ti_sysbios_gates_GateMutex_enter__E)
                  00004be4    0000000c     ti.targets.arm.rtsarm.aer4ft : Startup.oer4ft (.text:xdc_runtime_Startup_rtsDone__E)
                  00004bf0    000000b4     sysbios.aer4ft : BIOS.obj (.text:ti_sysbios_knl_Task_checkStacks__E)
                  00004ca4    0000000c     ti.targets.arm.rtsarm.aer4ft : SysStd.oer4ft (.text:xdc_runtime_SysStd_exit__E)
                  00004cb0    000000b0     sysbios.aer4ft : BIOS.obj (.text:ti_sysbios_knl_Swi_restoreHwi__E)
                  00004d60    000000ae     rtsv7R4_T_le_v3D16_eabi.lib : _io_perm.obj (.text)
                  00004e0e    00000002     i2c_master.oer4f (.text:I2CMaster_init)
                  00004e10    000000ac     libesm_xwr14xx.aer4f : esm.oer4f (.text:ESM_processInterrupt)
                  00004ebc    00000004     i2c_reg.oer4f (.text:I2CSetDataCount)
                  00004ec0    000000ac     sysbios.aer4ft : BIOS.obj (.text:ti_sysbios_knl_Task_exit__E)
                  00004f6c    000000a8     libpinmux_xwr14xx.aer4f : pinmux.oer4f (.text:Pinmux_Set_OverrideCtrl)
                  00005014    0000000a     i2c_reg.oer4f (.text:I2CMasterErr)
                  0000501e    00000002     rtsv7R4_T_le_v3D16_eabi.lib : i_div0.obj (.text)
                  00005020    000000a8     sysbios.aer4ft : BIOS.obj (.text:ti_sysbios_knl_Swi_runLoop__I)
                  000050c8    000000a4     libesm_xwr14xx.aer4f : esm.oer4f (.text:ESM_init)
                  0000516c    000000a0     auto_init.aer4ft : auto_init.oer4ft (.text)
                  0000520c    0000009c     master.oer4f (.text:main)
                  000052a8    0000009c     rtsv7R4_T_le_v3D16_eabi.lib : memcpy_t2.obj (.text)
                  00005344    0000000a     i2c_reg.oer4f (.text:I2CMasterStart)
                  0000534e    00000002     mss_per4ft.oer4ft (.text:ti_sysbios_BIOS_nullFunc__I)
                  00005350    0000009c     sysbios.aer4ft : BIOS.obj (.text:ti_sysbios_family_arm_v7r_vim_Hwi_initIntController__I)
                  000053ec    00000004     i2c_reg.oer4f (.text:I2CSetOwnAddress)
                  000053f0    0000009c     sysbios.aer4ft : BIOS.obj (.text:ti_sysbios_family_arm_v7r_vim_Hwi_mapChannel__I)
                  0000548c    00000004     mss_per4ft.oer4ft (.text:ti_sysbios_BIOS_RtsGateProxy_enter__E)
                  00005490    0000009c     sysbios.aer4ft : BIOS.obj (.text:ti_sysbios_knl_Semaphore_Instance_init__E)
                  0000552c    0000009a     ti.targets.arm.rtsarm.aer4ft : Text.oer4ft (.text:xdc_runtime_Text_putSite__E)
                  000055c6    00000002     mss_per4ft.oer4ft (.text:xdc_runtime_Startup_reset__I)
                  000055c8    00000098     rtsv7R4_T_le_v3D16_eabi.lib : fclose.obj (.text)
                  00005660    00000098                                 : fputc.obj (.text)
                  000056f8    00000098     sysbios.aer4ft : vim_Hwi_asm_switch.obj (.text)
                  00005790    00000098     ti.targets.arm.rtsarm.aer4ft : Text.oer4ft (.text:xdc_runtime_Text_putMod__E)
                  00005828    00000094     rtsv7R4_T_le_v3D16_eabi.lib : snprintf.obj (.text)
                  000058bc    00000094     sysbios.aer4ft : vim_Hwi_asm.obj (.text:ti_sysbios_family_arm_v7r_vim_Hwi_dispatchIRQ__I)
                  00005950    0000008c                    : BIOS.obj (.text:ti_sysbios_family_arm_v7r_vim_Hwi_Instance_finalize__E)
                  000059dc    00000084     i2c_master.oer4f (.text:I2CMaster_control)
                  00005a60    00000080     sysbios.aer4ft : BIOS.obj (.text:ti_sysbios_timers_rti_Timer_initDevice__I)
                  00005ae0    0000007e     libosal_xwr14xx.aer4f : HwiP_tirtos.oer4f (.text:HwiP_create)
                  00005b5e    00000002     --HOLE-- [fill = 0]
                  00005b60    0000007c     sysbios.aer4ft : arm_TaskSupport_asm.obj (.text:_ti_sysbios_family_arm_TaskSupport_buildTaskStack)
                  00005bdc    00000004     mss_per4ft.oer4ft (.text:ti_sysbios_BIOS_RtsGateProxy_leave__E)
                  00005be0    0000007c     sysbios.aer4ft : BIOS.obj (.text:ti_sysbios_knl_Clock_workFunc__E)
                  00005c5c    0000007a     rtsv7R4_T_le_v3D16_eabi.lib : memset_t2.obj (.text)
                  00005cd6    00000002     --HOLE-- [fill = 0]
                  00005cd8    00000074     libsoc_xwr14xx.aer4f : soc.oer4f (.text:SOC_init)
                  00005d4c    00000074     boot.aer4ft : boot.oer4ft (.text)
                  00005dc0    00000074     rtsv7R4_T_le_v3D16_eabi.lib : getdevice.obj (.text)
                  00005e34    00000074                                 : s_frexp.obj (.text)
                  00005ea8    00000070                                 : printf.obj (.text)
                  00005f18    00000070     ti.targets.arm.rtsarm.aer4ft : Error.oer4ft (.text:xdc_runtime_Error_print__E)
                  00005f88    0000006d                                  : System.oer4ft (.text:xdc_runtime_System_formatNum__I)
                  00005ff5    00000003     --HOLE-- [fill = 0]
                  00005ff8    0000006c     libpinmux_xwr14xx.aer4f : pinmux.oer4f (.text:Pinmux_Set_FuncSel)
                  00006064    0000006c     rtsv7R4_T_le_v3D16_eabi.lib : copy_decompress_lzss.obj (.text:decompress:lzss)
                  000060d0    0000006c                                 : trgmsg.obj (.text)
                  0000613c    0000006c     ti.targets.arm.rtsarm.aer4ft : Memory.oer4ft (.text:xdc_runtime_Memory_alloc__E)
                  000061a8    00000068     rtsv7R4_T_le_v3D16_eabi.lib : hostlseek.obj (.text)
                  00006210    00000068                                 : hostrename.obj (.text)
                  00006278    00000066     ti.targets.arm.rtsarm.aer4ft : Core-mem.oer4ft (.text:xdc_runtime_Core_deleteObject__I)
                  000062de    00000002     --HOLE-- [fill = 0]
                  000062e0    00000064     libosal_xwr14xx.aer4f : SemaphoreP_tirtos.oer4f (.text:SemaphoreP_create)
                  00006344    00000064     rtsv7R4_T_le_v3D16_eabi.lib : fseek.obj (.text)
                  000063a8    00000064     sysbios.aer4ft : exc_Exception_asm.obj (.text:ti_sysbios_family_arm_exc_Exception_initCore0__I)
                  0000640c    00000004     mss_per4ft.oer4ft (.text:ti_sysbios_family_arm_TaskSupport_Module__startupDone__S)
                  00006410    00000064     sysbios.aer4ft : BIOS.obj (.text:ti_sysbios_knl_Swi_schedule__I)
                  00006474    0000000a     i2c_reg.oer4f (.text:I2CMasterStop)
                  0000647e    00000002     --HOLE-- [fill = 0]
                  00006480    00000064     sysbios.aer4ft : BIOS.obj (.text:ti_sysbios_knl_Task_schedule__I)
                  000064e4    0000005e     i2c_master.oer4f (.text:I2CMaster_close)
                  00006542    00000002     --HOLE-- [fill = 0]
                  00006544    0000005c     rtsv7R4_T_le_v3D16_eabi.lib : hostopen.obj (.text)
                  000065a0    0000005c                                 : hostread.obj (.text)
                  000065fc    00000004     mss_per4ft.oer4ft (.text:ti_sysbios_family_arm_v7r_vim_Hwi_delete)
                  00006600    0000005c     sysbios.aer4ft : BIOS.obj (.text:ti_sysbios_family_arm_v7r_vim_Hwi_phantomIntHandler__I)
                  0000665c    0000005b     ti.targets.arm.rtsarm.aer4ft : Text.oer4ft (.text:xdc_runtime_Text_putLab__E)
                  000066b7    00000001     --HOLE-- [fill = 0]
                  000066b8    00000058     libesm_xwr14xx.aer4f : esm.oer4f (.text:ESM_highpriority_FIQ)
                  00006710    00000058     rtsv7R4_T_le_v3D16_eabi.lib : close.obj (.text)
                  00006768    00000058                                 : hostwrite.obj (.text)
                  000067c0    00000058     sysbios.aer4ft : BIOS.obj (.text:ti_sysbios_heaps_HeapMem_alloc__E)
                  00006818    00000054     rtsv7R4_T_le_v3D16_eabi.lib : ltoa.obj (.text)
                  0000686c    00000054     mss_per4ft.oer4ft (.text:ti_sysbios_family_arm_v7r_vim_Hwi_create)
                  000068c0    00000054     sysbios.aer4ft : BIOS.obj (.text:ti_sysbios_heaps_HeapMem_getStats__E)
                  00006914    0000000a     i2c_reg.oer4f (.text:I2CReset)
                  0000691e    00000002     --HOLE-- [fill = 0]
                  00006920    00000054     sysbios.aer4ft : BIOS.obj (.text:ti_sysbios_knl_Task_startCore__E)
                  00006974    00000054     ti.targets.arm.rtsarm.aer4ft : Assert.oer4ft (.text:xdc_runtime_Assert_raise__I)
                  000069c8    00000050     rtsv7R4_T_le_v3D16_eabi.lib : atoi.obj (.text)
                  00006a18    00000050                                 : exit.obj (.text)
                  00006a68    00000050                                 : u_div32.obj (.text)
                  00006ab8    00000008     i2c_reg.oer4f (.text:I2CIntEnable)
                  00006ac0    00000050     sysbios.aer4ft : BIOS.obj (.text:ti_sysbios_timers_rti_Timer_setPeriodMicroSecs__E)
                  00006b10    00000050     ti.targets.arm.rtsarm.aer4ft : Startup.oer4ft (.text:xdc_runtime_Startup_exec__E)
                  00006b60    00000050                                  : Text.oer4ft (.text:xdc_runtime_Text_visitRope2__I)
                  00006bb0    0000004c     rtsv7R4_T_le_v3D16_eabi.lib : cpy_tbl.obj (.text)
                  00006bfc    00000004     mss_per4ft.oer4ft (.text:ti_sysbios_heaps_HeapMem_Module_GateProxy_enter__E)
                  00006c00    0000004c     sysbios.aer4ft : BIOS.obj (.text:ti_sysbios_family_arm_v7r_vim_Hwi_getStackInfo__E)
                  00006c4c    0000004c     mss_per4ft.oer4ft (.text:ti_sysbios_knl_Task_create)
                  00006c98    00000048     ti.targets.arm.rtsarm.aer4ft : Core-params.oer4ft (.text:xdc_runtime_Core_assignParams__I)
                  00006ce0    00000044     rtsv7R4_T_le_v3D16_eabi.lib : hostclose.obj (.text)
                  00006d24    00000044                                 : hostunlink.obj (.text)
                  00006d68    00000008     libosal_xwr14xx.aer4f : SemaphoreP_tirtos.oer4f (.text:SemaphoreP_Params_init)
                  00006d70    00000044     sysbios.aer4ft : BIOS.obj (.text:ti_sysbios_knl_Task_allBlockedFunction__I)
                  00006db4    00000044     ti.targets.arm.rtsarm.aer4ft : Error.oer4ft (.text:xdc_runtime_Error_setX__E)
                  00006df8    00000044                                  : Text.oer4ft (.text:xdc_runtime_Text_xprintf__I)
                  00006e3c    00000004     mss_per4ft.oer4ft (.text:ti_sysbios_heaps_HeapMem_Module_GateProxy_leave__E)
                  00006e40    00000040     sysbios.aer4ft : BIOS.obj (.text:ti_sysbios_family_arm_v7r_vim_Hwi_setType__E)
                  00006e80    00000040                    : BIOS.obj (.text:ti_sysbios_knl_Swi_post__E)
                  00006ec0    00000040                    : BIOS.obj (.text:ti_sysbios_timers_rti_Timer_stop__E)
                  00006f00    0000003e     i2c_master.oer4f (.text:CSL_FINSR)
                  00006f3e    0000003e     libpinmux_xwr14xx.aer4f : pinmux.oer4f (.text:CSL_FINSR)
                  00006f7c    0000003e     libsoc_xwr14xx.aer4f : soc.oer4f (.text:CSL_FINSR)
                  00006fba    00000002     --HOLE-- [fill = 0]
                  00006fbc    0000003c                          : soc.oer4f (.text:SOC_unhaltBSS)
                  00006ff8    00000006     libosal_xwr14xx.aer4f : HwiP_tirtos.oer4f (.text:HwiP_restore)
                  00006ffe    00000002     --HOLE-- [fill = 0]
                  00007000    0000003c     sysbios.aer4ft : BIOS.obj (.text:ti_sysbios_family_arm_v7r_tms570_Core_Module_startup__E)
                  0000703c    0000003c                    : vim_Hwi_asm.obj (.text:ti_sysbios_family_arm_v7r_vim_Hwi_init__I)
                  00007078    00000006     i2c_reg.oer4f (.text:I2CGetData)
                  0000707e    00000002     --HOLE-- [fill = 0]
                  00007080    0000003c     sysbios.aer4ft : BIOS.obj (.text:ti_sysbios_heaps_HeapMem_init__I)
                  000070bc    00000004     mss_per4ft.oer4ft (.text:ti_sysbios_knl_Clock_TimerProxy_getMaxTicks__E)
                  000070c0    0000003c     sysbios.aer4ft : BIOS.obj (.text:ti_sysbios_knl_Swi_startup__E)
                  000070fc    00000004     mss_per4ft.oer4ft (.text:ti_sysbios_knl_Semaphore_delete)
                  00007100    0000003c     sysbios.aer4ft : BIOS.obj (.text:ti_sysbios_timers_rti_Timer_setPeriod__E)
                  0000713c    0000003a     libosal_xwr14xx.aer4f : HwiP_tirtos.oer4f (.text:HwiP_delete)
                  00007176    00000002     --HOLE-- [fill = 0]
                  00007178    00000038     I2C.oer4f (.text:I2C_init)
                  000071b0    00000038     ti.targets.arm.rtsarm.aer4ft : System.oer4ft (.text:xdc_runtime_System_atexit__E)
                  000071e8    00000036     rtsv7R4_T_le_v3D16_eabi.lib : strncpy.obj (.text)
                  0000721e    00000002     --HOLE-- [fill = 0]
                  00007220    00000034     I2C.oer4f (.text:I2C_open)
                  00007254    0000000a     I2C.oer4f (.text:I2C_Params_init)
                  0000725e    00000002     --HOLE-- [fill = 0]
                  00007260    00000034     sysbios.aer4ft : BIOS.obj (.text:ti_sysbios_hal_Hwi_checkStack)
                  00007294    00000034     mss_per4ft.oer4ft (.text:ti_sysbios_knl_Semaphore_create)
                  000072c8    00000006     ti.targets.arm.rtsarm.aer4ft : System.oer4ft (.text:xdc_runtime_System_Module_startup__E)
                  000072ce    00000002     --HOLE-- [fill = 0]
                  000072d0    00000034     sysbios.aer4ft : BIOS.obj (.text:ti_sysbios_knl_Task_processVitalTaskFlag__I)
                  00007304    00000034     ti.targets.arm.rtsarm.aer4ft : Core-label.oer4ft (.text:xdc_runtime_Core_assignLabel__I)
                  00007338    00000034                                  : Text.oer4ft (.text:xdc_runtime_Text_cordText__E)
                  0000736c    00000033                                  : Text.oer4ft (.text:xdc_runtime_Text_printVisFxn__I)
                  0000739f    00000001     --HOLE-- [fill = 0]
                  000073a0    00000032     sysbios.aer4ft : BIOS.obj (.text:ti_sysbios_hal_Hwi_initStack)
                  000073d2    00000002     --HOLE-- [fill = 0]
                  000073d4    00000030     mss_per4ft.oer4ft (.text:ti_sysbios_BIOS_atExitFunc__I)
                  00007404    00000030     mss_per4ft.oer4ft (.text:ti_sysbios_BIOS_startFunc__I)
                  00007434    0000000a     I2C.oer4f (.text:I2C_close)
                  0000743e    00000002     --HOLE-- [fill = 0]
                  00007440    00000030     sysbios.aer4ft : BIOS.obj (.text:ti_sysbios_family_arm_TaskSupport_start__E)
                  00007470    00000030     mss_per4ft.oer4ft (.text:ti_sysbios_gates_GateHwi_Object__create__S)
                  000074a0    00000030     mss_per4ft.oer4ft (.text:ti_sysbios_gates_GateMutex_Object__create__S)
                  000074d0    00000030     mss_per4ft.oer4ft (.text:ti_sysbios_heaps_HeapMem_Object__create__S)
                  00007500    00000030     sysbios.aer4ft : BIOS.obj (.text:ti_sysbios_heaps_HeapMem_free__E)
                  00007530    00000030     mss_per4ft.oer4ft (.text:ti_sysbios_knl_Semaphore_construct)
                  00007560    00000030     ti.targets.arm.rtsarm.aer4ft : System.oer4ft (.text:xdc_runtime_System_processAtExit__E)
                  00007590    0000002e     mss_per4ft.oer4ft (.text:ti_sysbios_rts_gnu_MemAlloc_alloc)
                  000075be    0000002e     ti.targets.arm.rtsarm.aer4ft : System.oer4ft (.text:xdc_runtime_System_putchar__I)
                  000075ec    0000002c     rtsv7R4_T_le_v3D16_eabi.lib : unlink.obj (.text)
                  00007618    0000002c     mss_per4ft.oer4ft (.text:ti_sysbios_knl_Clock_doTick__I)
                  00007644    0000002c     mss_per4ft.oer4ft (.text:ti_sysbios_knl_Queue_construct)
                  00007670    0000002c     sysbios.aer4ft : BIOS.obj (.text:ti_sysbios_knl_Semaphore_pendTimeout__I)
                  0000769c    00000004     ti.targets.arm.rtsarm.aer4ft : Error.oer4ft (.text:xdc_runtime_Error_getSite__E)
                  000076a0    0000002c     sysbios.aer4ft : BIOS.obj (.text:ti_sysbios_knl_Swi_Module_startup__E)
                  000076cc    00000004     ti.targets.arm.rtsarm.aer4ft : SysStd.oer4ft (.text:xdc_runtime_SysStd_putch__E)
                  000076d0    0000002c     sysbios.aer4ft : BIOS.obj (.text:ti_sysbios_knl_Task_unblockI__E)
                  000076fc    00000004     ti.targets.arm.rtsarm.aer4ft : SysStd.oer4ft (.text:xdc_runtime_SysStd_ready__E)
                  00007700    0000002c     sysbios.aer4ft : BIOS.obj (.text:ti_sysbios_timers_rti_Timer_periodicStub__E)
                  0000772c    0000002a     libsoc_xwr14xx.aer4f : soc.oer4f (.text:SOC_SystemISR)
                  00007756    00000002     --HOLE-- [fill = 0]
                  00007758    00000028     rtsv7R4_T_le_v3D16_eabi.lib : lseek.obj (.text)
                  00007780    00000028                                 : write.obj (.text)
                  000077a8    00000004     mss_per4ft.oer4ft (.text:xdc_runtime_System_Module_GateProxy_enter__E)
                  000077ac    00000004     mss_per4ft.oer4ft (.text:xdc_runtime_System_Module_GateProxy_leave__E)
                  000077b0    00000028     sysbios.aer4ft : BIOS.obj (.text:ti_sysbios_knl_Idle_run__E)
                  000077d8    00000004     ti.targets.arm.rtsarm.aer4ft : System.oer4ft (.text:xdc_runtime_System_aprintf_va__F)
                  000077dc    00000004                                  : System.oer4ft (.text:xdc_runtime_System_printf_va__F)
                  000077e0    00000028     sysbios.aer4ft : BIOS.obj (.text:ti_sysbios_knl_Task_restore__E)
                  00007808    00000026     ti.targets.arm.rtsarm.aer4ft : System.oer4ft (.text:xdc_runtime_System_avprintf__E)
                  0000782e    00000002     --HOLE-- [fill = 0]
                  00007830    00000024     libtestlogger_xwr14xx.aer4f : logger.oer4f (.text:MCPI_Initialize)
                  00007854    00000024     mss_per4ft.oer4ft (.text:ti_sysbios_BIOS_errorRaiseHook__I)
                  00007878    00000024     mss_per4ft.oer4ft (.text:ti_sysbios_BIOS_registerRTSLock__I)
                  0000789c    00000024     mss_per4ft.oer4ft (.text:ti_sysbios_BIOS_removeRTSLock__I)
                  000078c0    00000024     mss_per4ft.oer4ft (.text:ti_sysbios_gates_GateMutex_Object__delete__S)
                  000078e4    00000024     mss_per4ft.oer4ft (.text:ti_sysbios_knl_Semaphore_Object__delete__S)
                  00007908    00000008     --HOLE-- [fill = 0]
                  00007910    00000024     sysbios.aer4ft : BIOS.obj (.text:ti_sysbios_knl_Task_restoreHwi__E)
                  00007934    00000024     ti.targets.arm.rtsarm.aer4ft : System.oer4ft (.text:xdc_runtime_System_vprintf__E)
                  00007958    00000020     libesm_xwr14xx.aer4f : esm.oer4f (.text:ESM_lowpriority_IRQ)
                  00007978    00000020     libpinmux_xwr14xx.aer4f : pinmux.oer4f (.text:Pinmux_Unlock)
                  00007998    00000020     rtsv7R4_T_le_v3D16_eabi.lib : memchr.obj (.text)
                  000079b8    00000008     --HOLE-- [fill = 0]
                  000079c0    00000020     sysbios.aer4ft : BIOS.obj (.text:ti_sysbios_family_arm_v7a_Pmu_Module_startup__E)
                  000079e0    00000020     mss_per4ft.oer4ft (.text:ti_sysbios_family_arm_v7r_vim_Hwi_Object__delete__S)
                  00007a00    00000020     sysbios.aer4ft : BIOS.obj (.text:ti_sysbios_family_arm_v7r_vim_Hwi_disableInterrupt__E)
                  00007a20    00000020                    : BIOS.obj (.text:ti_sysbios_family_arm_v7r_vim_Hwi_enableInterrupt__E)
                  00007a40    00000020     mss_per4ft.oer4ft (.text:ti_sysbios_gates_GateHwi_Object__delete__S)
                  00007a60    00000020     mss_per4ft.oer4ft (.text:ti_sysbios_heaps_HeapMem_Object__delete__S)
                  00007a80    00000020     sysbios.aer4ft : BIOS.obj (.text:ti_sysbios_knl_Clock_Module_startup__E)
                  00007aa0    00000020     mss_per4ft.oer4ft (.text:ti_sysbios_knl_Semaphore_destruct)
                  00007ac0    00000020     ti.targets.arm.rtsarm.aer4ft : Registry.oer4ft (.text:xdc_runtime_Registry_findById__E)
                  00007ae0    00000020                                  : SysStd.oer4ft (.text:xdc_runtime_SysStd_abort__E)
                  00007b00    0000001e     rtsv7R4_T_le_v3D16_eabi.lib : strcat.obj (.text)
                  00007b1e    00000002     --HOLE-- [fill = 0]
                  00007b20    0000001c     sysbios.aer4ft : arm_TaskSupport_asm.obj (.text:_ti_sysbios_family_arm_TaskSupport_glue)
                  00007b3c    0000001c     rtsv7R4_T_le_v3D16_eabi.lib : memccpy.obj (.text)
                  00007b58    0000001c     mss_per4ft.oer4ft (.text:ti_sysbios_BIOS_rtsLock__I)
                  00007b74    0000000a     I2C.oer4f (.text:I2C_control)
                  00007b7e    00000002     --HOLE-- [fill = 0]
                  00007b80    0000001c     sysbios.aer4ft : BIOS.obj (.text:ti_sysbios_gates_GateMutex_Instance_init__E)
                  00007b9c    00000004     --HOLE-- [fill = 0]
                  00007ba0    0000001c                    : BIOS.obj (.text:ti_sysbios_gates_GateMutex_leave__E)
                  00007bbc    0000001c     mss_per4ft.oer4ft (.text:ti_sysbios_knl_Queue_destruct)
                  00007bd8    0000001c     ti.targets.arm.rtsarm.aer4ft : Error.oer4ft (.text:xdc_runtime_Error_check__E)
                  00007bf4    0000001c                                  : Error.oer4ft (.text:xdc_runtime_Error_raiseX__E)
                  00007c10    0000001c                                  : Memory.oer4ft (.text:xdc_runtime_Memory_valloc__E)
                  00007c2c    0000001c                                  : System.oer4ft (.text:xdc_runtime_System_abort__E)
                  00007c48    0000001a     libsoc_xwr14xx.aer4f : soc.oer4f (.text:CSL_FEXTR)
                  00007c62    0000001a     mss_per4ft.oer4ft (.text:free)
                  00007c7c    0000001a     rtsv7R4_T_le_v3D16_eabi.lib : s_copysign.obj (.text)
                  00007c96    0000001a     mss_per4ft.oer4ft (.text:ti_sysbios_gates_GateHwi_Handle__label__S)
                  00007cb0    0000001a     mss_per4ft.oer4ft (.text:ti_sysbios_gates_GateMutex_Handle__label__S)
                  00007cca    0000001a     mss_per4ft.oer4ft (.text:ti_sysbios_heaps_HeapMem_Handle__label__S)
                  00007ce4    0000001a     mss_per4ft.oer4ft (.text:xdc_runtime_System_aprintf__E)
                  00007cfe    0000001a     mss_per4ft.oer4ft (.text:xdc_runtime_System_printf__E)
                  00007d18    00000018     sysbios.aer4ft : arm_TaskSupport_asm.obj (.text:_ti_sysbios_family_arm_TaskSupport_swap__E)
                  00007d30    00000018     rtsv7R4_T_le_v3D16_eabi.lib : args_main.obj (.text)
                  00007d48    00000018                                 : strcmp.obj (.text)
                  00007d60    00000018     mss_per4ft.oer4ft (.text:ti_sysbios_BIOS_rtsUnlock__I)
                  00007d78    00000018     sysbios.aer4ft : BIOS.obj (.text:ti_sysbios_family_arm_v7a_Pmu_initCounters__I)
                  00007d90    00000018     mss_per4ft.oer4ft (.text:ti_sysbios_family_arm_v7r_vim_Hwi_Module__startupDone__F)
                  00007da8    00000018     mss_per4ft.oer4ft (.text:ti_sysbios_family_arm_v7r_vim_Hwi_Params__init__S)
                  00007dc0    00000018     sysbios.aer4ft : BIOS.obj (.text:ti_sysbios_family_arm_v7r_vim_Hwi_clearInterrupt__E)
                  00007dd8    00000018     mss_per4ft.oer4ft (.text:ti_sysbios_knl_Semaphore_Params__init__S)
                  00007df0    00000018     mss_per4ft.oer4ft (.text:ti_sysbios_knl_Task_Params__init__S)
                  00007e08    00000008     --HOLE-- [fill = 0]
                  00007e10    00000018     sysbios.aer4ft : BIOS.obj (.text:ti_sysbios_knl_Task_enter__I)
                  00007e28    00000018     mss_per4ft.oer4ft (.text:ti_sysbios_timers_rti_Timer_Module__startupDone__F)
                  00007e40    00000018     ti.targets.arm.rtsarm.aer4ft : Error.oer4ft (.text:xdc_runtime_Error_init__E)
                  00007e58    00000018                                  : System.oer4ft (.text:xdc_runtime_System_exit__E)
                  00007e70    00000018                                  : Text.oer4ft (.text:xdc_runtime_Text_ropeText__E)
                  00007e88    00000016     i2c_reg.oer4f (.text:I2CMasterInitClk)
                  00007e9e    00000016     rtsv7R4_T_le_v3D16_eabi.lib : strchr.obj (.text)
                  00007eb4    00000016                                 : strlen.obj (.text)
                  00007eca    00000016     mss_per4ft.oer4ft (.text:ti_sysbios_BIOS_exitFunc__I)
                  00007ee0    00000016     sysbios.aer4ft : BIOS.obj (.text:ti_sysbios_knl_Idle_loop__E)
                  00007ef6    00000014     libosal_xwr14xx.aer4f : HwiP_tirtos.oer4f (.text:HwiP_Params_init)
                  00007f0a    00000002     --HOLE-- [fill = 0]
                  00007f0c    00000014     libtestlogger_xwr14xx.aer4f : logger.oer4f (.text:MCPI_setTestResult)
                  00007f20    00000014     libpinmux_xwr14xx.aer4f : pinmux.oer4f (.text:Pinmux_Lock)
                  00007f34    00000014     libosal_xwr14xx.aer4f : DebugP_tirtos.oer4f (.text:_DebugP_assert)
                  00007f48    00000014     rtsv7R4_T_le_v3D16_eabi.lib : _lock.obj (.text)
                  00007f5c    00000014                                 : strcpy.obj (.text)
                  00007f70    00000014     mss_per4ft.oer4ft (.text:ti_sysbios_heaps_HeapMem_Object__get__S)
                  00007f84    00000014     mss_per4ft.oer4ft (.text:ti_sysbios_knl_Swi_Object__get__S)
                  00007f98    00000012     libosal_xwr14xx.aer4f : MemoryP_tirtos.oer4f (.text:MemoryP_ctrlAlloc)
                  00007faa    00000012                           : SemaphoreP_tirtos.oer4f (.text:SemaphoreP_pend)
                  00007fbc    00000004     --HOLE-- [fill = 0]
                  00007fc0    00000012     sysbios.aer4ft : BIOS.obj (.text:ti_sysbios_hal_Hwi_Module_startup__E)
                  00007fd2    00000012     mss_per4ft.oer4ft (.text:xdc_runtime_Startup_exec__I)
                  00007fe4    00000010     i2c_reg.oer4f (.text:I2CMasterEnable)
                  00007ff4    0000000a     I2C.oer4f (.text:I2C_transfer)
                  00007ffe    00000002     --HOLE-- [fill = 0]
                  00008000    00000010     sysbios.aer4ft : BIOS.obj (.text:ti_sysbios_BIOS_exit__E)
                  00008010    00000010                    : BIOS.obj (.text:ti_sysbios_BIOS_setThreadType__E)
                  00008020    00000010                    : BIOS.obj (.text:ti_sysbios_BIOS_start__E)
                  00008030    00000010                    : BIOS.obj (.text:ti_sysbios_family_arm_v7a_Pmu_getNumCounters__E)
                  00008040    00000010                    : BIOS.obj (.text:ti_sysbios_gates_GateMutex_Instance_finalize__E)
                  00008050    00000010     mss_per4ft.oer4ft (.text:ti_sysbios_heaps_HeapBuf_Object__get__S)
                  00008060    00000010     sysbios.aer4ft : BIOS.obj (.text:ti_sysbios_knl_Semaphore_Instance_finalize__E)
                  00008070    00000010                    : BIOS.obj (.text:ti_sysbios_knl_Swi_disable__E)
                  00008080    00000010     mss_per4ft.oer4ft (.text:ti_sysbios_knl_Task_Object__get__S)
                  00008090    00000010     sysbios.aer4ft : BIOS.obj (.text:ti_sysbios_knl_Task_disable__E)
                  000080a0    00000010     ti.targets.arm.rtsarm.aer4ft : Gate.oer4ft (.text:xdc_runtime_Gate_leaveSystem__E)
                  000080b0    00000010                                  : Memory.oer4ft (.text:xdc_runtime_Memory_free__E)
                  000080c0    00000010                                  : System.oer4ft (.text:xdc_runtime_System_vsnprintf__E)
                  000080d0    00000010     mss_per4ft.oer4ft (.text:xdc_runtime_Text_visitRope__I)
                  000080e0    0000000e     libosal_xwr14xx.aer4f : SemaphoreP_tirtos.oer4f (.text:SemaphoreP_delete)
                  000080ee    0000000e     rtsv7R4_T_le_v3D16_eabi.lib : copy_decompress_none.obj (.text:decompress:none)
                  000080fc    00000004     --HOLE-- [fill = 0]
                  00008100    0000000e     sysbios.aer4ft : BIOS.obj (.text:ti_sysbios_knl_Queue_empty__E)
                  0000810e    00000002     --HOLE-- [fill = 0]
                  00008110    0000000c                    : BIOS.obj (.text:ti_sysbios_family_arm_TaskSupport_checkStack__E)
                  0000811c    00000004     --HOLE-- [fill = 0]
                  00008120    0000000c                    : BIOS.obj (.text:ti_sysbios_family_arm_TaskSupport_getStackAlignment__E)
                  0000812c    00000004     --HOLE-- [fill = 0]
                  00008130    0000000c                    : BIOS.obj (.text:ti_sysbios_family_arm_exc_Exception_Module_startup__E)
                  0000813c    00000004     --HOLE-- [fill = 0]
                  00008140    0000000c                    : BIOS.obj (.text:ti_sysbios_family_arm_v7r_vim_Hwi_switchFromBootStack__E)
                  0000814c    0000000a     libosal_xwr14xx.aer4f : MemoryP_tirtos.oer4f (.text:MemoryP_ctrlFree)
                  00008156    0000000a                           : SemaphoreP_tirtos.oer4f (.text:SemaphoreP_post)
                  00008160    0000000a     sysbios.aer4ft : tms570_Core_asm.obj (.text:ti_sysbios_family_arm_v7r_tms570_Core_getId__E)
                  0000816a    0000000a     mss_per4ft.oer4ft (.text:xdc_runtime_IHeap_alloc)
                  00008174    0000000a     mss_per4ft.oer4ft (.text:xdc_runtime_IHeap_free)
                  0000817e    00000002     --HOLE-- [fill = 0]
                  00008180    00000008     sysbios.aer4ft : BIOS.obj (.text:ti_sysbios_gates_GateHwi_enter__E)
                  00008188    00000008     --HOLE-- [fill = 0]
                  00008190    00000006                    : BIOS.obj (.text:ti_sysbios_family_arm_v7r_vim_Hwi_startup__E)
                  00008196    0000000a     --HOLE-- [fill = 0]
                  000081a0    00000006                    : BIOS.obj (.text:ti_sysbios_gates_GateHwi_leave__E)
                  000081a6    0000000a     --HOLE-- [fill = 0]
                  000081b0    00000006                    : BIOS.obj (.text:ti_sysbios_heaps_HeapMem_isBlocking__E)
                  000081b6    0000000a     --HOLE-- [fill = 0]
                  000081c0    00000006                    : BIOS.obj (.text:ti_sysbios_knl_Queue_Instance_init__E)
                  000081c6    0000000a     --HOLE-- [fill = 0]
                  000081d0    00000004                    : BIOS.obj (.text:ti_sysbios_gates_GateHwi_query__E)
                  000081d4    0000000c     --HOLE-- [fill = 0]
                  000081e0    00000004                    : BIOS.obj (.text:ti_sysbios_gates_GateMutex_query__E)
                  000081e4    0000000c     --HOLE-- [fill = 0]
                  000081f0    00000004                    : BIOS.obj (.text:ti_sysbios_knl_Task_startup__E)
                  000081f4    0000000c     --HOLE-- [fill = 0]
                  00008200    00000004                    : BIOS.obj (.text:ti_sysbios_timers_rti_Timer_getMaxTicks__E)
                  00008204    0000000c     --HOLE-- [fill = 0]
                  00008210    00000002                    : BIOS.obj (.text:ti_sysbios_BIOS_linkedWithIncorrectBootLibrary__E)
                  00008212    0000000e     --HOLE-- [fill = 0]
                  00008220    00000002                    : BIOS.obj (.text:ti_sysbios_gates_GateHwi_Instance_init__E)
                  00008222    0000000e     --HOLE-- [fill = 0]
                  00008230    00000002                    : BIOS.obj (.text:ti_sysbios_knl_Clock_logTick__E)

.const     0    00008240    000021f6     
                  00008240    00001a98     mss_per4ft.oer4ft (.const:xdc_runtime_Text_charTab__A)
                  00009cd8    00000101     rtsv7R4_T_le_v3D16_eabi.lib : ctype.obj (.const:.string:_ctypes_)
                  00009dd9    00000001     mss_per4ft.oer4ft (.const:xdc_runtime_Error_policy__C)
                  00009dda    000000d8     mss_per4ft.oer4ft (.const:xdc_runtime_Text_nodeTab__A)
                  00009eb2    00000080     mss_per4ft.oer4ft (.const:ti_sysbios_family_arm_v7r_vim_Hwi_channelMap__A)
                  00009f32    00000002     mss_per4ft.oer4ft (.const:ti_sysbios_family_arm_exc_Exception_Module__id__C)
                  00009f34    00000048     mss_per4ft.oer4ft (.const:.string)
                  00009f7c    0000003c     mss_per4ft.oer4ft (.const:ti_sysbios_knl_Task_Object__PARAMS__C)
                  00009fb8    00000030     mss_per4ft.oer4ft (.const:ti_sysbios_family_arm_v7r_vim_Hwi_Object__PARAMS__C)
                  00009fe8    0000002c     mss_per4ft.oer4ft (.const:xdc_runtime_Startup_sfxnTab__A)
                  0000a014    00000028     mss_per4ft.oer4ft (.const:ti_sysbios_heaps_HeapMem_Module__FXNS__C)
                  0000a03c    00000024     mss_per4ft.oer4ft (.const:ti_sysbios_gates_GateHwi_Module__FXNS__C)
                  0000a060    00000024     mss_per4ft.oer4ft (.const:ti_sysbios_gates_GateMutex_Module__FXNS__C)
                  0000a084    00000024     mss_per4ft.oer4ft (.const:ti_sysbios_heaps_HeapMem_Object__PARAMS__C)
                  0000a0a8    00000024     mss_per4ft.oer4ft (.const:ti_sysbios_knl_Semaphore_Object__PARAMS__C)
                  0000a0cc    00000020     mss_per4ft.oer4ft (.const:ti_sysbios_family_arm_v7r_vim_Hwi_Object__DESC__C)
                  0000a0ec    00000020     mss_per4ft.oer4ft (.const:ti_sysbios_gates_GateHwi_Object__DESC__C)
                  0000a10c    00000020     mss_per4ft.oer4ft (.const:ti_sysbios_gates_GateMutex_Object__DESC__C)
                  0000a12c    00000020     mss_per4ft.oer4ft (.const:ti_sysbios_heaps_HeapMem_Object__DESC__C)
                  0000a14c    00000020     mss_per4ft.oer4ft (.const:ti_sysbios_knl_Queue_Object__DESC__C)
                  0000a16c    00000020     mss_per4ft.oer4ft (.const:ti_sysbios_knl_Semaphore_Object__DESC__C)
                  0000a18c    00000020     mss_per4ft.oer4ft (.const:ti_sysbios_knl_Task_Object__DESC__C)
                  0000a1ac    00000018     mss_per4ft.oer4ft (.const:ti_sysbios_gates_GateHwi_Object__PARAMS__C)
                  0000a1c4    00000018     mss_per4ft.oer4ft (.const:ti_sysbios_gates_GateMutex_Object__PARAMS__C)
                  0000a1dc    00000018     mss_per4ft.oer4ft (.const:ti_sysbios_knl_Queue_Object__PARAMS__C)
                  0000a1f4    00000016     mss_per4ft.oer4ft (.const:xdc_runtime_Startup_sfxnRts__A)
                  0000a20a    00000002     mss_per4ft.oer4ft (.const:ti_sysbios_family_arm_v7r_tms570_Core_Module__id__C)
                  0000a20c    00000010     mss_per4ft.oer4ft (.const:ti_sysbios_family_arm_v7r_vim_Hwi_intReqEnaSet__A)
                  0000a21c    00000010     mss_per4ft.oer4ft (.const:ti_sysbios_family_arm_v7r_vim_Hwi_wakeEnaSet__A)
                  0000a22c    00000008     I2C.oer4f (.const:I2C_defaultParams)
                  0000a234    00000008     mss_per4ft.oer4ft (.const:ti_sysbios_knl_Idle_funcList__C)
                  0000a23c    00000008     mss_per4ft.oer4ft (.const:xdc_runtime_Startup_firstFxns__A)
                  0000a244    00000008     mss_per4ft.oer4ft (.const:xdc_runtime_Startup_firstFxns__C)
                  0000a24c    00000008     mss_per4ft.oer4ft (.const:xdc_runtime_Startup_lastFxns__C)
                  0000a254    00000004     mss_per4ft.oer4ft (.const:ti_sysbios_family_arm_TaskSupport_stackAlignment__C)
                  0000a258    00000004     mss_per4ft.oer4ft (.const:ti_sysbios_family_arm_exc_Exception_E_dataAbort__C)
                  0000a25c    00000004     mss_per4ft.oer4ft (.const:ti_sysbios_family_arm_exc_Exception_E_prefetchAbort__C)
                  0000a260    00000004     mss_per4ft.oer4ft (.const:ti_sysbios_family_arm_exc_Exception_E_swi__C)
                  0000a264    00000004     mss_per4ft.oer4ft (.const:ti_sysbios_family_arm_exc_Exception_E_undefinedInstruction__C)
                  0000a268    00000004     mss_per4ft.oer4ft (.const:ti_sysbios_family_arm_exc_Exception_excHookFuncs__A)
                  0000a26c    00000004     mss_per4ft.oer4ft (.const:ti_sysbios_family_arm_exc_Exception_excHookFuncs__C)
                  0000a270    00000004     mss_per4ft.oer4ft (.const:ti_sysbios_family_arm_v7r_tms570_Core_E_mismatchedIds__C)
                  0000a274    00000004     mss_per4ft.oer4ft (.const:ti_sysbios_family_arm_v7r_tms570_Core_id__C)
                  0000a278    00000004     mss_per4ft.oer4ft (.const:ti_sysbios_family_arm_v7r_vim_Hwi_A_badChannelId__C)
                  0000a27c    00000004     mss_per4ft.oer4ft (.const:ti_sysbios_family_arm_v7r_vim_Hwi_E_alreadyDefined__C)
                  0000a280    00000004     mss_per4ft.oer4ft (.const:ti_sysbios_family_arm_v7r_vim_Hwi_E_badIntNum__C)
                  0000a284    00000004     mss_per4ft.oer4ft (.const:ti_sysbios_family_arm_v7r_vim_Hwi_E_phantomInterrupt__C)
                  0000a288    00000004     mss_per4ft.oer4ft (.const:ti_sysbios_family_arm_v7r_vim_Hwi_E_undefined__C)
                  0000a28c    00000004     mss_per4ft.oer4ft (.const:ti_sysbios_family_arm_v7r_vim_Hwi_E_unsupportedMaskingOption__C)
                  0000a290    00000004     mss_per4ft.oer4ft (.const:ti_sysbios_family_arm_v7r_vim_Hwi_Module__diagsEnabled__C)
                  0000a294    00000004     mss_per4ft.oer4ft (.const:ti_sysbios_family_arm_v7r_vim_Hwi_Module__diagsIncluded__C)
                  0000a298    00000004     mss_per4ft.oer4ft (.const:ti_sysbios_family_arm_v7r_vim_Hwi_Module__diagsMask__C)
                  0000a29c    00000004     mss_per4ft.oer4ft (.const:ti_sysbios_family_arm_v7r_vim_Hwi_NUM_INTERRUPTS__C)
                  0000a2a0    00000004     mss_per4ft.oer4ft (.const:ti_sysbios_family_arm_v7r_vim_Hwi_channelMap__C)
                  0000a2a4    00000004     mss_per4ft.oer4ft (.const:ti_sysbios_family_arm_v7r_vim_Hwi_intReqEnaSet__C)
                  0000a2a8    00000004     mss_per4ft.oer4ft (.const:ti_sysbios_family_arm_v7r_vim_Hwi_phantomFunc__C)
                  0000a2ac    00000004     mss_per4ft.oer4ft (.const:ti_sysbios_family_arm_v7r_vim_Hwi_swiDisable__C)
                  0000a2b0    00000004     mss_per4ft.oer4ft (.const:ti_sysbios_family_arm_v7r_vim_Hwi_swiRestoreHwi__C)
                  0000a2b4    00000004     mss_per4ft.oer4ft (.const:ti_sysbios_family_arm_v7r_vim_Hwi_taskDisable__C)
                  0000a2b8    00000004     mss_per4ft.oer4ft (.const:ti_sysbios_family_arm_v7r_vim_Hwi_taskRestoreHwi__C)
                  0000a2bc    00000004     mss_per4ft.oer4ft (.const:ti_sysbios_family_arm_v7r_vim_Hwi_wakeEnaSet__C)
                  0000a2c0    00000004     mss_per4ft.oer4ft (.const:ti_sysbios_gates_GateMutex_A_badContext__C)
                  0000a2c4    00000004     mss_per4ft.oer4ft (.const:ti_sysbios_gates_GateMutex_Instance_State_sem__O)
                  0000a2c8    00000004     mss_per4ft.oer4ft (.const:ti_sysbios_gates_GateMutex_Module__diagsEnabled__C)
                  0000a2cc    00000004     mss_per4ft.oer4ft (.const:ti_sysbios_gates_GateMutex_Module__diagsIncluded__C)
                  0000a2d0    00000004     mss_per4ft.oer4ft (.const:ti_sysbios_gates_GateMutex_Module__diagsMask__C)
                  0000a2d4    00000004     mss_per4ft.oer4ft (.const:ti_sysbios_hal_Hwi_E_stackOverflow__C)
                  0000a2d8    00000004     mss_per4ft.oer4ft (.const:ti_sysbios_heaps_HeapBuf_Instance_State_freeList__O)
                  0000a2dc    00000004     mss_per4ft.oer4ft (.const:ti_sysbios_heaps_HeapBuf_Object__count__C)
                  0000a2e0    00000004     mss_per4ft.oer4ft (.const:ti_sysbios_heaps_HeapBuf_numConstructedHeaps__C)
                  0000a2e4    00000004     mss_per4ft.oer4ft (.const:ti_sysbios_heaps_HeapMem_A_align__C)
                  0000a2e8    00000004     mss_per4ft.oer4ft (.const:ti_sysbios_heaps_HeapMem_A_heapSize__C)
                  0000a2ec    00000004     mss_per4ft.oer4ft (.const:ti_sysbios_heaps_HeapMem_A_invalidFree__C)
                  0000a2f0    00000004     mss_per4ft.oer4ft (.const:ti_sysbios_heaps_HeapMem_A_zeroBlock__C)
                  0000a2f4    00000004     mss_per4ft.oer4ft (.const:ti_sysbios_heaps_HeapMem_E_memory__C)
                  0000a2f8    00000004     mss_per4ft.oer4ft (.const:ti_sysbios_heaps_HeapMem_Module__diagsEnabled__C)
                  0000a2fc    00000004     mss_per4ft.oer4ft (.const:ti_sysbios_heaps_HeapMem_Module__diagsIncluded__C)
                  0000a300    00000004     mss_per4ft.oer4ft (.const:ti_sysbios_heaps_HeapMem_Module__diagsMask__C)
                  0000a304    00000004     mss_per4ft.oer4ft (.const:ti_sysbios_heaps_HeapMem_Module__gateObj__C)
                  0000a308    00000004     mss_per4ft.oer4ft (.const:ti_sysbios_heaps_HeapMem_Object__count__C)
                  0000a30c    00000004     mss_per4ft.oer4ft (.const:ti_sysbios_heaps_HeapMem_reqAlign__C)
                  0000a310    00000004     mss_per4ft.oer4ft (.const:ti_sysbios_knl_Clock_Module_State_clockQ__O)
                  0000a314    00000004     mss_per4ft.oer4ft (.const:ti_sysbios_knl_Idle_funcList__A)
                  0000a318    00000004     mss_per4ft.oer4ft (.const:ti_sysbios_knl_Semaphore_A_badContext__C)
                  0000a31c    00000004     mss_per4ft.oer4ft (.const:ti_sysbios_knl_Semaphore_A_noEvents__C)
                  0000a320    00000004     mss_per4ft.oer4ft (.const:ti_sysbios_knl_Semaphore_A_overflow__C)
                  0000a324    00000004     mss_per4ft.oer4ft (.const:ti_sysbios_knl_Semaphore_A_pendTaskDisabled__C)
                  0000a328    00000004     mss_per4ft.oer4ft (.const:ti_sysbios_knl_Semaphore_Instance_State_pendQ__O)
                  0000a32c    00000004     mss_per4ft.oer4ft (.const:ti_sysbios_knl_Semaphore_Module__diagsEnabled__C)
                  0000a330    00000004     mss_per4ft.oer4ft (.const:ti_sysbios_knl_Semaphore_Module__diagsIncluded__C)
                  0000a334    00000004     mss_per4ft.oer4ft (.const:ti_sysbios_knl_Semaphore_Module__diagsMask__C)
                  0000a338    00000004     mss_per4ft.oer4ft (.const:ti_sysbios_knl_Swi_Object__count__C)
                  0000a33c    00000004     mss_per4ft.oer4ft (.const:ti_sysbios_knl_Task_A_badPriority__C)
                  0000a340    00000004     mss_per4ft.oer4ft (.const:ti_sysbios_knl_Task_A_badTaskState__C)
                  0000a344    00000004     mss_per4ft.oer4ft (.const:ti_sysbios_knl_Task_A_badThreadType__C)
                  0000a348    00000004     mss_per4ft.oer4ft (.const:ti_sysbios_knl_Task_A_noPendElem__C)
                  0000a34c    00000004     mss_per4ft.oer4ft (.const:ti_sysbios_knl_Task_E_spOutOfBounds__C)
                  0000a350    00000004     mss_per4ft.oer4ft (.const:ti_sysbios_knl_Task_E_stackOverflow__C)
                  0000a354    00000004     mss_per4ft.oer4ft (.const:ti_sysbios_knl_Task_Module_State_inactiveQ__O)
                  0000a358    00000004     mss_per4ft.oer4ft (.const:ti_sysbios_knl_Task_Module__diagsEnabled__C)
                  0000a35c    00000004     mss_per4ft.oer4ft (.const:ti_sysbios_knl_Task_Module__diagsIncluded__C)
                  0000a360    00000004     mss_per4ft.oer4ft (.const:ti_sysbios_knl_Task_Module__diagsMask__C)
                  0000a364    00000004     mss_per4ft.oer4ft (.const:ti_sysbios_knl_Task_Object__count__C)
                  0000a368    00000004     mss_per4ft.oer4ft (.const:ti_sysbios_knl_Task_allBlockedFunc__C)
                  0000a36c    00000004     mss_per4ft.oer4ft (.const:ti_sysbios_knl_Task_defaultStackHeap__C)
                  0000a370    00000004     mss_per4ft.oer4ft (.const:ti_sysbios_knl_Task_defaultStackSize__C)
                  0000a374    00000004     mss_per4ft.oer4ft (.const:ti_sysbios_knl_Task_numConstructedTasks__C)
                  0000a378    00000004     mss_per4ft.oer4ft (.const:ti_sysbios_timers_rti_Timer_E_cannotSupport__C)
                  0000a37c    00000004     mss_per4ft.oer4ft (.const:ti_sysbios_timers_rti_Timer_Module__diagsEnabled__C)
                  0000a380    00000004     mss_per4ft.oer4ft (.const:ti_sysbios_timers_rti_Timer_Module__diagsIncluded__C)
                  0000a384    00000004     mss_per4ft.oer4ft (.const:ti_sysbios_timers_rti_Timer_Module__diagsMask__C)
                  0000a388    00000004     mss_per4ft.oer4ft (.const:ti_sysbios_timers_rti_Timer_numTimerDevices__C)
                  0000a38c    00000004     mss_per4ft.oer4ft (.const:ti_sysbios_timers_rti_Timer_startupNeeded__C)
                  0000a390    00000004     mss_per4ft.oer4ft (.const:xdc_runtime_Assert_E_assertFailed__C)
                  0000a394    00000004     mss_per4ft.oer4ft (.const:xdc_runtime_Core_A_initializedParams__C)
                  0000a398    00000004     mss_per4ft.oer4ft (.const:xdc_runtime_Core_Module__diagsEnabled__C)
                  0000a39c    00000004     mss_per4ft.oer4ft (.const:xdc_runtime_Core_Module__diagsIncluded__C)
                  0000a3a0    00000004     mss_per4ft.oer4ft (.const:xdc_runtime_Core_Module__diagsMask__C)
                  0000a3a4    00000004     mss_per4ft.oer4ft (.const:xdc_runtime_Error_E_memory__C)
                  0000a3a8    00000004     mss_per4ft.oer4ft (.const:xdc_runtime_Error_Module__diagsEnabled__C)
                  0000a3ac    00000004     mss_per4ft.oer4ft (.const:xdc_runtime_Error_Module__diagsIncluded__C)
                  0000a3b0    00000004     mss_per4ft.oer4ft (.const:xdc_runtime_Error_Module__diagsMask__C)
                  0000a3b4    00000004     mss_per4ft.oer4ft (.const:xdc_runtime_Error_Module__loggerFxn8__C)
                  0000a3b8    00000004     mss_per4ft.oer4ft (.const:xdc_runtime_Error_Module__loggerObj__C)
                  0000a3bc    00000004     mss_per4ft.oer4ft (.const:xdc_runtime_Error_policyFxn__C)
                  0000a3c0    00000004     mss_per4ft.oer4ft (.const:xdc_runtime_Error_raiseHook__C)
                  0000a3c4    00000004     mss_per4ft.oer4ft (.const:xdc_runtime_IGateProvider_Interface__BASE__C)
                  0000a3c8    00000004     mss_per4ft.oer4ft (.const:xdc_runtime_IHeap_Interface__BASE__C)
                  0000a3cc    00000004     mss_per4ft.oer4ft (.const:xdc_runtime_IModule_Interface__BASE__C)
                  0000a3d0    00000004     mss_per4ft.oer4ft (.const:xdc_runtime_Log_L_error__C)
                  0000a3d4    00000004     mss_per4ft.oer4ft (.const:xdc_runtime_Memory_defaultHeapInstance__C)
                  0000a3d8    00000004     mss_per4ft.oer4ft (.const:xdc_runtime_Startup_execImpl__C)
                  0000a3dc    00000004     mss_per4ft.oer4ft (.const:xdc_runtime_Startup_maxPasses__C)
                  0000a3e0    00000004     mss_per4ft.oer4ft (.const:xdc_runtime_Startup_sfxnRts__C)
                  0000a3e4    00000004     mss_per4ft.oer4ft (.const:xdc_runtime_Startup_sfxnTab__C)
                  0000a3e8    00000004     mss_per4ft.oer4ft (.const:xdc_runtime_System_Module__gateObj__C)
                  0000a3ec    00000004     mss_per4ft.oer4ft (.const:xdc_runtime_System_abortFxn__C)
                  0000a3f0    00000004     mss_per4ft.oer4ft (.const:xdc_runtime_System_exitFxn__C)
                  0000a3f4    00000004     mss_per4ft.oer4ft (.const:xdc_runtime_System_extendFxn__C)
                  0000a3f8    00000004     mss_per4ft.oer4ft (.const:xdc_runtime_System_maxAtexitHandlers__C)
                  0000a3fc    00000004     mss_per4ft.oer4ft (.const:xdc_runtime_Text_charTab__C)
                  0000a400    00000004     mss_per4ft.oer4ft (.const:xdc_runtime_Text_nameEmpty__C)
                  0000a404    00000004     mss_per4ft.oer4ft (.const:xdc_runtime_Text_nameStatic__C)
                  0000a408    00000004     mss_per4ft.oer4ft (.const:xdc_runtime_Text_nameUnknown__C)
                  0000a40c    00000004     mss_per4ft.oer4ft (.const:xdc_runtime_Text_nodeTab__C)
                  0000a410    00000004     mss_per4ft.oer4ft (.const:xdc_runtime_Text_visitRopeFxn__C)
                  0000a414    00000002     mss_per4ft.oer4ft (.const:ti_sysbios_family_arm_v7r_vim_Hwi_Module__id__C)
                  0000a416    00000002     mss_per4ft.oer4ft (.const:ti_sysbios_gates_GateMutex_Module__id__C)
                  0000a418    00000002     mss_per4ft.oer4ft (.const:ti_sysbios_hal_Hwi_Module__id__C)
                  0000a41a    00000002     mss_per4ft.oer4ft (.const:ti_sysbios_heaps_HeapMem_Module__id__C)
                  0000a41c    00000002     mss_per4ft.oer4ft (.const:ti_sysbios_knl_Semaphore_Module__id__C)
                  0000a41e    00000002     mss_per4ft.oer4ft (.const:ti_sysbios_knl_Task_Module__id__C)
                  0000a420    00000002     mss_per4ft.oer4ft (.const:ti_sysbios_timers_rti_Timer_Module__id__C)
                  0000a422    00000002     mss_per4ft.oer4ft (.const:ti_sysbios_timers_rti_Timer_continueOnSuspend__C)
                  0000a424    00000002     mss_per4ft.oer4ft (.const:xdc_runtime_Core_Module__id__C)
                  0000a426    00000002     mss_per4ft.oer4ft (.const:xdc_runtime_Error_Module__loggerDefined__C)
                  0000a428    00000002     mss_per4ft.oer4ft (.const:xdc_runtime_Error_maxDepth__C)
                  0000a42a    00000002     mss_per4ft.oer4ft (.const:xdc_runtime_Main_Module__id__C)
                  0000a42c    00000002     mss_per4ft.oer4ft (.const:xdc_runtime_Memory_Module__id__C)
                  0000a42e    00000002     mss_per4ft.oer4ft (.const:xdc_runtime_Text_charCnt__C)
                  0000a430    00000002     mss_per4ft.oer4ft (.const:xdc_runtime_Text_isLoaded__C)
                  0000a432    00000002     mss_per4ft.oer4ft (.const:xdc_runtime_Text_registryModsLastId__C)
                  0000a434    00000002     mss_per4ft.oer4ft (.const:xdc_runtime_Text_unnamedModsLastId__C)

.cinit     0    0000a440    00000280     
                  0000a440    00000249     (.cinit..data.load) [load image, compression = lzss]
                  0000a689    00000003     --HOLE-- [fill = 0]
                  0000a68c    0000000c     (__TI_handler_table)
                  0000a698    00000008     (.cinit..MCPILogBuffer.load) [load image, compression = zero_init]
                  0000a6a0    00000008     (.cinit..bss.load) [load image, compression = zero_init]
                  0000a6a8    00000018     (__TI_cinit_table)

.bss       0    08000000    00003a6c     UNINITIALIZED
                  08000000    00002000     (.common:ti_sysbios_heaps_HeapMem_Instance_State_0_buf__A)
                  08002000    00001000     (.common:ti_sysbios_family_arm_exc_Exception_Module_State_0_excStack_0__A)
                  08003000    00000400     mss_per4ft.oer4ft (.bss:taskStackSection)
                  08003400    00000400     (.common:ti_sysbios_family_arm_v7r_vim_Hwi_Module_State_0_fiqStack__A)
                  08003800    00000120     rtsv7R4_T_le_v3D16_eabi.lib : trgmsg.obj (.bss:_CIOBUF_)
                  08003920    000000a0     (.common:__TI_tmpnams)
                  080039c0    00000070     (.common:gEsmMCB)
                  08003a30    00000034     master.oer4f (.bss:$O1$$)
                  08003a64    00000008     (.common:parmbuf)

.stack     0    08005e6c    00001000     UNINITIALIZED
                  08005e6c    00001000     --HOLE--

.data      0    08006e6c    00000894     UNINITIALIZED
                  08006e6c    00000200     mss_per4ft.oer4ft (.data:ti_sysbios_family_arm_v7r_vim_Hwi_Module_State_0_dispatchTable__A)
                  0800706c    000000f0     rtsv7R4_T_le_v3D16_eabi.lib : defs.obj (.data:_ftable)
                  0800715c    00000080     mss_per4ft.oer4ft (.data:ti_sysbios_knl_Swi_Module_State_0_readyQ__A)
                  080071dc    00000080     mss_per4ft.oer4ft (.data:ti_sysbios_knl_Task_Module_State_0_readyQ__A)
                  0800725c    00000078     rtsv7R4_T_le_v3D16_eabi.lib : write.obj (.data:_device)
                  080072d4    00000050                                 : write.obj (.data:_stream)
                  08007324    0000004c     mss_per4ft.oer4ft (.data:ti_sysbios_knl_Task_Object__table__V)
                  08007370    00000044     mss_per4ft.oer4ft (.data:ti_sysbios_knl_Task_Module__state__V)
                  080073b4    00000038     mss_per4ft.oer4ft (.data:ti_sysbios_gates_GateMutex_Object__table__V)
                  080073ec    00000038     mss_per4ft.oer4ft (.data:ti_sysbios_timers_rti_Timer_Object__table__V)
                  08007424    00000034     mss_per4ft.oer4ft (.data:ti_sysbios_family_arm_v7r_vim_Hwi_Module__state__V)
                  08007458    00000030     mss_per4ft.oer4ft (.data:ti_sysbios_knl_Swi_Object__table__V)
                  08007488    0000002c     mss_per4ft.oer4ft (.data:ti_sysbios_family_arm_v7r_vim_Hwi_Object__table__V)
                  080074b4    0000002c     mss_per4ft.oer4ft (.data:ti_sysbios_knl_Clock_Module__state__V)
                  080074e0    00000024     mss_per4ft.oer4ft (.data:ti_sysbios_BIOS_Module__state__V)
                  08007504    00000020     mss_per4ft.oer4ft (.data:xdc_runtime_Error_IgnoreBlock)
                  08007524    00000020     mss_per4ft.oer4ft (.data:xdc_runtime_System_Module_State_0_atexitHandlers__A)
                  08007544    0000001c     mss_per4ft.oer4ft (.data:ti_sysbios_knl_Swi_Module__state__V)
                  08007560    00000018     i2c_master.oer4f (.data:I2C_config)
                  08007578    00000018     i2c_master.oer4f (.data:gI2CMasterFxnTable)
                  08007590    00000018     mss_per4ft.oer4ft (.data:ti_sysbios_heaps_HeapMem_Object__table__V)
                  080075a8    00000018     mss_per4ft.oer4ft (.data:ti_sysbios_timers_rti_Timer_Module_State_0_device__A)
                  080075c0    00000014     master.oer4f (.data)
                  080075d4    00000014     mss_per4ft.oer4ft (.data:ti_sysbios_family_arm_exc_Exception_Module__state__V)
                  080075e8    00000010     libsoc_xwr14xx.aer4f : soc_xwr14xx.oer4f (.data:gSOCHwAttrib)
                  080075f8    00000010     rtsv7R4_T_le_v3D16_eabi.lib : defs.obj (.data)
                  08007608    00000010     mss_per4ft.oer4ft (.data:ti_sysbios_timers_rti_Timer_Module_State_0_intFreqs__A)
                  08007618    00000010     mss_per4ft.oer4ft (.data:ti_sysbios_timers_rti_Timer_Module__state__V)
                  08007628    0000000c     libtestlogger_xwr14xx.aer4f : logger.oer4f (.data:$O1$$)
                  08007634    0000000c     rtsv7R4_T_le_v3D16_eabi.lib : exit.obj (.data:$O1$$)
                  08007640    0000000c     libesm_xwr14xx.aer4f : esm_xwr1xxx.oer4f (.data:gESMHwCfgAttrs)
                  0800764c    0000000c     mss_per4ft.oer4ft (.data:ti_sysbios_family_arm_v7a_Pmu_Module__state__V)
                  08007658    00000008     rtsv7R4_T_le_v3D16_eabi.lib : _lock.obj (.data:$O1$$)
                  08007660    00000008     i2c_xwr14xx.oer4f (.data:gI2CHwCfg)
                  08007668    00000008     mss_per4ft.oer4ft (.data:ti_sysbios_family_arm_v7r_vim_Hwi_Module__root__V)
                  08007670    00000008     mss_per4ft.oer4ft (.data:ti_sysbios_gates_GateHwi_Module__root__V)
                  08007678    00000008     mss_per4ft.oer4ft (.data:ti_sysbios_gates_GateMutex_Module__root__V)
                  08007680    00000008     mss_per4ft.oer4ft (.data:ti_sysbios_hal_Hwi_Object__table__V)
                  08007688    00000008     mss_per4ft.oer4ft (.data:ti_sysbios_heaps_HeapMem_Module__root__V)
                  08007690    00000008     mss_per4ft.oer4ft (.data:ti_sysbios_knl_Queue_Module__root__V)
                  08007698    00000008     mss_per4ft.oer4ft (.data:ti_sysbios_knl_Semaphore_Module__root__V)
                  080076a0    00000008     mss_per4ft.oer4ft (.data:ti_sysbios_knl_Task_Module__root__V)
                  080076a8    00000008     mss_per4ft.oer4ft (.data:ti_sysbios_timers_rti_Timer_Module_State_0_handles__A)
                  080076b0    00000008     mss_per4ft.oer4ft (.data:xdc_runtime_Registry_Module__state__V)
                  080076b8    00000008     mss_per4ft.oer4ft (.data:xdc_runtime_Startup_Module__state__V)
                  080076c0    00000008     mss_per4ft.oer4ft (.data:xdc_runtime_System_Module__state__V)
                  080076c8    00000004     I2C.oer4f (.data)
                  080076cc    00000004     libpinmux_xwr14xx.aer4f : pinmux_xwr1xxx.oer4f (.data)
                  080076d0    00000004     rtsv7R4_T_le_v3D16_eabi.lib : errno.obj (.data)
                  080076d4    00000004                                 : fopen.obj (.data)
                  080076d8    00000004                                 : open.obj (.data)
                  080076dc    00000004                                 : stkdepth_vars.obj (.data)
                  080076e0    00000004     mss_per4ft.oer4ft (.data:ti_sysbios_family_arm_exc_Exception_Module_State_0_excContext__A)
                  080076e4    00000004     mss_per4ft.oer4ft (.data:ti_sysbios_family_arm_exc_Exception_Module_State_0_excStackBuffers__A)
                  080076e8    00000004     mss_per4ft.oer4ft (.data:ti_sysbios_family_arm_exc_Exception_Module_State_0_excStack__A)
                  080076ec    00000004     mss_per4ft.oer4ft (.data:ti_sysbios_gates_GateHwi_Object__table__V)
                  080076f0    00000004     mss_per4ft.oer4ft (.data:ti_sysbios_heaps_HeapBuf_Module__state__V)
                  080076f4    00000004     mss_per4ft.oer4ft (.data:ti_sysbios_knl_Task_Module_State_0_idleTask__A)
                  080076f8    00000004     mss_per4ft.oer4ft (.data:xdc_runtime_Memory_Module__state__V)
                  080076fc    00000002     mss_per4ft.oer4ft (.data:ti_sysbios_family_arm_exc_Exception_Module_State_0_excActive__A)
                  080076fe    00000002     mss_per4ft.oer4ft (.data:xdc_runtime_Error_Module__state__V)

.MCPILogBuffer 
*          0    08003a6c    00002400     UNINITIALIZED
                  08003a6c    00002400     master.oer4f (.MCPILogBuffer)

MODULE SUMMARY

       Module                          code    ro data   rw data
       ------                          ----    -------   -------
    /home/gtbldadm/nightlybuilds/mmwave_sdk/ti/drivers/i2c/test/xwr14xx/mss_master_configPkg_xwr14xx/package/cfg/
       mss_per4ft.oer4ft               1750    8489      15916  
    +--+-------------------------------+-------+---------+---------+
       Total:                          1750    8489      15916  
                                                                
    obj_xwr14xx/
       master.oer4f                    1296    0         9288   
       i2c_master.oer4f                1032    0         48     
       I2C.oer4f                       148     8         4      
       i2c_reg.oer4f                   142     0         0      
       i2c_xwr14xx.oer4f               0       0         8      
    +--+-------------------------------+-------+---------+---------+
       Total:                          2618    8         9348   
                                                                
    /home/gtbldadm/nightlybuilds/mmwave_sdk/scripts/jenkins/../../ti/drivers/esm/lib/libesm_xwr14xx.aer4f
       esm.oer4f                       456     0         112    
       esm_xwr1xxx.oer4f               0       0         12     
    +--+-------------------------------+-------+---------+---------+
       Total:                          456     0         124    
                                                                
    /home/gtbldadm/nightlybuilds/mmwave_sdk/scripts/jenkins/../../ti/drivers/osal/lib/libosal_xwr14xx.aer4f
       HwiP_tirtos.oer4f               226     0         0      
       SemaphoreP_tirtos.oer4f         150     0         0      
       MemoryP_tirtos.oer4f            28      0         0      
       DebugP_tirtos.oer4f             20      0         0      
    +--+-------------------------------+-------+---------+---------+
       Total:                          424     0         0      
                                                                
    /home/gtbldadm/nightlybuilds/mmwave_sdk/scripts/jenkins/../../ti/drivers/pinmux/lib/libpinmux_xwr14xx.aer4f
       pinmux.oer4f                    390     0         0      
       pinmux_xwr1xxx.oer4f            0       0         4      
    +--+-------------------------------+-------+---------+---------+
       Total:                          390     0         4      
                                                                
    /home/gtbldadm/nightlybuilds/mmwave_sdk/scripts/jenkins/../../ti/drivers/soc/lib/libsoc_xwr14xx.aer4f
       soc_xwr14xx.oer4f               540     0         16     
       soc.oer4f                       306     0         0      
       soc_mpu.o                       182     0         0      
    +--+-------------------------------+-------+---------+---------+
       Total:                          1028    0         16     
                                                                
    /home/gtbldadm/nightlybuilds/mmwave_sdk/scripts/jenkins/../../ti/utils/testlogger/lib/libtestlogger_xwr14xx.aer4f
       logger.oer4f                    344     0         12     
    +--+-------------------------------+-------+---------+---------+
       Total:                          344     0         12     
                                                                
    /home/gtbldadm/nightlybuilds/mmwave_sdk/ti/drivers/i2c/test/xwr14xx/mss_master_configPkg_xwr14xx/package/cfg/mss_per4ft.src/sysbios/sysbios.aer4ft
       BIOS.obj                        11174   0         0      
       exc_Exception_asm.obj           308     0         0      
       vim_Hwi_asm.obj                 208     0         0      
       arm_TaskSupport_asm.obj         176     0         0      
       vim_Hwi_asm_switch.obj          152     0         0      
       arm_IntrinsicsSupport_asm.obj   12      0         0      
       tms570_Core_asm.obj             10      0         0      
    +--+-------------------------------+-------+---------+---------+
       Total:                          12040   0         0      
                                                                
    /opt/ti/bios_6_53_02_00/packages/ti/targets/arm/rtsarm/lib/auto_init.aer4ft
       auto_init.oer4ft                160     0         0      
    +--+-------------------------------+-------+---------+---------+
       Total:                          160     0         0      
                                                                
    /opt/ti/bios_6_53_02_00/packages/ti/targets/arm/rtsarm/lib/boot.aer4ft
       boot.oer4ft                     116     0         0      
    +--+-------------------------------+-------+---------+---------+
       Total:                          116     0         0      
                                                                
    /opt/ti/bios_6_53_02_00/packages/ti/targets/arm/rtsarm/lib/ti.targets.arm.rtsarm.aer4ft
       System.oer4ft                   1259    0         0      
       Text.oer4ft                     672     0         0      
       Error.oer4ft                    564     0         0      
       Startup.oer4ft                  340     0         0      
       Core-mem.oer4ft                 334     0         0      
       Core-smem.oer4ft                208     0         0      
       Memory.oer4ft                   176     0         0      
       Assert.oer4ft                   84      0         0      
       Core-params.oer4ft              72      0         0      
       Core-label.oer4ft               52      0         0      
       SysStd.oer4ft                   52      0         0      
       Registry.oer4ft                 32      0         0      
       Gate.oer4ft                     28      0         0      
    +--+-------------------------------+-------+---------+---------+
       Total:                          3873    0         0      
                                                                
    /opt/ti/ti-cgt-arm_16.9.6.LTS/lib/rtsv7R4_T_le_v3D16_eabi.lib
       _printfi.obj                    4218    0         0      
       ull_div32.obj                   696     0         0      
       fopen.obj                       456     0         4      
       defs.obj                        0       0         416    
       trgmsg.obj                      108     0         288    
       fputs.obj                       312     0         0      
       ctype.obj                       0       257       0      
       write.obj                       40      0         200    
       s_scalbn.obj                    236     0         0      
       setvbuf.obj                     220     0         0      
       fflush.obj                      204     0         0      
       open.obj                        188     0         4      
       _io_perm.obj                    174     0         0      
       memcpy_t2.obj                   156     0         0      
       fclose.obj                      152     0         0      
       fputc.obj                       152     0         0      
       snprintf.obj                    148     0         0      
       memset_t2.obj                   122     0         0      
       getdevice.obj                   116     0         0      
       s_frexp.obj                     116     0         0      
       printf.obj                      112     0         0      
       copy_decompress_lzss.obj        108     0         0      
       hostlseek.obj                   104     0         0      
       hostrename.obj                  104     0         0      
       fseek.obj                       100     0         0      
       hostopen.obj                    92      0         8      
       exit.obj                        80      0         12     
       hostread.obj                    92      0         0      
       close.obj                       88      0         0      
       hostwrite.obj                   88      0         0      
       ltoa.obj                        84      0         0      
       atoi.obj                        80      0         0      
       u_div32.obj                     80      0         0      
       cpy_tbl.obj                     76      0         0      
       hostclose.obj                   68      0         0      
       hostunlink.obj                  68      0         0      
       strncpy.obj                     54      0         0      
       unlink.obj                      44      0         0      
       lseek.obj                       40      0         0      
       memchr.obj                      32      0         0      
       strcat.obj                      30      0         0      
       _lock.obj                       20      0         8      
       memccpy.obj                     28      0         0      
       s_copysign.obj                  26      0         0      
       args_main.obj                   24      0         0      
       strcmp.obj                      24      0         0      
       strchr.obj                      22      0         0      
       strlen.obj                      22      0         0      
       strcpy.obj                      20      0         0      
       copy_decompress_none.obj        14      0         0      
       copy_zero_init.obj              12      0         0      
       errno.obj                       0       0         4      
       stkdepth_vars.obj               0       0         4      
       i_div0.obj                      2       0         0      
    +--+-------------------------------+-------+---------+---------+
       Total:                          9652    257       948    
                                                                
       Stack:                          0       0         4096   
       Linker Generated:               0       637       0      
    +--+-------------------------------+-------+---------+---------+
       Grand Total:                    32851   9391      30464  


LINKER GENERATED COPY TABLES

__TI_cinit_table @ 0000a6a8 records: 3, size/record: 8, table size: 24
	.data: load addr=0000a440, load size=00000249 bytes, run addr=08006e6c, run size=00000894 bytes, compression=lzss
	.MCPILogBuffer: load addr=0000a698, load size=00000008 bytes, run addr=08003a6c, run size=00002400 bytes, compression=zero_init
	.bss: load addr=0000a6a0, load size=00000008 bytes, run addr=08000000, run size=00003a6c bytes, compression=zero_init


LINKER GENERATED HANDLER TABLE

__TI_handler_table @ 0000a68c records: 3, size/record: 4, table size: 12
	index: 0, handler: __TI_zero_init
	index: 1, handler: __TI_decompress_lzss
	index: 2, handler: __TI_decompress_none


GLOBAL SYMBOLS: SORTED ALPHABETICALLY BY Name 

address   name                                                                 
-------   ----                                                                 
00006a19  C$$EXIT                                                              
00006103  C$$IO$$                                                              
000066b9  ESM_highpriority_FIQ                                                 
000050c9  ESM_init                                                             
00007959  ESM_lowpriority_IRQ                                                  
00004e11  ESM_processInterrupt                                                 
00006ce1  HOSTclose                                                            
000061a9  HOSTlseek                                                            
00006545  HOSTopen                                                             
000065a1  HOSTread                                                             
00006211  HOSTrename                                                           
00006d25  HOSTunlink                                                           
00006769  HOSTwrite                                                            
00007ef7  HwiP_Params_init                                                     
00005ae1  HwiP_create                                                          
0000713d  HwiP_delete                                                          
00002de9  HwiP_disable                                                         
0000193d  HwiP_disableInterrupt                                                
00001f0d  HwiP_enableInterrupt                                                 
00006ff9  HwiP_restore                                                         
00007079  I2CGetData                                                           
[...]
0000a014  ti_sysbios_heaps_HeapMem_Module__FXNS__C                             
0000a03c  ti_sysbios_gates_GateHwi_Module__FXNS__C                             
0000a060  ti_sysbios_gates_GateMutex_Module__FXNS__C                           
0000a084  ti_sysbios_heaps_HeapMem_Object__PARAMS__C                           
0000a0a8  ti_sysbios_knl_Semaphore_Object__PARAMS__C                           
0000a0cc  ti_sysbios_family_arm_v7r_vim_Hwi_Object__DESC__C                    
0000a0ec  ti_sysbios_gates_GateHwi_Object__DESC__C                             
0000a10c  ti_sysbios_gates_GateMutex_Object__DESC__C                           
0000a12c  ti_sysbios_heaps_HeapMem_Object__DESC__C                             
0000a14c  ti_sysbios_knl_Queue_Object__DESC__C                                 
0000a16c  ti_sysbios_knl_Semaphore_Object__DESC__C                             
0000a18c  ti_sysbios_knl_Task_Object__DESC__C                                  
0000a1ac  ti_sysbios_gates_GateHwi_Object__PARAMS__C                           
0000a1c4  ti_sysbios_gates_GateMutex_Object__PARAMS__C                         
0000a1dc  ti_sysbios_knl_Queue_Object__PARAMS__C                               
0000a1f4  xdc_runtime_Startup_sfxnRts__A                                       
0000a20a  ti_sysbios_family_arm_v7r_tms570_Core_Module__id__C                  
0000a20c  ti_sysbios_family_arm_v7r_vim_Hwi_intReqEnaSet__A                    
0000a21c  ti_sysbios_family_arm_v7r_vim_Hwi_wakeEnaSet__A                      
0000a22c  I2C_defaultParams                                                    
0000a234  ti_sysbios_knl_Idle_funcList__C                                      
0000a23c  xdc_runtime_Startup_firstFxns__A                                     
0000a244  xdc_runtime_Startup_firstFxns__C                                     
0000a24c  xdc_runtime_Startup_lastFxns__C                                      
0000a254  ti_sysbios_family_arm_TaskSupport_stackAlignment__C                  
0000a258  ti_sysbios_family_arm_exc_Exception_E_dataAbort__C                   
0000a25c  ti_sysbios_family_arm_exc_Exception_E_prefetchAbort__C               
0000a260  ti_sysbios_family_arm_exc_Exception_E_swi__C                         
0000a264  ti_sysbios_family_arm_exc_Exception_E_undefinedInstruction__C        
0000a268  ti_sysbios_family_arm_exc_Exception_excHookFuncs__A                  
0000a26c  ti_sysbios_family_arm_exc_Exception_excHookFuncs__C                  
0000a270  ti_sysbios_family_arm_v7r_tms570_Core_E_mismatchedIds__C             
0000a274  ti_sysbios_family_arm_v7r_tms570_Core_id__C                          
0000a278  ti_sysbios_family_arm_v7r_vim_Hwi_A_badChannelId__C                  
0000a27c  ti_sysbios_family_arm_v7r_vim_Hwi_E_alreadyDefined__C                
0000a280  ti_sysbios_family_arm_v7r_vim_Hwi_E_badIntNum__C                     
0000a284  ti_sysbios_family_arm_v7r_vim_Hwi_E_phantomInterrupt__C              
0000a288  ti_sysbios_family_arm_v7r_vim_Hwi_E_undefined__C                     
0000a28c  ti_sysbios_family_arm_v7r_vim_Hwi_E_unsupportedMaskingOption__C      
0000a290  ti_sysbios_family_arm_v7r_vim_Hwi_Module__diagsEnabled__C            
0000a294  ti_sysbios_family_arm_v7r_vim_Hwi_Module__diagsIncluded__C           
0000a298  ti_sysbios_family_arm_v7r_vim_Hwi_Module__diagsMask__C               
0000a29c  ti_sysbios_family_arm_v7r_vim_Hwi_NUM_INTERRUPTS__C                  
0000a2a0  ti_sysbios_family_arm_v7r_vim_Hwi_channelMap__C                      
0000a2a4  ti_sysbios_family_arm_v7r_vim_Hwi_intReqEnaSet__C                    
0000a2a8  ti_sysbios_family_arm_v7r_vim_Hwi_phantomFunc__C                     
0000a2ac  ti_sysbios_family_arm_v7r_vim_Hwi_swiDisable__C                      
0000a2b0  ti_sysbios_family_arm_v7r_vim_Hwi_swiRestoreHwi__C                   
0000a2b4  ti_sysbios_family_arm_v7r_vim_Hwi_taskDisable__C                     
0000a2b8  ti_sysbios_family_arm_v7r_vim_Hwi_taskRestoreHwi__C                  
0000a2bc  ti_sysbios_family_arm_v7r_vim_Hwi_wakeEnaSet__C                      
0000a2c0  ti_sysbios_gates_GateMutex_A_badContext__C                           
0000a2c4  ti_sysbios_gates_GateMutex_Instance_State_sem__O                     
0000a2c8  ti_sysbios_gates_GateMutex_Module__diagsEnabled__C                   
0000a2cc  ti_sysbios_gates_GateMutex_Module__diagsIncluded__C                  
0000a2d0  ti_sysbios_gates_GateMutex_Module__diagsMask__C                      
0000a2d4  ti_sysbios_hal_Hwi_E_stackOverflow__C                                
0000a2d8  ti_sysbios_heaps_HeapBuf_Instance_State_freeList__O                  
0000a2dc  ti_sysbios_heaps_HeapBuf_Object__count__C                            
0000a2e0  ti_sysbios_heaps_HeapBuf_numConstructedHeaps__C                      
0000a2e4  ti_sysbios_heaps_HeapMem_A_align__C                                  
0000a2e8  ti_sysbios_heaps_HeapMem_A_heapSize__C                               
0000a2ec  ti_sysbios_heaps_HeapMem_A_invalidFree__C                            
0000a2f0  ti_sysbios_heaps_HeapMem_A_zeroBlock__C                              
0000a2f4  ti_sysbios_heaps_HeapMem_E_memory__C                                 
0000a2f8  ti_sysbios_heaps_HeapMem_Module__diagsEnabled__C                     
0000a2fc  ti_sysbios_heaps_HeapMem_Module__diagsIncluded__C                    
0000a300  ti_sysbios_heaps_HeapMem_Module__diagsMask__C                        
0000a304  ti_sysbios_heaps_HeapMem_Module__gateObj__C                          
0000a308  ti_sysbios_heaps_HeapMem_Object__count__C                            
0000a30c  ti_sysbios_heaps_HeapMem_reqAlign__C                                 
0000a310  ti_sysbios_knl_Clock_Module_State_clockQ__O                          
0000a314  ti_sysbios_knl_Idle_funcList__A                                      
0000a318  ti_sysbios_knl_Semaphore_A_badContext__C                             
0000a31c  ti_sysbios_knl_Semaphore_A_noEvents__C                               
0000a320  ti_sysbios_knl_Semaphore_A_overflow__C                               
0000a324  ti_sysbios_knl_Semaphore_A_pendTaskDisabled__C                       
0000a328  ti_sysbios_knl_Semaphore_Instance_State_pendQ__O                     
0000a32c  ti_sysbios_knl_Semaphore_Module__diagsEnabled__C                     
0000a330  ti_sysbios_knl_Semaphore_Module__diagsIncluded__C                    
0000a334  ti_sysbios_knl_Semaphore_Module__diagsMask__C                        
0000a338  ti_sysbios_knl_Swi_Object__count__C                                  
0000a33c  ti_sysbios_knl_Task_A_badPriority__C                                 
0000a340  ti_sysbios_knl_Task_A_badTaskState__C                                
0000a344  ti_sysbios_knl_Task_A_badThreadType__C                               
0000a348  ti_sysbios_knl_Task_A_noPendElem__C                                  
0000a34c  ti_sysbios_knl_Task_E_spOutOfBounds__C                               
0000a350  ti_sysbios_knl_Task_E_stackOverflow__C                               
0000a354  ti_sysbios_knl_Task_Module_State_inactiveQ__O                        
0000a358  ti_sysbios_knl_Task_Module__diagsEnabled__C                          
0000a35c  ti_sysbios_knl_Task_Module__diagsIncluded__C                         
0000a360  ti_sysbios_knl_Task_Module__diagsMask__C                             
0000a364  ti_sysbios_knl_Task_Object__count__C                                 
0000a368  ti_sysbios_knl_Task_allBlockedFunc__C                                
0000a36c  ti_sysbios_knl_Task_defaultStackHeap__C                              
0000a370  ti_sysbios_knl_Task_defaultStackSize__C                              
0000a374  ti_sysbios_knl_Task_numConstructedTasks__C                           
0000a378  ti_sysbios_timers_rti_Timer_E_cannotSupport__C                       
0000a37c  ti_sysbios_timers_rti_Timer_Module__diagsEnabled__C                  
0000a380  ti_sysbios_timers_rti_Timer_Module__diagsIncluded__C                 
0000a384  ti_sysbios_timers_rti_Timer_Module__diagsMask__C                     
0000a388  ti_sysbios_timers_rti_Timer_numTimerDevices__C                       
0000a38c  ti_sysbios_timers_rti_Timer_startupNeeded__C                         
0000a390  xdc_runtime_Assert_E_assertFailed__C                                 
0000a394  xdc_runtime_Core_A_initializedParams__C                              
0000a398  xdc_runtime_Core_Module__diagsEnabled__C                             
0000a39c  xdc_runtime_Core_Module__diagsIncluded__C                            
0000a3a0  xdc_runtime_Core_Module__diagsMask__C                                
0000a3a4  xdc_runtime_Error_E_memory__C                                        
0000a3a8  xdc_runtime_Error_Module__diagsEnabled__C                            
0000a3ac  xdc_runtime_Error_Module__diagsIncluded__C                           
0000a3b0  xdc_runtime_Error_Module__diagsMask__C                               
0000a3b4  xdc_runtime_Error_Module__loggerFxn8__C                              
0000a3b8  xdc_runtime_Error_Module__loggerObj__C                               
0000a3bc  xdc_runtime_Error_policyFxn__C                                       
0000a3c0  xdc_runtime_Error_raiseHook__C                                       
0000a3c4  xdc_runtime_IGateProvider_Interface__BASE__C                         
0000a3c8  xdc_runtime_IHeap_Interface__BASE__C                                 
0000a3cc  xdc_runtime_IModule_Interface__BASE__C                               
0000a3d0  xdc_runtime_Log_L_error__C                                           
0000a3d4  xdc_runtime_Memory_defaultHeapInstance__C                            
0000a3d8  xdc_runtime_Startup_execImpl__C                                      
0000a3dc  xdc_runtime_Startup_maxPasses__C                                     
0000a3e0  xdc_runtime_Startup_sfxnRts__C                                       
0000a3e4  xdc_runtime_Startup_sfxnTab__C                                       
0000a3e8  xdc_runtime_System_Module__gateObj__C                                
0000a3ec  xdc_runtime_System_abortFxn__C                                       
0000a3f0  xdc_runtime_System_exitFxn__C                                        
0000a3f4  xdc_runtime_System_extendFxn__C                                      
0000a3f8  xdc_runtime_System_maxAtexitHandlers__C                              
0000a3fc  xdc_runtime_Text_charTab__C                                          
0000a400  xdc_runtime_Text_nameEmpty__C                                        
0000a404  xdc_runtime_Text_nameStatic__C                                       
0000a408  xdc_runtime_Text_nameUnknown__C                                      
0000a40c  xdc_runtime_Text_nodeTab__C                                          
0000a410  xdc_runtime_Text_visitRopeFxn__C                                     
0000a414  ti_sysbios_family_arm_v7r_vim_Hwi_Module__id__C                      
0000a416  ti_sysbios_gates_GateMutex_Module__id__C                             
0000a418  ti_sysbios_hal_Hwi_Module__id__C                                     
0000a41a  ti_sysbios_heaps_HeapMem_Module__id__C                               
0000a41c  ti_sysbios_knl_Semaphore_Module__id__C                               
0000a41e  ti_sysbios_knl_Task_Module__id__C                                    
0000a420  ti_sysbios_timers_rti_Timer_Module__id__C                            
0000a422  ti_sysbios_timers_rti_Timer_continueOnSuspend__C                     
0000a424  xdc_runtime_Core_Module__id__C                                       
0000a426  xdc_runtime_Error_Module__loggerDefined__C                           
0000a428  xdc_runtime_Error_maxDepth__C                                        
0000a42a  xdc_runtime_Main_Module__id__C                                       
0000a42c  xdc_runtime_Memory_Module__id__C                                     
0000a42e  xdc_runtime_Text_charCnt__C                                          
0000a430  xdc_runtime_Text_isLoaded__C                                         
0000a432  xdc_runtime_Text_registryModsLastId__C                               
0000a434  xdc_runtime_Text_unnamedModsLastId__C                                
0000a68c  __TI_Handler_Table_Base                                              
0000a698  __TI_Handler_Table_Limit                                             
0000a6a8  __TI_CINIT_Base                                                      
0000a6c0  __TI_CINIT_Limit                                                     
08000000  ti_sysbios_heaps_HeapMem_Instance_State_0_buf__A                     
08002000  ti_sysbios_family_arm_exc_Exception_Module_State_0_excStack_0__A     
08003000  ti_sysbios_knl_Task_Instance_State_0_stack__A                        
08003400  ti_sysbios_family_arm_v7r_vim_Hwi_Module_State_0_fiqStack__A         
08003800  __CIOBUF_                                                            
08003920  __TI_tmpnams                                                         
080039c0  gEsmMCB                                                              
08003a30  rxData                                                               
08003a40  txData                                                               
08003a50  i2cTransaction                                                       
08003a64  parmbuf                                                              
08003a6c  MCPI_logMessage                                                      
08005e6c  __stack                                                              
08006e6c  __STACK_END                                                          
08006e6c  ti_sysbios_family_arm_v7r_vim_Hwi_Module_State_0_dispatchTable__A    
0800706c  _ftable                                                              
0800715c  ti_sysbios_knl_Swi_Module_State_0_readyQ__A                          
080071dc  ti_sysbios_knl_Task_Module_State_0_readyQ__A                         
0800725c  _device                                                              
080072d4  _stream                                                              
08007324  ti_sysbios_knl_Task_Object__table__V                                 
08007370  ti_sysbios_knl_Task_Module__state__V                                 
080073b4  ti_sysbios_gates_GateMutex_Object__table__V                          
080073ec  ti_sysbios_timers_rti_Timer_Object__table__V                         
08007424  ti_sysbios_family_arm_v7r_vim_Hwi_Module__state__V                   
08007458  ti_sysbios_knl_Swi_Object__table__V                                  
08007488  ti_sysbios_family_arm_v7r_vim_Hwi_Object__table__V                   
080074b4  ti_sysbios_knl_Clock_Module__state__V                                
080074e0  ti_sysbios_BIOS_Module__state__V                                     
08007504  xdc_runtime_Error_IgnoreBlock                                        
08007524  xdc_runtime_System_Module_State_0_atexitHandlers__A                  
08007544  ti_sysbios_knl_Swi_Module__state__V                                  
08007560  I2C_config                                                           
08007578  gI2CMasterFxnTable                                                   
08007590  ti_sysbios_heaps_HeapMem_Object__table__V                            
080075a8  ti_sysbios_timers_rti_Timer_Module_State_0_device__A                 
080075c0  gMCPILogMessageSize                                                  
080075c4  testSelection                                                        
080075c8  gTransferDone                                                        
080075cc  gTransferErrors                                                      
080075d0  gTransferCount                                                       
080075d4  ti_sysbios_family_arm_exc_Exception_Module__state__V                 
080075e8  gSOCHwAttrib                                                         
080075f8  __TI_ft_end                                                          
080075fc  __aeabi_stdin                                                        
08007600  __aeabi_stdout                                                       
08007604  __aeabi_stderr                                                       
08007608  ti_sysbios_timers_rti_Timer_Module_State_0_intFreqs__A               
08007618  ti_sysbios_timers_rti_Timer_Module__state__V                         
08007628  MCPI_Result                                                          
0800762c  MCPI_FailSignature                                                   
08007634  __TI_cleanup_ptr                                                     
08007638  __TI_dtors_ptr                                                       
0800763c  __TI_enable_exit_profile_output                                      
08007640  gESMHwCfgAttrs                                                       
0800764c  ti_sysbios_family_arm_v7a_Pmu_Module__state__V                       
08007658  _lock                                                                
0800765c  _unlock                                                              
08007660  gI2CHwCfg                                                            
08007668  ti_sysbios_family_arm_v7r_vim_Hwi_Module__root__V                    
08007670  ti_sysbios_gates_GateHwi_Module__root__V                             
08007678  ti_sysbios_gates_GateMutex_Module__root__V                           
08007680  ti_sysbios_hal_Hwi_Object__table__V                                  
08007688  ti_sysbios_heaps_HeapMem_Module__root__V                             
08007690  ti_sysbios_knl_Queue_Module__root__V                                 
08007698  ti_sysbios_knl_Semaphore_Module__root__V                             
080076a0  ti_sysbios_knl_Task_Module__root__V                                  
080076a8  ti_sysbios_timers_rti_Timer_Module_State_0_handles__A                
080076b0  xdc_runtime_Registry_Module__state__V                                
080076b8  xdc_runtime_Startup_Module__state__V                                 
080076c0  xdc_runtime_System_Module__state__V                                  
080076cc  gPinmuxRegs                                                          
080076d0  errno                                                                
080076dc  main_func_sp                                                         
080076e0  ti_sysbios_family_arm_exc_Exception_Module_State_0_excContext__A     
080076e4  ti_sysbios_family_arm_exc_Exception_Module_State_0_excStackBuffers__A
080076e8  ti_sysbios_family_arm_exc_Exception_Module_State_0_excStack__A       
080076ec  ti_sysbios_gates_GateHwi_Object__table__V                            
080076f0  ti_sysbios_heaps_HeapBuf_Module__state__V                            
080076f4  ti_sysbios_knl_Task_Module_State_0_idleTask__A                       
080076f8  xdc_runtime_Memory_Module__state__V                                  
080076fc  ti_sysbios_family_arm_exc_Exception_Module_State_0_excActive__A      
080076fe  xdc_runtime_Error_Module__state__V                                   
fffffdec  ti_sysbios_family_arm_v7r_vim_Hwi_vim                                
ffffffff  __TI_pprof_out_hndl                                                  
ffffffff  __TI_prof_data_size                                                  
ffffffff  __TI_prof_data_start                                                 
ffffffff  __binit__                                                            
ffffffff  __c_args__                                                           
ffffffff  binit                                                                
UNDEFED   SHT$$INIT_ARRAY$$Base                                                
UNDEFED   SHT$$INIT_ARRAY$$Limit                                               

[673 symbols]
