******************************************************************************
               TMS320C6x Linker PC v7.4.2                      
******************************************************************************
>> Linked Mon May 16 23:49:55 2016

OUTPUT FILE NAME:   <log2sp_674LE_LE_COFF.out>
ENTRY POINT SYMBOL: "_c_int00"  address: 008268c0


MEMORY CONFIGURATION

         name            origin    length      used     unused   attr    fill
----------------------  --------  ---------  --------  --------  ----  --------
  L2SRAM                00800000   00080000  0003042a  0004fbd6  RW X
  MSMCSRAM              0c000000   00200000  00000000  00200000  RW X


SECTION ALLOCATION MAP

 output                                  attributes/
section   page    origin      length       input sections
--------  ----  ----------  ----------   ----------------
.pinit     0    00800000    00000000     UNINITIALIZED

.neardata 
*          0    00800000    00000000     UNINITIALIZED

.rodata    0    00800000    00000000     UNINITIALIZED

.bss       0    00800000    00000000     UNINITIALIZED

xdc.meta   0    00800000    00000000     COPY SECTION

.far       0    00800000    00012570     UNINITIALIZED
                  00800000    00011c80     drvsp.obj (.far)
                  00811c80    00000324     log2sp_d.obj (.far)
                  00811fa4    00000004     rts6740.lib : errno.obj (.far)
                  00811fa8    00000324                 : defs.obj (.far)
                  008122cc    00000004                 : fopen.obj (.far)
                  008122d0    0000011c                 : lowlev.obj (.far)
                  008123ec    00000004     --HOLE--
                  008123f0    000000a0     mathlib.a674 : tables.o674 (.far)
                  00812490    00000060     driver.obj (.far)
                  008124f0    00000030     rts6740.lib : log.obj (.far)
                  00812520    00000020                 : logf.obj (.far)
                  00812540    0000000c                 : exit.obj (.far)
                  0081254c    00000008                 : _lock.obj (.far)
                  00812554    00000008                 : memory.obj (.far)
                  0081255c    00000004     --HOLE--
                  00812560    00000008                 : rand.obj (.far)
                  00812568    00000008                 : trgdrv.obj (.far)

.stack     0    00812570    0000c000     UNINITIALIZED
                  00812570    00000008     rts6740.lib : boot.obj (.stack)
                  00812578    0000bff8     --HOLE--

.text      0    0081e580    00008bc0     
                  0081e580    000013a0     log2sp_d.obj (.text)
                  0081f920    00000660     driver.obj (.text)
                  0081ff80    000005a0     rts6740.lib : divd.obj (.text:__divd)
                  00820520    00000580                 : _printfi.obj (.text:__getarg_diouxp)
                  00820aa0    00000440                 : _printfi.obj (.text:__printfi)
                  00820ee0    00000440                 : _printfi.obj (.text:__setfield)
                  00821320    000003a0                 : fputs.obj (.text:_fputs)
                  008216c0    00000340     drvsp.obj (.text)
                  00821a00    00000320     rts6740.lib : _printfi.obj (.text:__pproc_fge)
                  00821d20    000002c0                 : _printfi.obj (.text:__pproc_fwp)
                  00821fe0    000002a0                 : _printfi.obj (.text:_ecvt)
                  00822280    000002a0                 : _printfi.obj (.text:_fcvt)
                  00822520    00000280                 : divf.obj (.text:__divf)
                  008227a0    00000280                 : memory.obj (.text:_free)
                  00822a20    00000260                 : imath64.obj (.text:__divull)
                  00822c80    00000260                 : _printfi.obj (.text:__pconv_e)
                  00822ee0    00000240                 : _printfi.obj (.text:__pproc_diouxp)
                  00823120    00000220                 : _printfi.obj (.text:__pproc_str)
                  00823340    00000220                 : fputc.obj (.text:_fputc)
                  00823560    00000200                 : _printfi.obj (.text:__pconv_g)
                  00823760    00000200                 : log.obj (.text:_log)
                  00823960    00000200                 : setvbuf.obj (.text:_setvbuf)
                  00823b60    000001c0                 : _printfi.obj (.text:__mcpy)
                  00823d20    000001c0                 : fopen.obj (.text:__openfile)
                  00823ee0    000001a0                 : imath40.obj (.text:__divul)
                  00824080    00000180                 : trgdrv.obj (.text:_HOSTrename)
                  00824200    00000180                 : memory.obj (.text:_malloc)
                  00824380    00000180                 : lowlev.obj (.text:_open)
                  00824500    00000140                 : _printfi.obj (.text:__pproc_fflags)
                  00824640    00000140                 : lowlev.obj (.text:_getdevice)
                  00824780    00000120                 : fclose.obj (.text:__closefile)
                  008248a0    00000120                 : _printfi.obj (.text:__ltostr)
                  008249c0    00000120                 : fopen.obj (.text:__search_fp)
                  00824ae0    00000120                 : frexp.obj (.text:_frexp)
                  00824c00    00000120                 : fseek.obj (.text:_fseek)
                  00824d20    00000100                 : trgdrv.obj (.text:_HOSTlseek)
                  00824e20    00000100                 : fixdlli.obj (.text:__fixdlli)
                  00824f20    00000100                 : _io_perm.obj (.text:__wrt_ok)
                  00825020    00000100                 : fprintf.obj (.text:_fprintf)
                  00825120    00000100                 : logf.obj (.text:_logf)
                  00825220    000000e0                 : trgdrv.obj (.text:_HOSTopen)
                  00825300    000000e0                 : fltllif.obj (.text:__fltllif)
                  008253e0    000000e0                 : atoi.obj (.text:_atoi)
                  008254c0    000000e0                 : lowlev.obj (.text:_close)
                  008255a0    000000e0                 : frexpf.obj (.text:_frexpf)
                  00825680    000000e0                 : memset.obj (.text:_memset)
                  00825760    000000e0                 : printf.obj (.text:_printf)
                  00825840    000000c0                 : trgdrv.obj (.text:_HOSTread)
                  00825900    000000c0                 : trgdrv.obj (.text:_HOSTunlink)
                  008259c0    000000c0                 : trgdrv.obj (.text:_HOSTwrite)
                  00825a80    000000c0                 : autoinit.obj (.text:__auto_init)
                  00825b40    000000c0                 : _printfi.obj (.text:__div)
                  00825c00    000000c0                 : divu.obj (.text:__divu)
                  00825cc0    000000c0                 : fflush.obj (.text:__doflush)
                  00825d80    000000c0                 : exit.obj (.text:_exit)
                  00825e40    000000c0                 : ltoa.obj (.text:_ltoa)
                  00825f00    000000a0                 : trgdrv.obj (.text:_HOSTclose)
                  00825fa0    000000a0                 : fopen.obj (.text:__cleanup)
                  00826040    000000a0                 : imath40.obj (.text:__divli)
                  008260e0    000000a0                 : _printfi.obj (.text:__ecpy)
                  00826180    000000a0                 : _printfi.obj (.text:__fcpy)
                  00826220    000000a0                 : fixdli.obj (.text:__fixdli)
                  008262c0    000000a0                 : _printfi.obj (.text:__pconv_f)
                  00826360    000000a0                 : cpy_tbl.obj (.text:_copy_in)
                  00826400    000000a0                 : lowlev.obj (.text:_finddevice)
                  008264a0    000000a0                 : lowlev.obj (.text:_lseek)
                  00826540    000000a0                 : memcpy64.obj (.text:_memcpy)
                  008265e0    000000a0                 : memory.obj (.text:_minsert)
                  00826680    000000a0                 : memory.obj (.text:_mremove)
                  00826720    000000a0                 : lowlev.obj (.text:_write)
                  008267c0    00000080                 : fltlid.obj (.text:__fltlid)
                  00826840    00000080                 : llshift.obj (.text:__llshl)
                  008268c0    00000080                 : boot.obj (.text:_c_int00)
                  00826940    00000080                 : rand.obj (.text:_rand)
                  008269c0    00000080                 : trgmsg.obj (.text:_readmsg)
                  00826a40    00000080                 : lowlev.obj (.text:_unlink)
                  00826ac0    00000060                 : cpp_init.obj (.text:___TI_cpp_init)
                  00826b20    00000060                 : imath64.obj (.text:__subcull)
                  00826b80    00000060                 : fclose.obj (.text:_fclose)
                  00826be0    00000060                 : fopen.obj (.text:_fopen)
                  00826c40    00000060                 : log2f.obj (.text:_log2f)
                  00826ca0    00000060                 : memccpy.obj (.text:_memccpy)
                  00826d00    00000060                 : rand.obj (.text:_srand)
                  00826d60    00000060                 : lowlev.obj (.text:_tabinit)
                  00826dc0    00000060                 : trgmsg.obj (.text:_writemsg)
                  00826e20    00000040                 : isinf.obj (.text:___isinf)
                  00826e60    00000040                 : _printfi.obj (.text:___isnan)
                  00826ea0    00000040                 : args_main.obj (.text:__args_main)
                  00826ee0    00000040                 : frcmpyd_div.obj (.text:__frcmpyd_div)
                  00826f20    00000040                 : llshift.obj (.text:__llshru)
                  00826f60    00000040                 : imath40.obj (.text:__remli)
                  00826fa0    00000040                 : log2.obj (.text:_log2)
                  00826fe0    00000020                 : isinff.obj (.text:___isinff)
                  00827000    00000020                 : negll.obj (.text:__negll)
                  00827020    00000020                 : _lock.obj (.text:__nop)
                  00827040    00000020                 : fprintf.obj (.text:__outc)
                  00827060    00000020                 : printf.obj (.text:__outc)
                  00827080    00000020                 : fprintf.obj (.text:__outs)
                  008270a0    00000020                 : printf.obj (.text:__outs)
                  008270c0    00000020                 : exit.obj (.text:_abort)
                  008270e0    00000020                 : remove.obj (.text:_remove)
                  00827100    00000010     mathlib.a674 : log2sp_v.o674 ($Tramp$S$$_log2sp_v)
                  00827110    00000010                  : log2sp_c.o674 ($Tramp$S$$_log2sp_c)
                  00827120    00000010                  : log2sp.o674 ($Tramp$S$$_log2sp)
                  00827130    00000010     --HOLE-- [fill = 0]

.sysmem    0    00827140    00008000     UNINITIALIZED
                  00827140    00000008     rts6740.lib : memory.obj (.sysmem)
                  00827148    00007ff8     --HOLE--

.cinit     0    0082f140    000005fc     
                  0082f140    0000032c     log2sp_d.obj (.cinit)
                  0082f46c    00000004     --HOLE-- [fill = 0]
                  0082f470    000000c0     mathlib.a674 : tables.o674 (.cinit)
                  0082f530    0000005c     rts6740.lib : defs.obj (.cinit)
                  0082f58c    00000004     --HOLE-- [fill = 0]
                  0082f590    0000005c                 : lowlev.obj (.cinit)
                  0082f5ec    00000004     --HOLE-- [fill = 0]
                  0082f5f0    00000040                 : log.obj (.cinit)
                  0082f630    00000030     drvsp.obj (.cinit)
                  0082f660    0000002c     rts6740.lib : exit.obj (.cinit)
                  0082f68c    00000004     --HOLE-- [fill = 0]
                  0082f690    0000002c                 : memory.obj (.cinit)
                  0082f6bc    00000004     --HOLE-- [fill = 0]
                  0082f6c0    00000028                 : logf.obj (.cinit)
                  0082f6e8    0000001c                 : _lock.obj (.cinit)
                  0082f704    00000004     --HOLE-- [fill = 0]
                  0082f708    00000010                 : rand.obj (.cinit)
                  0082f718    0000000c                 : errno.obj (.cinit)
                  0082f724    00000004     --HOLE-- [fill = 0]
                  0082f728    0000000c                 : fopen.obj (.cinit)
                  0082f734    00000004     --HOLE-- [fill = 0]
                  0082f738    00000004     (.pad.cinit) [fill = 0]

.const     0    0082f740    00000386     
                  0082f740    00000203     driver.obj (.const:.string)
                  0082f943    00000002     rts6740.lib : fputs.obj (.const:.string)
                  0082f945    00000003     --HOLE-- [fill = 0]
                  0082f948    00000101                 : ctype.obj (.const:.string:__ctypes_)
                  0082fa49    0000005a     log2sp_d.obj (.const:.string)
                  0082faa3    00000023     rts6740.lib : _printfi.obj (.const:.string)

.cio       0    0082fac8    00000120     UNINITIALIZED
                  0082fac8    00000120     rts6740.lib : trgmsg.obj (.cio)

.data      0    0082fbe8    00000038     
                  0082fbe8    00000038     mathlib.a674 : log2sp.o674 (.data)

.kernel_vec 
*          0    0082fc20    00000560     
                  0082fc20    00000560     mathlib.a674 : log2sp_v.o674 (.text:optvec)

.kernel_asm 
*          0    00830180    00000180     
                  00830180    00000180     mathlib.a674 : log2sp.o674 (.text:optasm)

.kernel_ci 
*          0    00830300    00000140     
                  00830300    00000140     mathlib.a674 : log2sp_c.o674 (.text:optci)


FAR CALL TRAMPOLINES

callee name               trampoline name
   callee addr  tramp addr   call addr  call info
--------------  -----------  ---------  ----------------
$.text:optvec:mathlib.a674<log2sp_v.o674>$0x0  $Tramp$S$$_log2sp_v
   0082fc20     00827100     0081e8b0   log2sp_d.obj (.text)
                             0081ec90   log2sp_d.obj (.text)
                             0081f01c   log2sp_d.obj (.text)
                             0081f70c   log2sp_d.obj (.text)
$.text:optci:mathlib.a674<log2sp_c.o674>$0x0  $Tramp$S$$_log2sp_c
   00830300     00827110     0081e648   log2sp_d.obj (.text)
                             0081e68c   log2sp_d.obj (.text)
                             0081eb2c   log2sp_d.obj (.text)
                             0081eeb4   log2sp_d.obj (.text)
                             0081f61c   log2sp_d.obj (.text)
$.text:optasm:mathlib.a674<log2sp.o674>$0x0  $Tramp$S$$_log2sp
   00830180     00827120     0081e604   log2sp_d.obj (.text)
                             0081e62c   log2sp_d.obj (.text)
                             0081eab4   log2sp_d.obj (.text)
                             0081eaf8   log2sp_d.obj (.text)
                             0081ee94   log2sp_d.obj (.text)
                             0081f51c   log2sp_d.obj (.text)

[3 trampolines]
[15 trampoline calls]


GLOBAL SYMBOLS: SORTED ALPHABETICALLY BY Name 

address    name
--------   ----
00800000   $bss
00800000   .bss
ffffffff   .data
ffffffff   .text
008270c0   C$$EXIT
00826e18   C$$IO$$
00825f00   _HOSTclose
00824d20   _HOSTlseek
00825220   _HOSTopen
00825840   _HOSTread
00824080   _HOSTrename
00825900   _HOSTunlink
008259c0   _HOSTwrite
0082fac8   __CIOBUF_
0081e570   __STACK_END
0000c000   __STACK_SIZE
00008000   __SYSMEM_SIZE
00000001   __TI_args_main
00826ac0   ___TI_cpp_init
00812548   ___TI_enable_exit_profile_output
ffffffff   ___TI_pprof_out_hndl
ffffffff   ___TI_prof_data_size
ffffffff   ___TI_prof_data_start
ffffffff   ___binit__
00800000   ___bss__
ffffffff   ___c_args__
0082f140   ___cinit__
ffffffff   ___data__
ffffffff   ___edata__
00800000   ___end__
ffffffff   ___etext__
00826e20   ___isinf
00826fe0   ___isinff
ffffffff   ___pinit__
ffffffff   ___text__
00826ea0   __args_main
00825a80   __auto_init
00825c00   __c6xabi_divu
00825fa0   __cleanup
00812540   __cleanup_ptr
00824780   __closefile
0082f948   __ctypes_
0081ff80   __divd
00822520   __divf
00826040   __divli
00825c00   __divu
00823ee0   __divul
00822a20   __divull
00825cc0   __doflush
00812544   __dtors_ptr
00826220   __fixdli
00824e20   __fixdlli
008267c0   __fltlid
00825300   __fltllif
00826ee0   __frcmpyd_div
008122c8   __ft_end
00811fa8   __ftable
00826840   __llshl
00826f20   __llshru
0081254c   __lock
00827000   __negll
00827020   __nop
00820aa0   __printfi
00826f60   __remli
00812570   __stack
00826b20   __subcull
00827140   __sys_memory
00812188   __tmpnams
00812550   __unlock
00824f20   __wrt_ok
00811c80   _a
00800000   _a_ext
00803e80   _a_sc
008270c0   _abort
008124ec   _all_pass
00000200   _argsize
008253e0   _atoi
00801f40   _b_ext
00804010   _b_sc
008268c0   _c_int00
008254c0   _close
00826360   _copy_in
008124b0   _cycle_counts
0081fecc   _driver_init
00811fa4   _errno
00825d80   _exit
00826b80   _fclose
008124d8   _fcn_pass
00826be0   _fopen
00812494   _fp
00825020   _fprintf
00823340   _fputc
00821320   _fputs
008227a0   _free
00824ae0   _frexp
008255a0   _frexpf
00824c00   _fseek
008219b4   _gimme_random
00811c78   _input
0080ddf8   _input_data
008216e4   _isequal
00000180   _kernel_asm_size
00000140   _kernel_ci_size
00000560   _kernel_vec_size
00823760   _log
00826fa0   _log2
00826c40   _log2f
00830180   _log2sp
00830300   _log2sp_c
0082fc20   _log2sp_v
00825120   _logf
008264a0   _lseek
00825e40   _ltoa
0081e580   _main
00824200   _malloc
00826ca0   _memccpy
00826540   _memcpy
00825680   _memset
00824380   _open
0080dde0   _output
008041a0   _output_data
0081fdec   _print_memory_results
0081fccc   _print_profile_results
0081f920   _print_test_results
00825760   _printf
00823340   _putc
00826940   _rand
008269c0   _readmsg
008270e0   _remove
00812490   _seed
00823960   _setvbuf
00826d00   _srand
008124a8   _t_offset
00812498   _t_start
008124a0   _t_stop
00812450   _ti_math_jTable
00812430   _ti_math_kTable
008123f0   _ti_math_logtable
00812470   _ti_math_vTable
00826a40   _unlink
00826720   _write
00826dc0   _writemsg
ffffffff   binit
0082f140   cinit
00000386   const_size
0082f740   const_start
ffffffff   edata
00800000   end
ffffffff   etext
ffffffff   pinit


GLOBAL SYMBOLS: SORTED BY Symbol Address 

address    name
--------   ----
00000001   __TI_args_main
00000140   _kernel_ci_size
00000180   _kernel_asm_size
00000200   _argsize
00000386   const_size
00000560   _kernel_vec_size
00008000   __SYSMEM_SIZE
0000c000   __STACK_SIZE
00800000   $bss
00800000   .bss
00800000   ___bss__
00800000   ___end__
00800000   _a_ext
00800000   end
00801f40   _b_ext
00803e80   _a_sc
00804010   _b_sc
008041a0   _output_data
0080dde0   _output
0080ddf8   _input_data
00811c78   _input
00811c80   _a
00811fa4   _errno
00811fa8   __ftable
00812188   __tmpnams
008122c8   __ft_end
008123f0   _ti_math_logtable
00812430   _ti_math_kTable
00812450   _ti_math_jTable
00812470   _ti_math_vTable
00812490   _seed
00812494   _fp
00812498   _t_start
008124a0   _t_stop
008124a8   _t_offset
008124b0   _cycle_counts
008124d8   _fcn_pass
008124ec   _all_pass
00812540   __cleanup_ptr
00812544   __dtors_ptr
00812548   ___TI_enable_exit_profile_output
0081254c   __lock
00812550   __unlock
00812570   __stack
0081e570   __STACK_END
0081e580   _main
0081f920   _print_test_results
0081fccc   _print_profile_results
0081fdec   _print_memory_results
0081fecc   _driver_init
0081ff80   __divd
00820aa0   __printfi
00821320   _fputs
008216e4   _isequal
008219b4   _gimme_random
00822520   __divf
008227a0   _free
00822a20   __divull
00823340   _fputc
00823340   _putc
00823760   _log
00823960   _setvbuf
00823ee0   __divul
00824080   _HOSTrename
00824200   _malloc
00824380   _open
00824780   __closefile
00824ae0   _frexp
00824c00   _fseek
00824d20   _HOSTlseek
00824e20   __fixdlli
00824f20   __wrt_ok
00825020   _fprintf
00825120   _logf
00825220   _HOSTopen
00825300   __fltllif
008253e0   _atoi
008254c0   _close
008255a0   _frexpf
00825680   _memset
00825760   _printf
00825840   _HOSTread
00825900   _HOSTunlink
008259c0   _HOSTwrite
00825a80   __auto_init
00825c00   __c6xabi_divu
00825c00   __divu
00825cc0   __doflush
00825d80   _exit
00825e40   _ltoa
00825f00   _HOSTclose
00825fa0   __cleanup
00826040   __divli
00826220   __fixdli
00826360   _copy_in
008264a0   _lseek
00826540   _memcpy
00826720   _write
008267c0   __fltlid
00826840   __llshl
008268c0   _c_int00
00826940   _rand
008269c0   _readmsg
00826a40   _unlink
00826ac0   ___TI_cpp_init
00826b20   __subcull
00826b80   _fclose
00826be0   _fopen
00826c40   _log2f
00826ca0   _memccpy
00826d00   _srand
00826dc0   _writemsg
00826e18   C$$IO$$
00826e20   ___isinf
00826ea0   __args_main
00826ee0   __frcmpyd_div
00826f20   __llshru
00826f60   __remli
00826fa0   _log2
00826fe0   ___isinff
00827000   __negll
00827020   __nop
008270c0   C$$EXIT
008270c0   _abort
008270e0   _remove
00827140   __sys_memory
0082f140   ___cinit__
0082f140   cinit
0082f740   const_start
0082f948   __ctypes_
0082fac8   __CIOBUF_
0082fc20   _log2sp_v
00830180   _log2sp
00830300   _log2sp_c
ffffffff   .data
ffffffff   .text
ffffffff   ___TI_pprof_out_hndl
ffffffff   ___TI_prof_data_size
ffffffff   ___TI_prof_data_start
ffffffff   ___binit__
ffffffff   ___c_args__
ffffffff   ___data__
ffffffff   ___edata__
ffffffff   ___etext__
ffffffff   ___pinit__
ffffffff   ___text__
ffffffff   binit
ffffffff   edata
ffffffff   etext
ffffffff   pinit

[150 symbols]
