******************************************************************************
                  TI ARM Linker Unix v16.9.6                   
******************************************************************************
>> Linked Wed Mar  7 22:46:19 2018

OUTPUT FILE NAME:   <xwr14xx/xwr14xx_hwa_edma_mss.xer4f>
ENTRY POINT SYMBOL: "_c_int00"  address: 0000d0d0


MEMORY CONFIGURATION

         name            origin    length      used     unused   attr    fill
----------------------  --------  ---------  --------  --------  ----  --------
PAGE 0:
  VECTORS               00000000   00000100  0000003c  000000c4     X
  PROG_RAM              00000100   0001ff00  0001276e  0000d792  R  X
  DATA_RAM              08000000   00010000  0000a2bc  00005d44  RW  
  L3_RAM                51020000   00040000  00040000  00000000  RW  
  HWA_RAM               52030000   00010000  00010000  00000000  RW  

PAGE 1:
  L3_RAM                51020000   00040000  00000000  00040000  RW  


SEGMENT ALLOCATION MAP

run origin  load origin   length   init length attrs members
----------  ----------- ---------- ----------- ----- -------
00000000    00000000    0000003c   0000003c    r--
  00000000    00000000    0000003c   0000003c    r-- .vecs
00000100    00000100    000100e2   000100e2    r-x
  00000100    00000100    000100e2   000100e2    r-x .text
000101f0    000101f0    00002690   00002690    r--
  000101f0    000101f0    000023ac   000023ac    r-- .const
  000125a0    000125a0    000002e0   000002e0    r-- .cinit
08000000    08000000    0000a2bc   00000000    rw-
  08000000    08000000    00005cb8   00000000    rw- .bss
  08005cb8    08005cb8    00002400   00000000    rw- .MCPILogBuffer
  080080b8    080080b8    00001204   00000000    rw- .data
  080092bc    080092bc    00001000   00000000    rw- .stack
51020000    51020000    00040000   00000000    rw-
  51020000    51020000    00040000   00000000    rw- .l3ram
52030000    52030000    00010000   00000000    rw-
  52030000    52030000    00010000   00000000    rw- .hwaBufs


SECTION ALLOCATION MAP

 output                                  attributes/
section   page    origin      length       input sections
--------  ----  ----------  ----------   ----------------
.vecs      0    00000000    0000003c     
                  00000000    0000003c     mss_per4ft.oer4ft (.vecs)

xdc.meta   0    00000000    00000109     COPY SECTION
                  00000000    00000109     mss_per4ft.oer4ft (xdc.meta)

.text      0    00000100    000100e2     
                  00000100    0000107a     rtsv7R4_T_le_v3D16_eabi.lib : _printfi.obj (.text)
                  0000117a    00000002     libhwa_xwr14xx.aer4f : hwa.oer4f (.text:HWA_init)
                  0000117c    00000684     rtsv7R4_T_le_v3D16_eabi.lib : e_pow.obj (.text)
                  00001800    00000648     main.oer4f (.text:Test_task)
                  00001e48    000005fc     rtsv7R4_T_le_v3D16_eabi.lib : k_rem_pio2.obj (.text)
                  00002444    0000058e     libhwa_xwr14xx.aer4f : hwa.oer4f (.text:HWA_configParamSet)
                  000029d2    00000002     rtsv7R4_T_le_v3D16_eabi.lib : i_div0.obj (.text)
                  000029d4    000004bc     config_hwa_util.oer4f (.text:HWAutil_configDopplerFFT)
                  00002e90    00000438     data_path.oer4f (.text:MmwDemo_config2D_EDMA)
                  000032c8    000003f4     rtsv7R4_T_le_v3D16_eabi.lib : s_cos.obj (.text)
                  000036bc    000003f4                                 : s_sin.obj (.text)
                  00003ab0    000003ec     data_path.oer4f (.text:MmwDemo_processAngle)
                  00003e9c    0000034c     ti.targets.arm.rtsarm.aer4ft : System.oer4ft (.text:xdc_runtime_System_doPrint__I)
                  000041e8    000002ec     rtsv7R4_T_le_v3D16_eabi.lib : ll_div32.obj (.text)
                  000044d4    0000000c     libedma_xwr14xx.aer4f : edma_low_level.oer4f (.text:EDMA3ChannelToParamMap)
                  000044e0    000002e8     sysbios.aer4ft : BIOS.obj (.text:ti_sysbios_knl_Semaphore_pend__E)
                  000047c8    000002c0     gen_frame_data.oer4f (.text:genChirpData)
                  00004a88    000002b8     rtsv7R4_T_le_v3D16_eabi.lib : ull_div32.obj (.text)
                  00004d40    000002a4                                 : e_asin.obj (.text)
                  00004fe4    00000294     main.oer4f (.text:Test_CompareToRef)
                  00005278    00000008     libosal_xwr14xx.aer4f : HwiP_tirtos.oer4f (.text:HwiP_disable)
                  00005280    00000280     sysbios.aer4ft : BIOS.obj (.text:ti_sysbios_family_arm_exc_Exception_excDumpContext__I)
                  00005500    00000270     data_path.oer4f (.text:MmwDemo_dataPathConfigCommon)
                  00005770    00000264     rtsv7R4_T_le_v3D16_eabi.lib : e_log.obj (.text)
                  000059d4    0000000c     libedma_xwr14xx.aer4f : edma_low_level.oer4f (.text:EDMAsetRegion)
                  000059e0    00000250     sysbios.aer4ft : BIOS.obj (.text:ti_sysbios_heaps_HeapMem_freeUnprotected__E)
                  00005c30    0000022c     config_hwa_util.oer4f (.text:HWAutil_configAngleEstAzimuthElevation)
                  00005e5c    00000004     libedma_xwr14xx.aer4f : edma.oer4f (.text:EDMA_getNumInstances)
                  00005e60    00000220     sysbios.aer4ft : BIOS.obj (.text:ti_sysbios_knl_Task_Instance_finalize__E)
                  00006080    0000021c     config_hwa_util.oer4f (.text:HWAutil_configRangeFFT)
                  0000629c    0000021c     libsoc_xwr14xx.aer4f : soc_xwr14xx.oer4f (.text:SOC_deviceInit)
                  000064b8    0000021a     post_processing.oer4f (.text:MmwDemo_peakGrouping)
                  000066d2    00000002     rtsv7R4_T_le_v3D16_eabi.lib : l_div0.obj (.text)
                  000066d4    00000218     post_processing.oer4f (.text:MmwDemo_XYZestimation)
                  000068ec    00000004     libosal_xwr14xx.aer4f : HwiP_tirtos.oer4f (.text:HwiP_disableInterrupt)
                  000068f0    0000020c     sysbios.aer4ft : BIOS.obj (.text:ti_sysbios_heaps_HeapMem_allocUnprotected__E)
                  00006afc    000001f2     libhwa_xwr14xx.aer4f : hwa.oer4f (.text:HWA_configCommon)
                  00006cee    00000002     mss_per4ft.oer4ft (.text:ti_sysbios_BIOS_nullFunc__I)
                  00006cf0    000001e4     sysbios.aer4ft : BIOS.obj (.text:ti_sysbios_knl_Task_sleep__E)
                  00006ed4    000001c8     rtsv7R4_T_le_v3D16_eabi.lib : fopen.obj (.text)
                  0000709c    00000004     libosal_xwr14xx.aer4f : HwiP_tirtos.oer4f (.text:HwiP_enableInterrupt)
                  000070a0    000001c8     sysbios.aer4ft : BIOS.obj (.text:ti_sysbios_knl_Task_Module_startup__E)
                  00007268    00000008     data_path.oer4f (.text:MmwDemo_dataPathHwaDoneIsrCallback)
                  00007270    000001bc     sysbios.aer4ft : BIOS.obj (.text:ti_sysbios_knl_Task_Instance_init__E)
                  0000742c    000001b4     rtsv7R4_T_le_v3D16_eabi.lib : e_atan2.obj (.text)
                  000075e0    000001a8                                 : s_atan.obj (.text)
                  00007788    0000019c     gen_frame_data.oer4f (.text:initFrameData)
                  00007924    0000018e     post_processing.oer4f (.text:angleEstimationAzimElev)
                  00007ab2    00000002     mss_per4ft.oer4ft (.text:xdc_runtime_Startup_reset__I)
                  00007ab4    00000188     libhwa_xwr14xx.aer4f : hwa.oer4f (.text:HWA_open)
                  00007c3c    00000170     libedma_xwr14xx.aer4f : edma.oer4f (.text:EDMA_open)
                  00007dac    00000004     data_path.oer4f (.text:MmwDemo_hwaInit)
                  00007db0    00000170     sysbios.aer4ft : BIOS.obj (.text:ti_sysbios_family_arm_exc_Exception_excHandler__I)
                  00007f20    0000015c     data_path.oer4f (.text:MmwDemo_rxChanPhaseBiasCompensation)
                  0000807c    00000004     mss_per4ft.oer4ft (.text:ti_sysbios_BIOS_RtsGateProxy_enter__E)
                  00008080    0000015c     sysbios.aer4ft : BIOS.obj (.text:ti_sysbios_family_arm_v7r_vim_Hwi_reconfig__E)
                  000081dc    00000158     main.oer4f (.text:Test_printResults)
                  00008334    00000154     libedma_xwr14xx.aer4f : edma.oer4f (.text:EDMA_error_isr)
                  00008488    0000014c     data_path.oer4f (.text:MmwDemo_config1D_EDMA)
                  000085d4    00000140     config_hwa_util.oer4f (.text:HWAutil_configCFAR)
                  00008714    0000000c     sysbios.aer4ft : arm_IntrinsicsSupport_asm.obj (.text:_ti_sysbios_family_arm_IntrinsicsSupport_maxbitA)
                  00008720    00000140                    : BIOS.obj (.text:ti_sysbios_heaps_HeapMem_Instance_init__E)
                  00008860    00000140                    : BIOS.obj (.text:ti_sysbios_timers_rti_Timer_Module_startup__E)
                  000089a0    0000013c     libedma_xwr14xx.aer4f : edma.oer4f (.text:EDMA_configChannel)
                  00008adc    00000138     rtsv7R4_T_le_v3D16_eabi.lib : fputs.obj (.text)
                  00008c14    00000131     config_edma_util.oer4f (.text:EDMAutil_configHwaTranspose)
                  00008d45    00000003     --HOLE-- [fill = 0]
                  00008d48    0000012f     config_hwa_util.oer4f (.text:HWAutil_configDopplerFFTSingleRangeBin)
                  00008e77    00000001     --HOLE-- [fill = 0]
                  00008e78    0000012c     ti.targets.arm.rtsarm.aer4ft : Error.oer4ft (.text:xdc_runtime_Error_policyDefault__E)
                  00008fa4    00000128     data_path.oer4f (.text:MmwDemo_configAngleEstimation_HWA)
                  000090cc    00000004     mss_per4ft.oer4ft (.text:ti_sysbios_BIOS_RtsGateProxy_leave__E)
                  000090d0    00000128     sysbios.aer4ft : BIOS.obj (.text:ti_sysbios_family_arm_v7r_vim_Hwi_dispatchIRQC__I)
                  000091f8    00000124     libedma_xwr14xx.aer4f : edma.oer4f (.text:EDMA_init)
                  0000931c    00000122     data_path.oer4f (.text:MmwDemo_dataPathCfgBuffers)
                  0000943e    00000002     --HOLE-- [fill = 0]
                  00009440    00000120     libtestlogger_xwr14xx.aer4f : logger.oer4f (.text:MCPI_setFeatureTestResult)
                  00009560    0000011a     config_edma_util.oer4f (.text:EDMAutil_configHwaContiguous)
                  0000967a    00000002     --HOLE-- [fill = 0]
                  0000967c    00000114     data_path.oer4f (.text:MmwDemo_config1D_HWA)
                  00009790    00000114     data_path.oer4f (.text:MmwDemo_config2D_HWA)
                  000098a4    00000110     libedma_xwr14xx.aer4f : edma.oer4f (.text:EDMA_transferComplete_isr)
                  000099b4    0000010c     data_path.oer4f (.text:MmwDemo_configCFAR_EDMA)
                  00009ac0    00000100     config_hwa_util.oer4f (.text:HWAutil_configAngleEstAzimuth)
                  00009bc0    000000f8     post_processing.oer4f (.text:MmwDemo_dopplerCompensation)
                  00009cb8    000000f8     ti.targets.arm.rtsarm.aer4ft : Startup.oer4ft (.text:xdc_runtime_Startup_startMods__I)
                  00009db0    000000f8     mss_per4ft.oer4ft (.text:xdc_runtime_System_printfExtend__I)
                  00009ea8    000000f6     data_path.oer4f (.text:MmwDemo_edmaInit)
                  00009f9e    00000002     --HOLE-- [fill = 0]
                  00009fa0    000000f4     data_path.oer4f (.text:MmwDemo_configCFAR_HWA)
                  0000a094    000000f1     config_edma_util.oer4f (.text:EDMAutil_configHwaOneHotSignature)
                  0000a185    00000003     --HOLE-- [fill = 0]
                  0000a188    000000f0     rtsv7R4_T_le_v3D16_eabi.lib : fread.obj (.text)
                  0000a278    000000ec                                 : s_scalbn.obj (.text)
                  0000a364    0000000c                                 : copy_zero_init.obj (.text:decompress:ZI)
                  0000a370    000000ec     sysbios.aer4ft : BIOS.obj (.text:ti_sysbios_heaps_HeapBuf_Module_startup__E)
                  0000a45c    000000e8     ti.targets.arm.rtsarm.aer4ft : Core-mem.oer4ft (.text:xdc_runtime_Core_createObject__I)
                  0000a544    000000e4     main.oer4f (.text:Test_setProfile)
                  0000a628    00000006     libedma_xwr14xx.aer4f : edma_low_level.oer4f (.text:EDMA3ClrCCErr)
                  0000a62e    00000002     --HOLE-- [fill = 0]
                  0000a630    000000e4     sysbios.aer4ft : BIOS.obj (.text:ti_sysbios_family_arm_v7r_vim_Hwi_Instance_init__E)
                  0000a714    0000000c     mss_per4ft.oer4ft (.text:ti_sysbios_knl_Queue_Object__get__S)
                  0000a720    000000e4     sysbios.aer4ft : BIOS.obj (.text:ti_sysbios_knl_Semaphore_post__E)
                  0000a804    000000e2     libedma_xwr14xx.aer4f : edma.oer4f (.text:EDMA_paramConfig_assist)
                  0000a8e6    00000002     --HOLE-- [fill = 0]
                  0000a8e8    000000e0     rtsv7R4_T_le_v3D16_eabi.lib : s_floor.obj (.text)
                  0000a9c8    000000dc                                 : setvbuf.obj (.text)
                  0000aaa4    000000d8     libedma_xwr14xx.aer4f : edma.oer4f (.text:EDMA_configErrorMonitoring)
                  0000ab7c    000000d0     sysbios.aer4ft : exc_Exception_asm.obj (.text:ti_sysbios_family_arm_exc_Exception_excHandlerAsm__I)
                  0000ac4c    000000d0     ti.targets.arm.rtsarm.aer4ft : Core-smem.oer4ft (.text:xdc_runtime_Core_constructObject__I)
                  0000ad1c    000000cc     libedma_xwr14xx.aer4f : edma.oer4f (.text:EDMA_transferController_error_isr)
                  0000ade8    000000cc     rtsv7R4_T_le_v3D16_eabi.lib : fflush.obj (.text)
                  0000aeb4    0000000c     ti.targets.arm.rtsarm.aer4ft : Gate.oer4ft (.text:xdc_runtime_Gate_enterSystem__E)
                  0000aec0    000000c4     sysbios.aer4ft : BIOS.obj (.text:ti_sysbios_knl_Task_postInit__I)
                  0000af84    0000000c     ti.targets.arm.rtsarm.aer4ft : Memory.oer4ft (.text:xdc_runtime_Memory_calloc__E)
                  0000af90    000000c4     sysbios.aer4ft : BIOS.obj (.text:ti_sysbios_timers_rti_Timer_getFreq__E)
                  0000b054    000000c1     config_edma_util.oer4f (.text:EDMA_setup_shadow_link)
                  0000b115    00000003     --HOLE-- [fill = 0]
                  0000b118    000000c0     post_processing.oer4f (.text:MmwDemo_azimHeapMapDopplerCompensation)
                  0000b1d8    00000006     libedma_xwr14xx.aer4f : edma_low_level.oer4f (.text:EDMA3ErrIntrHighStatusGet)
                  0000b1de    00000002     --HOLE-- [fill = 0]
                  0000b1e0    000000c0     sysbios.aer4ft : BIOS.obj (.text:ti_sysbios_family_arm_v7r_vim_Hwi_Module_startup__E)
                  0000b2a0    000000c0                    : BIOS.obj (.text:ti_sysbios_timers_rti_Timer_startup__E)
                  0000b360    000000be     libhwa_xwr14xx.aer4f : hwa.oer4f (.text:HWA_enableParamSetInterrupt)
                  0000b41e    00000002     --HOLE-- [fill = 0]
                  0000b420    000000be     data_path.oer4f (.text:MmwDemo_configDetectedObj2DFFT_HWA)
                  0000b4de    00000002     --HOLE-- [fill = 0]
                  0000b4e0    000000bc     rtsv7R4_T_le_v3D16_eabi.lib : open.obj (.text)
                  0000b59c    000000b8     gen_frame_data.oer4f (.text:GaussianNoise)
                  0000b654    000000b8     rtsv7R4_T_le_v3D16_eabi.lib : k_cos.obj (.text)
                  0000b70c    000000b6     libsoc_xwr14xx.aer4f : soc_mpu.o (.text)
                  0000b7c2    00000002     --HOLE-- [fill = 0]
                  0000b7c4    000000b4     libedma_xwr14xx.aer4f : edma.oer4f (.text:EDMA_startTransfer)
                  0000b878    00000006                           : edma_low_level.oer4f (.text:EDMA3GetCCErrStatus)
                  0000b87e    00000002     --HOLE-- [fill = 0]
                  0000b880    000000b4     sysbios.aer4ft : BIOS.obj (.text:ti_sysbios_gates_GateMutex_enter__E)
                  0000b934    0000000c     ti.targets.arm.rtsarm.aer4ft : Memory.oer4ft (.text:xdc_runtime_Memory_getMaxDefaultTypeAlign__E)
                  0000b940    000000b4     sysbios.aer4ft : BIOS.obj (.text:ti_sysbios_knl_Task_checkStacks__E)
                  0000b9f4    0000000c     ti.targets.arm.rtsarm.aer4ft : Startup.oer4ft (.text:xdc_runtime_Startup_rtsDone__E)
                  0000ba00    000000b0     sysbios.aer4ft : BIOS.obj (.text:ti_sysbios_knl_Swi_restoreHwi__E)
                  0000bab0    000000ae     rtsv7R4_T_le_v3D16_eabi.lib : _io_perm.obj (.text)
                  0000bb5e    00000002     --HOLE-- [fill = 0]
                  0000bb60    000000ac     libesm_xwr14xx.aer4f : esm.oer4f (.text:ESM_processInterrupt)
                  0000bc0c    00000004     mss_per4ft.oer4ft (.text:ti_sysbios_family_arm_TaskSupport_Module__startupDone__S)
                  0000bc10    000000ac     sysbios.aer4ft : BIOS.obj (.text:ti_sysbios_knl_Task_exit__E)
                  0000bcbc    000000a8     libedma_xwr14xx.aer4f : edma_low_level.oer4f (.text:EDMA3Init)
                  0000bd64    000000a8     main.oer4f (.text:main)
                  0000be0c    00000004     mss_per4ft.oer4ft (.text:ti_sysbios_family_arm_v7r_vim_Hwi_delete)
                  0000be10    000000a8     sysbios.aer4ft : BIOS.obj (.text:ti_sysbios_knl_Swi_runLoop__I)
                  0000beb8    000000a6     data_path.oer4f (.text:MmwDemo_config2DSingleBin_EDMA)
                  0000bf5e    00000002     --HOLE-- [fill = 0]
                  0000bf60    000000a4     libesm_xwr14xx.aer4f : esm.oer4f (.text:ESM_init)
                  0000c004    000000a4     data_path.oer4f (.text:MmwDemo_edmaOpen)
                  0000c0a8    000000a4     rtsv7R4_T_le_v3D16_eabi.lib : k_sin.obj (.text)
                  0000c14c    000000a0     auto_init.aer4ft : auto_init.oer4ft (.text)
                  0000c1ec    0000009c     rtsv7R4_T_le_v3D16_eabi.lib : _bufread.obj (.text)
                  0000c288    0000009c                                 : memcpy_t2.obj (.text)
                  0000c324    0000000c     ti.targets.arm.rtsarm.aer4ft : SysStd.oer4ft (.text:xdc_runtime_SysStd_exit__E)
                  0000c330    0000009c     sysbios.aer4ft : BIOS.obj (.text:ti_sysbios_family_arm_v7r_vim_Hwi_initIntController__I)
                  0000c3cc    00000004     mss_per4ft.oer4ft (.text:ti_sysbios_heaps_HeapMem_Module_GateProxy_enter__E)
                  0000c3d0    0000009c     sysbios.aer4ft : BIOS.obj (.text:ti_sysbios_family_arm_v7r_vim_Hwi_mapChannel__I)
                  0000c46c    00000004     mss_per4ft.oer4ft (.text:ti_sysbios_heaps_HeapMem_Module_GateProxy_leave__E)
                  0000c470    0000009c     sysbios.aer4ft : BIOS.obj (.text:ti_sysbios_knl_Semaphore_Instance_init__E)
                  0000c50c    0000009a     ti.targets.arm.rtsarm.aer4ft : Text.oer4ft (.text:xdc_runtime_Text_putSite__E)
                  0000c5a6    00000002     --HOLE-- [fill = 0]
                  0000c5a8    00000098     rtsv7R4_T_le_v3D16_eabi.lib : fclose.obj (.text)
                  0000c640    00000098                                 : fputc.obj (.text)
                  0000c6d8    00000098     sysbios.aer4ft : vim_Hwi_asm_switch.obj (.text)
                  0000c770    00000098     ti.targets.arm.rtsarm.aer4ft : Text.oer4ft (.text:xdc_runtime_Text_putMod__E)
                  0000c808    00000096     libhwa_xwr14xx.aer4f : hwa.oer4f (.text:HWA_configRam)
                  0000c89e    00000002     --HOLE-- [fill = 0]
                  0000c8a0    00000094     rtsv7R4_T_le_v3D16_eabi.lib : snprintf.obj (.text)
                  0000c934    00000094     sysbios.aer4ft : vim_Hwi_asm.obj (.text:ti_sysbios_family_arm_v7r_vim_Hwi_dispatchIRQ__I)
                  0000c9c8    00000006     libedma_xwr14xx.aer4f : edma_low_level.oer4f (.text:EDMA3GetErrIntrStatus)
                  0000c9ce    00000002     --HOLE-- [fill = 0]
                  0000c9d0    0000008c     sysbios.aer4ft : BIOS.obj (.text:ti_sysbios_family_arm_v7r_vim_Hwi_Instance_finalize__E)
                  0000ca5c    0000008a     data_path.oer4f (.text:MmwDemo_dataPathTrigger1D)
                  0000cae6    00000002     --HOLE-- [fill = 0]
                  0000cae8    00000088     libsoc_xwr14xx.aer4f : soc_xwr14xx.oer4f (.text:SOC_translateAddress)
                  0000cb70    00000082     libhwa_xwr14xx.aer4f : hwa.oer4f (.text:HWA_paramDoneISR)
                  0000cbf2    0000000e     rtsv7R4_T_le_v3D16_eabi.lib : copy_decompress_none.obj (.text:decompress:none)
                  0000cc00    00000080     sysbios.aer4ft : BIOS.obj (.text:ti_sysbios_timers_rti_Timer_initDevice__I)
                  0000cc80    0000007e     libosal_xwr14xx.aer4f : HwiP_tirtos.oer4f (.text:HwiP_create)
                  0000ccfe    00000002     --HOLE-- [fill = 0]
                  0000cd00    0000007e     data_path.oer4f (.text:MmwDemo_dataPathWait1D)
                  0000cd7e    00000002     --HOLE-- [fill = 0]
                  0000cd80    0000007c     sysbios.aer4ft : arm_TaskSupport_asm.obj (.text:_ti_sysbios_family_arm_TaskSupport_buildTaskStack)
                  0000cdfc    00000004     mss_per4ft.oer4ft (.text:ti_sysbios_knl_Clock_TimerProxy_getMaxTicks__E)
                  0000ce00    0000007c     sysbios.aer4ft : BIOS.obj (.text:ti_sysbios_knl_Clock_workFunc__E)
                  0000ce7c    0000007a     rtsv7R4_T_le_v3D16_eabi.lib : memset_t2.obj (.text)
                  0000cef6    00000002     --HOLE-- [fill = 0]
                  0000cef8    00000076     data_path.oer4f (.text:MmwDemo_dataPathWait2D)
                  0000cf6e    00000002     --HOLE-- [fill = 0]
                  0000cf70    00000076     data_path.oer4f (.text:MmwDemo_dataPathWaitCFAR)
                  0000cfe6    00000002     --HOLE-- [fill = 0]
                  0000cfe8    00000074     libedma_xwr14xx.aer4f : edma.oer4f (.text:EDMA_configParamSet)
                  0000d05c    00000074     libsoc_xwr14xx.aer4f : soc.oer4f (.text:SOC_init)
                  0000d0d0    00000074     boot.aer4ft : boot.oer4ft (.text)
                  0000d144    00000074     rtsv7R4_T_le_v3D16_eabi.lib : getdevice.obj (.text)
                  0000d1b8    00000074                                 : s_frexp.obj (.text)
                  0000d22c    00000070     libhwa_xwr14xx.aer4f : hwa.oer4f (.text:HWA_close)
                  0000d29c    00000070                          : hwa.oer4f (.text:HWA_getDriverAccess)
                  0000d30c    00000070     rtsv7R4_T_le_v3D16_eabi.lib : printf.obj (.text)
                  0000d37c    00000070     ti.targets.arm.rtsarm.aer4ft : Error.oer4ft (.text:xdc_runtime_Error_print__E)
                  0000d3ec    0000006d                                  : System.oer4ft (.text:xdc_runtime_System_formatNum__I)
                  0000d459    00000001     --HOLE-- [fill = 0]
                  0000d45a    0000006c     rtsv7R4_T_le_v3D16_eabi.lib : copy_decompress_lzss.obj (.text:decompress:lzss)
                  0000d4c6    00000002     --HOLE-- [fill = 0]
                  0000d4c8    0000006c                                 : trgmsg.obj (.text)
                  0000d534    0000006c     ti.targets.arm.rtsarm.aer4ft : Memory.oer4ft (.text:xdc_runtime_Memory_alloc__E)
                  0000d5a0    00000068     rtsv7R4_T_le_v3D16_eabi.lib : hostlseek.obj (.text)
                  0000d608    00000068                                 : hostrename.obj (.text)
                  0000d670    00000066     data_path.oer4f (.text:MmwDemo_dataPathTrigger2D)
                  0000d6d6    00000066     ti.targets.arm.rtsarm.aer4ft : Core-mem.oer4ft (.text:xdc_runtime_Core_deleteObject__I)
                  0000d73c    00000064     libedma_xwr14xx.aer4f : edma.oer4f (.text:EDMA_startDmaTransfer)
                  0000d7a0    00000064     rtsv7R4_T_le_v3D16_eabi.lib : fseek.obj (.text)
                  0000d804    00000064                                 : sprintf.obj (.text)
                  0000d868    00000064     sysbios.aer4ft : exc_Exception_asm.obj (.text:ti_sysbios_family_arm_exc_Exception_initCore0__I)
                  0000d8cc    00000004     mss_per4ft.oer4ft (.text:ti_sysbios_knl_Semaphore_delete)
                  0000d8d0    00000064     sysbios.aer4ft : BIOS.obj (.text:ti_sysbios_knl_Task_schedule__I)
                  0000d934    00000062     data_path.oer4f (.text:MmwDemo_EDMA_transferCompletionCallbackFxn)
                  0000d996    00000002     --HOLE-- [fill = 0]
                  0000d998    0000005e     data_path.oer4f (.text:MmwDemo_dataPathTriggerCFAR)
                  0000d9f6    00000002     --HOLE-- [fill = 0]
                  0000d9f8    0000005c     rtsv7R4_T_le_v3D16_eabi.lib : hostopen.obj (.text)
                  0000da54    0000005c                                 : hostread.obj (.text)
                  0000dab0    0000005c     sysbios.aer4ft : BIOS.obj (.text:ti_sysbios_family_arm_v7r_vim_Hwi_phantomIntHandler__I)
                  0000db0c    00000004     ti.targets.arm.rtsarm.aer4ft : Error.oer4ft (.text:xdc_runtime_Error_getSite__E)
                  0000db10    0000005c     sysbios.aer4ft : BIOS.obj (.text:ti_sysbios_knl_Swi_schedule__I)
                  0000db6c    0000005b     ti.targets.arm.rtsarm.aer4ft : Text.oer4ft (.text:xdc_runtime_Text_putLab__E)
                  0000dbc7    00000001     --HOLE-- [fill = 0]
                  0000dbc8    0000005a     data_path.oer4f (.text:MmwDemo_dataPathTrigger2DSingleBin)
                  0000dc22    00000002     --HOLE-- [fill = 0]
                  0000dc24    00000058     libedma_xwr14xx.aer4f : edma_low_level.oer4f (.text:EDMA3EnableChInShadowReg)
                  0000dc7c    00000058     libesm_xwr14xx.aer4f : esm.oer4f (.text:ESM_highpriority_FIQ)
                  0000dcd4    00000058     rtsv7R4_T_le_v3D16_eabi.lib : close.obj (.text)
                  0000dd2c    00000058                                 : hostwrite.obj (.text)
                  0000dd84    0000000a     libosal_xwr14xx.aer4f : MemoryP_tirtos.oer4f (.text:MemoryP_ctrlFree)
                  0000dd8e    00000002     --HOLE-- [fill = 0]
                  0000dd90    00000058     sysbios.aer4ft : BIOS.obj (.text:ti_sysbios_heaps_HeapMem_alloc__E)
                  0000dde8    00000056     data_path.oer4f (.text:MmwDemo_dataPathWaitAngleEstimation)
                  0000de3e    00000002     --HOLE-- [fill = 0]
                  0000de40    00000056     data_path.oer4f (.text:MmwDemo_hwaOpen)
                  0000de96    00000054     rtsv7R4_T_le_v3D16_eabi.lib : ltoa.obj (.text)
                  0000deea    00000002     --HOLE-- [fill = 0]
                  0000deec    00000054     mss_per4ft.oer4ft (.text:ti_sysbios_family_arm_v7r_vim_Hwi_create)
                  0000df40    00000054     sysbios.aer4ft : BIOS.obj (.text:ti_sysbios_heaps_HeapMem_getStats__E)
                  0000df94    0000000a                    : tms570_Core_asm.obj (.text:ti_sysbios_family_arm_v7r_tms570_Core_getId__E)
                  0000df9e    00000002     --HOLE-- [fill = 0]
                  0000dfa0    00000054                    : BIOS.obj (.text:ti_sysbios_knl_Task_startCore__E)
                  0000dff4    00000054     ti.targets.arm.rtsarm.aer4ft : Assert.oer4ft (.text:xdc_runtime_Assert_raise__I)
                  0000e048    00000052     libhwa_xwr14xx.aer4f : hwa.oer4f (.text:HWA_getDMAconfig)
                  0000e09a    00000050     libedma_xwr14xx.aer4f : edma_low_level.oer4f (.text:EDMA3MapChToEvtQ)
                  0000e0ea    00000002     --HOLE-- [fill = 0]
                  0000e0ec    00000050     rtsv7R4_T_le_v3D16_eabi.lib : atoi.obj (.text)
                  0000e13c    00000050                                 : exit.obj (.text)
                  0000e18c    00000050                                 : u_div32.obj (.text)
                  0000e1dc    00000004     ti.targets.arm.rtsarm.aer4ft : SysStd.oer4ft (.text:xdc_runtime_SysStd_putch__E)
                  0000e1e0    00000050     sysbios.aer4ft : BIOS.obj (.text:ti_sysbios_timers_rti_Timer_setPeriodMicroSecs__E)
                  0000e230    00000050     ti.targets.arm.rtsarm.aer4ft : Startup.oer4ft (.text:xdc_runtime_Startup_exec__E)
                  0000e280    00000050                                  : Text.oer4ft (.text:xdc_runtime_Text_visitRope2__I)
                  0000e2d0    0000004e     data_path.oer4f (.text:MmwDemo_dataPathTriggerAngleEstimation)
                  0000e31e    00000002     --HOLE-- [fill = 0]
                  0000e320    0000004e     data_path.oer4f (.text:MmwDemo_hwaClose)
                  0000e36e    00000002     --HOLE-- [fill = 0]
                  0000e370    0000004c     libedma_xwr14xx.aer4f : edma.oer4f (.text:EDMA_disableChannel)
                  0000e3bc    0000004c                           : edma.oer4f (.text:EDMA_enableChannel)
                  0000e408    0000004c     rtsv7R4_T_le_v3D16_eabi.lib : cpy_tbl.obj (.text)
                  0000e454    0000000a     mss_per4ft.oer4ft (.text:xdc_runtime_IHeap_alloc)
                  0000e45e    00000002     --HOLE-- [fill = 0]
                  0000e460    0000004c     sysbios.aer4ft : BIOS.obj (.text:ti_sysbios_family_arm_v7r_vim_Hwi_getStackInfo__E)
                  0000e4ac    0000004c     mss_per4ft.oer4ft (.text:ti_sysbios_knl_Task_create)
                  0000e4f8    00000048     libhwa_xwr14xx.aer4f : hwa.oer4f (.text:HWA_deleteInstance)
                  0000e540    00000048                          : hwa.oer4f (.text:HWA_enableDoneInterrupt)
                  0000e588    00000048                          : hwa.oer4f (.text:HWA_readCFARPeakCountReg)
                  0000e5d0    00000048     ti.targets.arm.rtsarm.aer4ft : Core-params.oer4ft (.text:xdc_runtime_Core_assignParams__I)
                  0000e618    00000046     data_path.oer4f (.text:MmwDemo_EDMA_errorCallbackFxn)
                  0000e65e    00000002     --HOLE-- [fill = 0]
                  0000e660    00000046     data_path.oer4f (.text:MmwDemo_EDMA_transferControllerErrorCallbackFxn)
                  0000e6a6    00000002     --HOLE-- [fill = 0]
                  0000e6a8    00000044     rtsv7R4_T_le_v3D16_eabi.lib : hostclose.obj (.text)
                  0000e6ec    00000044                                 : hostunlink.obj (.text)
                  0000e730    00000044     sysbios.aer4ft : BIOS.obj (.text:ti_sysbios_knl_Task_allBlockedFunction__I)
                  0000e774    00000044     ti.targets.arm.rtsarm.aer4ft : Error.oer4ft (.text:xdc_runtime_Error_setX__E)
                  0000e7b8    00000044                                  : Text.oer4ft (.text:xdc_runtime_Text_xprintf__I)
                  0000e7fc    00000042     libhwa_xwr14xx.aer4f : hwa.oer4f (.text:HWA_reset)
                  0000e83e    00000002     --HOLE-- [fill = 0]
                  0000e840    00000040     libedma_xwr14xx.aer4f : edma.oer4f (.text:EDMA_close)
                  0000e880    00000040                           : edma.oer4f (.text:EDMA_linkParamSets)
                  0000e8c0    00000040     sysbios.aer4ft : BIOS.obj (.text:ti_sysbios_family_arm_v7r_vim_Hwi_setType__E)
                  0000e900    00000040                    : BIOS.obj (.text:ti_sysbios_knl_Swi_post__E)
                  0000e940    00000040                    : BIOS.obj (.text:ti_sysbios_timers_rti_Timer_stop__E)
                  0000e980    0000003f     data_path.oer4f (.text:MmwDemo_dataPathWait2DFFTDetObj)
                  0000e9bf    00000001     --HOLE-- [fill = 0]
                  0000e9c0    0000003e     libhwa_xwr14xx.aer4f : hwa.oer4f (.text:CSL_FINSR)
                  0000e9fe    0000003e     libsoc_xwr14xx.aer4f : soc.oer4f (.text:CSL_FINSR)
                  0000ea3c    0000003e                          : soc_xwr14xx.oer4f (.text:CSL_FINSR)
                  0000ea7a    0000003e     libhwa_xwr14xx.aer4f : hwa.oer4f (.text:HWA_enable)
                  0000eab8    0000003e     post_processing.oer4f (.text:MmwDemo_calcCompIdx)
                  0000eaf6    0000003e     post_processing.oer4f (.text:MmwDemo_dopplerComp)
                  0000eb34    0000003c     libsoc_xwr14xx.aer4f : soc.oer4f (.text:SOC_unhaltBSS)
                  0000eb70    0000003c     sysbios.aer4ft : BIOS.obj (.text:ti_sysbios_family_arm_v7r_tms570_Core_Module_startup__E)
                  0000ebac    0000003c                    : vim_Hwi_asm.obj (.text:ti_sysbios_family_arm_v7r_vim_Hwi_init__I)
                  0000ebe8    00000006     libedma_xwr14xx.aer4f : edma_low_level.oer4f (.text:EDMA3QdmaGetErrIntrStatus)
                  0000ebee    00000002     --HOLE-- [fill = 0]
                  0000ebf0    0000003c     sysbios.aer4ft : BIOS.obj (.text:ti_sysbios_heaps_HeapMem_init__I)
                  0000ec2c    00000004     ti.targets.arm.rtsarm.aer4ft : SysStd.oer4ft (.text:xdc_runtime_SysStd_ready__E)
                  0000ec30    0000003c     sysbios.aer4ft : BIOS.obj (.text:ti_sysbios_knl_Swi_startup__E)
                  0000ec6c    00000004     mss_per4ft.oer4ft (.text:xdc_runtime_System_Module_GateProxy_enter__E)
                  0000ec70    0000003c     sysbios.aer4ft : BIOS.obj (.text:ti_sysbios_timers_rti_Timer_setPeriod__E)
                  0000ecac    0000003a     libhwa_xwr14xx.aer4f : hwa.oer4f (.text:HWA_setDMA2ACCManualTrig)
                  0000ece6    00000002     --HOLE-- [fill = 0]
                  0000ece8    0000003a     libosal_xwr14xx.aer4f : HwiP_tirtos.oer4f (.text:HwiP_delete)
                  0000ed22    00000002     --HOLE-- [fill = 0]
                  0000ed24    00000038     libedma_xwr14xx.aer4f : edma_low_level.oer4f (.text:EDMA3ClrMissEvt)
                  0000ed5c    00000038     main.oer4f (.text:MmwDemo_CliCommonCfgInit)
                  0000ed94    0000000a     mss_per4ft.oer4ft (.text:xdc_runtime_IHeap_free)
                  0000ed9e    00000002     --HOLE-- [fill = 0]
                  0000eda0    00000038     sysbios.aer4ft : BIOS.obj (.text:ti_sysbios_knl_Task_sleepTimeout__I)
                  0000edd8    00000038     ti.targets.arm.rtsarm.aer4ft : System.oer4ft (.text:xdc_runtime_System_atexit__E)
                  0000ee10    00000036     rtsv7R4_T_le_v3D16_eabi.lib : strncpy.obj (.text)
                  0000ee46    00000034     libedma_xwr14xx.aer4f : edma.oer4f (.text:EDMA_configTransferControllerError)
                  0000ee7a    00000034     libhwa_xwr14xx.aer4f : hwa.oer4f (.text:HWA_setSoftwareTrigger)
                  0000eeae    00000002     --HOLE-- [fill = 0]
                  0000eeb0    00000034     libsoc_xwr14xx.aer4f : soc_xwr14xx.oer4f (.text:SOC_enableHWA)
                  0000eee4    00000006     libosal_xwr14xx.aer4f : HwiP_tirtos.oer4f (.text:HwiP_restore)
                  0000eeea    00000006     data_path.oer4f (.text:MmwDemo_edmaClose)
                  0000eef0    00000034     sysbios.aer4ft : BIOS.obj (.text:ti_sysbios_hal_Hwi_checkStack)
                  0000ef24    00000034     mss_per4ft.oer4ft (.text:ti_sysbios_knl_Semaphore_create)
                  0000ef58    00000006     data_path.oer4f (.text:MmwDemo_memPoolReset)
                  0000ef5e    00000002     --HOLE-- [fill = 0]
                  0000ef60    00000034     sysbios.aer4ft : BIOS.obj (.text:ti_sysbios_knl_Task_processVitalTaskFlag__I)
                  0000ef94    00000034     ti.targets.arm.rtsarm.aer4ft : Core-label.oer4ft (.text:xdc_runtime_Core_assignLabel__I)
                  0000efc8    00000034                                  : Text.oer4ft (.text:xdc_runtime_Text_cordText__E)
                  0000effc    00000033                                  : Text.oer4ft (.text:xdc_runtime_Text_printVisFxn__I)
                  0000f02f    00000001     --HOLE-- [fill = 0]
                  0000f030    00000032     libedma_xwr14xx.aer4f : edma.oer4f (.text:EDMA_configQueueThreshold)
                  0000f062    00000002     --HOLE-- [fill = 0]
                  0000f064    00000032     libhwa_xwr14xx.aer4f : hwa.oer4f (.text:HWA_allParamDoneISR)
                  0000f096    00000006     ti.targets.arm.rtsarm.aer4ft : System.oer4ft (.text:xdc_runtime_System_Module_startup__E)
                  0000f09c    00000004     mss_per4ft.oer4ft (.text:xdc_runtime_System_Module_GateProxy_leave__E)
                  0000f0a0    00000032     sysbios.aer4ft : BIOS.obj (.text:ti_sysbios_hal_Hwi_initStack)
                  0000f0d2    00000002     --HOLE-- [fill = 0]
                  0000f0d4    00000030     gen_frame_data.oer4f (.text:RandSimple)
                  0000f104    00000030     mss_per4ft.oer4ft (.text:ti_sysbios_BIOS_atExitFunc__I)
                  0000f134    00000030     mss_per4ft.oer4ft (.text:ti_sysbios_BIOS_startFunc__I)
                  0000f164    00000004     ti.targets.arm.rtsarm.aer4ft : System.oer4ft (.text:xdc_runtime_System_aprintf_va__F)
                  0000f168    00000004                                  : System.oer4ft (.text:xdc_runtime_System_printf_va__F)
                  0000f16c    00000004     --HOLE-- [fill = 0]
                  0000f170    00000030     sysbios.aer4ft : BIOS.obj (.text:ti_sysbios_family_arm_TaskSupport_start__E)
                  0000f1a0    00000030     mss_per4ft.oer4ft (.text:ti_sysbios_gates_GateHwi_Object__create__S)
                  0000f1d0    00000030     mss_per4ft.oer4ft (.text:ti_sysbios_gates_GateMutex_Object__create__S)
                  0000f200    00000030     mss_per4ft.oer4ft (.text:ti_sysbios_heaps_HeapMem_Object__create__S)
                  0000f230    00000030     sysbios.aer4ft : BIOS.obj (.text:ti_sysbios_heaps_HeapMem_free__E)
                  0000f260    00000030     mss_per4ft.oer4ft (.text:ti_sysbios_knl_Semaphore_construct)
                  0000f290    00000030     ti.targets.arm.rtsarm.aer4ft : System.oer4ft (.text:xdc_runtime_System_processAtExit__E)
                  0000f2c0    0000002e     mss_per4ft.oer4ft (.text:ti_sysbios_rts_gnu_MemAlloc_alloc)
                  0000f2ee    0000002e     ti.targets.arm.rtsarm.aer4ft : System.oer4ft (.text:xdc_runtime_System_putchar__I)
                  0000f31c    0000002c     libedma_xwr14xx.aer4f : edma.oer4f (.text:EDMA_validate_channelIdchannelType)
                  0000f348    0000002c     rtsv7R4_T_le_v3D16_eabi.lib : e_sqrt.obj (.text)
                  0000f374    0000002c                                 : unlink.obj (.text)
                  0000f3a0    0000002c     mss_per4ft.oer4ft (.text:ti_sysbios_knl_Clock_doTick__I)
                  0000f3cc    0000002c     mss_per4ft.oer4ft (.text:ti_sysbios_knl_Queue_construct)
                  0000f3f8    00000008     --HOLE-- [fill = 0]
                  0000f400    0000002c     sysbios.aer4ft : BIOS.obj (.text:ti_sysbios_knl_Semaphore_pendTimeout__I)
                  0000f42c    00000004     --HOLE-- [fill = 0]
                  0000f430    0000002c                    : BIOS.obj (.text:ti_sysbios_knl_Swi_Module_startup__E)
                  0000f45c    00000004     --HOLE-- [fill = 0]
                  0000f460    0000002c                    : BIOS.obj (.text:ti_sysbios_knl_Task_unblockI__E)
                  0000f48c    00000004     --HOLE-- [fill = 0]
                  0000f490    0000002c                    : BIOS.obj (.text:ti_sysbios_timers_rti_Timer_periodicStub__E)
                  0000f4bc    0000002a     libsoc_xwr14xx.aer4f : soc.oer4f (.text:SOC_SystemISR)
                  0000f4e6    00000028     data_path.oer4f (.text:MmwDemo_processCfar)
                  0000f50e    00000028     config_hwa_util.oer4f (.text:log2Approx)
                  0000f536    00000002     --HOLE-- [fill = 0]
                  0000f538    00000028     rtsv7R4_T_le_v3D16_eabi.lib : lseek.obj (.text)
                  0000f560    00000028                                 : read.obj (.text)
                  0000f588    00000028                                 : write.obj (.text)
                  0000f5b0    00000028     sysbios.aer4ft : BIOS.obj (.text:ti_sysbios_knl_Idle_run__E)
                  0000f5d8    00000008     --HOLE-- [fill = 0]
                  0000f5e0    00000028                    : BIOS.obj (.text:ti_sysbios_knl_Task_restore__E)
                  0000f608    00000026     data_path.oer4f (.text:MmwDemo_dataPathDeleteSemaphore)
                  0000f62e    00000026     ti.targets.arm.rtsarm.aer4ft : System.oer4ft (.text:xdc_runtime_System_avprintf__E)
                  0000f654    00000025     main.oer4f (.text:_MmwDemo_debugAssert)
                  0000f679    00000003     --HOLE-- [fill = 0]
                  0000f67c    00000024     libedma_xwr14xx.aer4f : edma_low_level.oer4f (.text:EDMA3ClrEvt)
                  0000f6a0    00000024                           : edma_low_level.oer4f (.text:EDMA3ClrIntr)
                  0000f6c4    00000024                           : edma_low_level.oer4f (.text:EDMA3DisableEvtIntr)
                  0000f6e8    00000024                           : edma_low_level.oer4f (.text:EDMA3EnableDmaEvt)
                  0000f70c    00000024                           : edma_low_level.oer4f (.text:EDMA3EnableEvtIntr)
                  0000f730    00000024                           : edma_low_level.oer4f (.text:EDMA3SetEvt)
                  0000f754    00000024     libtestlogger_xwr14xx.aer4f : logger.oer4f (.text:MCPI_Initialize)
                  0000f778    00000024     mss_per4ft.oer4ft (.text:ti_sysbios_BIOS_errorRaiseHook__I)
                  0000f79c    00000024     mss_per4ft.oer4ft (.text:ti_sysbios_BIOS_registerRTSLock__I)
                  0000f7c0    00000024     mss_per4ft.oer4ft (.text:ti_sysbios_BIOS_removeRTSLock__I)
                  0000f7e4    00000024     mss_per4ft.oer4ft (.text:ti_sysbios_gates_GateMutex_Object__delete__S)
                  0000f808    00000024     mss_per4ft.oer4ft (.text:ti_sysbios_knl_Semaphore_Object__delete__S)
                  0000f82c    00000004     --HOLE-- [fill = 0]
                  0000f830    00000024     sysbios.aer4ft : BIOS.obj (.text:ti_sysbios_knl_Task_restoreHwi__E)
                  0000f854    00000024     ti.targets.arm.rtsarm.aer4ft : System.oer4ft (.text:xdc_runtime_System_vprintf__E)
                  0000f878    00000022     data_path.oer4f (.text:MmwDemo_memPoolAlloc)
                  0000f89a    00000002     --HOLE-- [fill = 0]
                  0000f89c    00000020     libedma_xwr14xx.aer4f : edma_low_level.oer4f (.text:EDMA3DisableDmaEvt)
                  0000f8bc    00000020                           : edma_low_level.oer4f (.text:EDMA3QdmaClrMissEvt)
                  0000f8dc    00000020     libesm_xwr14xx.aer4f : esm.oer4f (.text:ESM_lowpriority_IRQ)
                  0000f8fc    00000020     data_path.oer4f (.text:MmwDemo_dataPathObjInit)
                  0000f91c    00000020     rtsv7R4_T_le_v3D16_eabi.lib : memchr.obj (.text)
                  0000f93c    00000020     mss_per4ft.oer4ft (.text:ti_sysbios_family_arm_v7r_vim_Hwi_Object__delete__S)
                  0000f95c    00000004     --HOLE-- [fill = 0]
                  0000f960    00000020     sysbios.aer4ft : BIOS.obj (.text:ti_sysbios_family_arm_v7r_vim_Hwi_disableInterrupt__E)
                  0000f980    00000020                    : BIOS.obj (.text:ti_sysbios_family_arm_v7r_vim_Hwi_enableInterrupt__E)
                  0000f9a0    00000020     mss_per4ft.oer4ft (.text:ti_sysbios_gates_GateHwi_Object__delete__S)
                  0000f9c0    00000020     mss_per4ft.oer4ft (.text:ti_sysbios_heaps_HeapMem_Object__delete__S)
                  0000f9e0    00000020     sysbios.aer4ft : BIOS.obj (.text:ti_sysbios_knl_Clock_Module_startup__E)
                  0000fa00    00000020     mss_per4ft.oer4ft (.text:ti_sysbios_knl_Semaphore_destruct)
                  0000fa20    00000020     ti.targets.arm.rtsarm.aer4ft : Registry.oer4ft (.text:xdc_runtime_Registry_findById__E)
                  0000fa40    00000020                                  : SysStd.oer4ft (.text:xdc_runtime_SysStd_abort__E)
                  0000fa60    0000001e     rtsv7R4_T_le_v3D16_eabi.lib : strcat.obj (.text)
                  0000fa7e    0000001c     libhwa_xwr14xx.aer4f : hwa.oer4f (.text:CSL_FEXTR)
                  0000fa9a    00000002     --HOLE-- [fill = 0]
                  0000fa9c    0000001c     sysbios.aer4ft : arm_TaskSupport_asm.obj (.text:_ti_sysbios_family_arm_TaskSupport_glue)
                  0000fab8    0000001c     rtsv7R4_T_le_v3D16_eabi.lib : memccpy.obj (.text)
                  0000fad4    0000001c     mss_per4ft.oer4ft (.text:ti_sysbios_BIOS_rtsLock__I)
                  0000faf0    0000001c     sysbios.aer4ft : BIOS.obj (.text:ti_sysbios_gates_GateMutex_Instance_init__E)
                  0000fb0c    00000004     --HOLE-- [fill = 0]
                  0000fb10    0000001c                    : BIOS.obj (.text:ti_sysbios_gates_GateMutex_leave__E)
                  0000fb2c    0000001c     mss_per4ft.oer4ft (.text:ti_sysbios_knl_Queue_destruct)
                  0000fb48    0000001c     ti.targets.arm.rtsarm.aer4ft : Error.oer4ft (.text:xdc_runtime_Error_check__E)
                  0000fb64    0000001c                                  : Error.oer4ft (.text:xdc_runtime_Error_raiseX__E)
                  0000fb80    0000001c                                  : Memory.oer4ft (.text:xdc_runtime_Memory_valloc__E)
                  0000fb9c    0000001c                                  : System.oer4ft (.text:xdc_runtime_System_abort__E)
                  0000fbb8    0000001a     libsoc_xwr14xx.aer4f : soc.oer4f (.text:CSL_FEXTR)
                  0000fbd2    0000001a     libedma_xwr14xx.aer4f : edma_low_level.oer4f (.text:EDMA3SetPaRAM)
                  0000fbec    0000001a     mss_per4ft.oer4ft (.text:free)
                  0000fc06    0000001a     rtsv7R4_T_le_v3D16_eabi.lib : s_copysign.obj (.text)
                  0000fc20    0000001a     mss_per4ft.oer4ft (.text:ti_sysbios_gates_GateHwi_Handle__label__S)
                  0000fc3a    0000001a     mss_per4ft.oer4ft (.text:ti_sysbios_gates_GateMutex_Handle__label__S)
                  0000fc54    0000001a     mss_per4ft.oer4ft (.text:ti_sysbios_heaps_HeapMem_Handle__label__S)
                  0000fc6e    0000001a     mss_per4ft.oer4ft (.text:xdc_runtime_System_aprintf__E)
                  0000fc88    0000001a     mss_per4ft.oer4ft (.text:xdc_runtime_System_printf__E)
                  0000fca2    00000002     --HOLE-- [fill = 0]
                  0000fca4    00000018     libedma_xwr14xx.aer4f : edma_low_level.oer4f (.text:EDMA3DisableQdmaEvt)
                  0000fcbc    00000018                           : edma_low_level.oer4f (.text:EDMA3EnableQdmaEvt)
                  0000fcd4    00000018     sysbios.aer4ft : arm_TaskSupport_asm.obj (.text:_ti_sysbios_family_arm_TaskSupport_swap__E)
                  0000fcec    00000018     rtsv7R4_T_le_v3D16_eabi.lib : args_main.obj (.text)
                  0000fd04    00000018                                 : ll_mul_t2.obj (.text)
                  0000fd1c    00000018                                 : strcmp.obj (.text)
                  0000fd34    00000018     mss_per4ft.oer4ft (.text:ti_sysbios_BIOS_rtsUnlock__I)
                  0000fd4c    00000018     mss_per4ft.oer4ft (.text:ti_sysbios_family_arm_v7r_vim_Hwi_Module__startupDone__F)
                  0000fd64    00000018     mss_per4ft.oer4ft (.text:ti_sysbios_family_arm_v7r_vim_Hwi_Params__init__S)
                  0000fd7c    00000004     --HOLE-- [fill = 0]
                  0000fd80    00000018     sysbios.aer4ft : BIOS.obj (.text:ti_sysbios_family_arm_v7r_vim_Hwi_clearInterrupt__E)
                  0000fd98    00000018     mss_per4ft.oer4ft (.text:ti_sysbios_knl_Semaphore_Params__init__S)
                  0000fdb0    00000018     mss_per4ft.oer4ft (.text:ti_sysbios_knl_Task_Params__init__S)
                  0000fdc8    00000008     --HOLE-- [fill = 0]
                  0000fdd0    00000018     sysbios.aer4ft : BIOS.obj (.text:ti_sysbios_knl_Task_enter__I)
                  0000fde8    00000018     mss_per4ft.oer4ft (.text:ti_sysbios_timers_rti_Timer_Module__startupDone__F)
                  0000fe00    00000018     ti.targets.arm.rtsarm.aer4ft : Error.oer4ft (.text:xdc_runtime_Error_init__E)
                  0000fe18    00000018                                  : System.oer4ft (.text:xdc_runtime_System_exit__E)
                  0000fe30    00000018                                  : Text.oer4ft (.text:xdc_runtime_Text_ropeText__E)
                  0000fe48    00000016     data_path.oer4f (.text:MmwDemo_process2D)
                  0000fe5e    00000016     rtsv7R4_T_le_v3D16_eabi.lib : strchr.obj (.text)
                  0000fe74    00000016                                 : strlen.obj (.text)
                  0000fe8a    00000016     mss_per4ft.oer4ft (.text:ti_sysbios_BIOS_exitFunc__I)
                  0000fea0    00000016     sysbios.aer4ft : BIOS.obj (.text:ti_sysbios_knl_Idle_loop__E)
                  0000feb6    00000002     --HOLE-- [fill = 0]
                  0000feb8    00000014     libedma_xwr14xx.aer4f : edma_low_level.oer4f (.text:EDMA3GetIntrStatus)
                  0000fecc    00000014                           : edma_low_level.oer4f (.text:EDMA3IntrStatusHighGet)
                  0000fee0    00000014                           : edma_low_level.oer4f (.text:EDMA3MapQdmaChToPaRAM)
                  0000fef4    00000014     libosal_xwr14xx.aer4f : HwiP_tirtos.oer4f (.text:HwiP_Params_init)
                  0000ff08    00000014     libtestlogger_xwr14xx.aer4f : logger.oer4f (.text:MCPI_setTestResult)
                  0000ff1c    00000014     libosal_xwr14xx.aer4f : DebugP_tirtos.oer4f (.text:_DebugP_assert)
                  0000ff30    00000014     rtsv7R4_T_le_v3D16_eabi.lib : _lock.obj (.text)
                  0000ff44    00000014                                 : strcpy.obj (.text)
                  0000ff58    00000014     mss_per4ft.oer4ft (.text:ti_sysbios_heaps_HeapMem_Object__get__S)
                  0000ff6c    00000014     mss_per4ft.oer4ft (.text:ti_sysbios_knl_Swi_Object__get__S)
                  0000ff80    00000012     libedma_xwr14xx.aer4f : edma_low_level.oer4f (.text:EDMA3SetQdmaTrigWord)
                  0000ff92    00000012     libosal_xwr14xx.aer4f : MemoryP_tirtos.oer4f (.text:MemoryP_ctrlAlloc)
                  0000ffa4    0000000c     --HOLE-- [fill = 0]
                  0000ffb0    00000012     sysbios.aer4ft : BIOS.obj (.text:ti_sysbios_hal_Hwi_Module_startup__E)
                  0000ffc2    00000012     mss_per4ft.oer4ft (.text:xdc_runtime_Startup_exec__I)
                  0000ffd4    00000010     libsoc_xwr14xx.aer4f : soc_xwr14xx.oer4f (.text:SOC_getInAddr_LUTType)
                  0000ffe4    00000010                          : soc_xwr14xx.oer4f (.text:SOC_getOutAddr_LUTType)
                  0000fff4    00000010     main.oer4f (.text:Test_getChirpData)
                  00010004    0000000c     --HOLE-- [fill = 0]
                  00010010    00000010     sysbios.aer4ft : BIOS.obj (.text:ti_sysbios_BIOS_exit__E)
                  00010020    00000010                    : BIOS.obj (.text:ti_sysbios_BIOS_setThreadType__E)
                  00010030    00000010                    : BIOS.obj (.text:ti_sysbios_BIOS_start__E)
                  00010040    00000010                    : BIOS.obj (.text:ti_sysbios_gates_GateMutex_Instance_finalize__E)
                  00010050    00000010     mss_per4ft.oer4ft (.text:ti_sysbios_heaps_HeapBuf_Object__get__S)
                  00010060    00000010     sysbios.aer4ft : BIOS.obj (.text:ti_sysbios_knl_Semaphore_Instance_finalize__E)
                  00010070    00000010                    : BIOS.obj (.text:ti_sysbios_knl_Swi_disable__E)
                  00010080    00000010     mss_per4ft.oer4ft (.text:ti_sysbios_knl_Task_Object__get__S)
                  00010090    00000010     sysbios.aer4ft : BIOS.obj (.text:ti_sysbios_knl_Task_disable__E)
                  000100a0    00000010     ti.targets.arm.rtsarm.aer4ft : Gate.oer4ft (.text:xdc_runtime_Gate_leaveSystem__E)
                  000100b0    00000010                                  : Memory.oer4ft (.text:xdc_runtime_Memory_free__E)
                  000100c0    00000010                                  : System.oer4ft (.text:xdc_runtime_System_vsnprintf__E)
                  000100d0    00000010     mss_per4ft.oer4ft (.text:xdc_runtime_Text_visitRope__I)
                  000100e0    0000000e     sysbios.aer4ft : BIOS.obj (.text:ti_sysbios_knl_Queue_empty__E)
                  000100ee    00000002     --HOLE-- [fill = 0]
                  000100f0    0000000c                    : BIOS.obj (.text:ti_sysbios_family_arm_TaskSupport_checkStack__E)
                  000100fc    00000004     --HOLE-- [fill = 0]
                  00010100    0000000c                    : BIOS.obj (.text:ti_sysbios_family_arm_TaskSupport_getStackAlignment__E)
                  0001010c    00000004     --HOLE-- [fill = 0]
                  00010110    0000000c                    : BIOS.obj (.text:ti_sysbios_family_arm_exc_Exception_Module_startup__E)
                  0001011c    00000004     --HOLE-- [fill = 0]
                  00010120    0000000c                    : BIOS.obj (.text:ti_sysbios_family_arm_v7r_vim_Hwi_switchFromBootStack__E)
                  0001012c    00000004     --HOLE-- [fill = 0]
                  00010130    00000008                    : BIOS.obj (.text:ti_sysbios_gates_GateHwi_enter__E)
                  00010138    00000008     --HOLE-- [fill = 0]
                  00010140    00000006                    : BIOS.obj (.text:ti_sysbios_family_arm_v7r_vim_Hwi_startup__E)
                  00010146    0000000a     --HOLE-- [fill = 0]
                  00010150    00000006                    : BIOS.obj (.text:ti_sysbios_gates_GateHwi_leave__E)
                  00010156    0000000a     --HOLE-- [fill = 0]
                  00010160    00000006                    : BIOS.obj (.text:ti_sysbios_heaps_HeapMem_isBlocking__E)
                  00010166    0000000a     --HOLE-- [fill = 0]
                  00010170    00000006                    : BIOS.obj (.text:ti_sysbios_knl_Queue_Instance_init__E)
                  00010176    0000000a     --HOLE-- [fill = 0]
                  00010180    00000004                    : BIOS.obj (.text:ti_sysbios_gates_GateHwi_query__E)
                  00010184    0000000c     --HOLE-- [fill = 0]
                  00010190    00000004                    : BIOS.obj (.text:ti_sysbios_gates_GateMutex_query__E)
                  00010194    0000000c     --HOLE-- [fill = 0]
                  000101a0    00000004                    : BIOS.obj (.text:ti_sysbios_knl_Task_startup__E)
                  000101a4    0000000c     --HOLE-- [fill = 0]
                  000101b0    00000004                    : BIOS.obj (.text:ti_sysbios_timers_rti_Timer_getMaxTicks__E)
                  000101b4    0000000c     --HOLE-- [fill = 0]
                  000101c0    00000002                    : BIOS.obj (.text:ti_sysbios_BIOS_linkedWithIncorrectBootLibrary__E)
                  000101c2    0000000e     --HOLE-- [fill = 0]
                  000101d0    00000002                    : BIOS.obj (.text:ti_sysbios_gates_GateHwi_Instance_init__E)
                  000101d2    0000000e     --HOLE-- [fill = 0]
                  000101e0    00000002                    : BIOS.obj (.text:ti_sysbios_knl_Clock_logTick__E)

.const     0    000101f0    000023ac     
                  000101f0    00001a17     mss_per4ft.oer4ft (.const:xdc_runtime_Text_charTab__A)
                  00011c07    00000001     mss_per4ft.oer4ft (.const:xdc_runtime_Error_policy__C)
                  00011c08    00000158     rtsv7R4_T_le_v3D16_eabi.lib : k_rem_pio2.obj (.const:$O1$$)
                  00011d60    00000101                                 : ctype.obj (.const:.string:_ctypes_)
                  00011e61    00000001     --HOLE-- [fill = 0]
                  00011e62    000000d0     mss_per4ft.oer4ft (.const:xdc_runtime_Text_nodeTab__A)
                  00011f32    00000002     mss_per4ft.oer4ft (.const:ti_sysbios_family_arm_exc_Exception_Module__id__C)
                  00011f34    00000004     mss_per4ft.oer4ft (.const:ti_sysbios_family_arm_TaskSupport_stackAlignment__C)
                  00011f38    00000098     rtsv7R4_T_le_v3D16_eabi.lib : s_atan.obj (.const:$O1$$)
                  00011fd0    00000080     mss_per4ft.oer4ft (.const:ti_sysbios_family_arm_v7r_vim_Hwi_channelMap__A)
                  00012050    00000048     mss_per4ft.oer4ft (.const:.string)
                  00012098    0000003c     mss_per4ft.oer4ft (.const:ti_sysbios_knl_Task_Object__PARAMS__C)
                  000120d4    00000004     mss_per4ft.oer4ft (.const:ti_sysbios_family_arm_exc_Exception_E_dataAbort__C)
                  000120d8    00000030     rtsv7R4_T_le_v3D16_eabi.lib : e_pow.obj (.const:$O1$$)
                  00012108    00000030     mss_per4ft.oer4ft (.const:ti_sysbios_family_arm_v7r_vim_Hwi_Object__PARAMS__C)
                  00012138    00000028     mss_per4ft.oer4ft (.const:ti_sysbios_heaps_HeapMem_Module__FXNS__C)
                  00012160    00000028     mss_per4ft.oer4ft (.const:xdc_runtime_Startup_sfxnTab__A)
                  00012188    00000024     mss_per4ft.oer4ft (.const:ti_sysbios_gates_GateHwi_Module__FXNS__C)
                  000121ac    00000024     mss_per4ft.oer4ft (.const:ti_sysbios_gates_GateMutex_Module__FXNS__C)
                  000121d0    00000024     mss_per4ft.oer4ft (.const:ti_sysbios_heaps_HeapMem_Object__PARAMS__C)
                  000121f4    00000024     mss_per4ft.oer4ft (.const:ti_sysbios_knl_Semaphore_Object__PARAMS__C)
                  00012218    00000020     mss_per4ft.oer4ft (.const:ti_sysbios_family_arm_v7r_vim_Hwi_Object__DESC__C)
                  00012238    00000020     mss_per4ft.oer4ft (.const:ti_sysbios_gates_GateHwi_Object__DESC__C)
                  00012258    00000020     mss_per4ft.oer4ft (.const:ti_sysbios_gates_GateMutex_Object__DESC__C)
                  00012278    00000020     mss_per4ft.oer4ft (.const:ti_sysbios_heaps_HeapMem_Object__DESC__C)
                  00012298    00000020     mss_per4ft.oer4ft (.const:ti_sysbios_knl_Queue_Object__DESC__C)
                  000122b8    00000020     mss_per4ft.oer4ft (.const:ti_sysbios_knl_Semaphore_Object__DESC__C)
                  000122d8    00000020     mss_per4ft.oer4ft (.const:ti_sysbios_knl_Task_Object__DESC__C)
                  000122f8    0000001c     libedma_xwr14xx.aer4f : edma_xwr1xxx.oer4f (.const:gEdmaHwAttrs)
                  00012314    00000018     mss_per4ft.oer4ft (.const:ti_sysbios_gates_GateHwi_Object__PARAMS__C)
                  0001232c    00000018     mss_per4ft.oer4ft (.const:ti_sysbios_gates_GateMutex_Object__PARAMS__C)
                  00012344    00000018     mss_per4ft.oer4ft (.const:ti_sysbios_knl_Queue_Object__PARAMS__C)
                  0001235c    00000014     mss_per4ft.oer4ft (.const:xdc_runtime_Startup_sfxnRts__A)
                  00012370    00000010     mss_per4ft.oer4ft (.const:ti_sysbios_family_arm_v7r_vim_Hwi_intReqEnaSet__A)
                  00012380    00000010     mss_per4ft.oer4ft (.const:ti_sysbios_family_arm_v7r_vim_Hwi_wakeEnaSet__A)
                  00012390    00000008     libedma_xwr14xx.aer4f : edma.oer4f (.const:EDMA_config$1)
                  00012398    00000008     mss_per4ft.oer4ft (.const:ti_sysbios_knl_Idle_funcList__C)
                  000123a0    00000008     mss_per4ft.oer4ft (.const:xdc_runtime_Startup_firstFxns__A)
                  000123a8    00000008     mss_per4ft.oer4ft (.const:xdc_runtime_Startup_firstFxns__C)
                  000123b0    00000008     mss_per4ft.oer4ft (.const:xdc_runtime_Startup_lastFxns__C)
                  000123b8    00000004     mss_per4ft.oer4ft (.const:ti_sysbios_family_arm_exc_Exception_E_prefetchAbort__C)
                  000123bc    00000004     mss_per4ft.oer4ft (.const:ti_sysbios_family_arm_exc_Exception_E_swi__C)
                  000123c0    00000004     mss_per4ft.oer4ft (.const:ti_sysbios_family_arm_exc_Exception_E_undefinedInstruction__C)
                  000123c4    00000004     mss_per4ft.oer4ft (.const:ti_sysbios_family_arm_exc_Exception_excHookFuncs__A)
                  000123c8    00000004     mss_per4ft.oer4ft (.const:ti_sysbios_family_arm_exc_Exception_excHookFuncs__C)
                  000123cc    00000004     mss_per4ft.oer4ft (.const:ti_sysbios_family_arm_v7r_tms570_Core_E_mismatchedIds__C)
                  000123d0    00000004     mss_per4ft.oer4ft (.const:ti_sysbios_family_arm_v7r_tms570_Core_id__C)
                  000123d4    00000004     mss_per4ft.oer4ft (.const:ti_sysbios_family_arm_v7r_vim_Hwi_A_badChannelId__C)
                  000123d8    00000004     mss_per4ft.oer4ft (.const:ti_sysbios_family_arm_v7r_vim_Hwi_E_alreadyDefined__C)
                  000123dc    00000004     mss_per4ft.oer4ft (.const:ti_sysbios_family_arm_v7r_vim_Hwi_E_badIntNum__C)
                  000123e0    00000004     mss_per4ft.oer4ft (.const:ti_sysbios_family_arm_v7r_vim_Hwi_E_phantomInterrupt__C)
                  000123e4    00000004     mss_per4ft.oer4ft (.const:ti_sysbios_family_arm_v7r_vim_Hwi_E_undefined__C)
                  000123e8    00000004     mss_per4ft.oer4ft (.const:ti_sysbios_family_arm_v7r_vim_Hwi_E_unsupportedMaskingOption__C)
                  000123ec    00000004     mss_per4ft.oer4ft (.const:ti_sysbios_family_arm_v7r_vim_Hwi_Module__diagsEnabled__C)
                  000123f0    00000004     mss_per4ft.oer4ft (.const:ti_sysbios_family_arm_v7r_vim_Hwi_Module__diagsIncluded__C)
                  000123f4    00000004     mss_per4ft.oer4ft (.const:ti_sysbios_family_arm_v7r_vim_Hwi_Module__diagsMask__C)
                  000123f8    00000004     mss_per4ft.oer4ft (.const:ti_sysbios_family_arm_v7r_vim_Hwi_NUM_INTERRUPTS__C)
                  000123fc    00000004     mss_per4ft.oer4ft (.const:ti_sysbios_family_arm_v7r_vim_Hwi_channelMap__C)
                  00012400    00000004     mss_per4ft.oer4ft (.const:ti_sysbios_family_arm_v7r_vim_Hwi_intReqEnaSet__C)
                  00012404    00000004     mss_per4ft.oer4ft (.const:ti_sysbios_family_arm_v7r_vim_Hwi_phantomFunc__C)
                  00012408    00000004     mss_per4ft.oer4ft (.const:ti_sysbios_family_arm_v7r_vim_Hwi_swiDisable__C)
                  0001240c    00000004     mss_per4ft.oer4ft (.const:ti_sysbios_family_arm_v7r_vim_Hwi_swiRestoreHwi__C)
                  00012410    00000004     mss_per4ft.oer4ft (.const:ti_sysbios_family_arm_v7r_vim_Hwi_taskDisable__C)
                  00012414    00000004     mss_per4ft.oer4ft (.const:ti_sysbios_family_arm_v7r_vim_Hwi_taskRestoreHwi__C)
                  00012418    00000004     mss_per4ft.oer4ft (.const:ti_sysbios_family_arm_v7r_vim_Hwi_wakeEnaSet__C)
                  0001241c    00000004     mss_per4ft.oer4ft (.const:ti_sysbios_gates_GateMutex_A_badContext__C)
                  00012420    00000004     mss_per4ft.oer4ft (.const:ti_sysbios_gates_GateMutex_Instance_State_sem__O)
                  00012424    00000004     mss_per4ft.oer4ft (.const:ti_sysbios_gates_GateMutex_Module__diagsEnabled__C)
                  00012428    00000004     mss_per4ft.oer4ft (.const:ti_sysbios_gates_GateMutex_Module__diagsIncluded__C)
                  0001242c    00000004     mss_per4ft.oer4ft (.const:ti_sysbios_gates_GateMutex_Module__diagsMask__C)
                  00012430    00000004     mss_per4ft.oer4ft (.const:ti_sysbios_hal_Hwi_E_stackOverflow__C)
                  00012434    00000004     mss_per4ft.oer4ft (.const:ti_sysbios_heaps_HeapBuf_Instance_State_freeList__O)
                  00012438    00000004     mss_per4ft.oer4ft (.const:ti_sysbios_heaps_HeapBuf_Object__count__C)
                  0001243c    00000004     mss_per4ft.oer4ft (.const:ti_sysbios_heaps_HeapBuf_numConstructedHeaps__C)
                  00012440    00000004     mss_per4ft.oer4ft (.const:ti_sysbios_heaps_HeapMem_A_align__C)
                  00012444    00000004     mss_per4ft.oer4ft (.const:ti_sysbios_heaps_HeapMem_A_heapSize__C)
                  00012448    00000004     mss_per4ft.oer4ft (.const:ti_sysbios_heaps_HeapMem_A_invalidFree__C)
                  0001244c    00000004     mss_per4ft.oer4ft (.const:ti_sysbios_heaps_HeapMem_A_zeroBlock__C)
                  00012450    00000004     mss_per4ft.oer4ft (.const:ti_sysbios_heaps_HeapMem_E_memory__C)
                  00012454    00000004     mss_per4ft.oer4ft (.const:ti_sysbios_heaps_HeapMem_Module__diagsEnabled__C)
                  00012458    00000004     mss_per4ft.oer4ft (.const:ti_sysbios_heaps_HeapMem_Module__diagsIncluded__C)
                  0001245c    00000004     mss_per4ft.oer4ft (.const:ti_sysbios_heaps_HeapMem_Module__diagsMask__C)
                  00012460    00000004     mss_per4ft.oer4ft (.const:ti_sysbios_heaps_HeapMem_Module__gateObj__C)
                  00012464    00000004     mss_per4ft.oer4ft (.const:ti_sysbios_heaps_HeapMem_Object__count__C)
                  00012468    00000004     mss_per4ft.oer4ft (.const:ti_sysbios_heaps_HeapMem_reqAlign__C)
                  0001246c    00000004     mss_per4ft.oer4ft (.const:ti_sysbios_knl_Clock_Module_State_clockQ__O)
                  00012470    00000004     mss_per4ft.oer4ft (.const:ti_sysbios_knl_Idle_funcList__A)
                  00012474    00000004     mss_per4ft.oer4ft (.const:ti_sysbios_knl_Semaphore_A_badContext__C)
                  00012478    00000004     mss_per4ft.oer4ft (.const:ti_sysbios_knl_Semaphore_A_noEvents__C)
                  0001247c    00000004     mss_per4ft.oer4ft (.const:ti_sysbios_knl_Semaphore_A_overflow__C)
                  00012480    00000004     mss_per4ft.oer4ft (.const:ti_sysbios_knl_Semaphore_A_pendTaskDisabled__C)
                  00012484    00000004     mss_per4ft.oer4ft (.const:ti_sysbios_knl_Semaphore_Instance_State_pendQ__O)
                  00012488    00000004     mss_per4ft.oer4ft (.const:ti_sysbios_knl_Semaphore_Module__diagsEnabled__C)
                  0001248c    00000004     mss_per4ft.oer4ft (.const:ti_sysbios_knl_Semaphore_Module__diagsIncluded__C)
                  00012490    00000004     mss_per4ft.oer4ft (.const:ti_sysbios_knl_Semaphore_Module__diagsMask__C)
                  00012494    00000004     mss_per4ft.oer4ft (.const:ti_sysbios_knl_Swi_Object__count__C)
                  00012498    00000004     mss_per4ft.oer4ft (.const:ti_sysbios_knl_Task_A_badPriority__C)
                  0001249c    00000004     mss_per4ft.oer4ft (.const:ti_sysbios_knl_Task_A_badTaskState__C)
                  000124a0    00000004     mss_per4ft.oer4ft (.const:ti_sysbios_knl_Task_A_badThreadType__C)
                  000124a4    00000004     mss_per4ft.oer4ft (.const:ti_sysbios_knl_Task_A_badTimeout__C)
                  000124a8    00000004     mss_per4ft.oer4ft (.const:ti_sysbios_knl_Task_A_noPendElem__C)
                  000124ac    00000004     mss_per4ft.oer4ft (.const:ti_sysbios_knl_Task_A_sleepTaskDisabled__C)
                  000124b0    00000004     mss_per4ft.oer4ft (.const:ti_sysbios_knl_Task_E_spOutOfBounds__C)
                  000124b4    00000004     mss_per4ft.oer4ft (.const:ti_sysbios_knl_Task_E_stackOverflow__C)
                  000124b8    00000004     mss_per4ft.oer4ft (.const:ti_sysbios_knl_Task_Module_State_inactiveQ__O)
                  000124bc    00000004     mss_per4ft.oer4ft (.const:ti_sysbios_knl_Task_Module__diagsEnabled__C)
                  000124c0    00000004     mss_per4ft.oer4ft (.const:ti_sysbios_knl_Task_Module__diagsIncluded__C)
                  000124c4    00000004     mss_per4ft.oer4ft (.const:ti_sysbios_knl_Task_Module__diagsMask__C)
                  000124c8    00000004     mss_per4ft.oer4ft (.const:ti_sysbios_knl_Task_Object__count__C)
                  000124cc    00000004     mss_per4ft.oer4ft (.const:ti_sysbios_knl_Task_allBlockedFunc__C)
                  000124d0    00000004     mss_per4ft.oer4ft (.const:ti_sysbios_knl_Task_defaultStackHeap__C)
                  000124d4    00000004     mss_per4ft.oer4ft (.const:ti_sysbios_knl_Task_defaultStackSize__C)
                  000124d8    00000004     mss_per4ft.oer4ft (.const:ti_sysbios_knl_Task_numConstructedTasks__C)
                  000124dc    00000004     mss_per4ft.oer4ft (.const:ti_sysbios_timers_rti_Timer_E_cannotSupport__C)
                  000124e0    00000004     mss_per4ft.oer4ft (.const:ti_sysbios_timers_rti_Timer_Module__diagsEnabled__C)
                  000124e4    00000004     mss_per4ft.oer4ft (.const:ti_sysbios_timers_rti_Timer_Module__diagsIncluded__C)
                  000124e8    00000004     mss_per4ft.oer4ft (.const:ti_sysbios_timers_rti_Timer_Module__diagsMask__C)
                  000124ec    00000004     mss_per4ft.oer4ft (.const:ti_sysbios_timers_rti_Timer_numTimerDevices__C)
                  000124f0    00000004     mss_per4ft.oer4ft (.const:ti_sysbios_timers_rti_Timer_startupNeeded__C)
                  000124f4    00000004     mss_per4ft.oer4ft (.const:xdc_runtime_Assert_E_assertFailed__C)
                  000124f8    00000004     mss_per4ft.oer4ft (.const:xdc_runtime_Core_A_initializedParams__C)
                  000124fc    00000004     mss_per4ft.oer4ft (.const:xdc_runtime_Core_Module__diagsEnabled__C)
                  00012500    00000004     mss_per4ft.oer4ft (.const:xdc_runtime_Core_Module__diagsIncluded__C)
                  00012504    00000004     mss_per4ft.oer4ft (.const:xdc_runtime_Core_Module__diagsMask__C)
                  00012508    00000004     mss_per4ft.oer4ft (.const:xdc_runtime_Error_E_memory__C)
                  0001250c    00000004     mss_per4ft.oer4ft (.const:xdc_runtime_Error_Module__diagsEnabled__C)
                  00012510    00000004     mss_per4ft.oer4ft (.const:xdc_runtime_Error_Module__diagsIncluded__C)
                  00012514    00000004     mss_per4ft.oer4ft (.const:xdc_runtime_Error_Module__diagsMask__C)
                  00012518    00000004     mss_per4ft.oer4ft (.const:xdc_runtime_Error_Module__loggerFxn8__C)
                  0001251c    00000004     mss_per4ft.oer4ft (.const:xdc_runtime_Error_Module__loggerObj__C)
                  00012520    00000004     mss_per4ft.oer4ft (.const:xdc_runtime_Error_policyFxn__C)
                  00012524    00000004     mss_per4ft.oer4ft (.const:xdc_runtime_Error_raiseHook__C)
                  00012528    00000004     mss_per4ft.oer4ft (.const:xdc_runtime_IGateProvider_Interface__BASE__C)
                  0001252c    00000004     mss_per4ft.oer4ft (.const:xdc_runtime_IHeap_Interface__BASE__C)
                  00012530    00000004     mss_per4ft.oer4ft (.const:xdc_runtime_IModule_Interface__BASE__C)
                  00012534    00000004     mss_per4ft.oer4ft (.const:xdc_runtime_Log_L_error__C)
                  00012538    00000004     mss_per4ft.oer4ft (.const:xdc_runtime_Memory_defaultHeapInstance__C)
                  0001253c    00000004     mss_per4ft.oer4ft (.const:xdc_runtime_Startup_execImpl__C)
                  00012540    00000004     mss_per4ft.oer4ft (.const:xdc_runtime_Startup_maxPasses__C)
                  00012544    00000004     mss_per4ft.oer4ft (.const:xdc_runtime_Startup_sfxnRts__C)
                  00012548    00000004     mss_per4ft.oer4ft (.const:xdc_runtime_Startup_sfxnTab__C)
                  0001254c    00000004     mss_per4ft.oer4ft (.const:xdc_runtime_System_Module__gateObj__C)
                  00012550    00000004     mss_per4ft.oer4ft (.const:xdc_runtime_System_abortFxn__C)
                  00012554    00000004     mss_per4ft.oer4ft (.const:xdc_runtime_System_exitFxn__C)
                  00012558    00000004     mss_per4ft.oer4ft (.const:xdc_runtime_System_extendFxn__C)
                  0001255c    00000004     mss_per4ft.oer4ft (.const:xdc_runtime_System_maxAtexitHandlers__C)
                  00012560    00000004     mss_per4ft.oer4ft (.const:xdc_runtime_Text_charTab__C)
                  00012564    00000004     mss_per4ft.oer4ft (.const:xdc_runtime_Text_nameEmpty__C)
                  00012568    00000004     mss_per4ft.oer4ft (.const:xdc_runtime_Text_nameStatic__C)
                  0001256c    00000004     mss_per4ft.oer4ft (.const:xdc_runtime_Text_nameUnknown__C)
                  00012570    00000004     mss_per4ft.oer4ft (.const:xdc_runtime_Text_nodeTab__C)
                  00012574    00000004     mss_per4ft.oer4ft (.const:xdc_runtime_Text_visitRopeFxn__C)
                  00012578    00000002     mss_per4ft.oer4ft (.const:ti_sysbios_family_arm_v7r_tms570_Core_Module__id__C)
                  0001257a    00000002     mss_per4ft.oer4ft (.const:ti_sysbios_family_arm_v7r_vim_Hwi_Module__id__C)
                  0001257c    00000002     mss_per4ft.oer4ft (.const:ti_sysbios_gates_GateMutex_Module__id__C)
                  0001257e    00000002     mss_per4ft.oer4ft (.const:ti_sysbios_hal_Hwi_Module__id__C)
                  00012580    00000002     mss_per4ft.oer4ft (.const:ti_sysbios_heaps_HeapMem_Module__id__C)
                  00012582    00000002     mss_per4ft.oer4ft (.const:ti_sysbios_knl_Semaphore_Module__id__C)
                  00012584    00000002     mss_per4ft.oer4ft (.const:ti_sysbios_knl_Task_Module__id__C)
                  00012586    00000002     mss_per4ft.oer4ft (.const:ti_sysbios_timers_rti_Timer_Module__id__C)
                  00012588    00000002     mss_per4ft.oer4ft (.const:ti_sysbios_timers_rti_Timer_continueOnSuspend__C)
                  0001258a    00000002     mss_per4ft.oer4ft (.const:xdc_runtime_Core_Module__id__C)
                  0001258c    00000002     mss_per4ft.oer4ft (.const:xdc_runtime_Error_Module__loggerDefined__C)
                  0001258e    00000002     mss_per4ft.oer4ft (.const:xdc_runtime_Error_maxDepth__C)
                  00012590    00000002     mss_per4ft.oer4ft (.const:xdc_runtime_Main_Module__id__C)
                  00012592    00000002     mss_per4ft.oer4ft (.const:xdc_runtime_Memory_Module__id__C)
                  00012594    00000002     mss_per4ft.oer4ft (.const:xdc_runtime_Text_charCnt__C)
                  00012596    00000002     mss_per4ft.oer4ft (.const:xdc_runtime_Text_isLoaded__C)
                  00012598    00000002     mss_per4ft.oer4ft (.const:xdc_runtime_Text_registryModsLastId__C)
                  0001259a    00000002     mss_per4ft.oer4ft (.const:xdc_runtime_Text_unnamedModsLastId__C)

.cinit     0    000125a0    000002e0     
                  000125a0    00000298     (.cinit..data.load) [load image, compression = lzss]
                  00012838    0000000c     (__TI_handler_table)
                  00012844    00000004     --HOLE-- [fill = 0]
                  00012848    00000008     (.cinit..MCPILogBuffer.load) [load image, compression = zero_init]
                  00012850    00000008     (.cinit..bss.load) [load image, compression = zero_init]
                  00012858    00000008     (.cinit..l3ram.load) [load image, compression = zero_init]
                  00012860    00000020     (__TI_cinit_table)

.bss       0    08000000    00005cb8     UNINITIALIZED
                  08000000    00004000     (.common:ti_sysbios_heaps_HeapMem_Instance_State_0_buf__A)
                  08004000    00001000     (.common:ti_sysbios_family_arm_exc_Exception_Module_State_0_excStack_0__A)
                  08005000    00000400     mss_per4ft.oer4ft (.bss:taskStackSection)
                  08005400    00000400     (.common:ti_sysbios_family_arm_v7r_vim_Hwi_Module_State_0_fiqStack__A)
                  08005800    0000027c     libedma_xwr14xx.aer4f : edma.oer4f (.bss:$O1$$)
                  08005a7c    00000120     rtsv7R4_T_le_v3D16_eabi.lib : trgmsg.obj (.bss:_CIOBUF_)
                  08005b9c    000000a0     (.common:__TI_tmpnams)
                  08005c3c    00000070     (.common:gEsmMCB)
                  08005cac    00000008     (.common:parmbuf)
                  08005cb4    00000004     (.common:gHWADriverPtr)

.MCPILogBuffer 
*          0    08005cb8    00002400     UNINITIALIZED
                  08005cb8    00002400     main.oer4f (.MCPILogBuffer)

.data      0    080080b8    00001204     UNINITIALIZED
                  080080b8    00000970     main.oer4f (.data:$O1$$)
                  08008a28    00000200     mss_per4ft.oer4ft (.data:ti_sysbios_family_arm_v7r_vim_Hwi_Module_State_0_dispatchTable__A)
                  08008c28    000000f0     rtsv7R4_T_le_v3D16_eabi.lib : defs.obj (.data:_ftable)
                  08008d18    00000080     mss_per4ft.oer4ft (.data:ti_sysbios_knl_Swi_Module_State_0_readyQ__A)
                  08008d98    00000080     mss_per4ft.oer4ft (.data:ti_sysbios_knl_Task_Module_State_0_readyQ__A)
                  08008e18    00000078     rtsv7R4_T_le_v3D16_eabi.lib : write.obj (.data:_device)
                  08008e90    00000050                                 : write.obj (.data:_stream)
                  08008ee0    0000004c     mss_per4ft.oer4ft (.data:ti_sysbios_knl_Task_Object__table__V)
                  08008f2c    00000044     mss_per4ft.oer4ft (.data:ti_sysbios_knl_Task_Module__state__V)
                  08008f70    00000038     mss_per4ft.oer4ft (.data:ti_sysbios_gates_GateMutex_Object__table__V)
                  08008fa8    00000038     mss_per4ft.oer4ft (.data:ti_sysbios_timers_rti_Timer_Object__table__V)
                  08008fe0    00000034     mss_per4ft.oer4ft (.data:ti_sysbios_family_arm_v7r_vim_Hwi_Module__state__V)
                  08009014    00000030     mss_per4ft.oer4ft (.data:ti_sysbios_knl_Swi_Object__table__V)
                  08009044    0000002c     mss_per4ft.oer4ft (.data:ti_sysbios_family_arm_v7r_vim_Hwi_Object__table__V)
                  08009070    0000002c     mss_per4ft.oer4ft (.data:ti_sysbios_knl_Clock_Module__state__V)
                  0800909c    00000024     libsoc_xwr14xx.aer4f : soc_xwr14xx.oer4f (.data:SOC_TranslateAddr_LUT)
                  080090c0    00000024     libhwa_xwr14xx.aer4f : hwa_xwr14xx.oer4f (.data:gHWAHwCfg)
                  080090e4    00000024     mss_per4ft.oer4ft (.data:ti_sysbios_BIOS_Module__state__V)
                  08009108    00000020     mss_per4ft.oer4ft (.data:xdc_runtime_Error_IgnoreBlock)
                  08009128    00000020     mss_per4ft.oer4ft (.data:xdc_runtime_System_Module_State_0_atexitHandlers__A)
                  08009148    0000001c     mss_per4ft.oer4ft (.data:ti_sysbios_knl_Swi_Module__state__V)
                  08009164    00000018     mss_per4ft.oer4ft (.data:ti_sysbios_heaps_HeapMem_Object__table__V)
                  0800917c    00000018     mss_per4ft.oer4ft (.data:ti_sysbios_timers_rti_Timer_Module_State_0_device__A)
                  08009194    00000014     mss_per4ft.oer4ft (.data:ti_sysbios_family_arm_exc_Exception_Module__state__V)
                  080091a8    00000010     gen_frame_data.oer4f (.data:$O1$$)
                  080091b8    00000010     libsoc_xwr14xx.aer4f : soc_xwr14xx.oer4f (.data:gSOCHwAttrib)
                  080091c8    00000010     rtsv7R4_T_le_v3D16_eabi.lib : defs.obj (.data)
                  080091d8    00000010     mss_per4ft.oer4ft (.data:ti_sysbios_timers_rti_Timer_Module_State_0_intFreqs__A)
                  080091e8    00000010     mss_per4ft.oer4ft (.data:ti_sysbios_timers_rti_Timer_Module__state__V)
                  080091f8    0000000c     libtestlogger_xwr14xx.aer4f : logger.oer4f (.data:$O1$$)
                  08009204    0000000c     rtsv7R4_T_le_v3D16_eabi.lib : exit.obj (.data:$O1$$)
                  08009210    0000000c     libesm_xwr14xx.aer4f : esm_xwr1xxx.oer4f (.data:gESMHwCfgAttrs)
                  0800921c    00000008     rtsv7R4_T_le_v3D16_eabi.lib : _lock.obj (.data:$O1$$)
                  08009224    00000008     mss_per4ft.oer4ft (.data:ti_sysbios_family_arm_v7r_vim_Hwi_Module__root__V)
[...]
000121d0  ti_sysbios_heaps_HeapMem_Object__PARAMS__C                           
000121f4  ti_sysbios_knl_Semaphore_Object__PARAMS__C                           
00012218  ti_sysbios_family_arm_v7r_vim_Hwi_Object__DESC__C                    
00012238  ti_sysbios_gates_GateHwi_Object__DESC__C                             
00012258  ti_sysbios_gates_GateMutex_Object__DESC__C                           
00012278  ti_sysbios_heaps_HeapMem_Object__DESC__C                             
00012298  ti_sysbios_knl_Queue_Object__DESC__C                                 
000122b8  ti_sysbios_knl_Semaphore_Object__DESC__C                             
000122d8  ti_sysbios_knl_Task_Object__DESC__C                                  
000122f8  gEdmaHwAttrs                                                         
00012314  ti_sysbios_gates_GateHwi_Object__PARAMS__C                           
0001232c  ti_sysbios_gates_GateMutex_Object__PARAMS__C                         
00012344  ti_sysbios_knl_Queue_Object__PARAMS__C                               
0001235c  xdc_runtime_Startup_sfxnRts__A                                       
00012370  ti_sysbios_family_arm_v7r_vim_Hwi_intReqEnaSet__A                    
00012380  ti_sysbios_family_arm_v7r_vim_Hwi_wakeEnaSet__A                      
00012398  ti_sysbios_knl_Idle_funcList__C                                      
000123a0  xdc_runtime_Startup_firstFxns__A                                     
000123a8  xdc_runtime_Startup_firstFxns__C                                     
000123b0  xdc_runtime_Startup_lastFxns__C                                      
000123b8  ti_sysbios_family_arm_exc_Exception_E_prefetchAbort__C               
000123bc  ti_sysbios_family_arm_exc_Exception_E_swi__C                         
000123c0  ti_sysbios_family_arm_exc_Exception_E_undefinedInstruction__C        
000123c4  ti_sysbios_family_arm_exc_Exception_excHookFuncs__A                  
000123c8  ti_sysbios_family_arm_exc_Exception_excHookFuncs__C                  
000123cc  ti_sysbios_family_arm_v7r_tms570_Core_E_mismatchedIds__C             
000123d0  ti_sysbios_family_arm_v7r_tms570_Core_id__C                          
000123d4  ti_sysbios_family_arm_v7r_vim_Hwi_A_badChannelId__C                  
000123d8  ti_sysbios_family_arm_v7r_vim_Hwi_E_alreadyDefined__C                
000123dc  ti_sysbios_family_arm_v7r_vim_Hwi_E_badIntNum__C                     
000123e0  ti_sysbios_family_arm_v7r_vim_Hwi_E_phantomInterrupt__C              
000123e4  ti_sysbios_family_arm_v7r_vim_Hwi_E_undefined__C                     
000123e8  ti_sysbios_family_arm_v7r_vim_Hwi_E_unsupportedMaskingOption__C      
000123ec  ti_sysbios_family_arm_v7r_vim_Hwi_Module__diagsEnabled__C            
000123f0  ti_sysbios_family_arm_v7r_vim_Hwi_Module__diagsIncluded__C           
000123f4  ti_sysbios_family_arm_v7r_vim_Hwi_Module__diagsMask__C               
000123f8  ti_sysbios_family_arm_v7r_vim_Hwi_NUM_INTERRUPTS__C                  
000123fc  ti_sysbios_family_arm_v7r_vim_Hwi_channelMap__C                      
00012400  ti_sysbios_family_arm_v7r_vim_Hwi_intReqEnaSet__C                    
00012404  ti_sysbios_family_arm_v7r_vim_Hwi_phantomFunc__C                     
00012408  ti_sysbios_family_arm_v7r_vim_Hwi_swiDisable__C                      
0001240c  ti_sysbios_family_arm_v7r_vim_Hwi_swiRestoreHwi__C                   
00012410  ti_sysbios_family_arm_v7r_vim_Hwi_taskDisable__C                     
00012414  ti_sysbios_family_arm_v7r_vim_Hwi_taskRestoreHwi__C                  
00012418  ti_sysbios_family_arm_v7r_vim_Hwi_wakeEnaSet__C                      
0001241c  ti_sysbios_gates_GateMutex_A_badContext__C                           
00012420  ti_sysbios_gates_GateMutex_Instance_State_sem__O                     
00012424  ti_sysbios_gates_GateMutex_Module__diagsEnabled__C                   
00012428  ti_sysbios_gates_GateMutex_Module__diagsIncluded__C                  
0001242c  ti_sysbios_gates_GateMutex_Module__diagsMask__C                      
00012430  ti_sysbios_hal_Hwi_E_stackOverflow__C                                
00012434  ti_sysbios_heaps_HeapBuf_Instance_State_freeList__O                  
00012438  ti_sysbios_heaps_HeapBuf_Object__count__C                            
0001243c  ti_sysbios_heaps_HeapBuf_numConstructedHeaps__C                      
00012440  ti_sysbios_heaps_HeapMem_A_align__C                                  
00012444  ti_sysbios_heaps_HeapMem_A_heapSize__C                               
00012448  ti_sysbios_heaps_HeapMem_A_invalidFree__C                            
0001244c  ti_sysbios_heaps_HeapMem_A_zeroBlock__C                              
00012450  ti_sysbios_heaps_HeapMem_E_memory__C                                 
00012454  ti_sysbios_heaps_HeapMem_Module__diagsEnabled__C                     
00012458  ti_sysbios_heaps_HeapMem_Module__diagsIncluded__C                    
0001245c  ti_sysbios_heaps_HeapMem_Module__diagsMask__C                        
00012460  ti_sysbios_heaps_HeapMem_Module__gateObj__C                          
00012464  ti_sysbios_heaps_HeapMem_Object__count__C                            
00012468  ti_sysbios_heaps_HeapMem_reqAlign__C                                 
0001246c  ti_sysbios_knl_Clock_Module_State_clockQ__O                          
00012470  ti_sysbios_knl_Idle_funcList__A                                      
00012474  ti_sysbios_knl_Semaphore_A_badContext__C                             
00012478  ti_sysbios_knl_Semaphore_A_noEvents__C                               
0001247c  ti_sysbios_knl_Semaphore_A_overflow__C                               
00012480  ti_sysbios_knl_Semaphore_A_pendTaskDisabled__C                       
00012484  ti_sysbios_knl_Semaphore_Instance_State_pendQ__O                     
00012488  ti_sysbios_knl_Semaphore_Module__diagsEnabled__C                     
0001248c  ti_sysbios_knl_Semaphore_Module__diagsIncluded__C                    
00012490  ti_sysbios_knl_Semaphore_Module__diagsMask__C                        
00012494  ti_sysbios_knl_Swi_Object__count__C                                  
00012498  ti_sysbios_knl_Task_A_badPriority__C                                 
0001249c  ti_sysbios_knl_Task_A_badTaskState__C                                
000124a0  ti_sysbios_knl_Task_A_badThreadType__C                               
000124a4  ti_sysbios_knl_Task_A_badTimeout__C                                  
000124a8  ti_sysbios_knl_Task_A_noPendElem__C                                  
000124ac  ti_sysbios_knl_Task_A_sleepTaskDisabled__C                           
000124b0  ti_sysbios_knl_Task_E_spOutOfBounds__C                               
000124b4  ti_sysbios_knl_Task_E_stackOverflow__C                               
000124b8  ti_sysbios_knl_Task_Module_State_inactiveQ__O                        
000124bc  ti_sysbios_knl_Task_Module__diagsEnabled__C                          
000124c0  ti_sysbios_knl_Task_Module__diagsIncluded__C                         
000124c4  ti_sysbios_knl_Task_Module__diagsMask__C                             
000124c8  ti_sysbios_knl_Task_Object__count__C                                 
000124cc  ti_sysbios_knl_Task_allBlockedFunc__C                                
000124d0  ti_sysbios_knl_Task_defaultStackHeap__C                              
000124d4  ti_sysbios_knl_Task_defaultStackSize__C                              
000124d8  ti_sysbios_knl_Task_numConstructedTasks__C                           
000124dc  ti_sysbios_timers_rti_Timer_E_cannotSupport__C                       
000124e0  ti_sysbios_timers_rti_Timer_Module__diagsEnabled__C                  
000124e4  ti_sysbios_timers_rti_Timer_Module__diagsIncluded__C                 
000124e8  ti_sysbios_timers_rti_Timer_Module__diagsMask__C                     
000124ec  ti_sysbios_timers_rti_Timer_numTimerDevices__C                       
000124f0  ti_sysbios_timers_rti_Timer_startupNeeded__C                         
000124f4  xdc_runtime_Assert_E_assertFailed__C                                 
000124f8  xdc_runtime_Core_A_initializedParams__C                              
000124fc  xdc_runtime_Core_Module__diagsEnabled__C                             
00012500  xdc_runtime_Core_Module__diagsIncluded__C                            
00012504  xdc_runtime_Core_Module__diagsMask__C                                
00012508  xdc_runtime_Error_E_memory__C                                        
0001250c  xdc_runtime_Error_Module__diagsEnabled__C                            
00012510  xdc_runtime_Error_Module__diagsIncluded__C                           
00012514  xdc_runtime_Error_Module__diagsMask__C                               
00012518  xdc_runtime_Error_Module__loggerFxn8__C                              
0001251c  xdc_runtime_Error_Module__loggerObj__C                               
00012520  xdc_runtime_Error_policyFxn__C                                       
00012524  xdc_runtime_Error_raiseHook__C                                       
00012528  xdc_runtime_IGateProvider_Interface__BASE__C                         
0001252c  xdc_runtime_IHeap_Interface__BASE__C                                 
00012530  xdc_runtime_IModule_Interface__BASE__C                               
00012534  xdc_runtime_Log_L_error__C                                           
00012538  xdc_runtime_Memory_defaultHeapInstance__C                            
0001253c  xdc_runtime_Startup_execImpl__C                                      
00012540  xdc_runtime_Startup_maxPasses__C                                     
00012544  xdc_runtime_Startup_sfxnRts__C                                       
00012548  xdc_runtime_Startup_sfxnTab__C                                       
0001254c  xdc_runtime_System_Module__gateObj__C                                
00012550  xdc_runtime_System_abortFxn__C                                       
00012554  xdc_runtime_System_exitFxn__C                                        
00012558  xdc_runtime_System_extendFxn__C                                      
0001255c  xdc_runtime_System_maxAtexitHandlers__C                              
00012560  xdc_runtime_Text_charTab__C                                          
00012564  xdc_runtime_Text_nameEmpty__C                                        
00012568  xdc_runtime_Text_nameStatic__C                                       
0001256c  xdc_runtime_Text_nameUnknown__C                                      
00012570  xdc_runtime_Text_nodeTab__C                                          
00012574  xdc_runtime_Text_visitRopeFxn__C                                     
00012578  ti_sysbios_family_arm_v7r_tms570_Core_Module__id__C                  
0001257a  ti_sysbios_family_arm_v7r_vim_Hwi_Module__id__C                      
0001257c  ti_sysbios_gates_GateMutex_Module__id__C                             
0001257e  ti_sysbios_hal_Hwi_Module__id__C                                     
00012580  ti_sysbios_heaps_HeapMem_Module__id__C                               
00012582  ti_sysbios_knl_Semaphore_Module__id__C                               
00012584  ti_sysbios_knl_Task_Module__id__C                                    
00012586  ti_sysbios_timers_rti_Timer_Module__id__C                            
00012588  ti_sysbios_timers_rti_Timer_continueOnSuspend__C                     
0001258a  xdc_runtime_Core_Module__id__C                                       
0001258c  xdc_runtime_Error_Module__loggerDefined__C                           
0001258e  xdc_runtime_Error_maxDepth__C                                        
00012590  xdc_runtime_Main_Module__id__C                                       
00012592  xdc_runtime_Memory_Module__id__C                                     
00012594  xdc_runtime_Text_charCnt__C                                          
00012596  xdc_runtime_Text_isLoaded__C                                         
00012598  xdc_runtime_Text_registryModsLastId__C                               
0001259a  xdc_runtime_Text_unnamedModsLastId__C                                
00012838  __TI_Handler_Table_Base                                              
00012844  __TI_Handler_Table_Limit                                             
00012860  __TI_CINIT_Base                                                      
00012880  __TI_CINIT_Limit                                                     
08000000  ti_sysbios_heaps_HeapMem_Instance_State_0_buf__A                     
08004000  ti_sysbios_family_arm_exc_Exception_Module_State_0_excStack_0__A     
08005000  ti_sysbios_knl_Task_Instance_State_0_stack__A                        
08005400  ti_sysbios_family_arm_v7r_vim_Hwi_Module_State_0_fiqStack__A         
08005800  edmaDbg                                                              
08005a7c  __CIOBUF_                                                            
08005b9c  __TI_tmpnams                                                         
08005c3c  gEsmMCB                                                              
08005cac  parmbuf                                                              
08005cb4  gHWADriverPtr                                                        
08005cb8  MCPI_logMessage                                                      
080080b8  gReadTestConfigFromBinFile                                           
080080bc  socHandle                                                            
080080c0  gMmwL3heap                                                           
080080cc  gCliCfg                                                              
080080fc  gFrameConfig                                                         
0800816c  gCliCommonCfg                                                        
08008230  gGenFrameDataObj                                                     
08008374  gDataPathObj                                                         
08008a28  ti_sysbios_family_arm_v7r_vim_Hwi_Module_State_0_dispatchTable__A    
08008c28  _ftable                                                              
08008d18  ti_sysbios_knl_Swi_Module_State_0_readyQ__A                          
08008d98  ti_sysbios_knl_Task_Module_State_0_readyQ__A                         
08008e18  _device                                                              
08008e90  _stream                                                              
08008ee0  ti_sysbios_knl_Task_Object__table__V                                 
08008f2c  ti_sysbios_knl_Task_Module__state__V                                 
08008f70  ti_sysbios_gates_GateMutex_Object__table__V                          
08008fa8  ti_sysbios_timers_rti_Timer_Object__table__V                         
08008fe0  ti_sysbios_family_arm_v7r_vim_Hwi_Module__state__V                   
08009014  ti_sysbios_knl_Swi_Object__table__V                                  
08009044  ti_sysbios_family_arm_v7r_vim_Hwi_Object__table__V                   
08009070  ti_sysbios_knl_Clock_Module__state__V                                
0800909c  SOC_TranslateAddr_LUT                                                
080090c0  gHWAHwCfg                                                            
080090e4  ti_sysbios_BIOS_Module__state__V                                     
08009108  xdc_runtime_Error_IgnoreBlock                                        
08009128  xdc_runtime_System_Module_State_0_atexitHandlers__A                  
08009148  ti_sysbios_knl_Swi_Module__state__V                                  
08009164  ti_sysbios_heaps_HeapMem_Object__table__V                            
0800917c  ti_sysbios_timers_rti_Timer_Module_State_0_device__A                 
08009194  ti_sysbios_family_arm_exc_Exception_Module__state__V                 
080091b8  gSOCHwAttrib                                                         
080091c8  __TI_ft_end                                                          
080091cc  __aeabi_stdin                                                        
080091d0  __aeabi_stdout                                                       
080091d4  __aeabi_stderr                                                       
080091d8  ti_sysbios_timers_rti_Timer_Module_State_0_intFreqs__A               
080091e8  ti_sysbios_timers_rti_Timer_Module__state__V                         
080091f8  MCPI_Result                                                          
080091fc  MCPI_FailSignature                                                   
08009204  __TI_cleanup_ptr                                                     
08009208  __TI_dtors_ptr                                                       
0800920c  __TI_enable_exit_profile_output                                      
08009210  gESMHwCfgAttrs                                                       
0800921c  _lock                                                                
08009220  _unlock                                                              
08009224  ti_sysbios_family_arm_v7r_vim_Hwi_Module__root__V                    
0800922c  ti_sysbios_gates_GateHwi_Module__root__V                             
08009234  ti_sysbios_gates_GateMutex_Module__root__V                           
0800923c  ti_sysbios_hal_Hwi_Object__table__V                                  
08009244  ti_sysbios_heaps_HeapMem_Module__root__V                             
0800924c  ti_sysbios_knl_Queue_Module__root__V                                 
08009254  ti_sysbios_knl_Semaphore_Module__root__V                             
0800925c  ti_sysbios_knl_Task_Module__root__V                                  
08009264  ti_sysbios_timers_rti_Timer_Module_State_0_handles__A                
0800926c  xdc_runtime_Registry_Module__state__V                                
08009274  xdc_runtime_Startup_Module__state__V                                 
0800927c  xdc_runtime_System_Module__state__V                                  
08009284  regionId                                                             
08009288  gMCPILogMessageSize                                                  
0800928c  errno                                                                
08009298  main_func_sp                                                         
0800929c  ti_sysbios_family_arm_exc_Exception_Module_State_0_excContext__A     
080092a0  ti_sysbios_family_arm_exc_Exception_Module_State_0_excStackBuffers__A
080092a4  ti_sysbios_family_arm_exc_Exception_Module_State_0_excStack__A       
080092a8  ti_sysbios_gates_GateHwi_Object__table__V                            
080092ac  ti_sysbios_heaps_HeapBuf_Module__state__V                            
080092b0  ti_sysbios_knl_Task_Module_State_0_idleTask__A                       
080092b4  xdc_runtime_Memory_Module__state__V                                  
080092b8  ti_sysbios_family_arm_exc_Exception_Module_State_0_excActive__A      
080092ba  xdc_runtime_Error_Module__state__V                                   
080092bc  __stack                                                              
0800a2bc  __STACK_END                                                          
51020000  gMmwL3                                                               
52030000  gMmwHwaMemBuf                                                        
fffffdec  ti_sysbios_family_arm_v7r_vim_Hwi_vim                                
ffffffff  __TI_pprof_out_hndl                                                  
ffffffff  __TI_prof_data_size                                                  
ffffffff  __TI_prof_data_start                                                 
ffffffff  __binit__                                                            
ffffffff  __c_args__                                                           
ffffffff  binit                                                                
UNDEFED   SHT$$INIT_ARRAY$$Base                                                
UNDEFED   SHT$$INIT_ARRAY$$Limit                                               

[795 symbols]
