******************************************************************************
                  TI ARM Linker Unix v16.9.6                   
******************************************************************************
>> Linked Wed Mar  7 22:43:19 2018

OUTPUT FILE NAME:   <test/xwr14xx/xwr14xx_qspi_mss.xer4f>
ENTRY POINT SYMBOL: "_c_int00"  address: 000063b4


MEMORY CONFIGURATION

         name            origin    length      used     unused   attr    fill
----------------------  --------  ---------  --------  --------  ----  --------
PAGE 0:
  VECTORS               00000000   00000100  0000003c  000000c4     X
  PROG_RAM              00000100   0001ff00  0000a933  000155cd  R  X
  DATA_RAM              08000000   00010000  0000fe98  00000168  RW  
  L3_RAM                51020000   00040000  00000000  00040000  RW  
  HWA_RAM               52030000   00010000  00000000  00010000  RW  

PAGE 1:
  L3_RAM                51020000   00040000  00000000  00040000  RW  


SEGMENT ALLOCATION MAP

run origin  load origin   length   init length attrs members
----------  ----------- ---------- ----------- ----- -------
00000000    00000000    0000003c   0000003c    r--
  00000000    00000000    0000003c   0000003c    r-- .vecs
00000100    00000100    00008422   00008422    r-x
  00000100    00000100    00008422   00008422    r-x .text
00008530    00008530    00002518   00002518    r--
  00008530    00008530    000022a9   000022a9    r-- .const
  0000a7e0    0000a7e0    00000268   00000268    r-- .cinit
08000000    08000000    0000fe98   00000000    rw-
  08000000    08000000    0000a000   00000000    rw- systemHeap
  0800a000    0800a000    00002400   00000000    rw- .MCPILogBuffer
  0800c400    0800c400    00002238   00000000    rw- .bss
  0800e638    0800e638    00001000   00000000    rw- .stack
  0800f638    0800f638    00000860   00000000    rw- .data


SECTION ALLOCATION MAP

 output                                  attributes/
section   page    origin      length       input sections
--------  ----  ----------  ----------   ----------------
.vecs      0    00000000    0000003c     
                  00000000    0000003c     mss_per4ft.oer4ft (.vecs)

xdc.meta   0    00000000    00000105     COPY SECTION
                  00000000    00000105     mss_per4ft.oer4ft (xdc.meta)

.text      0    00000100    00008422     
                  00000100    0000107a     rtsv7R4_T_le_v3D16_eabi.lib : _printfi.obj (.text)
                  0000117a    00000002     qspi.oer4f (.text:QSPI_init)
                  0000117c    00000490     main.oer4f (.text:Test_initTask)
                  0000160c    0000034c     ti.targets.arm.rtsarm.aer4ft : System.oer4ft (.text:xdc_runtime_System_doPrint__I)
                  00001958    00000008     libosal_xwr14xx.aer4f : HwiP_tirtos.oer4f (.text:HwiP_disable)
                  00001960    00000318     sysbios.aer4ft : BIOS.obj (.text:ti_sysbios_knl_Semaphore_pend__E)
                  00001c78    000002b8     rtsv7R4_T_le_v3D16_eabi.lib : ull_div32.obj (.text)
                  00001f30    00000280     sysbios.aer4ft : BIOS.obj (.text:ti_sysbios_family_arm_exc_Exception_excDumpContext__I)
                  000021b0    0000025c                    : BIOS.obj (.text:ti_sysbios_knl_Task_Instance_finalize__E)
                  0000240c    00000004     libosal_xwr14xx.aer4f : HwiP_tirtos.oer4f (.text:HwiP_disableInterrupt)
                  00002410    00000250     sysbios.aer4ft : BIOS.obj (.text:ti_sysbios_heaps_HeapMem_freeUnprotected__E)
                  00002660    0000021c     libsoc_xwr14xx.aer4f : soc_xwr14xx.oer4f (.text:SOC_deviceInit)
                  0000287c    00000004     mss_per4ft.oer4ft (.text:ti_sysbios_BIOS_RtsGateProxy_enter__E)
                  00002880    0000020c     sysbios.aer4ft : BIOS.obj (.text:ti_sysbios_heaps_HeapMem_allocUnprotected__E)
                  00002a8c    00000004     mss_per4ft.oer4ft (.text:ti_sysbios_BIOS_RtsGateProxy_leave__E)
                  00002a90    000001dc     sysbios.aer4ft : BIOS.obj (.text:ti_sysbios_family_arm_v7r_vim_Hwi_dispatchIRQC__I)
                  00002c6c    00000004     mss_per4ft.oer4ft (.text:ti_sysbios_family_arm_TaskSupport_Module__startupDone__S)
                  00002c70    000001dc     sysbios.aer4ft : BIOS.obj (.text:ti_sysbios_knl_Task_Module_startup__E)
                  00002e4c    000001d4     mss_per4ft.oer4ft (.text:xdc_runtime_System_printfExtend__I)
                  00003020    000001d0     sysbios.aer4ft : BIOS.obj (.text:ti_sysbios_timers_rti_Timer_Module_startup__E)
                  000031f0    000001c8     rtsv7R4_T_le_v3D16_eabi.lib : fopen.obj (.text)
                  000033b8    00000006     libosal_xwr14xx.aer4f : HwiP_tirtos.oer4f (.text:HwiP_restore)
                  000033be    00000002     rtsv7R4_T_le_v3D16_eabi.lib : i_div0.obj (.text)
                  000033c0    000001bc     sysbios.aer4ft : BIOS.obj (.text:ti_sysbios_knl_Task_Instance_init__E)
                  0000357c    00000004     mss_per4ft.oer4ft (.text:ti_sysbios_heaps_HeapMem_Module_GateProxy_enter__E)
                  00003580    00000170     sysbios.aer4ft : BIOS.obj (.text:ti_sysbios_family_arm_exc_Exception_excHandler__I)
                  000036f0    00000168     qspi.oer4f (.text:QSPI_open)
                  00003858    00000006     ti.targets.arm.rtsarm.aer4ft : System.oer4ft (.text:xdc_runtime_System_Module_startup__E)
                  0000385e    00000002     mss_per4ft.oer4ft (.text:ti_sysbios_BIOS_nullFunc__I)
                  00003860    0000015c     sysbios.aer4ft : BIOS.obj (.text:ti_sysbios_family_arm_v7r_vim_Hwi_reconfig__E)
                  000039bc    00000148     main.oer4f (.text:main)
                  00003b04    0000000c     sysbios.aer4ft : arm_IntrinsicsSupport_asm.obj (.text:_ti_sysbios_family_arm_IntrinsicsSupport_maxbitA)
                  00003b10    00000148                    : BIOS.obj (.text:ti_sysbios_knl_Semaphore_post__E)
                  00003c58    00000004     mss_per4ft.oer4ft (.text:ti_sysbios_heaps_HeapMem_Module_GateProxy_leave__E)
                  00003c5c    00000004     mss_per4ft.oer4ft (.text:ti_sysbios_knl_Clock_TimerProxy_getMaxTicks__E)
                  00003c60    00000140     sysbios.aer4ft : BIOS.obj (.text:ti_sysbios_heaps_HeapMem_Instance_init__E)
                  00003da0    00000138     rtsv7R4_T_le_v3D16_eabi.lib : fputs.obj (.text)
                  00003ed8    00000004     ti.targets.arm.rtsarm.aer4ft : Error.oer4ft (.text:xdc_runtime_Error_getSite__E)
                  00003edc    00000004                                  : SysStd.oer4ft (.text:xdc_runtime_SysStd_putch__E)
                  00003ee0    00000138     sysbios.aer4ft : BIOS.obj (.text:ti_sysbios_knl_Clock_workFunc__E)
                  00004018    0000012c     ti.targets.arm.rtsarm.aer4ft : Error.oer4ft (.text:xdc_runtime_Error_policyDefault__E)
                  00004144    00000120     libtestlogger_xwr14xx.aer4f : logger.oer4f (.text:MCPI_setFeatureTestResult)
                  00004264    0000000c     rtsv7R4_T_le_v3D16_eabi.lib : copy_zero_init.obj (.text:decompress:ZI)
                  00004270    00000114     sysbios.aer4ft : BIOS.obj (.text:ti_sysbios_family_arm_v7r_vim_Hwi_Instance_init__E)
                  00004384    0000000c     mss_per4ft.oer4ft (.text:ti_sysbios_knl_Queue_Object__get__S)
                  00004390    00000114     sysbios.aer4ft : BIOS.obj (.text:ti_sysbios_knl_Swi_run__I)
                  000044a4    000000f8     ti.targets.arm.rtsarm.aer4ft : Startup.oer4ft (.text:xdc_runtime_Startup_startMods__I)
                  0000459c    000000ec     rtsv7R4_T_le_v3D16_eabi.lib : s_scalbn.obj (.text)
                  00004688    00000004     ti.targets.arm.rtsarm.aer4ft : SysStd.oer4ft (.text:xdc_runtime_SysStd_ready__E)
                  0000468c    00000004     mss_per4ft.oer4ft (.text:xdc_runtime_System_Module_GateProxy_enter__E)
                  00004690    000000ec     sysbios.aer4ft : BIOS.obj (.text:ti_sysbios_family_arm_v7r_vim_Hwi_Module_startup__E)
                  0000477c    00000004     mss_per4ft.oer4ft (.text:xdc_runtime_System_Module_GateProxy_leave__E)
                  00004780    000000ec     sysbios.aer4ft : BIOS.obj (.text:ti_sysbios_heaps_HeapBuf_Module_startup__E)
                  0000486c    000000e8     ti.targets.arm.rtsarm.aer4ft : Core-mem.oer4ft (.text:xdc_runtime_Core_createObject__I)
                  00004954    000000dc     rtsv7R4_T_le_v3D16_eabi.lib : setvbuf.obj (.text)
                  00004a30    000000d4     libsoc_xwr14xx.aer4f : soc_xwr14xx.oer4f (.text:SOC_setPeripheralClock)
                  00004b04    0000000c     ti.targets.arm.rtsarm.aer4ft : Gate.oer4ft (.text:xdc_runtime_Gate_enterSystem__E)
                  00004b10    000000d4     sysbios.aer4ft : BIOS.obj (.text:ti_sysbios_knl_Task_schedule__I)
                  00004be4    000000d0                    : exc_Exception_asm.obj (.text:ti_sysbios_family_arm_exc_Exception_excHandlerAsm__I)
                  00004cb4    0000000c     ti.targets.arm.rtsarm.aer4ft : Memory.oer4ft (.text:xdc_runtime_Memory_calloc__E)
                  00004cc0    000000d0     sysbios.aer4ft : BIOS.obj (.text:ti_sysbios_knl_Task_exit__E)
                  00004d90    000000d0     ti.targets.arm.rtsarm.aer4ft : Core-smem.oer4ft (.text:xdc_runtime_Core_constructObject__I)
                  00004e60    000000cc     rtsv7R4_T_le_v3D16_eabi.lib : fflush.obj (.text)
                  00004f2c    00000004     ti.targets.arm.rtsarm.aer4ft : System.oer4ft (.text:xdc_runtime_System_aprintf_va__F)
                  00004f30    000000c4     sysbios.aer4ft : BIOS.obj (.text:ti_sysbios_timers_rti_Timer_getFreq__E)
                  00004ff4    0000000c     ti.targets.arm.rtsarm.aer4ft : Memory.oer4ft (.text:xdc_runtime_Memory_getMaxDefaultTypeAlign__E)
                  00005000    000000c0     sysbios.aer4ft : BIOS.obj (.text:ti_sysbios_timers_rti_Timer_startup__E)
                  000050c0    000000bc     rtsv7R4_T_le_v3D16_eabi.lib : open.obj (.text)
                  0000517c    00000004     ti.targets.arm.rtsarm.aer4ft : System.oer4ft (.text:xdc_runtime_System_printf_va__F)
                  00005180    000000b8     sysbios.aer4ft : BIOS.obj (.text:ti_sysbios_knl_Task_postInit__I)
                  00005238    000000b6     libsoc_xwr14xx.aer4f : soc_mpu.o (.text)
                  000052ee    00000002     mss_per4ft.oer4ft (.text:xdc_runtime_Startup_reset__I)
                  000052f0    000000b4     sysbios.aer4ft : BIOS.obj (.text:ti_sysbios_gates_GateMutex_enter__E)
                  000053a4    0000000c     ti.targets.arm.rtsarm.aer4ft : Startup.oer4ft (.text:xdc_runtime_Startup_rtsDone__E)
                  000053b0    000000b4     sysbios.aer4ft : BIOS.obj (.text:ti_sysbios_knl_Task_checkStacks__E)
                  00005464    0000000c     ti.targets.arm.rtsarm.aer4ft : SysStd.oer4ft (.text:xdc_runtime_SysStd_exit__E)
                  00005470    000000b4     sysbios.aer4ft : BIOS.obj (.text:ti_sysbios_knl_Task_startCore__E)
                  00005524    000000ae     rtsv7R4_T_le_v3D16_eabi.lib : _io_perm.obj (.text)
                  000055d2    00000002     --HOLE-- [fill = 0]
                  000055d4    000000ac     libesm_xwr14xx.aer4f : esm.oer4f (.text:ESM_processInterrupt)
                  00005680    000000a4                          : esm.oer4f (.text:ESM_init)
                  00005724    0000000a     libosal_xwr14xx.aer4f : MemoryP_tirtos.oer4f (.text:MemoryP_ctrlFree)
                  0000572e    00000002     --HOLE-- [fill = 0]
                  00005730    000000a4     sysbios.aer4ft : BIOS.obj (.text:ti_sysbios_knl_Swi_post__E)
                  000057d4    000000a0     auto_init.aer4ft : auto_init.oer4ft (.text)
                  00005874    0000009c     rtsv7R4_T_le_v3D16_eabi.lib : memcpy_t2.obj (.text)
                  00005910    0000009c     sysbios.aer4ft : BIOS.obj (.text:ti_sysbios_family_arm_v7r_vim_Hwi_initIntController__I)
                  000059ac    00000004     --HOLE-- [fill = 0]
                  000059b0    0000009c                    : BIOS.obj (.text:ti_sysbios_family_arm_v7r_vim_Hwi_mapChannel__I)
                  00005a4c    00000004     --HOLE-- [fill = 0]
                  00005a50    0000009c                    : BIOS.obj (.text:ti_sysbios_knl_Semaphore_Instance_init__E)
                  00005aec    00000004     --HOLE-- [fill = 0]
                  00005af0    0000009c                    : BIOS.obj (.text:ti_sysbios_knl_Task_blockI__E)
                  00005b8c    0000009a     ti.targets.arm.rtsarm.aer4ft : Text.oer4ft (.text:xdc_runtime_Text_putSite__E)
                  00005c26    00000002     --HOLE-- [fill = 0]
                  00005c28    00000098     rtsv7R4_T_le_v3D16_eabi.lib : fclose.obj (.text)
                  00005cc0    00000098                                 : fputc.obj (.text)
                  00005d58    00000098     sysbios.aer4ft : vim_Hwi_asm_switch.obj (.text)
                  00005df0    00000098     ti.targets.arm.rtsarm.aer4ft : Text.oer4ft (.text:xdc_runtime_Text_putMod__E)
                  00005e88    00000094     rtsv7R4_T_le_v3D16_eabi.lib : snprintf.obj (.text)
                  00005f1c    00000094     sysbios.aer4ft : vim_Hwi_asm.obj (.text:ti_sysbios_family_arm_v7r_vim_Hwi_dispatchIRQ__I)
                  00005fb0    0000008c                    : BIOS.obj (.text:ti_sysbios_family_arm_v7r_vim_Hwi_Instance_finalize__E)
                  0000603c    00000004     --HOLE-- [fill = 0]
                  00006040    0000008c                    : BIOS.obj (.text:ti_sysbios_knl_Task_unblockI__E)
                  000060cc    00000004     --HOLE-- [fill = 0]
                  000060d0    00000080                    : BIOS.obj (.text:ti_sysbios_timers_rti_Timer_initDevice__I)
                  00006150    0000007e     libosal_xwr14xx.aer4f : HwiP_tirtos.oer4f (.text:HwiP_create)
                  000061ce    00000002     --HOLE-- [fill = 0]
                  000061d0    0000007c     sysbios.aer4ft : arm_TaskSupport_asm.obj (.text:_ti_sysbios_family_arm_TaskSupport_buildTaskStack)
                  0000624c    0000007a     rtsv7R4_T_le_v3D16_eabi.lib : memset_t2.obj (.text)
                  000062c6    00000002     --HOLE-- [fill = 0]
                  000062c8    00000078     qspi.oer4f (.text:QSPI_cfgRead)
                  00006340    00000074     libsoc_xwr14xx.aer4f : soc.oer4f (.text:SOC_init)
                  000063b4    00000074     boot.aer4ft : boot.oer4ft (.text)
                  00006428    00000074     rtsv7R4_T_le_v3D16_eabi.lib : getdevice.obj (.text)
                  0000649c    00000074                                 : s_frexp.obj (.text)
                  00006510    00000070                                 : printf.obj (.text)
                  00006580    00000070     ti.targets.arm.rtsarm.aer4ft : Error.oer4ft (.text:xdc_runtime_Error_print__E)
                  000065f0    0000006d                                  : System.oer4ft (.text:xdc_runtime_System_formatNum__I)
                  0000665d    00000001     --HOLE-- [fill = 0]
                  0000665e    0000006c     rtsv7R4_T_le_v3D16_eabi.lib : copy_decompress_lzss.obj (.text:decompress:lzss)
                  000066ca    00000002     --HOLE-- [fill = 0]
                  000066cc    0000006c                                 : trgmsg.obj (.text)
                  00006738    0000006c     ti.targets.arm.rtsarm.aer4ft : Memory.oer4ft (.text:xdc_runtime_Memory_alloc__E)
                  000067a4    00000068     rtsv7R4_T_le_v3D16_eabi.lib : hostlseek.obj (.text)
                  0000680c    00000068                                 : hostrename.obj (.text)
                  00006874    00000066     ti.targets.arm.rtsarm.aer4ft : Core-mem.oer4ft (.text:xdc_runtime_Core_deleteObject__I)
                  000068da    00000002     --HOLE-- [fill = 0]
                  000068dc    00000064     qspi.oer4f (.text:QSPI_close)
                  00006940    00000064     rtsv7R4_T_le_v3D16_eabi.lib : fseek.obj (.text)
                  000069a4    00000064     sysbios.aer4ft : exc_Exception_asm.obj (.text:ti_sysbios_family_arm_exc_Exception_initCore0__I)
                  00006a08    00000008     --HOLE-- [fill = 0]
                  00006a10    00000064                    : BIOS.obj (.text:ti_sysbios_knl_Swi_schedule__I)
                  00006a74    0000000a                    : tms570_Core_asm.obj (.text:ti_sysbios_family_arm_v7r_tms570_Core_getId__E)
                  00006a7e    00000002     --HOLE-- [fill = 0]
                  00006a80    00000060                    : BIOS.obj (.text:ti_sysbios_knl_Clock_logTick__E)
                  00006ae0    0000005c     rtsv7R4_T_le_v3D16_eabi.lib : hostopen.obj (.text)
                  00006b3c    0000005c                                 : hostread.obj (.text)
                  00006b98    00000008     --HOLE-- [fill = 0]
                  00006ba0    0000005c     sysbios.aer4ft : BIOS.obj (.text:ti_sysbios_family_arm_v7r_vim_Hwi_phantomIntHandler__I)
                  00006bfc    0000005b     ti.targets.arm.rtsarm.aer4ft : Text.oer4ft (.text:xdc_runtime_Text_putLab__E)
                  00006c57    00000001     --HOLE-- [fill = 0]
                  00006c58    00000058     libesm_xwr14xx.aer4f : esm.oer4f (.text:ESM_highpriority_FIQ)
                  00006cb0    00000058     rtsv7R4_T_le_v3D16_eabi.lib : close.obj (.text)
                  00006d08    00000058                                 : hostwrite.obj (.text)
                  00006d60    00000058     sysbios.aer4ft : BIOS.obj (.text:ti_sysbios_heaps_HeapMem_alloc__E)
                  00006db8    00000008     --HOLE-- [fill = 0]
                  00006dc0    00000058                    : BIOS.obj (.text:ti_sysbios_knl_Swi_restoreHwi__E)
                  00006e18    00000054     rtsv7R4_T_le_v3D16_eabi.lib : ltoa.obj (.text)
                  00006e6c    00000054     mss_per4ft.oer4ft (.text:ti_sysbios_family_arm_v7r_vim_Hwi_create)
                  00006ec0    00000054     sysbios.aer4ft : BIOS.obj (.text:ti_sysbios_heaps_HeapMem_getStats__E)
                  00006f14    0000000a     mss_per4ft.oer4ft (.text:xdc_runtime_IHeap_alloc)
                  00006f1e    00000002     --HOLE-- [fill = 0]
                  00006f20    00000054     sysbios.aer4ft : BIOS.obj (.text:ti_sysbios_knl_Swi_runLoop__I)
                  00006f74    00000054     ti.targets.arm.rtsarm.aer4ft : Assert.oer4ft (.text:xdc_runtime_Assert_raise__I)
                  00006fc8    00000050     rtsv7R4_T_le_v3D16_eabi.lib : atoi.obj (.text)
                  00007018    00000050                                 : exit.obj (.text)
                  00007068    00000050                                 : u_div32.obj (.text)
                  000070b8    00000050     ti.targets.arm.rtsarm.aer4ft : Startup.oer4ft (.text:xdc_runtime_Startup_exec__E)
                  00007108    00000050                                  : Text.oer4ft (.text:xdc_runtime_Text_visitRope2__I)
                  00007158    0000004c     rtsv7R4_T_le_v3D16_eabi.lib : cpy_tbl.obj (.text)
                  000071a4    0000000a     mss_per4ft.oer4ft (.text:xdc_runtime_IHeap_free)
                  000071ae    00000002     --HOLE-- [fill = 0]
                  000071b0    0000004c     sysbios.aer4ft : BIOS.obj (.text:ti_sysbios_family_arm_v7r_vim_Hwi_getStackInfo__E)
                  000071fc    00000004     --HOLE-- [fill = 0]
                  00007200    0000004c                    : BIOS.obj (.text:ti_sysbios_knl_Swi_startup__E)
                  0000724c    0000004c     mss_per4ft.oer4ft (.text:ti_sysbios_knl_Task_create)
                  00007298    00000048     ti.targets.arm.rtsarm.aer4ft : Core-params.oer4ft (.text:xdc_runtime_Core_assignParams__I)
                  000072e0    00000044     rtsv7R4_T_le_v3D16_eabi.lib : hostclose.obj (.text)
                  00007324    00000044                                 : hostunlink.obj (.text)
                  00007368    00000008     --HOLE-- [fill = 0]
                  00007370    00000044     sysbios.aer4ft : BIOS.obj (.text:ti_sysbios_knl_Task_allBlockedFunction__I)
                  000073b4    00000044     ti.targets.arm.rtsarm.aer4ft : Error.oer4ft (.text:xdc_runtime_Error_setX__E)
                  000073f8    00000044                                  : Text.oer4ft (.text:xdc_runtime_Text_xprintf__I)
                  0000743c    00000004     --HOLE-- [fill = 0]
                  00007440    00000040     sysbios.aer4ft : BIOS.obj (.text:ti_sysbios_timers_rti_Timer_stop__E)
                  00007480    0000003e     libsoc_xwr14xx.aer4f : soc.oer4f (.text:CSL_FINSR)
                  000074be    0000003e                          : soc_xwr14xx.oer4f (.text:CSL_FINSR)
                  000074fc    0000003e     qspi.oer4f (.text:CSL_FINSR)
                  0000753a    00000002     --HOLE-- [fill = 0]
                  0000753c    0000003c     libsoc_xwr14xx.aer4f : soc.oer4f (.text:SOC_unhaltBSS)
                  00007578    00000008     --HOLE-- [fill = 0]
                  00007580    0000003c     sysbios.aer4ft : BIOS.obj (.text:ti_sysbios_family_arm_v7r_tms570_Core_Module_startup__E)
                  000075bc    0000003c                    : vim_Hwi_asm.obj (.text:ti_sysbios_family_arm_v7r_vim_Hwi_init__I)
                  000075f8    00000008     --HOLE-- [fill = 0]
                  00007600    0000003c                    : BIOS.obj (.text:ti_sysbios_heaps_HeapMem_init__I)
                  0000763c    00000038     ti.targets.arm.rtsarm.aer4ft : System.oer4ft (.text:xdc_runtime_System_atexit__E)
                  00007674    00000036     rtsv7R4_T_le_v3D16_eabi.lib : strncpy.obj (.text)
                  000076aa    00000006     --HOLE-- [fill = 0]
                  000076b0    00000034     sysbios.aer4ft : BIOS.obj (.text:ti_sysbios_hal_Hwi_checkStack)
                  000076e4    00000034     ti.targets.arm.rtsarm.aer4ft : Core-label.oer4ft (.text:xdc_runtime_Core_assignLabel__I)
                  00007718    00000034                                  : Text.oer4ft (.text:xdc_runtime_Text_cordText__E)
                  0000774c    00000033                                  : Text.oer4ft (.text:xdc_runtime_Text_printVisFxn__I)
                  0000777f    00000001     --HOLE-- [fill = 0]
                  00007780    00000032     sysbios.aer4ft : BIOS.obj (.text:ti_sysbios_hal_Hwi_initStack)
                  000077b2    00000002     --HOLE-- [fill = 0]
                  000077b4    00000030     mss_per4ft.oer4ft (.text:ti_sysbios_BIOS_atExitFunc__I)
                  000077e4    00000030     mss_per4ft.oer4ft (.text:ti_sysbios_BIOS_startFunc__I)
                  00007814    0000000c     --HOLE-- [fill = 0]
                  00007820    00000030     sysbios.aer4ft : BIOS.obj (.text:ti_sysbios_family_arm_TaskSupport_start__E)
                  00007850    00000030     mss_per4ft.oer4ft (.text:ti_sysbios_gates_GateHwi_Object__create__S)
                  00007880    00000030     mss_per4ft.oer4ft (.text:ti_sysbios_gates_GateMutex_Object__create__S)
                  000078b0    00000030     mss_per4ft.oer4ft (.text:ti_sysbios_heaps_HeapMem_Object__create__S)
                  000078e0    00000030     sysbios.aer4ft : BIOS.obj (.text:ti_sysbios_heaps_HeapMem_free__E)
                  00007910    00000030     mss_per4ft.oer4ft (.text:ti_sysbios_knl_Semaphore_construct)
                  00007940    00000030     ti.targets.arm.rtsarm.aer4ft : System.oer4ft (.text:xdc_runtime_System_processAtExit__E)
                  00007970    0000002e     sysbios.aer4ft : BIOS.obj (.text:ti_sysbios_knl_Semaphore_pendTimeout__I)
                  0000799e    0000002e     mss_per4ft.oer4ft (.text:ti_sysbios_rts_gnu_MemAlloc_alloc)
                  000079cc    0000002e     ti.targets.arm.rtsarm.aer4ft : System.oer4ft (.text:xdc_runtime_System_putchar__I)
                  000079fa    00000002     --HOLE-- [fill = 0]
                  000079fc    0000002c     libsoc_xwr14xx.aer4f : soc_xwr14xx.oer4f (.text:SOC_waitBSSPowerUp)
                  00007a28    0000002c     rtsv7R4_T_le_v3D16_eabi.lib : unlink.obj (.text)
                  00007a54    0000002c     mss_per4ft.oer4ft (.text:ti_sysbios_knl_Clock_doTick__I)
                  00007a80    0000002c     mss_per4ft.oer4ft (.text:ti_sysbios_knl_Queue_construct)
                  00007aac    00000004     --HOLE-- [fill = 0]
                  00007ab0    0000002c     sysbios.aer4ft : BIOS.obj (.text:ti_sysbios_knl_Swi_Module_startup__E)
                  00007adc    00000004     --HOLE-- [fill = 0]
                  00007ae0    0000002c                    : BIOS.obj (.text:ti_sysbios_timers_rti_Timer_periodicStub__E)
                  00007b0c    0000002a     libsoc_xwr14xx.aer4f : soc.oer4f (.text:SOC_SystemISR)
                  00007b36    00000002     --HOLE-- [fill = 0]
                  00007b38    00000028     rtsv7R4_T_le_v3D16_eabi.lib : lseek.obj (.text)
                  00007b60    00000028                                 : write.obj (.text)
                  00007b88    00000008     --HOLE-- [fill = 0]
                  00007b90    00000028     sysbios.aer4ft : BIOS.obj (.text:ti_sysbios_knl_Idle_run__E)
                  00007bb8    00000026     ti.targets.arm.rtsarm.aer4ft : System.oer4ft (.text:xdc_runtime_System_avprintf__E)
                  00007bde    00000002     --HOLE-- [fill = 0]
                  00007be0    00000024     libtestlogger_xwr14xx.aer4f : logger.oer4f (.text:MCPI_Initialize)
                  00007c04    00000024     mss_per4ft.oer4ft (.text:ti_sysbios_BIOS_errorRaiseHook__I)
                  00007c28    00000024     mss_per4ft.oer4ft (.text:ti_sysbios_BIOS_registerRTSLock__I)
                  00007c4c    00000024     mss_per4ft.oer4ft (.text:ti_sysbios_BIOS_removeRTSLock__I)
                  00007c70    00000024     mss_per4ft.oer4ft (.text:ti_sysbios_gates_GateMutex_Object__delete__S)
                  00007c94    0000000c     --HOLE-- [fill = 0]
                  00007ca0    00000024     sysbios.aer4ft : BIOS.obj (.text:ti_sysbios_knl_Task_restoreHwi__E)
                  00007cc4    00000024     ti.targets.arm.rtsarm.aer4ft : System.oer4ft (.text:xdc_runtime_System_vprintf__E)
                  00007ce8    00000020     libesm_xwr14xx.aer4f : esm.oer4f (.text:ESM_lowpriority_IRQ)
                  00007d08    00000020     rtsv7R4_T_le_v3D16_eabi.lib : memchr.obj (.text)
                  00007d28    00000008     --HOLE-- [fill = 0]
                  00007d30    00000020     sysbios.aer4ft : BIOS.obj (.text:ti_sysbios_family_arm_v7a_Pmu_Module_startup__E)
                  00007d50    00000020                    : BIOS.obj (.text:ti_sysbios_family_arm_v7r_vim_Hwi_disableInterrupt__E)
                  00007d70    00000020                    : BIOS.obj (.text:ti_sysbios_family_arm_v7r_vim_Hwi_enableInterrupt__E)
                  00007d90    00000020     mss_per4ft.oer4ft (.text:ti_sysbios_gates_GateHwi_Object__delete__S)
                  00007db0    00000020     mss_per4ft.oer4ft (.text:ti_sysbios_heaps_HeapMem_Object__delete__S)
                  00007dd0    00000020     sysbios.aer4ft : BIOS.obj (.text:ti_sysbios_knl_Clock_Module_startup__E)
                  00007df0    00000020     mss_per4ft.oer4ft (.text:ti_sysbios_knl_Semaphore_destruct)
                  00007e10    00000020     ti.targets.arm.rtsarm.aer4ft : Registry.oer4ft (.text:xdc_runtime_Registry_findById__E)
                  00007e30    00000020                                  : SysMin.oer4ft (.text:xdc_runtime_SysMin_Module_startup__E)
                  00007e50    00000020                                  : SysStd.oer4ft (.text:xdc_runtime_SysStd_abort__E)
                  00007e70    0000001e     rtsv7R4_T_le_v3D16_eabi.lib : strcat.obj (.text)
                  00007e8e    0000001c     libsoc_xwr14xx.aer4f : soc_xwr14xx.oer4f (.text:CSL_FEXTR)
                  00007eaa    00000002     --HOLE-- [fill = 0]
                  00007eac    0000001c     sysbios.aer4ft : arm_TaskSupport_asm.obj (.text:_ti_sysbios_family_arm_TaskSupport_glue)
                  00007ec8    0000001c     rtsv7R4_T_le_v3D16_eabi.lib : memccpy.obj (.text)
                  00007ee4    0000001c     mss_per4ft.oer4ft (.text:ti_sysbios_BIOS_rtsLock__I)
                  00007f00    0000001c     sysbios.aer4ft : BIOS.obj (.text:ti_sysbios_family_arm_v7r_vim_Hwi_clearInterrupt__E)
                  00007f1c    00000004     --HOLE-- [fill = 0]
                  00007f20    0000001c                    : BIOS.obj (.text:ti_sysbios_gates_GateMutex_Instance_init__E)
                  00007f3c    00000004     --HOLE-- [fill = 0]
                  00007f40    0000001c                    : BIOS.obj (.text:ti_sysbios_gates_GateMutex_leave__E)
                  00007f5c    0000001c     mss_per4ft.oer4ft (.text:ti_sysbios_knl_Queue_destruct)
                  00007f78    0000001c     ti.targets.arm.rtsarm.aer4ft : Error.oer4ft (.text:xdc_runtime_Error_check__E)
                  00007f94    0000001c                                  : Error.oer4ft (.text:xdc_runtime_Error_raiseX__E)
                  00007fb0    0000001c                                  : Memory.oer4ft (.text:xdc_runtime_Memory_valloc__E)
                  00007fcc    0000001c                                  : System.oer4ft (.text:xdc_runtime_System_abort__E)
                  00007fe8    0000001a     libsoc_xwr14xx.aer4f : soc.oer4f (.text:CSL_FEXTR)
                  00008002    0000001a     mss_per4ft.oer4ft (.text:free)
                  0000801c    0000001a     rtsv7R4_T_le_v3D16_eabi.lib : s_copysign.obj (.text)
                  00008036    0000001a     mss_per4ft.oer4ft (.text:ti_sysbios_gates_GateHwi_Handle__label__S)
                  00008050    0000001a     mss_per4ft.oer4ft (.text:ti_sysbios_gates_GateMutex_Handle__label__S)
                  0000806a    0000001a     mss_per4ft.oer4ft (.text:ti_sysbios_heaps_HeapMem_Handle__label__S)
                  00008084    0000001a     mss_per4ft.oer4ft (.text:xdc_runtime_System_aprintf__E)
                  0000809e    0000001a     mss_per4ft.oer4ft (.text:xdc_runtime_System_printf__E)
                  000080b8    00000018     sysbios.aer4ft : arm_TaskSupport_asm.obj (.text:_ti_sysbios_family_arm_TaskSupport_swap__E)
                  000080d0    00000018     rtsv7R4_T_le_v3D16_eabi.lib : args_main.obj (.text)
                  000080e8    00000018                                 : strcmp.obj (.text)
                  00008100    00000018     mss_per4ft.oer4ft (.text:ti_sysbios_BIOS_rtsUnlock__I)
                  00008118    00000018     sysbios.aer4ft : BIOS.obj (.text:ti_sysbios_family_arm_v7a_Pmu_initCounters__I)
                  00008130    00000018     mss_per4ft.oer4ft (.text:ti_sysbios_family_arm_v7r_vim_Hwi_Module__startupDone__F)
                  00008148    00000018     mss_per4ft.oer4ft (.text:ti_sysbios_family_arm_v7r_vim_Hwi_Params__init__S)
                  00008160    00000018     mss_per4ft.oer4ft (.text:ti_sysbios_knl_Task_Params__init__S)
                  00008178    00000008     --HOLE-- [fill = 0]
                  00008180    00000018     sysbios.aer4ft : BIOS.obj (.text:ti_sysbios_knl_Task_enter__I)
                  00008198    00000018     mss_per4ft.oer4ft (.text:ti_sysbios_timers_rti_Timer_Module__startupDone__F)
                  000081b0    00000018     ti.targets.arm.rtsarm.aer4ft : Error.oer4ft (.text:xdc_runtime_Error_init__E)
                  000081c8    00000018                                  : System.oer4ft (.text:xdc_runtime_System_exit__E)
                  000081e0    00000018                                  : Text.oer4ft (.text:xdc_runtime_Text_ropeText__E)
                  000081f8    00000016     rtsv7R4_T_le_v3D16_eabi.lib : strchr.obj (.text)
                  0000820e    00000016                                 : strlen.obj (.text)
                  00008224    00000016     mss_per4ft.oer4ft (.text:ti_sysbios_BIOS_exitFunc__I)
                  0000823a    00000006     --HOLE-- [fill = 0]
                  00008240    00000016     sysbios.aer4ft : BIOS.obj (.text:ti_sysbios_knl_Idle_loop__E)
                  00008256    00000014     libosal_xwr14xx.aer4f : HwiP_tirtos.oer4f (.text:HwiP_Params_init)
                  0000826a    00000002     --HOLE-- [fill = 0]
                  0000826c    00000014     libtestlogger_xwr14xx.aer4f : logger.oer4f (.text:MCPI_setTestResult)
                  00008280    00000014     libosal_xwr14xx.aer4f : DebugP_tirtos.oer4f (.text:_DebugP_assert)
                  00008294    00000014     rtsv7R4_T_le_v3D16_eabi.lib : _lock.obj (.text)
                  000082a8    00000014                                 : strcpy.obj (.text)
                  000082bc    00000014     mss_per4ft.oer4ft (.text:ti_sysbios_heaps_HeapMem_Object__get__S)
                  000082d0    00000014     mss_per4ft.oer4ft (.text:ti_sysbios_knl_Swi_Object__get__S)
                  000082e4    00000012     libosal_xwr14xx.aer4f : MemoryP_tirtos.oer4f (.text:MemoryP_ctrlAlloc)
                  000082f6    0000000a     --HOLE-- [fill = 0]
                  00008300    00000012     sysbios.aer4ft : BIOS.obj (.text:ti_sysbios_hal_Hwi_Module_startup__E)
                  00008312    00000012     mss_per4ft.oer4ft (.text:xdc_runtime_Startup_exec__I)
                  00008324    00000010     qspi.oer4f (.text:QSPI_Params_init)
                  00008334    0000000c     --HOLE-- [fill = 0]
                  00008340    00000010     sysbios.aer4ft : BIOS.obj (.text:ti_sysbios_BIOS_exit__E)
                  00008350    00000010                    : BIOS.obj (.text:ti_sysbios_BIOS_setThreadType__E)
                  00008360    00000010                    : BIOS.obj (.text:ti_sysbios_BIOS_start__E)
                  00008370    00000010                    : BIOS.obj (.text:ti_sysbios_family_arm_v7a_Pmu_getNumCounters__E)
                  00008380    00000010                    : BIOS.obj (.text:ti_sysbios_gates_GateMutex_Instance_finalize__E)
                  00008390    00000010     mss_per4ft.oer4ft (.text:ti_sysbios_heaps_HeapBuf_Object__get__S)
                  000083a0    00000010     sysbios.aer4ft : BIOS.obj (.text:ti_sysbios_knl_Semaphore_Instance_finalize__E)
                  000083b0    00000010                    : BIOS.obj (.text:ti_sysbios_knl_Swi_disable__E)
                  000083c0    00000010     mss_per4ft.oer4ft (.text:ti_sysbios_knl_Task_Object__get__S)
                  000083d0    00000010     sysbios.aer4ft : BIOS.obj (.text:ti_sysbios_knl_Task_disable__E)
                  000083e0    00000010     ti.targets.arm.rtsarm.aer4ft : Gate.oer4ft (.text:xdc_runtime_Gate_leaveSystem__E)
                  000083f0    00000010                                  : Memory.oer4ft (.text:xdc_runtime_Memory_free__E)
                  00008400    00000010                                  : System.oer4ft (.text:xdc_runtime_System_vsnprintf__E)
                  00008410    00000010     mss_per4ft.oer4ft (.text:xdc_runtime_Text_visitRope__I)
                  00008420    0000000e     rtsv7R4_T_le_v3D16_eabi.lib : copy_decompress_none.obj (.text:decompress:none)
                  0000842e    00000002     --HOLE-- [fill = 0]
                  00008430    0000000e     sysbios.aer4ft : BIOS.obj (.text:ti_sysbios_knl_Queue_empty__E)
                  0000843e    00000002     --HOLE-- [fill = 0]
                  00008440    0000000c                    : BIOS.obj (.text:ti_sysbios_family_arm_TaskSupport_checkStack__E)
                  0000844c    00000004     --HOLE-- [fill = 0]
                  00008450    0000000c                    : BIOS.obj (.text:ti_sysbios_family_arm_TaskSupport_getStackAlignment__E)
                  0000845c    00000004     --HOLE-- [fill = 0]
                  00008460    0000000c                    : BIOS.obj (.text:ti_sysbios_family_arm_exc_Exception_Module_startup__E)
                  0000846c    00000004     --HOLE-- [fill = 0]
                  00008470    0000000c                    : BIOS.obj (.text:ti_sysbios_family_arm_v7r_vim_Hwi_switchFromBootStack__E)
                  0000847c    00000004     --HOLE-- [fill = 0]
                  00008480    00000008                    : BIOS.obj (.text:ti_sysbios_gates_GateHwi_enter__E)
                  00008488    00000008     --HOLE-- [fill = 0]
                  00008490    00000006                    : BIOS.obj (.text:ti_sysbios_family_arm_v7r_vim_Hwi_startup__E)
                  00008496    0000000a     --HOLE-- [fill = 0]
                  000084a0    00000006                    : BIOS.obj (.text:ti_sysbios_gates_GateHwi_leave__E)
                  000084a6    0000000a     --HOLE-- [fill = 0]
                  000084b0    00000006                    : BIOS.obj (.text:ti_sysbios_heaps_HeapMem_isBlocking__E)
                  000084b6    0000000a     --HOLE-- [fill = 0]
                  000084c0    00000006                    : BIOS.obj (.text:ti_sysbios_knl_Queue_Instance_init__E)
                  000084c6    0000000a     --HOLE-- [fill = 0]
                  000084d0    00000004                    : BIOS.obj (.text:ti_sysbios_gates_GateHwi_query__E)
                  000084d4    0000000c     --HOLE-- [fill = 0]
                  000084e0    00000004                    : BIOS.obj (.text:ti_sysbios_gates_GateMutex_query__E)
                  000084e4    0000000c     --HOLE-- [fill = 0]
                  000084f0    00000004                    : BIOS.obj (.text:ti_sysbios_knl_Task_startup__E)
                  000084f4    0000000c     --HOLE-- [fill = 0]
                  00008500    00000004                    : BIOS.obj (.text:ti_sysbios_timers_rti_Timer_getMaxTicks__E)
                  00008504    0000000c     --HOLE-- [fill = 0]
                  00008510    00000002                    : BIOS.obj (.text:ti_sysbios_BIOS_linkedWithIncorrectBootLibrary__E)
                  00008512    0000000e     --HOLE-- [fill = 0]
                  00008520    00000002                    : BIOS.obj (.text:ti_sysbios_gates_GateHwi_Instance_init__E)

.const     0    00008530    000022a9     
                  00008530    00001a9f     mss_per4ft.oer4ft (.const:xdc_runtime_Text_charTab__A)
                  00009fcf    00000101     rtsv7R4_T_le_v3D16_eabi.lib : ctype.obj (.const:.string:_ctypes_)
                  0000a0d0    000000dc     mss_per4ft.oer4ft (.const:xdc_runtime_Text_nodeTab__A)
                  0000a1ac    00000080     mss_per4ft.oer4ft (.const:ti_sysbios_family_arm_v7r_vim_Hwi_channelMap__A)
                  0000a22c    00000048     mss_per4ft.oer4ft (.const:.string)
                  0000a274    0000003c     mss_per4ft.oer4ft (.const:ti_sysbios_knl_Task_Object__PARAMS__C)
                  0000a2b0    00000030     mss_per4ft.oer4ft (.const:ti_sysbios_family_arm_v7r_vim_Hwi_Object__PARAMS__C)
                  0000a2e0    00000030     mss_per4ft.oer4ft (.const:xdc_runtime_Startup_sfxnTab__A)
                  0000a310    00000028     mss_per4ft.oer4ft (.const:ti_sysbios_heaps_HeapMem_Module__FXNS__C)
                  0000a338    00000024     mss_per4ft.oer4ft (.const:ti_sysbios_gates_GateHwi_Module__FXNS__C)
                  0000a35c    00000024     mss_per4ft.oer4ft (.const:ti_sysbios_gates_GateMutex_Module__FXNS__C)
                  0000a380    00000024     mss_per4ft.oer4ft (.const:ti_sysbios_heaps_HeapMem_Object__PARAMS__C)
                  0000a3a4    00000024     mss_per4ft.oer4ft (.const:ti_sysbios_knl_Semaphore_Object__PARAMS__C)
                  0000a3c8    00000020     mss_per4ft.oer4ft (.const:ti_sysbios_family_arm_v7r_vim_Hwi_Object__DESC__C)
                  0000a3e8    00000020     mss_per4ft.oer4ft (.const:ti_sysbios_gates_GateHwi_Object__DESC__C)
                  0000a408    00000020     mss_per4ft.oer4ft (.const:ti_sysbios_gates_GateMutex_Object__DESC__C)
                  0000a428    00000020     mss_per4ft.oer4ft (.const:ti_sysbios_heaps_HeapMem_Object__DESC__C)
                  0000a448    00000020     mss_per4ft.oer4ft (.const:ti_sysbios_knl_Queue_Object__DESC__C)
                  0000a468    00000020     mss_per4ft.oer4ft (.const:ti_sysbios_knl_Semaphore_Object__DESC__C)
                  0000a488    00000020     mss_per4ft.oer4ft (.const:ti_sysbios_knl_Task_Object__DESC__C)
                  0000a4a8    00000018     mss_per4ft.oer4ft (.const:ti_sysbios_gates_GateHwi_Object__PARAMS__C)
                  0000a4c0    00000018     mss_per4ft.oer4ft (.const:ti_sysbios_gates_GateMutex_Object__PARAMS__C)
                  0000a4d8    00000018     mss_per4ft.oer4ft (.const:ti_sysbios_knl_Queue_Object__PARAMS__C)
                  0000a4f0    00000018     mss_per4ft.oer4ft (.const:xdc_runtime_Startup_sfxnRts__A)
                  0000a508    00000010     mss_per4ft.oer4ft (.const:ti_sysbios_family_arm_v7r_vim_Hwi_intReqEnaSet__A)
                  0000a518    00000010     mss_per4ft.oer4ft (.const:ti_sysbios_family_arm_v7r_vim_Hwi_wakeEnaSet__A)
                  0000a528    0000000c     qspi.oer4f (.const:QSPI_defaultParams)
                  0000a534    00000008     mss_per4ft.oer4ft (.const:ti_sysbios_knl_Idle_funcList__C)
                  0000a53c    00000008     mss_per4ft.oer4ft (.const:xdc_runtime_Startup_firstFxns__A)
                  0000a544    00000008     mss_per4ft.oer4ft (.const:xdc_runtime_Startup_firstFxns__C)
                  0000a54c    00000008     mss_per4ft.oer4ft (.const:xdc_runtime_Startup_lastFxns__C)
                  0000a554    00000004     mss_per4ft.oer4ft (.const:ti_sysbios_family_arm_TaskSupport_stackAlignment__C)
                  0000a558    00000004     mss_per4ft.oer4ft (.const:ti_sysbios_family_arm_exc_Exception_E_dataAbort__C)
                  0000a55c    00000004     mss_per4ft.oer4ft (.const:ti_sysbios_family_arm_exc_Exception_E_prefetchAbort__C)
                  0000a560    00000004     mss_per4ft.oer4ft (.const:ti_sysbios_family_arm_exc_Exception_E_swi__C)
                  0000a564    00000004     mss_per4ft.oer4ft (.const:ti_sysbios_family_arm_exc_Exception_E_undefinedInstruction__C)
                  0000a568    00000004     mss_per4ft.oer4ft (.const:ti_sysbios_family_arm_exc_Exception_excHookFuncs__A)
                  0000a56c    00000004     mss_per4ft.oer4ft (.const:ti_sysbios_family_arm_exc_Exception_excHookFuncs__C)
                  0000a570    00000004     mss_per4ft.oer4ft (.const:ti_sysbios_family_arm_v7r_tms570_Core_E_mismatchedIds__C)
                  0000a574    00000004     mss_per4ft.oer4ft (.const:ti_sysbios_family_arm_v7r_tms570_Core_id__C)
                  0000a578    00000004     mss_per4ft.oer4ft (.const:ti_sysbios_family_arm_v7r_vim_Hwi_A_badChannelId__C)
                  0000a57c    00000004     mss_per4ft.oer4ft (.const:ti_sysbios_family_arm_v7r_vim_Hwi_E_alreadyDefined__C)
                  0000a580    00000004     mss_per4ft.oer4ft (.const:ti_sysbios_family_arm_v7r_vim_Hwi_E_badIntNum__C)
                  0000a584    00000004     mss_per4ft.oer4ft (.const:ti_sysbios_family_arm_v7r_vim_Hwi_E_phantomInterrupt__C)
                  0000a588    00000004     mss_per4ft.oer4ft (.const:ti_sysbios_family_arm_v7r_vim_Hwi_E_undefined__C)
                  0000a58c    00000004     mss_per4ft.oer4ft (.const:ti_sysbios_family_arm_v7r_vim_Hwi_E_unsupportedMaskingOption__C)
                  0000a590    00000004     mss_per4ft.oer4ft (.const:ti_sysbios_family_arm_v7r_vim_Hwi_LD_end__C)
                  0000a594    00000004     mss_per4ft.oer4ft (.const:ti_sysbios_family_arm_v7r_vim_Hwi_LM_begin__C)
                  0000a598    00000004     mss_per4ft.oer4ft (.const:ti_sysbios_family_arm_v7r_vim_Hwi_Module__diagsEnabled__C)
                  0000a59c    00000004     mss_per4ft.oer4ft (.const:ti_sysbios_family_arm_v7r_vim_Hwi_Module__diagsIncluded__C)
                  0000a5a0    00000004     mss_per4ft.oer4ft (.const:ti_sysbios_family_arm_v7r_vim_Hwi_Module__diagsMask__C)
                  0000a5a4    00000004     mss_per4ft.oer4ft (.const:ti_sysbios_family_arm_v7r_vim_Hwi_Module__loggerFxn1__C)
                  0000a5a8    00000004     mss_per4ft.oer4ft (.const:ti_sysbios_family_arm_v7r_vim_Hwi_Module__loggerFxn8__C)
                  0000a5ac    00000004     mss_per4ft.oer4ft (.const:ti_sysbios_family_arm_v7r_vim_Hwi_Module__loggerObj__C)
                  0000a5b0    00000004     mss_per4ft.oer4ft (.const:ti_sysbios_family_arm_v7r_vim_Hwi_NUM_INTERRUPTS__C)
                  0000a5b4    00000004     mss_per4ft.oer4ft (.const:ti_sysbios_family_arm_v7r_vim_Hwi_channelMap__C)
                  0000a5b8    00000004     mss_per4ft.oer4ft (.const:ti_sysbios_family_arm_v7r_vim_Hwi_intReqEnaSet__C)
                  0000a5bc    00000004     mss_per4ft.oer4ft (.const:ti_sysbios_family_arm_v7r_vim_Hwi_phantomFunc__C)
                  0000a5c0    00000004     mss_per4ft.oer4ft (.const:ti_sysbios_family_arm_v7r_vim_Hwi_swiDisable__C)
                  0000a5c4    00000004     mss_per4ft.oer4ft (.const:ti_sysbios_family_arm_v7r_vim_Hwi_swiRestoreHwi__C)
                  0000a5c8    00000004     mss_per4ft.oer4ft (.const:ti_sysbios_family_arm_v7r_vim_Hwi_taskDisable__C)
                  0000a5cc    00000004     mss_per4ft.oer4ft (.const:ti_sysbios_family_arm_v7r_vim_Hwi_taskRestoreHwi__C)
                  0000a5d0    00000004     mss_per4ft.oer4ft (.const:ti_sysbios_family_arm_v7r_vim_Hwi_wakeEnaSet__C)
                  0000a5d4    00000004     mss_per4ft.oer4ft (.const:ti_sysbios_gates_GateMutex_A_badContext__C)
                  0000a5d8    00000004     mss_per4ft.oer4ft (.const:ti_sysbios_gates_GateMutex_Instance_State_sem__O)
                  0000a5dc    00000004     mss_per4ft.oer4ft (.const:ti_sysbios_gates_GateMutex_Module__diagsEnabled__C)
                  0000a5e0    00000004     mss_per4ft.oer4ft (.const:ti_sysbios_gates_GateMutex_Module__diagsIncluded__C)
                  0000a5e4    00000004     mss_per4ft.oer4ft (.const:ti_sysbios_gates_GateMutex_Module__diagsMask__C)
                  0000a5e8    00000004     mss_per4ft.oer4ft (.const:ti_sysbios_hal_Hwi_E_stackOverflow__C)
                  0000a5ec    00000004     mss_per4ft.oer4ft (.const:ti_sysbios_heaps_HeapBuf_Instance_State_freeList__O)
                  0000a5f0    00000004     mss_per4ft.oer4ft (.const:ti_sysbios_heaps_HeapBuf_Object__count__C)
                  0000a5f4    00000004     mss_per4ft.oer4ft (.const:ti_sysbios_heaps_HeapBuf_numConstructedHeaps__C)
                  0000a5f8    00000004     mss_per4ft.oer4ft (.const:ti_sysbios_heaps_HeapMem_A_align__C)
                  0000a5fc    00000004     mss_per4ft.oer4ft (.const:ti_sysbios_heaps_HeapMem_A_heapSize__C)
                  0000a600    00000004     mss_per4ft.oer4ft (.const:ti_sysbios_heaps_HeapMem_A_invalidFree__C)
                  0000a604    00000004     mss_per4ft.oer4ft (.const:ti_sysbios_heaps_HeapMem_A_zeroBlock__C)
                  0000a608    00000004     mss_per4ft.oer4ft (.const:ti_sysbios_heaps_HeapMem_E_memory__C)
                  0000a60c    00000004     mss_per4ft.oer4ft (.const:ti_sysbios_heaps_HeapMem_Module__diagsEnabled__C)
                  0000a610    00000004     mss_per4ft.oer4ft (.const:ti_sysbios_heaps_HeapMem_Module__diagsIncluded__C)
                  0000a614    00000004     mss_per4ft.oer4ft (.const:ti_sysbios_heaps_HeapMem_Module__diagsMask__C)
                  0000a618    00000004     mss_per4ft.oer4ft (.const:ti_sysbios_heaps_HeapMem_Module__gateObj__C)
                  0000a61c    00000004     mss_per4ft.oer4ft (.const:ti_sysbios_heaps_HeapMem_Object__count__C)
                  0000a620    00000004     mss_per4ft.oer4ft (.const:ti_sysbios_heaps_HeapMem_reqAlign__C)
                  0000a624    00000004     mss_per4ft.oer4ft (.const:ti_sysbios_knl_Clock_LM_begin__C)
                  0000a628    00000004     mss_per4ft.oer4ft (.const:ti_sysbios_knl_Clock_LM_tick__C)
                  0000a62c    00000004     mss_per4ft.oer4ft (.const:ti_sysbios_knl_Clock_LW_delayed__C)
                  0000a630    00000004     mss_per4ft.oer4ft (.const:ti_sysbios_knl_Clock_Module_State_clockQ__O)
                  0000a634    00000004     mss_per4ft.oer4ft (.const:ti_sysbios_knl_Clock_Module__diagsEnabled__C)
                  0000a638    00000004     mss_per4ft.oer4ft (.const:ti_sysbios_knl_Clock_Module__diagsIncluded__C)
                  0000a63c    00000004     mss_per4ft.oer4ft (.const:ti_sysbios_knl_Clock_Module__diagsMask__C)
                  0000a640    00000004     mss_per4ft.oer4ft (.const:ti_sysbios_knl_Clock_Module__loggerFxn1__C)
                  0000a644    00000004     mss_per4ft.oer4ft (.const:ti_sysbios_knl_Clock_Module__loggerFxn2__C)
                  0000a648    00000004     mss_per4ft.oer4ft (.const:ti_sysbios_knl_Clock_Module__loggerObj__C)
                  0000a64c    00000004     mss_per4ft.oer4ft (.const:ti_sysbios_knl_Idle_funcList__A)
                  0000a650    00000004     mss_per4ft.oer4ft (.const:ti_sysbios_knl_Semaphore_A_badContext__C)
                  0000a654    00000004     mss_per4ft.oer4ft (.const:ti_sysbios_knl_Semaphore_A_noEvents__C)
                  0000a658    00000004     mss_per4ft.oer4ft (.const:ti_sysbios_knl_Semaphore_A_overflow__C)
                  0000a65c    00000004     mss_per4ft.oer4ft (.const:ti_sysbios_knl_Semaphore_A_pendTaskDisabled__C)
                  0000a660    00000004     mss_per4ft.oer4ft (.const:ti_sysbios_knl_Semaphore_Instance_State_pendQ__O)
                  0000a664    00000004     mss_per4ft.oer4ft (.const:ti_sysbios_knl_Semaphore_LM_pend__C)
                  0000a668    00000004     mss_per4ft.oer4ft (.const:ti_sysbios_knl_Semaphore_LM_post__C)
                  0000a66c    00000004     mss_per4ft.oer4ft (.const:ti_sysbios_knl_Semaphore_Module__diagsEnabled__C)
                  0000a670    00000004     mss_per4ft.oer4ft (.const:ti_sysbios_knl_Semaphore_Module__diagsIncluded__C)
                  0000a674    00000004     mss_per4ft.oer4ft (.const:ti_sysbios_knl_Semaphore_Module__diagsMask__C)
                  0000a678    00000004     mss_per4ft.oer4ft (.const:ti_sysbios_knl_Semaphore_Module__loggerFxn2__C)
                  0000a67c    00000004     mss_per4ft.oer4ft (.const:ti_sysbios_knl_Semaphore_Module__loggerFxn4__C)
                  0000a680    00000004     mss_per4ft.oer4ft (.const:ti_sysbios_knl_Semaphore_Module__loggerObj__C)
                  0000a684    00000004     mss_per4ft.oer4ft (.const:ti_sysbios_knl_Swi_LD_end__C)
                  0000a688    00000004     mss_per4ft.oer4ft (.const:ti_sysbios_knl_Swi_LM_begin__C)
                  0000a68c    00000004     mss_per4ft.oer4ft (.const:ti_sysbios_knl_Swi_LM_post__C)
                  0000a690    00000004     mss_per4ft.oer4ft (.const:ti_sysbios_knl_Swi_Module__diagsEnabled__C)
                  0000a694    00000004     mss_per4ft.oer4ft (.const:ti_sysbios_knl_Swi_Module__diagsIncluded__C)
                  0000a698    00000004     mss_per4ft.oer4ft (.const:ti_sysbios_knl_Swi_Module__diagsMask__C)
                  0000a69c    00000004     mss_per4ft.oer4ft (.const:ti_sysbios_knl_Swi_Module__loggerFxn1__C)
                  0000a6a0    00000004     mss_per4ft.oer4ft (.const:ti_sysbios_knl_Swi_Module__loggerFxn4__C)
                  0000a6a4    00000004     mss_per4ft.oer4ft (.const:ti_sysbios_knl_Swi_Module__loggerObj__C)
                  0000a6a8    00000004     mss_per4ft.oer4ft (.const:ti_sysbios_knl_Swi_Object__count__C)
                  0000a6ac    00000004     mss_per4ft.oer4ft (.const:ti_sysbios_knl_Task_A_badPriority__C)
                  0000a6b0    00000004     mss_per4ft.oer4ft (.const:ti_sysbios_knl_Task_A_badTaskState__C)
                  0000a6b4    00000004     mss_per4ft.oer4ft (.const:ti_sysbios_knl_Task_A_badThreadType__C)
                  0000a6b8    00000004     mss_per4ft.oer4ft (.const:ti_sysbios_knl_Task_A_noPendElem__C)
                  0000a6bc    00000004     mss_per4ft.oer4ft (.const:ti_sysbios_knl_Task_E_spOutOfBounds__C)
                  0000a6c0    00000004     mss_per4ft.oer4ft (.const:ti_sysbios_knl_Task_E_stackOverflow__C)
                  0000a6c4    00000004     mss_per4ft.oer4ft (.const:ti_sysbios_knl_Task_LD_block__C)
                  0000a6c8    00000004     mss_per4ft.oer4ft (.const:ti_sysbios_knl_Task_LD_exit__C)
                  0000a6cc    00000004     mss_per4ft.oer4ft (.const:ti_sysbios_knl_Task_LD_ready__C)
                  0000a6d0    00000004     mss_per4ft.oer4ft (.const:ti_sysbios_knl_Task_LM_switch__C)
                  0000a6d4    00000004     mss_per4ft.oer4ft (.const:ti_sysbios_knl_Task_Module_State_inactiveQ__O)
                  0000a6d8    00000004     mss_per4ft.oer4ft (.const:ti_sysbios_knl_Task_Module__diagsEnabled__C)
                  0000a6dc    00000004     mss_per4ft.oer4ft (.const:ti_sysbios_knl_Task_Module__diagsIncluded__C)
                  0000a6e0    00000004     mss_per4ft.oer4ft (.const:ti_sysbios_knl_Task_Module__diagsMask__C)
                  0000a6e4    00000004     mss_per4ft.oer4ft (.const:ti_sysbios_knl_Task_Module__loggerFxn2__C)
                  0000a6e8    00000004     mss_per4ft.oer4ft (.const:ti_sysbios_knl_Task_Module__loggerFxn4__C)
                  0000a6ec    00000004     mss_per4ft.oer4ft (.const:ti_sysbios_knl_Task_Module__loggerObj__C)
                  0000a6f0    00000004     mss_per4ft.oer4ft (.const:ti_sysbios_knl_Task_Object__count__C)
                  0000a6f4    00000004     mss_per4ft.oer4ft (.const:ti_sysbios_knl_Task_allBlockedFunc__C)
                  0000a6f8    00000004     mss_per4ft.oer4ft (.const:ti_sysbios_knl_Task_defaultStackHeap__C)
                  0000a6fc    00000004     mss_per4ft.oer4ft (.const:ti_sysbios_knl_Task_defaultStackSize__C)
                  0000a700    00000004     mss_per4ft.oer4ft (.const:ti_sysbios_knl_Task_numConstructedTasks__C)
                  0000a704    00000004     mss_per4ft.oer4ft (.const:ti_sysbios_timers_rti_Timer_E_cannotSupport__C)
                  0000a708    00000004     mss_per4ft.oer4ft (.const:ti_sysbios_timers_rti_Timer_Module__diagsEnabled__C)
                  0000a70c    00000004     mss_per4ft.oer4ft (.const:ti_sysbios_timers_rti_Timer_Module__diagsIncluded__C)
                  0000a710    00000004     mss_per4ft.oer4ft (.const:ti_sysbios_timers_rti_Timer_Module__diagsMask__C)
                  0000a714    00000004     mss_per4ft.oer4ft (.const:ti_sysbios_timers_rti_Timer_numTimerDevices__C)
                  0000a718    00000004     mss_per4ft.oer4ft (.const:ti_sysbios_timers_rti_Timer_startupNeeded__C)
                  0000a71c    00000004     mss_per4ft.oer4ft (.const:xdc_runtime_Assert_E_assertFailed__C)
                  0000a720    00000004     mss_per4ft.oer4ft (.const:xdc_runtime_Core_A_initializedParams__C)
                  0000a724    00000004     mss_per4ft.oer4ft (.const:xdc_runtime_Core_Module__diagsEnabled__C)
                  0000a728    00000004     mss_per4ft.oer4ft (.const:xdc_runtime_Core_Module__diagsIncluded__C)
                  0000a72c    00000004     mss_per4ft.oer4ft (.const:xdc_runtime_Core_Module__diagsMask__C)
                  0000a730    00000004     mss_per4ft.oer4ft (.const:xdc_runtime_Error_E_memory__C)
                  0000a734    00000004     mss_per4ft.oer4ft (.const:xdc_runtime_Error_Module__diagsEnabled__C)
                  0000a738    00000004     mss_per4ft.oer4ft (.const:xdc_runtime_Error_Module__diagsIncluded__C)
                  0000a73c    00000004     mss_per4ft.oer4ft (.const:xdc_runtime_Error_Module__diagsMask__C)
                  0000a740    00000004     mss_per4ft.oer4ft (.const:xdc_runtime_Error_Module__loggerFxn8__C)
                  0000a744    00000004     mss_per4ft.oer4ft (.const:xdc_runtime_Error_Module__loggerObj__C)
                  0000a748    00000004     mss_per4ft.oer4ft (.const:xdc_runtime_Error_policyFxn__C)
                  0000a74c    00000004     mss_per4ft.oer4ft (.const:xdc_runtime_Error_raiseHook__C)
                  0000a750    00000004     mss_per4ft.oer4ft (.const:xdc_runtime_IGateProvider_Interface__BASE__C)
                  0000a754    00000004     mss_per4ft.oer4ft (.const:xdc_runtime_IHeap_Interface__BASE__C)
                  0000a758    00000004     mss_per4ft.oer4ft (.const:xdc_runtime_IModule_Interface__BASE__C)
                  0000a75c    00000004     mss_per4ft.oer4ft (.const:xdc_runtime_Log_L_error__C)
                  0000a760    00000004     mss_per4ft.oer4ft (.const:xdc_runtime_Memory_defaultHeapInstance__C)
                  0000a764    00000004     mss_per4ft.oer4ft (.const:xdc_runtime_Startup_execImpl__C)
                  0000a768    00000004     mss_per4ft.oer4ft (.const:xdc_runtime_Startup_maxPasses__C)
                  0000a76c    00000004     mss_per4ft.oer4ft (.const:xdc_runtime_Startup_sfxnRts__C)
                  0000a770    00000004     mss_per4ft.oer4ft (.const:xdc_runtime_Startup_sfxnTab__C)
                  0000a774    00000004     mss_per4ft.oer4ft (.const:xdc_runtime_SysMin_bufSize__C)
                  0000a778    00000004     mss_per4ft.oer4ft (.const:xdc_runtime_System_Module__gateObj__C)
                  0000a77c    00000004     mss_per4ft.oer4ft (.const:xdc_runtime_System_abortFxn__C)
                  0000a780    00000004     mss_per4ft.oer4ft (.const:xdc_runtime_System_exitFxn__C)
                  0000a784    00000004     mss_per4ft.oer4ft (.const:xdc_runtime_System_extendFxn__C)
                  0000a788    00000004     mss_per4ft.oer4ft (.const:xdc_runtime_System_maxAtexitHandlers__C)
                  0000a78c    00000004     mss_per4ft.oer4ft (.const:xdc_runtime_Text_charTab__C)
                  0000a790    00000004     mss_per4ft.oer4ft (.const:xdc_runtime_Text_nameEmpty__C)
                  0000a794    00000004     mss_per4ft.oer4ft (.const:xdc_runtime_Text_nameStatic__C)
                  0000a798    00000004     mss_per4ft.oer4ft (.const:xdc_runtime_Text_nameUnknown__C)
                  0000a79c    00000004     mss_per4ft.oer4ft (.const:xdc_runtime_Text_nodeTab__C)
                  0000a7a0    00000004     mss_per4ft.oer4ft (.const:xdc_runtime_Text_visitRopeFxn__C)
                  0000a7a4    00000002     mss_per4ft.oer4ft (.const:ti_sysbios_family_arm_exc_Exception_Module__id__C)
                  0000a7a6    00000002     mss_per4ft.oer4ft (.const:ti_sysbios_family_arm_v7r_tms570_Core_Module__id__C)
                  0000a7a8    00000002     mss_per4ft.oer4ft (.const:ti_sysbios_family_arm_v7r_vim_Hwi_Module__id__C)
                  0000a7aa    00000002     mss_per4ft.oer4ft (.const:ti_sysbios_family_arm_v7r_vim_Hwi_Module__loggerDefined__C)
                  0000a7ac    00000002     mss_per4ft.oer4ft (.const:ti_sysbios_gates_GateMutex_Module__id__C)
                  0000a7ae    00000002     mss_per4ft.oer4ft (.const:ti_sysbios_hal_Hwi_Module__id__C)
                  0000a7b0    00000002     mss_per4ft.oer4ft (.const:ti_sysbios_heaps_HeapMem_Module__id__C)
                  0000a7b2    00000002     mss_per4ft.oer4ft (.const:ti_sysbios_knl_Clock_Module__id__C)
                  0000a7b4    00000002     mss_per4ft.oer4ft (.const:ti_sysbios_knl_Clock_Module__loggerDefined__C)
                  0000a7b6    00000002     mss_per4ft.oer4ft (.const:ti_sysbios_knl_Semaphore_Module__id__C)
                  0000a7b8    00000002     mss_per4ft.oer4ft (.const:ti_sysbios_knl_Semaphore_Module__loggerDefined__C)
                  0000a7ba    00000002     mss_per4ft.oer4ft (.const:ti_sysbios_knl_Swi_Module__id__C)
                  0000a7bc    00000002     mss_per4ft.oer4ft (.const:ti_sysbios_knl_Swi_Module__loggerDefined__C)
                  0000a7be    00000002     mss_per4ft.oer4ft (.const:ti_sysbios_knl_Task_Module__id__C)
                  0000a7c0    00000002     mss_per4ft.oer4ft (.const:ti_sysbios_knl_Task_Module__loggerDefined__C)
                  0000a7c2    00000002     mss_per4ft.oer4ft (.const:ti_sysbios_timers_rti_Timer_Module__id__C)
                  0000a7c4    00000002     mss_per4ft.oer4ft (.const:ti_sysbios_timers_rti_Timer_continueOnSuspend__C)
                  0000a7c6    00000002     mss_per4ft.oer4ft (.const:xdc_runtime_Core_Module__id__C)
                  0000a7c8    00000002     mss_per4ft.oer4ft (.const:xdc_runtime_Error_Module__loggerDefined__C)
                  0000a7ca    00000002     mss_per4ft.oer4ft (.const:xdc_runtime_Error_maxDepth__C)
                  0000a7cc    00000002     mss_per4ft.oer4ft (.const:xdc_runtime_Main_Module__id__C)
                  0000a7ce    00000002     mss_per4ft.oer4ft (.const:xdc_runtime_Memory_Module__id__C)
                  0000a7d0    00000002     mss_per4ft.oer4ft (.const:xdc_runtime_Text_charCnt__C)
                  0000a7d2    00000002     mss_per4ft.oer4ft (.const:xdc_runtime_Text_isLoaded__C)
                  0000a7d4    00000002     mss_per4ft.oer4ft (.const:xdc_runtime_Text_registryModsLastId__C)
                  0000a7d6    00000002     mss_per4ft.oer4ft (.const:xdc_runtime_Text_unnamedModsLastId__C)
                  0000a7d8    00000001     mss_per4ft.oer4ft (.const:xdc_runtime_Error_policy__C)

.cinit     0    0000a7e0    00000268     
                  0000a7e0    00000224     (.cinit..data.load) [load image, compression = lzss]
                  0000aa04    0000000c     (__TI_handler_table)
                  0000aa10    00000008     (.cinit..MCPILogBuffer.load) [load image, compression = zero_init]
                  0000aa18    00000008     (.cinit..bss.load) [load image, compression = zero_init]
                  0000aa20    00000008     (.cinit.systemHeap.load) [load image, compression = zero_init]
                  0000aa28    00000020     (__TI_cinit_table)

systemHeap 
*          0    08000000    0000a000     UNINITIALIZED
                  08000000    0000a000     mss_per4ft.oer4ft (systemHeap)

.MCPILogBuffer 
*          0    0800a000    00002400     UNINITIALIZED
                  0800a000    00002400     main.oer4f (.MCPILogBuffer)

.bss       0    0800c400    00002238     UNINITIALIZED
                  0800c400    00001000     (.common:ti_sysbios_family_arm_exc_Exception_Module_State_0_excStack_0__A)
                  0800d400    00000800     mss_per4ft.oer4ft (.bss:taskStackSection)
                  0800dc00    00000400     (.common:ti_sysbios_family_arm_v7r_vim_Hwi_Module_State_0_fiqStack__A)
                  0800e000    00000400     (.common:xdc_runtime_SysMin_Module_State_0_outbuf__A)
                  0800e400    00000120     rtsv7R4_T_le_v3D16_eabi.lib : trgmsg.obj (.bss:_CIOBUF_)
                  0800e520    000000a0     (.common:__TI_tmpnams)
                  0800e5c0    00000070     (.common:gEsmMCB)
                  0800e630    00000008     (.common:parmbuf)

.stack     0    0800e638    00001000     UNINITIALIZED
                  0800e638    00001000     --HOLE--

.data      0    0800f638    00000860     UNINITIALIZED
                  0800f638    00000200     mss_per4ft.oer4ft (.data:ti_sysbios_family_arm_v7r_vim_Hwi_Module_State_0_dispatchTable__A)
                  0800f838    000000f0     rtsv7R4_T_le_v3D16_eabi.lib : defs.obj (.data:_ftable)
                  0800f928    00000080     mss_per4ft.oer4ft (.data:ti_sysbios_knl_Swi_Module_State_0_readyQ__A)
                  0800f9a8    00000080     mss_per4ft.oer4ft (.data:ti_sysbios_knl_Task_Module_State_0_readyQ__A)
                  0800fa28    00000078     rtsv7R4_T_le_v3D16_eabi.lib : write.obj (.data:_device)
                  0800faa0    00000050                                 : write.obj (.data:_stream)
                  0800faf0    0000004c     mss_per4ft.oer4ft (.data:ti_sysbios_knl_Task_Object__table__V)
                  0800fb3c    00000044     mss_per4ft.oer4ft (.data:ti_sysbios_knl_Task_Module__state__V)
                  0800fb80    00000038     mss_per4ft.oer4ft (.data:ti_sysbios_gates_GateMutex_Object__table__V)
                  0800fbb8    00000038     mss_per4ft.oer4ft (.data:ti_sysbios_timers_rti_Timer_Object__table__V)
                  0800fbf0    00000034     mss_per4ft.oer4ft (.data:ti_sysbios_family_arm_v7r_vim_Hwi_Module__state__V)
                  0800fc24    00000030     mss_per4ft.oer4ft (.data:ti_sysbios_knl_Swi_Object__table__V)
                  0800fc54    0000002c     mss_per4ft.oer4ft (.data:ti_sysbios_family_arm_v7r_vim_Hwi_Object__table__V)
                  0800fc80    0000002c     mss_per4ft.oer4ft (.data:ti_sysbios_knl_Clock_Module__state__V)
                  0800fcac    00000024     mss_per4ft.oer4ft (.data:ti_sysbios_BIOS_Module__state__V)
                  0800fcd0    00000020     mss_per4ft.oer4ft (.data:xdc_runtime_Error_IgnoreBlock)
                  0800fcf0    00000020     mss_per4ft.oer4ft (.data:xdc_runtime_System_Module_State_0_atexitHandlers__A)
                  0800fd10    0000001c     mss_per4ft.oer4ft (.data:ti_sysbios_knl_Swi_Module__state__V)
                  0800fd2c    00000018     mss_per4ft.oer4ft (.data:ti_sysbios_heaps_HeapMem_Object__table__V)
                  0800fd44    00000018     mss_per4ft.oer4ft (.data:ti_sysbios_timers_rti_Timer_Module_State_0_device__A)
                  0800fd5c    00000014     mss_per4ft.oer4ft (.data:ti_sysbios_family_arm_exc_Exception_Module__state__V)
                  0800fd70    00000010     libsoc_xwr14xx.aer4f : soc_xwr14xx.oer4f (.data:gSOCHwAttrib)
                  0800fd80    00000010     rtsv7R4_T_le_v3D16_eabi.lib : defs.obj (.data)
                  0800fd90    00000010     mss_per4ft.oer4ft (.data:ti_sysbios_timers_rti_Timer_Module_State_0_intFreqs__A)
                  0800fda0    00000010     mss_per4ft.oer4ft (.data:ti_sysbios_timers_rti_Timer_Module__state__V)
                  0800fdb0    0000000c     libtestlogger_xwr14xx.aer4f : logger.oer4f (.data:$O1$$)
                  0800fdbc    0000000c     rtsv7R4_T_le_v3D16_eabi.lib : exit.obj (.data:$O1$$)
                  0800fdc8    0000000c     libesm_xwr14xx.aer4f : esm_xwr1xxx.oer4f (.data:gESMHwCfgAttrs)
                  0800fdd4    0000000c     qspi_xwr14xx.oer4f (.data:gQSPIHwCfg)
                  0800fde0    0000000c     mss_per4ft.oer4ft (.data:ti_sysbios_family_arm_v7a_Pmu_Module__state__V)
                  0800fdec    0000000c     mss_per4ft.oer4ft (.data:xdc_runtime_SysMin_Module__state__V)
                  0800fdf8    00000008     rtsv7R4_T_le_v3D16_eabi.lib : _lock.obj (.data:$O1$$)
                  0800fe00    00000008     mss_per4ft.oer4ft (.data:ti_sysbios_family_arm_v7r_vim_Hwi_Module__root__V)
                  0800fe08    00000008     mss_per4ft.oer4ft (.data:ti_sysbios_gates_GateHwi_Module__root__V)
                  0800fe10    00000008     mss_per4ft.oer4ft (.data:ti_sysbios_gates_GateMutex_Module__root__V)
                  0800fe18    00000008     mss_per4ft.oer4ft (.data:ti_sysbios_hal_Hwi_Object__table__V)
                  0800fe20    00000008     mss_per4ft.oer4ft (.data:ti_sysbios_heaps_HeapMem_Module__root__V)
                  0800fe28    00000008     mss_per4ft.oer4ft (.data:ti_sysbios_knl_Queue_Module__root__V)
                  0800fe30    00000008     mss_per4ft.oer4ft (.data:ti_sysbios_knl_Semaphore_Module__root__V)
                  0800fe38    00000008     mss_per4ft.oer4ft (.data:ti_sysbios_knl_Task_Module__root__V)
                  0800fe40    00000008     mss_per4ft.oer4ft (.data:ti_sysbios_timers_rti_Timer_Module_State_0_handles__A)
                  0800fe48    00000008     mss_per4ft.oer4ft (.data:xdc_runtime_Registry_Module__state__V)
                  0800fe50    00000008     mss_per4ft.oer4ft (.data:xdc_runtime_Startup_Module__state__V)
                  0800fe58    00000008     mss_per4ft.oer4ft (.data:xdc_runtime_System_Module__state__V)
                  0800fe60    00000004     main.oer4f (.data)
                  0800fe64    00000004     qspi.oer4f (.data)
                  0800fe68    00000004     rtsv7R4_T_le_v3D16_eabi.lib : errno.obj (.data)
                  0800fe6c    00000004                                 : fopen.obj (.data)
                  0800fe70    00000004                                 : open.obj (.data)
                  0800fe74    00000004                                 : stkdepth_vars.obj (.data)
                  0800fe78    00000004     mss_per4ft.oer4ft (.data:ti_sysbios_family_arm_exc_Exception_Module_State_0_excContext__A)
                  0800fe7c    00000004     mss_per4ft.oer4ft (.data:ti_sysbios_family_arm_exc_Exception_Module_State_0_excStackBuffers__A)
                  0800fe80    00000004     mss_per4ft.oer4ft (.data:ti_sysbios_family_arm_exc_Exception_Module_State_0_excStack__A)
                  0800fe84    00000004     mss_per4ft.oer4ft (.data:ti_sysbios_gates_GateHwi_Object__table__V)
                  0800fe88    00000004     mss_per4ft.oer4ft (.data:ti_sysbios_heaps_HeapBuf_Module__state__V)
                  0800fe8c    00000004     mss_per4ft.oer4ft (.data:ti_sysbios_knl_Task_Module_State_0_idleTask__A)
                  0800fe90    00000004     mss_per4ft.oer4ft (.data:xdc_runtime_Memory_Module__state__V)
                  0800fe94    00000002     mss_per4ft.oer4ft (.data:ti_sysbios_family_arm_exc_Exception_Module_State_0_excActive__A)
                  0800fe96    00000002     mss_per4ft.oer4ft (.data:xdc_runtime_Error_Module__state__V)

MODULE SUMMARY

       Module                          code    ro data   rw data
       ------                          ----    -------   -------
    /home/gtbldadm/nightlybuilds/mmwave_sdk/ti/drivers/qspi/test/xwr14xx/mss_configPkg_xwr14xx/package/cfg/
       mss_per4ft.oer4ft               1818    8664      50744  
    +--+-------------------------------+-------+---------+---------+
       Total:                          1818    8664      50744  
                                                                
    obj_xwr14xx/
       main.oer4f                      1496    0         9220   
       qspi.oer4f                      660     12        4      
       qspi_xwr14xx.oer4f              0       0         12     
    +--+-------------------------------+-------+---------+---------+
       Total:                          2156    12        9236   
                                                                
    /home/gtbldadm/nightlybuilds/mmwave_sdk/scripts/jenkins/../../ti/drivers/esm/lib/libesm_xwr14xx.aer4f
       esm.oer4f                       456     0         112    
       esm_xwr1xxx.oer4f               0       0         12     
    +--+-------------------------------+-------+---------+---------+
       Total:                          456     0         124    
                                                                
    /home/gtbldadm/nightlybuilds/mmwave_sdk/scripts/jenkins/../../ti/drivers/osal/lib/libosal_xwr14xx.aer4f
       HwiP_tirtos.oer4f               164     0         0      
       MemoryP_tirtos.oer4f            28      0         0      
       DebugP_tirtos.oer4f             20      0         0      
    +--+-------------------------------+-------+---------+---------+
       Total:                          212     0         0      
                                                                
    /home/gtbldadm/nightlybuilds/mmwave_sdk/scripts/jenkins/../../ti/drivers/soc/lib/libsoc_xwr14xx.aer4f
       soc_xwr14xx.oer4f               886     0         16     
       soc.oer4f                       306     0         0      
       soc_mpu.o                       182     0         0      
    +--+-------------------------------+-------+---------+---------+
       Total:                          1374    0         16     
                                                                
    /home/gtbldadm/nightlybuilds/mmwave_sdk/scripts/jenkins/../../ti/utils/testlogger/lib/libtestlogger_xwr14xx.aer4f
       logger.oer4f                    344     0         12     
    +--+-------------------------------+-------+---------+---------+
       Total:                          344     0         12     
                                                                
    /home/gtbldadm/nightlybuilds/mmwave_sdk/ti/drivers/qspi/test/xwr14xx/mss_configPkg_xwr14xx/package/cfg/mss_per4ft.src/sysbios/sysbios.aer4ft
       BIOS.obj                        12426   0         0      
       exc_Exception_asm.obj           308     0         0      
       vim_Hwi_asm.obj                 208     0         0      
       arm_TaskSupport_asm.obj         176     0         0      
       vim_Hwi_asm_switch.obj          152     0         0      
       arm_IntrinsicsSupport_asm.obj   12      0         0      
       tms570_Core_asm.obj             10      0         0      
    +--+-------------------------------+-------+---------+---------+
       Total:                          13292   0         0      
                                                                
    /opt/ti/bios_6_53_02_00/packages/ti/targets/arm/rtsarm/lib/auto_init.aer4ft
       auto_init.oer4ft                160     0         0      
    +--+-------------------------------+-------+---------+---------+
       Total:                          160     0         0      
                                                                
    /opt/ti/bios_6_53_02_00/packages/ti/targets/arm/rtsarm/lib/boot.aer4ft
       boot.oer4ft                     116     0         0      
    +--+-------------------------------+-------+---------+---------+
       Total:                          116     0         0      
                                                                
    /opt/ti/bios_6_53_02_00/packages/ti/targets/arm/rtsarm/lib/ti.targets.arm.rtsarm.aer4ft
       System.oer4ft                   1259    0         0      
       Text.oer4ft                     672     0         0      
       Error.oer4ft                    564     0         0      
       Startup.oer4ft                  340     0         0      
       Core-mem.oer4ft                 334     0         0      
       Core-smem.oer4ft                208     0         0      
       Memory.oer4ft                   176     0         0      
       Assert.oer4ft                   84      0         0      
       Core-params.oer4ft              72      0         0      
       Core-label.oer4ft               52      0         0      
       SysStd.oer4ft                   52      0         0      
       Registry.oer4ft                 32      0         0      
       SysMin.oer4ft                   32      0         0      
       Gate.oer4ft                     28      0         0      
    +--+-------------------------------+-------+---------+---------+
       Total:                          3905    0         0      
                                                                
    /opt/ti/ti-cgt-arm_16.9.6.LTS/lib/rtsv7R4_T_le_v3D16_eabi.lib
       _printfi.obj                    4218    0         0      
       ull_div32.obj                   696     0         0      
       fopen.obj                       456     0         4      
       defs.obj                        0       0         416    
       trgmsg.obj                      108     0         288    
       fputs.obj                       312     0         0      
       ctype.obj                       0       257       0      
       write.obj                       40      0         200    
       s_scalbn.obj                    236     0         0      
       setvbuf.obj                     220     0         0      
       fflush.obj                      204     0         0      
       open.obj                        188     0         4      
       _io_perm.obj                    174     0         0      
       memcpy_t2.obj                   156     0         0      
       fclose.obj                      152     0         0      
       fputc.obj                       152     0         0      
       snprintf.obj                    148     0         0      
       memset_t2.obj                   122     0         0      
       getdevice.obj                   116     0         0      
       s_frexp.obj                     116     0         0      
       printf.obj                      112     0         0      
       copy_decompress_lzss.obj        108     0         0      
       hostlseek.obj                   104     0         0      
       hostrename.obj                  104     0         0      
       fseek.obj                       100     0         0      
       hostopen.obj                    92      0         8      
       exit.obj                        80      0         12     
       hostread.obj                    92      0         0      
       close.obj                       88      0         0      
       hostwrite.obj                   88      0         0      
       ltoa.obj                        84      0         0      
       atoi.obj                        80      0         0      
       u_div32.obj                     80      0         0      
       cpy_tbl.obj                     76      0         0      
       hostclose.obj                   68      0         0      
       hostunlink.obj                  68      0         0      
       strncpy.obj                     54      0         0      
       unlink.obj                      44      0         0      
       lseek.obj                       40      0         0      
       memchr.obj                      32      0         0      
       strcat.obj                      30      0         0      
       _lock.obj                       20      0         8      
       memccpy.obj                     28      0         0      
       s_copysign.obj                  26      0         0      
       args_main.obj                   24      0         0      
       strcmp.obj                      24      0         0      
       strchr.obj                      22      0         0      
       strlen.obj                      22      0         0      
       strcpy.obj                      20      0         0      
       copy_decompress_none.obj        14      0         0      
       copy_zero_init.obj              12      0         0      
       errno.obj                       0       0         4      
       stkdepth_vars.obj               0       0         4      
       i_div0.obj                      2       0         0      
    +--+-------------------------------+-------+---------+---------+
       Total:                          9652    257       948    
                                                                
       Stack:                          0       0         4096   
       Linker Generated:               0       616       0      
    +--+-------------------------------+-------+---------+---------+
       Grand Total:                    33485   9549      65176  


LINKER GENERATED COPY TABLES

__TI_cinit_table @ 0000aa28 records: 4, size/record: 8, table size: 32
	.data: load addr=0000a7e0, load size=00000224 bytes, run addr=0800f638, run size=00000860 bytes, compression=lzss
	.MCPILogBuffer: load addr=0000aa10, load size=00000008 bytes, run addr=0800a000, run size=00002400 bytes, compression=zero_init
	.bss: load addr=0000aa18, load size=00000008 bytes, run addr=0800c400, run size=00002238 bytes, compression=zero_init
	systemHeap: load addr=0000aa20, load size=00000008 bytes, run addr=08000000, run size=0000a000 bytes, compression=zero_init


LINKER GENERATED HANDLER TABLE

__TI_handler_table @ 0000aa04 records: 3, size/record: 4, table size: 12
	index: 0, handler: __TI_zero_init
	index: 1, handler: __TI_decompress_lzss
	index: 2, handler: __TI_decompress_none


GLOBAL SYMBOLS: SORTED ALPHABETICALLY BY Name 

address   name                                                                 
-------   ----                                                                 
00007019  C$$EXIT                                                              
[...]
0000a590  ti_sysbios_family_arm_v7r_vim_Hwi_LD_end__C                          
0000a594  ti_sysbios_family_arm_v7r_vim_Hwi_LM_begin__C                        
0000a598  ti_sysbios_family_arm_v7r_vim_Hwi_Module__diagsEnabled__C            
0000a59c  ti_sysbios_family_arm_v7r_vim_Hwi_Module__diagsIncluded__C           
0000a5a0  ti_sysbios_family_arm_v7r_vim_Hwi_Module__diagsMask__C               
0000a5a4  ti_sysbios_family_arm_v7r_vim_Hwi_Module__loggerFxn1__C              
0000a5a8  ti_sysbios_family_arm_v7r_vim_Hwi_Module__loggerFxn8__C              
0000a5ac  ti_sysbios_family_arm_v7r_vim_Hwi_Module__loggerObj__C               
0000a5b0  ti_sysbios_family_arm_v7r_vim_Hwi_NUM_INTERRUPTS__C                  
0000a5b4  ti_sysbios_family_arm_v7r_vim_Hwi_channelMap__C                      
0000a5b8  ti_sysbios_family_arm_v7r_vim_Hwi_intReqEnaSet__C                    
0000a5bc  ti_sysbios_family_arm_v7r_vim_Hwi_phantomFunc__C                     
0000a5c0  ti_sysbios_family_arm_v7r_vim_Hwi_swiDisable__C                      
0000a5c4  ti_sysbios_family_arm_v7r_vim_Hwi_swiRestoreHwi__C                   
0000a5c8  ti_sysbios_family_arm_v7r_vim_Hwi_taskDisable__C                     
0000a5cc  ti_sysbios_family_arm_v7r_vim_Hwi_taskRestoreHwi__C                  
0000a5d0  ti_sysbios_family_arm_v7r_vim_Hwi_wakeEnaSet__C                      
0000a5d4  ti_sysbios_gates_GateMutex_A_badContext__C                           
0000a5d8  ti_sysbios_gates_GateMutex_Instance_State_sem__O                     
0000a5dc  ti_sysbios_gates_GateMutex_Module__diagsEnabled__C                   
0000a5e0  ti_sysbios_gates_GateMutex_Module__diagsIncluded__C                  
0000a5e4  ti_sysbios_gates_GateMutex_Module__diagsMask__C                      
0000a5e8  ti_sysbios_hal_Hwi_E_stackOverflow__C                                
0000a5ec  ti_sysbios_heaps_HeapBuf_Instance_State_freeList__O                  
0000a5f0  ti_sysbios_heaps_HeapBuf_Object__count__C                            
0000a5f4  ti_sysbios_heaps_HeapBuf_numConstructedHeaps__C                      
0000a5f8  ti_sysbios_heaps_HeapMem_A_align__C                                  
0000a5fc  ti_sysbios_heaps_HeapMem_A_heapSize__C                               
0000a600  ti_sysbios_heaps_HeapMem_A_invalidFree__C                            
0000a604  ti_sysbios_heaps_HeapMem_A_zeroBlock__C                              
0000a608  ti_sysbios_heaps_HeapMem_E_memory__C                                 
0000a60c  ti_sysbios_heaps_HeapMem_Module__diagsEnabled__C                     
0000a610  ti_sysbios_heaps_HeapMem_Module__diagsIncluded__C                    
0000a614  ti_sysbios_heaps_HeapMem_Module__diagsMask__C                        
0000a618  ti_sysbios_heaps_HeapMem_Module__gateObj__C                          
0000a61c  ti_sysbios_heaps_HeapMem_Object__count__C                            
0000a620  ti_sysbios_heaps_HeapMem_reqAlign__C                                 
0000a624  ti_sysbios_knl_Clock_LM_begin__C                                     
0000a628  ti_sysbios_knl_Clock_LM_tick__C                                      
0000a62c  ti_sysbios_knl_Clock_LW_delayed__C                                   
0000a630  ti_sysbios_knl_Clock_Module_State_clockQ__O                          
0000a634  ti_sysbios_knl_Clock_Module__diagsEnabled__C                         
0000a638  ti_sysbios_knl_Clock_Module__diagsIncluded__C                        
0000a63c  ti_sysbios_knl_Clock_Module__diagsMask__C                            
0000a640  ti_sysbios_knl_Clock_Module__loggerFxn1__C                           
0000a644  ti_sysbios_knl_Clock_Module__loggerFxn2__C                           
0000a648  ti_sysbios_knl_Clock_Module__loggerObj__C                            
0000a64c  ti_sysbios_knl_Idle_funcList__A                                      
0000a650  ti_sysbios_knl_Semaphore_A_badContext__C                             
0000a654  ti_sysbios_knl_Semaphore_A_noEvents__C                               
0000a658  ti_sysbios_knl_Semaphore_A_overflow__C                               
0000a65c  ti_sysbios_knl_Semaphore_A_pendTaskDisabled__C                       
0000a660  ti_sysbios_knl_Semaphore_Instance_State_pendQ__O                     
0000a664  ti_sysbios_knl_Semaphore_LM_pend__C                                  
0000a668  ti_sysbios_knl_Semaphore_LM_post__C                                  
0000a66c  ti_sysbios_knl_Semaphore_Module__diagsEnabled__C                     
0000a670  ti_sysbios_knl_Semaphore_Module__diagsIncluded__C                    
0000a674  ti_sysbios_knl_Semaphore_Module__diagsMask__C                        
0000a678  ti_sysbios_knl_Semaphore_Module__loggerFxn2__C                       
0000a67c  ti_sysbios_knl_Semaphore_Module__loggerFxn4__C                       
0000a680  ti_sysbios_knl_Semaphore_Module__loggerObj__C                        
0000a684  ti_sysbios_knl_Swi_LD_end__C                                         
0000a688  ti_sysbios_knl_Swi_LM_begin__C                                       
0000a68c  ti_sysbios_knl_Swi_LM_post__C                                        
0000a690  ti_sysbios_knl_Swi_Module__diagsEnabled__C                           
0000a694  ti_sysbios_knl_Swi_Module__diagsIncluded__C                          
0000a698  ti_sysbios_knl_Swi_Module__diagsMask__C                              
0000a69c  ti_sysbios_knl_Swi_Module__loggerFxn1__C                             
0000a6a0  ti_sysbios_knl_Swi_Module__loggerFxn4__C                             
0000a6a4  ti_sysbios_knl_Swi_Module__loggerObj__C                              
0000a6a8  ti_sysbios_knl_Swi_Object__count__C                                  
0000a6ac  ti_sysbios_knl_Task_A_badPriority__C                                 
0000a6b0  ti_sysbios_knl_Task_A_badTaskState__C                                
0000a6b4  ti_sysbios_knl_Task_A_badThreadType__C                               
0000a6b8  ti_sysbios_knl_Task_A_noPendElem__C                                  
0000a6bc  ti_sysbios_knl_Task_E_spOutOfBounds__C                               
0000a6c0  ti_sysbios_knl_Task_E_stackOverflow__C                               
0000a6c4  ti_sysbios_knl_Task_LD_block__C                                      
0000a6c8  ti_sysbios_knl_Task_LD_exit__C                                       
0000a6cc  ti_sysbios_knl_Task_LD_ready__C                                      
0000a6d0  ti_sysbios_knl_Task_LM_switch__C                                     
0000a6d4  ti_sysbios_knl_Task_Module_State_inactiveQ__O                        
0000a6d8  ti_sysbios_knl_Task_Module__diagsEnabled__C                          
0000a6dc  ti_sysbios_knl_Task_Module__diagsIncluded__C                         
0000a6e0  ti_sysbios_knl_Task_Module__diagsMask__C                             
0000a6e4  ti_sysbios_knl_Task_Module__loggerFxn2__C                            
0000a6e8  ti_sysbios_knl_Task_Module__loggerFxn4__C                            
0000a6ec  ti_sysbios_knl_Task_Module__loggerObj__C                             
0000a6f0  ti_sysbios_knl_Task_Object__count__C                                 
0000a6f4  ti_sysbios_knl_Task_allBlockedFunc__C                                
0000a6f8  ti_sysbios_knl_Task_defaultStackHeap__C                              
0000a6fc  ti_sysbios_knl_Task_defaultStackSize__C                              
0000a700  ti_sysbios_knl_Task_numConstructedTasks__C                           
0000a704  ti_sysbios_timers_rti_Timer_E_cannotSupport__C                       
0000a708  ti_sysbios_timers_rti_Timer_Module__diagsEnabled__C                  
0000a70c  ti_sysbios_timers_rti_Timer_Module__diagsIncluded__C                 
0000a710  ti_sysbios_timers_rti_Timer_Module__diagsMask__C                     
0000a714  ti_sysbios_timers_rti_Timer_numTimerDevices__C                       
0000a718  ti_sysbios_timers_rti_Timer_startupNeeded__C                         
0000a71c  xdc_runtime_Assert_E_assertFailed__C                                 
0000a720  xdc_runtime_Core_A_initializedParams__C                              
0000a724  xdc_runtime_Core_Module__diagsEnabled__C                             
0000a728  xdc_runtime_Core_Module__diagsIncluded__C                            
0000a72c  xdc_runtime_Core_Module__diagsMask__C                                
0000a730  xdc_runtime_Error_E_memory__C                                        
0000a734  xdc_runtime_Error_Module__diagsEnabled__C                            
0000a738  xdc_runtime_Error_Module__diagsIncluded__C                           
0000a73c  xdc_runtime_Error_Module__diagsMask__C                               
0000a740  xdc_runtime_Error_Module__loggerFxn8__C                              
0000a744  xdc_runtime_Error_Module__loggerObj__C                               
0000a748  xdc_runtime_Error_policyFxn__C                                       
0000a74c  xdc_runtime_Error_raiseHook__C                                       
0000a750  xdc_runtime_IGateProvider_Interface__BASE__C                         
0000a754  xdc_runtime_IHeap_Interface__BASE__C                                 
0000a758  xdc_runtime_IModule_Interface__BASE__C                               
0000a75c  xdc_runtime_Log_L_error__C                                           
0000a760  xdc_runtime_Memory_defaultHeapInstance__C                            
0000a764  xdc_runtime_Startup_execImpl__C                                      
0000a768  xdc_runtime_Startup_maxPasses__C                                     
0000a76c  xdc_runtime_Startup_sfxnRts__C                                       
0000a770  xdc_runtime_Startup_sfxnTab__C                                       
0000a774  xdc_runtime_SysMin_bufSize__C                                        
0000a778  xdc_runtime_System_Module__gateObj__C                                
0000a77c  xdc_runtime_System_abortFxn__C                                       
0000a780  xdc_runtime_System_exitFxn__C                                        
0000a784  xdc_runtime_System_extendFxn__C                                      
0000a788  xdc_runtime_System_maxAtexitHandlers__C                              
0000a78c  xdc_runtime_Text_charTab__C                                          
0000a790  xdc_runtime_Text_nameEmpty__C                                        
0000a794  xdc_runtime_Text_nameStatic__C                                       
0000a798  xdc_runtime_Text_nameUnknown__C                                      
0000a79c  xdc_runtime_Text_nodeTab__C                                          
0000a7a0  xdc_runtime_Text_visitRopeFxn__C                                     
0000a7a4  ti_sysbios_family_arm_exc_Exception_Module__id__C                    
0000a7a6  ti_sysbios_family_arm_v7r_tms570_Core_Module__id__C                  
0000a7a8  ti_sysbios_family_arm_v7r_vim_Hwi_Module__id__C                      
0000a7aa  ti_sysbios_family_arm_v7r_vim_Hwi_Module__loggerDefined__C           
0000a7ac  ti_sysbios_gates_GateMutex_Module__id__C                             
0000a7ae  ti_sysbios_hal_Hwi_Module__id__C                                     
0000a7b0  ti_sysbios_heaps_HeapMem_Module__id__C                               
0000a7b2  ti_sysbios_knl_Clock_Module__id__C                                   
0000a7b4  ti_sysbios_knl_Clock_Module__loggerDefined__C                        
0000a7b6  ti_sysbios_knl_Semaphore_Module__id__C                               
0000a7b8  ti_sysbios_knl_Semaphore_Module__loggerDefined__C                    
0000a7ba  ti_sysbios_knl_Swi_Module__id__C                                     
0000a7bc  ti_sysbios_knl_Swi_Module__loggerDefined__C                          
0000a7be  ti_sysbios_knl_Task_Module__id__C                                    
0000a7c0  ti_sysbios_knl_Task_Module__loggerDefined__C                         
0000a7c2  ti_sysbios_timers_rti_Timer_Module__id__C                            
0000a7c4  ti_sysbios_timers_rti_Timer_continueOnSuspend__C                     
0000a7c6  xdc_runtime_Core_Module__id__C                                       
0000a7c8  xdc_runtime_Error_Module__loggerDefined__C                           
0000a7ca  xdc_runtime_Error_maxDepth__C                                        
0000a7cc  xdc_runtime_Main_Module__id__C                                       
0000a7ce  xdc_runtime_Memory_Module__id__C                                     
0000a7d0  xdc_runtime_Text_charCnt__C                                          
0000a7d2  xdc_runtime_Text_isLoaded__C                                         
0000a7d4  xdc_runtime_Text_registryModsLastId__C                               
0000a7d6  xdc_runtime_Text_unnamedModsLastId__C                                
0000a7d8  xdc_runtime_Error_policy__C                                          
0000aa04  __TI_Handler_Table_Base                                              
0000aa10  __TI_Handler_Table_Limit                                             
0000aa28  __TI_CINIT_Base                                                      
0000aa48  __TI_CINIT_Limit                                                     
08000000  ti_sysbios_heaps_HeapMem_Instance_State_0_buf__A                     
0800a000  MCPI_logMessage                                                      
0800c400  ti_sysbios_family_arm_exc_Exception_Module_State_0_excStack_0__A     
0800d400  ti_sysbios_knl_Task_Instance_State_0_stack__A                        
0800dc00  ti_sysbios_family_arm_v7r_vim_Hwi_Module_State_0_fiqStack__A         
0800e000  xdc_runtime_SysMin_Module_State_0_outbuf__A                          
0800e400  __CIOBUF_                                                            
0800e520  __TI_tmpnams                                                         
0800e5c0  gEsmMCB                                                              
0800e630  parmbuf                                                              
0800e638  __stack                                                              
0800f638  __STACK_END                                                          
0800f638  ti_sysbios_family_arm_v7r_vim_Hwi_Module_State_0_dispatchTable__A    
0800f838  _ftable                                                              
0800f928  ti_sysbios_knl_Swi_Module_State_0_readyQ__A                          
0800f9a8  ti_sysbios_knl_Task_Module_State_0_readyQ__A                         
0800fa28  _device                                                              
0800faa0  _stream                                                              
0800faf0  ti_sysbios_knl_Task_Object__table__V                                 
0800fb3c  ti_sysbios_knl_Task_Module__state__V                                 
0800fb80  ti_sysbios_gates_GateMutex_Object__table__V                          
0800fbb8  ti_sysbios_timers_rti_Timer_Object__table__V                         
0800fbf0  ti_sysbios_family_arm_v7r_vim_Hwi_Module__state__V                   
0800fc24  ti_sysbios_knl_Swi_Object__table__V                                  
0800fc54  ti_sysbios_family_arm_v7r_vim_Hwi_Object__table__V                   
0800fc80  ti_sysbios_knl_Clock_Module__state__V                                
0800fcac  ti_sysbios_BIOS_Module__state__V                                     
0800fcd0  xdc_runtime_Error_IgnoreBlock                                        
0800fcf0  xdc_runtime_System_Module_State_0_atexitHandlers__A                  
0800fd10  ti_sysbios_knl_Swi_Module__state__V                                  
0800fd2c  ti_sysbios_heaps_HeapMem_Object__table__V                            
0800fd44  ti_sysbios_timers_rti_Timer_Module_State_0_device__A                 
0800fd5c  ti_sysbios_family_arm_exc_Exception_Module__state__V                 
0800fd70  gSOCHwAttrib                                                         
0800fd80  __TI_ft_end                                                          
0800fd84  __aeabi_stdin                                                        
0800fd88  __aeabi_stdout                                                       
0800fd8c  __aeabi_stderr                                                       
0800fd90  ti_sysbios_timers_rti_Timer_Module_State_0_intFreqs__A               
0800fda0  ti_sysbios_timers_rti_Timer_Module__state__V                         
0800fdb0  MCPI_Result                                                          
0800fdb4  MCPI_FailSignature                                                   
0800fdbc  __TI_cleanup_ptr                                                     
0800fdc0  __TI_dtors_ptr                                                       
0800fdc4  __TI_enable_exit_profile_output                                      
0800fdc8  gESMHwCfgAttrs                                                       
0800fdd4  gQSPIHwCfg                                                           
0800fde0  ti_sysbios_family_arm_v7a_Pmu_Module__state__V                       
0800fdec  xdc_runtime_SysMin_Module__state__V                                  
0800fdf8  _lock                                                                
0800fdfc  _unlock                                                              
0800fe00  ti_sysbios_family_arm_v7r_vim_Hwi_Module__root__V                    
0800fe08  ti_sysbios_gates_GateHwi_Module__root__V                             
0800fe10  ti_sysbios_gates_GateMutex_Module__root__V                           
0800fe18  ti_sysbios_hal_Hwi_Object__table__V                                  
0800fe20  ti_sysbios_heaps_HeapMem_Module__root__V                             
0800fe28  ti_sysbios_knl_Queue_Module__root__V                                 
0800fe30  ti_sysbios_knl_Semaphore_Module__root__V                             
0800fe38  ti_sysbios_knl_Task_Module__root__V                                  
0800fe40  ti_sysbios_timers_rti_Timer_Module_State_0_handles__A                
0800fe48  xdc_runtime_Registry_Module__state__V                                
0800fe50  xdc_runtime_Startup_Module__state__V                                 
0800fe58  xdc_runtime_System_Module__state__V                                  
0800fe60  gMCPILogMessageSize                                                  
0800fe64  gQSPIDriverPtr                                                       
0800fe68  errno                                                                
0800fe74  main_func_sp                                                         
0800fe78  ti_sysbios_family_arm_exc_Exception_Module_State_0_excContext__A     
0800fe7c  ti_sysbios_family_arm_exc_Exception_Module_State_0_excStackBuffers__A
0800fe80  ti_sysbios_family_arm_exc_Exception_Module_State_0_excStack__A       
0800fe84  ti_sysbios_gates_GateHwi_Object__table__V                            
0800fe88  ti_sysbios_heaps_HeapBuf_Module__state__V                            
0800fe8c  ti_sysbios_knl_Task_Module_State_0_idleTask__A                       
0800fe90  xdc_runtime_Memory_Module__state__V                                  
0800fe94  ti_sysbios_family_arm_exc_Exception_Module_State_0_excActive__A      
0800fe96  xdc_runtime_Error_Module__state__V                                   
fffffdec  ti_sysbios_family_arm_v7r_vim_Hwi_vim                                
ffffffff  __TI_pprof_out_hndl                                                  
ffffffff  __TI_prof_data_size                                                  
ffffffff  __TI_prof_data_start                                                 
ffffffff  __binit__                                                            
ffffffff  __c_args__                                                           
ffffffff  binit                                                                
UNDEFED   SHT$$INIT_ARRAY$$Base                                                
UNDEFED   SHT$$INIT_ARRAY$$Limit                                               

[675 symbols]
