******************************************************************************
             TMS320C2000 Linker Unix v6.4.0                    
******************************************************************************
>> Linked Fri Feb 26 09:00:35 2016

OUTPUT FILE NAME:   <rtos_rom.x28FP>
ENTRY POINT SYMBOL: "_c_int00"  address: 00084baa


MEMORY CONFIGURATION

         name            origin    length      used     unused   attr    fill
----------------------  --------  ---------  --------  --------  ----  --------
PAGE 0:
  D01SARAM              0000b000   00001000  00000027  00000fd9  RWIX
  BEGIN                 00080000   00000002  00000002  00000000  RWIX
  FLASHA                00080002   0000100e  000008e6  00000728  RWIX
  RTOS_FLASH            00081010   000004f0  000003df  00000111  RWIX
  FLASHB                00081500   00002b00  00001983  0000117d  RWIX
  FLASHC                00084000   00002000  000011f5  00000e0b  RWIX
  FLASHD                00086000   00002000  00000000  00002000  RWIX
  FLASHE                00088000   00008000  00000000  00008000  RWIX
  FLASHF                00090000   00008000  00000000  00008000  RWIX
  FLASHG                00098000   00008000  00000000  00008000  RWIX
  FLASHH                000a0000   00008000  00000000  00008000  RWIX
  FLASHI                000a8000   00008000  00000000  00008000  RWIX
  FLASHJ                000b0000   00008000  00000000  00008000  RWIX
  FLASHK                000b8000   00002000  00000000  00002000  RWIX
  FLASHL                000ba000   00002000  00000000  00002000  RWIX
  FLASHM                000bc000   00002000  00000000  00002000  RWIX
  FLASHN                000be000   00002000  00000000  00002000  RWIX
  RTOS_ROM              003f7200   00002000  00001f10  000000f0  RWIX
  RESET                 003fffc0   00000002  00000000  00000002  RWIX

PAGE 1:
  BOOT_RSVD             00000002   00000120  00000000  00000120  RWIX
  M01SARAM              00000122   0000065e  00000000  0000065e  RWIX
  RTOS_SRAM             00000780   00000080  0000006a  00000016  RWIX
  LS05SARAM             00008000   00003000  00001989  00001677  RWIX
  RAMGS0                0000c000   00001000  00000000  00001000  RWIX
  RAMGS1                0000d000   00001000  00000000  00001000  RWIX
  RAMGS2                0000e000   00001000  00000000  00001000  RWIX
  RAMGS3                0000f000   00001000  00000000  00001000  RWIX
  RAMGS4                00010000   00001000  00000000  00001000  RWIX
  RAMGS5                00011000   00001000  00000000  00001000  RWIX
  RAMGS6                00012000   00001000  00000000  00001000  RWIX
  RAMGS7                00013000   00001000  00000000  00001000  RWIX
  RAMGS8                00014000   00001000  00000000  00001000  RWIX
  RAMGS9                00015000   00001000  00000000  00001000  RWIX
  RAMGS10               00016000   00001000  00000000  00001000  RWIX
  RAMGS11               00017000   00001000  00000000  00001000  RWIX
  RAMGS12               00018000   00001000  00000000  00001000  RWIX
  RAMGS13               00019000   00001000  00000000  00001000  RWIX
  RAMGS14               0001a000   00001000  00000000  00001000  RWIX
  RAMGS15               0001b000   00001000  00000000  00001000  RWIX
  CPU2TOCPU1RAM         0003f800   00000400  00000000  00000400  RWIX
  CPU1TOCPU2RAM         0003fc00   00000400  00000000  00000400  RWIX


SECTION ALLOCATION MAP

 output                                  attributes/
section   page    origin      length       input sections
--------  ----  ----------  ----------   ----------------
.ti_catalog_c2800_initF2837x_begin 
*          0    00080000    00000002     
                  00080000    00000002     Boot.a28FP : Boot_asm.o28FP (.ti_catalog_c2800_initF2837x_begin)

.bigc_text 
*          0    00080002    0000044f     
                  00080002    0000010a     F28004x_P2_p28FP.obj (.text:_xdc_runtime_System_printfExtend__I)
                  0008010c    00000065     F28004x_P2_p28FP.obj (.text:_xdc_runtime_Startup_getState__I)
                  00080171    00000037     F28004x_P2_p28FP.obj (.text:_xdc_runtime_HeapStd_Object__create__S)
                  000801a8    0000001d     F28004x_P2_p28FP.obj (.text:_xdc_runtime_SysMin_output__I)
                  000801c5    00000017     F28004x_P2_p28FP.obj (.text:_ti_sysbios_BIOS_atExitFunc__I)
                  000801dc    00000017     F28004x_P2_p28FP.obj (.text:_ti_sysbios_knl_Clock_doTick__I)
                  000801f3    00000016     F28004x_P2_p28FP.obj (.text:_ti_sysbios_hal_Timer_TimerProxy_create)
                  00080209    00000013     F28004x_P2_p28FP.obj (.text:_ti_sysbios_BIOS_errorRaiseHook__I)
                  0008021c    00000012     F28004x_P2_p28FP.obj (.text:_ti_sysbios_family_c28_Hwi_disableIER__E)
                  0008022e    00000011     F28004x_P2_p28FP.obj (.text:_ti_sysbios_hal_Timer_TimerProxy_Object__create__S)
                  0008023f    00000011     F28004x_P2_p28FP.obj (.text:_xdc_runtime_HeapStd_Handle__label__S)
                  00080250    00000011     F28004x_P2_p28FP.obj (.text:_xdc_runtime_HeapStd_Object__delete__S)
                  00080261    00000010     F28004x_P2_p28FP.obj (.text:_ti_sysbios_BIOS_rtsLock__I)
                  00080271    00000010     F28004x_P2_p28FP.obj (.text:_ti_sysbios_family_c28_Hwi_enableIER__E)
                  00080281    0000000f     F28004x_P2_p28FP.obj (.text:_ti_sysbios_BIOS_startFunc__I)
                  00080290    0000000f     F28004x_P2_p28FP.obj (.text:_xdc_runtime_Text_visitRope__I)
                  0008029f    0000000e     F28004x_P2_p28FP.obj (.text:_xdc_runtime_IHeap_alloc)
                  000802ad    0000000d     F28004x_P2_p28FP.obj (.text:_ti_sysbios_BIOS_registerRTSLock__I)
                  000802ba    0000000d     F28004x_P2_p28FP.obj (.text:_ti_sysbios_BIOS_removeRTSLock__I)
                  000802c7    0000000d     F28004x_P2_p28FP.obj (.text:_ti_sysbios_family_c28_Hwi_restoreIER__E)
                  000802d4    0000000d     F28004x_P2_p28FP.obj (.text:_xdc_runtime_Memory_HeapProxy_alloc__E)
                  000802e1    0000000c     F28004x_P2_p28FP.obj (.text:_ti_sysbios_BIOS_exitFunc__I)
                  000802ed    0000000c     F28004x_P2_p28FP.obj (.text:_xdc_runtime_System_aprintf__E)
                  000802f9    0000000c     F28004x_P2_p28FP.obj (.text:_xdc_runtime_System_printf__E)
                  00080305    0000000b     F28004x_P2_p28FP.obj (.text:_xdc_runtime_Startup_exec__I)
                  00080310    0000000a     F28004x_P2_p28FP.obj (.text:.bootCodeSection:_ti_catalog_c2800_initF2837x_Boot_init)
                  0008031a    0000000a     F28004x_P2_p28FP.obj (.text:_ti_sysbios_BIOS_rtsUnlock__I)
                  00080324    0000000a     F28004x_P2_p28FP.obj (.text:_ti_sysbios_rom_c28_f28004x_F28004x_checkRevision__E)
                  0008032e    0000000a     F28004x_P2_p28FP.obj (.text:_xdc_runtime_IHeap_free)
                  00080338    00000008     F28004x_P2_p28FP.obj (.text:_ti_sysbios_hal_Timer_TimerProxy_setFunc__E)
                  00080340    00000008     F28004x_P2_p28FP.obj (.text:_ti_sysbios_knl_Clock_Module_State_clockQ)
                  00080348    00000008     F28004x_P2_p28FP.obj (.text:_xdc_runtime_Memory_HeapProxy_free__E)
                  00080350    00000007     F28004x_P2_p28FP.obj (.text:.bootCodeSection:_ti_catalog_c2800_initF2837x_Boot_initStartup)
                  00080357    00000007     F28004x_P2_p28FP.obj (.text:_ti_sysbios_hal_Timer_TimerProxy_getCurrentTick__E)
                  0008035e    00000007     F28004x_P2_p28FP.obj (.text:_ti_sysbios_hal_Timer_TimerProxy_getExpiredTicks__E)
                  00080365    00000007     F28004x_P2_p28FP.obj (.text:_ti_sysbios_hal_Timer_TimerProxy_getFreq__E)
                  0008036c    00000007     F28004x_P2_p28FP.obj (.text:_ti_sysbios_hal_Timer_TimerProxy_getFunc__E)
                  00080373    00000007     F28004x_P2_p28FP.obj (.text:_ti_sysbios_hal_Timer_TimerProxy_setNextTick__E)
                  0008037a    00000007     F28004x_P2_p28FP.obj (.text:_ti_sysbios_hal_Timer_TimerProxy_setPeriodMicroSecs__E)
                  00080381    00000007     F28004x_P2_p28FP.obj (.text:_ti_sysbios_hal_Timer_TimerProxy_setPeriod__E)
                  00080388    00000007     F28004x_P2_p28FP.obj (.text:_ti_sysbios_hal_Timer_TimerProxy_trigger__E)
                  0008038f    00000007     F28004x_P2_p28FP.obj (.text:_ti_sysbios_knl_Clock_TimerProxy_getCurrentTick__E)
                  00080396    00000007     F28004x_P2_p28FP.obj (.text:_ti_sysbios_knl_Clock_TimerProxy_setNextTick__E)
                  0008039d    00000007     F28004x_P2_p28FP.obj (.text:_ti_sysbios_knl_Clock_TimerProxy_setPeriodMicroSecs__E)
                  000803a4    00000007     F28004x_P2_p28FP.obj (.text:_xdc_runtime_System_Module_GateProxy_leave__E)
                  000803ab    00000006     F28004x_P2_p28FP.obj (.text:_ti_sysbios_hal_Timer_TimerProxy_Object__delete__S)
                  000803b1    00000006     F28004x_P2_p28FP.obj (.text:_ti_sysbios_hal_Timer_TimerProxy_delete)
                  000803b7    00000006     F28004x_P2_p28FP.obj (.text:_ti_sysbios_hal_Timer_TimerProxy_getCount__E)
                  000803bd    00000006     F28004x_P2_p28FP.obj (.text:_ti_sysbios_hal_Timer_TimerProxy_getExpiredCounts__E)
                  000803c3    00000006     F28004x_P2_p28FP.obj (.text:_ti_sysbios_hal_Timer_TimerProxy_getMaxTicks__E)
                  000803c9    00000006     F28004x_P2_p28FP.obj (.text:_ti_sysbios_hal_Timer_TimerProxy_getPeriod__E)
                  000803cf    00000006     F28004x_P2_p28FP.obj (.text:_ti_sysbios_hal_Timer_TimerProxy_getStatus__E)
                  000803d5    00000006     F28004x_P2_p28FP.obj (.text:_ti_sysbios_hal_Timer_TimerProxy_start__E)
                  000803db    00000006     F28004x_P2_p28FP.obj (.text:_ti_sysbios_hal_Timer_TimerProxy_stop__E)
                  000803e1    00000006     F28004x_P2_p28FP.obj (.text:_ti_sysbios_knl_Clock_TimerProxy_Object__delete__S)
                  000803e7    00000006     F28004x_P2_p28FP.obj (.text:_ti_sysbios_knl_Clock_TimerProxy_getMaxTicks__E)
                  000803ed    00000006     F28004x_P2_p28FP.obj (.text:_ti_sysbios_knl_Clock_TimerProxy_getPeriod__E)
                  000803f3    00000006     F28004x_P2_p28FP.obj (.text:_ti_sysbios_knl_Clock_TimerProxy_getStatus__E)
                  000803f9    00000006     F28004x_P2_p28FP.obj (.text:_ti_sysbios_knl_Clock_TimerProxy_start__E)
                  000803ff    00000006     F28004x_P2_p28FP.obj (.text:_ti_sysbios_knl_Clock_TimerProxy_stop__E)
                  00080405    00000006     F28004x_P2_p28FP.obj (.text:_xdc_runtime_System_Module_GateProxy_enter__E)
                  0008040b    00000006     F28004x_P2_p28FP.obj (.text:_xdc_runtime_System_SupportProxy_abort__E)
                  00080411    00000006     F28004x_P2_p28FP.obj (.text:_xdc_runtime_System_SupportProxy_exit__E)
                  00080417    00000006     F28004x_P2_p28FP.obj (.text:_xdc_runtime_System_SupportProxy_putch__E)
                  0008041d    00000005     F28004x_P2_p28FP.obj (.text:_malloc)
                  00080422    00000005     F28004x_P2_p28FP.obj (.text:_xdc_iargToPtr)
                  00080427    00000005     F28004x_P2_p28FP.obj (.text:_xdc_runtime_Startup_reset__I)
                  0008042c    00000004     F28004x_P2_p28FP.obj (.text:_free)
                  00080430    00000004     F28004x_P2_p28FP.obj (.text:_ti_sysbios_family_c28_Hwi_startup__E)
                  00080434    00000004     F28004x_P2_p28FP.obj (.text:ti_sysbios_family_c28_Timer_setPeriodMicroSecs__E)
                  00080438    00000003     F28004x_P2_p28FP.obj (.text:.bootCodeSection:_ti_catalog_c2800_initF2837x_Boot_limpAbort)
                  0008043b    00000003     F28004x_P2_p28FP.obj (.text:_ti_sysbios_hal_Timer_TimerProxy_Module__startupDone__S)
                  0008043e    00000003     F28004x_P2_p28FP.obj (.text:_ti_sysbios_hal_Timer_TimerProxy_getNumTimers__E)
                  00080441    00000003     F28004x_P2_p28FP.obj (.text:_ti_sysbios_hal_Timer_TimerProxy_startup__E)
                  00080444    00000003     F28004x_P2_p28FP.obj (.text:_ti_sysbios_knl_Clock_TimerProxy_Module__startupDone__S)
                  00080447    00000003     F28004x_P2_p28FP.obj (.text:_ti_sysbios_knl_Clock_TimerProxy_getNumTimers__E)
                  0008044a    00000003     F28004x_P2_p28FP.obj (.text:_ti_sysbios_knl_Clock_TimerProxy_startup__E)
                  0008044d    00000003     F28004x_P2_p28FP.obj (.text:_xdc_runtime_System_SupportProxy_ready__E)
                  00080450    00000001     F28004x_P2_p28FP.obj (.text:_ti_sysbios_BIOS_nullFunc__I)

.mangled_apis_text 
*          0    00080451    00000052     
                  00080451    00000052     mangled_BIOS_rom.obj (.text:_ti_sysbios_family_c28_Timer_setPeriodMicroSecs__E__mangled__)

.cinit     0    000804cb    00000414     
                  000804cb    00000353     F28004x_P2_p28FP.obj (.cinit)
                  0008081e    00000021     F28004x_P2_p28FP.obj (.cinit:_ti_sysbios_knl_Task_Module__state__V)
                  0008083f    00000019     F28004x_P2_p28FP.obj (.cinit:_ti_sysbios_knl_Clock_Module__state__V)
                  00080858    00000015     F28004x_P2_p28FP.obj (.cinit:_ti_sysbios_BIOS_Module__state__V)
                  0008086d    00000013     F28004x_P2_p28FP.obj (.cinit:_ti_sysbios_family_c28_Hwi_Module__state__V)
                  00080880    0000000f     F28004x_P2_p28FP.obj (.cinit:_ti_sysbios_knl_Swi_Module__state__V)
                  0008088f    0000000b     F28004x_P2_p28FP.obj (.cinit:_ti_sysbios_family_c28_Timer_Module__state__V)
                  0008089a    0000000a     rts2800_fpu32.lib : exit.obj (.cinit)
                  000808a4    00000007     F28004x_P2_p28FP.obj (.cinit:_xdc_runtime_Startup_Module__state__V)
                  000808ab    00000007     F28004x_P2_p28FP.obj (.cinit:_xdc_runtime_SysMin_Module__state__V)
                  000808b2    00000007     F28004x_P2_p28FP.obj (.cinit:_xdc_runtime_Text_Module__state__V)
                  000808b9    00000006     F28004x_P2_p28FP.obj (.cinit:_xdc_runtime_Registry_Module__state__V)
                  000808bf    00000006     F28004x_P2_p28FP.obj (.cinit:_xdc_runtime_System_Module__state__V)
                  000808c5    00000005     rts2800_fpu32.lib : _lock.obj (.cinit:__lock)
                  000808ca    00000005                       : _lock.obj (.cinit:__unlock)
                  000808cf    00000005     F28004x_P2_p28FP.obj (.cinit:_xdc_runtime_HeapStd_Module__state__V)
                  000808d4    00000005     F28004x_P2_p28FP.obj (.cinit:_xdc_runtime_Memory_Module__state__V)
                  000808d9    00000004     F28004x_P2_p28FP.obj (.cinit:_xdc_runtime_Error_Module__state__V)
                  000808dd    00000002     --HOLE-- [fill = 0]

.binit     0    000808e0    0000000a     
                  000808e0    0000000a     (.binit)

.pinit     0    00080002    00000000     UNINITIALIZED

.sysbios_rom_const 
*          0    00081010    000001c0     
                  00081010    000001c0     F28004x_P2_p28FP.obj (.econst:_ti_sysbios_family_c28_Hwi_vectors)

.sysbios_rom_const 
*          0    000811d0    000001a1     
                  000811d0    0000001e     F28004x_P2_p28FP.obj (.econst:ti_sysbios_family_c28_Timer_Object__PARAMS__C)
                  000811ee    0000001c     F28004x_P2_p28FP.obj (.econst:ti_sysbios_knl_Task_Object__PARAMS__C)
                  0008120a    00000016     F28004x_P2_p28FP.obj (.econst:ti_sysbios_family_c28_Hwi_Object__PARAMS__C)
                  00081220    00000012     F28004x_P2_p28FP.obj (.econst:ti_sysbios_gates_GateHwi_Module__FXNS__C)
                  00081232    00000012     F28004x_P2_p28FP.obj (.econst:ti_sysbios_gates_GateMutex_Module__FXNS__C)
                  00081244    00000012     F28004x_P2_p28FP.obj (.econst:ti_sysbios_knl_Clock_Object__PARAMS__C)
                  00081256    00000012     F28004x_P2_p28FP.obj (.econst:ti_sysbios_knl_Swi_Object__PARAMS__C)
                  00081268    00000010     F28004x_P2_p28FP.obj (.econst:ti_sysbios_family_c28_Hwi_Object__DESC__C)
                  00081278    00000010     F28004x_P2_p28FP.obj (.econst:ti_sysbios_family_c28_Timer_Object__DESC__C)
                  00081288    00000010     F28004x_P2_p28FP.obj (.econst:ti_sysbios_gates_GateHwi_Object__DESC__C)
                  00081298    00000010     F28004x_P2_p28FP.obj (.econst:ti_sysbios_gates_GateMutex_Object__DESC__C)
                  000812a8    00000010     F28004x_P2_p28FP.obj (.econst:ti_sysbios_knl_Clock_Object__DESC__C)
                  000812b8    00000010     F28004x_P2_p28FP.obj (.econst:ti_sysbios_knl_Queue_Object__DESC__C)
                  000812c8    00000010     F28004x_P2_p28FP.obj (.econst:ti_sysbios_knl_Semaphore_Object__DESC__C)
                  000812d8    00000010     F28004x_P2_p28FP.obj (.econst:ti_sysbios_knl_Semaphore_Object__PARAMS__C)
                  000812e8    00000010     F28004x_P2_p28FP.obj (.econst:ti_sysbios_knl_Swi_Object__DESC__C)
                  000812f8    00000010     F28004x_P2_p28FP.obj (.econst:ti_sysbios_knl_Task_Object__DESC__C)
                  00081308    0000000c     F28004x_P2_p28FP.obj (.econst:ti_sysbios_gates_GateHwi_Object__PARAMS__C)
                  00081314    0000000c     F28004x_P2_p28FP.obj (.econst:ti_sysbios_gates_GateMutex_Object__PARAMS__C)
                  00081320    0000000c     F28004x_P2_p28FP.obj (.econst:ti_sysbios_knl_Queue_Object__PARAMS__C)
                  0008132c    00000004     F28004x_P2_p28FP.obj (.econst:ti_sysbios_knl_Idle_funcList__C)
                  00081330    00000003     F28004x_P2_p28FP.obj (.econst:ti_sysbios_family_c28_Timer_intNumDef__C)
                  00081333    00000001     F28004x_P2_p28FP.obj (.econst:ti_sysbios_family_c28_Hwi_Module__id__C)
                  00081334    00000002     F28004x_P2_p28FP.obj (.econst:ti_sysbios_BIOS_installedErrorHook__C)
                  00081336    00000002     F28004x_P2_p28FP.obj (.econst:ti_sysbios_family_c28_Hwi_E_alreadyDefined__C)
                  00081338    00000002     F28004x_P2_p28FP.obj (.econst:ti_sysbios_family_c28_Hwi_E_unpluggedInterrupt__C)
                  0008133a    00000002     F28004x_P2_p28FP.obj (.econst:ti_sysbios_family_c28_Hwi_Object__table__C)
                  0008133c    00000002     F28004x_P2_p28FP.obj (.econst:ti_sysbios_family_c28_TaskSupport_E_invalidStack__C)
                  0008133e    00000002     F28004x_P2_p28FP.obj (.econst:ti_sysbios_family_c28_TaskSupport_defaultStackSize__C)
                  00081340    00000002     F28004x_P2_p28FP.obj (.econst:ti_sysbios_family_c28_Timer_E_cannotSupport__C)
                  00081342    00000002     F28004x_P2_p28FP.obj (.econst:ti_sysbios_family_c28_Timer_E_notAvailable__C)
                  00081344    00000002     F28004x_P2_p28FP.obj (.econst:ti_sysbios_hal_Hwi_E_stackOverflow__C)
                  00081346    00000002     F28004x_P2_p28FP.obj (.econst:ti_sysbios_knl_Clock_doTickFunc__C)
                  00081348    00000002     F28004x_P2_p28FP.obj (.econst:ti_sysbios_knl_Clock_tickPeriod__C)
                  0008134a    00000002     F28004x_P2_p28FP.obj (.econst:ti_sysbios_knl_Mailbox_Object__table__C)
                  0008134c    00000002     F28004x_P2_p28FP.obj (.econst:ti_sysbios_knl_Queue_Object__table__C)
                  0008134e    00000002     F28004x_P2_p28FP.obj (.econst:ti_sysbios_knl_Swi_Object__table__C)
                  00081350    00000002     F28004x_P2_p28FP.obj (.econst:ti_sysbios_knl_Task_E_spOutOfBounds__C)
                  00081352    00000002     F28004x_P2_p28FP.obj (.econst:ti_sysbios_knl_Task_E_stackOverflow__C)
                  00081354    00000002     F28004x_P2_p28FP.obj (.econst:ti_sysbios_knl_Task_Object__table__C)
                  00081356    00000002     F28004x_P2_p28FP.obj (.econst:ti_sysbios_knl_Task_allBlockedFunc__C)
                  00081358    00000002     F28004x_P2_p28FP.obj (.econst:ti_sysbios_knl_Task_defaultStackHeap__C)
                  0008135a    00000002     F28004x_P2_p28FP.obj (.econst:ti_sysbios_knl_Task_defaultStackSize__C)
                  0008135c    00000001     F28004x_P2_p28FP.obj (.econst:ti_sysbios_family_c28_Hwi_NUM_INTERRUPTS_ALL__C)
                  0008135d    00000001     F28004x_P2_p28FP.obj (.econst:ti_sysbios_family_c28_Hwi_Object__count__C)
                  0008135e    00000001     F28004x_P2_p28FP.obj (.econst:ti_sysbios_family_c28_TaskSupport_Module__id__C)
                  0008135f    00000001     F28004x_P2_p28FP.obj (.econst:ti_sysbios_family_c28_TaskSupport_stackAlignment__C)
                  00081360    00000001     F28004x_P2_p28FP.obj (.econst:ti_sysbios_family_c28_Timer_Module__id__C)
                  00081361    00000001     F28004x_P2_p28FP.obj (.econst:ti_sysbios_family_c28_Timer_anyMask__C)
                  00081362    00000001     F28004x_P2_p28FP.obj (.econst:ti_sysbios_family_c28_Timer_startupNeeded__C)
                  00081363    00000001     F28004x_P2_p28FP.obj (.econst:ti_sysbios_gates_GateHwi_Module__id__C)
                  00081364    00000001     F28004x_P2_p28FP.obj (.econst:ti_sysbios_gates_GateMutex_Module__id__C)
                  00081365    00000001     F28004x_P2_p28FP.obj (.econst:ti_sysbios_hal_Hwi_Module__id__C)
                  00081366    00000001     F28004x_P2_p28FP.obj (.econst:ti_sysbios_hal_Timer_Module__id__C)
                  00081367    00000001     F28004x_P2_p28FP.obj (.econst:ti_sysbios_knl_Clock_tickMode__C)
                  00081368    00000001     F28004x_P2_p28FP.obj (.econst:ti_sysbios_knl_Mailbox_Object__count__C)
                  00081369    00000001     F28004x_P2_p28FP.obj (.econst:ti_sysbios_knl_Mailbox_maxTypeAlign__C)
                  0008136a    00000001     F28004x_P2_p28FP.obj (.econst:ti_sysbios_knl_Queue_Object__count__C)
                  0008136b    00000001     F28004x_P2_p28FP.obj (.econst:ti_sysbios_knl_Swi_Object__count__C)
                  0008136c    00000001     F28004x_P2_p28FP.obj (.econst:ti_sysbios_knl_Swi_numPriorities__C)
                  0008136d    00000001     F28004x_P2_p28FP.obj (.econst:ti_sysbios_knl_Task_Module__id__C)
                  0008136e    00000001     F28004x_P2_p28FP.obj (.econst:ti_sysbios_knl_Task_Object__count__C)
                  0008136f    00000001     F28004x_P2_p28FP.obj (.econst:ti_sysbios_knl_Task_initStackFlag__C)
                  00081370    00000001     F28004x_P2_p28FP.obj (.econst:ti_sysbios_knl_Task_numConstructedTasks__C)

.sysbios_rom_const 
*          0    00081372    0000006a     
                  00081372    00000002     F28004x_P2_p28FP.obj (.econst:ti_sysbios_rom_ROM_ti_sysbios_family_c28_Hwi_disableIER__E)
                  00081374    00000002     F28004x_P2_p28FP.obj (.econst:ti_sysbios_rom_ROM_ti_sysbios_family_c28_Hwi_enableIER__E)
                  00081376    00000002     F28004x_P2_p28FP.obj (.econst:ti_sysbios_rom_ROM_ti_sysbios_family_c28_Hwi_restoreIER__E)
                  00081378    00000002     F28004x_P2_p28FP.obj (.econst:ti_sysbios_rom_ROM_ti_sysbios_family_c28_Hwi_startup__E)
                  0008137a    00000002     F28004x_P2_p28FP.obj (.econst:ti_sysbios_rom_ROM_ti_sysbios_family_c28_Timer_setPeriodMicroSecs__E)
                  0008137c    00000002     F28004x_P2_p28FP.obj (.econst:ti_sysbios_rom_ROM_ti_sysbios_hal_Timer_TimerProxy_Module__startupDone__S)
                  0008137e    00000002     F28004x_P2_p28FP.obj (.econst:ti_sysbios_rom_ROM_ti_sysbios_hal_Timer_TimerProxy_Object__create__S)
                  00081380    00000002     F28004x_P2_p28FP.obj (.econst:ti_sysbios_rom_ROM_ti_sysbios_hal_Timer_TimerProxy_Object__delete__S)
                  00081382    00000002     F28004x_P2_p28FP.obj (.econst:ti_sysbios_rom_ROM_ti_sysbios_hal_Timer_TimerProxy_create)
                  00081384    00000002     F28004x_P2_p28FP.obj (.econst:ti_sysbios_rom_ROM_ti_sysbios_hal_Timer_TimerProxy_delete)
                  00081386    00000002     F28004x_P2_p28FP.obj (.econst:ti_sysbios_rom_ROM_ti_sysbios_hal_Timer_TimerProxy_getCount__E)
                  00081388    00000002     F28004x_P2_p28FP.obj (.econst:ti_sysbios_rom_ROM_ti_sysbios_hal_Timer_TimerProxy_getCurrentTick__E)
                  0008138a    00000002     F28004x_P2_p28FP.obj (.econst:ti_sysbios_rom_ROM_ti_sysbios_hal_Timer_TimerProxy_getExpiredCounts__E)
                  0008138c    00000002     F28004x_P2_p28FP.obj (.econst:ti_sysbios_rom_ROM_ti_sysbios_hal_Timer_TimerProxy_getExpiredTicks__E)
                  0008138e    00000002     F28004x_P2_p28FP.obj (.econst:ti_sysbios_rom_ROM_ti_sysbios_hal_Timer_TimerProxy_getFreq__E)
                  00081390    00000002     F28004x_P2_p28FP.obj (.econst:ti_sysbios_rom_ROM_ti_sysbios_hal_Timer_TimerProxy_getFunc__E)
                  00081392    00000002     F28004x_P2_p28FP.obj (.econst:ti_sysbios_rom_ROM_ti_sysbios_hal_Timer_TimerProxy_getMaxTicks__E)
                  00081394    00000002     F28004x_P2_p28FP.obj (.econst:ti_sysbios_rom_ROM_ti_sysbios_hal_Timer_TimerProxy_getNumTimers__E)
                  00081396    00000002     F28004x_P2_p28FP.obj (.econst:ti_sysbios_rom_ROM_ti_sysbios_hal_Timer_TimerProxy_getPeriod__E)
                  00081398    00000002     F28004x_P2_p28FP.obj (.econst:ti_sysbios_rom_ROM_ti_sysbios_hal_Timer_TimerProxy_getStatus__E)
                  0008139a    00000002     F28004x_P2_p28FP.obj (.econst:ti_sysbios_rom_ROM_ti_sysbios_hal_Timer_TimerProxy_setFunc__E)
                  0008139c    00000002     F28004x_P2_p28FP.obj (.econst:ti_sysbios_rom_ROM_ti_sysbios_hal_Timer_TimerProxy_setNextTick__E)
                  0008139e    00000002     F28004x_P2_p28FP.obj (.econst:ti_sysbios_rom_ROM_ti_sysbios_hal_Timer_TimerProxy_setPeriodMicroSecs__E)
                  000813a0    00000002     F28004x_P2_p28FP.obj (.econst:ti_sysbios_rom_ROM_ti_sysbios_hal_Timer_TimerProxy_setPeriod__E)
                  000813a2    00000002     F28004x_P2_p28FP.obj (.econst:ti_sysbios_rom_ROM_ti_sysbios_hal_Timer_TimerProxy_start__E)
                  000813a4    00000002     F28004x_P2_p28FP.obj (.econst:ti_sysbios_rom_ROM_ti_sysbios_hal_Timer_TimerProxy_startup__E)
                  000813a6    00000002     F28004x_P2_p28FP.obj (.econst:ti_sysbios_rom_ROM_ti_sysbios_hal_Timer_TimerProxy_stop__E)
                  000813a8    00000002     F28004x_P2_p28FP.obj (.econst:ti_sysbios_rom_ROM_ti_sysbios_hal_Timer_TimerProxy_trigger__E)
                  000813aa    00000002     F28004x_P2_p28FP.obj (.econst:ti_sysbios_rom_ROM_ti_sysbios_knl_Clock_TimerProxy_Module__startupDone__S)
                  000813ac    00000002     F28004x_P2_p28FP.obj (.econst:ti_sysbios_rom_ROM_ti_sysbios_knl_Clock_TimerProxy_Object__delete__S)
                  000813ae    00000002     F28004x_P2_p28FP.obj (.econst:ti_sysbios_rom_ROM_ti_sysbios_knl_Clock_TimerProxy_getCurrentTick__E)
                  000813b0    00000002     F28004x_P2_p28FP.obj (.econst:ti_sysbios_rom_ROM_ti_sysbios_knl_Clock_TimerProxy_getMaxTicks__E)
                  000813b2    00000002     F28004x_P2_p28FP.obj (.econst:ti_sysbios_rom_ROM_ti_sysbios_knl_Clock_TimerProxy_getNumTimers__E)
                  000813b4    00000002     F28004x_P2_p28FP.obj (.econst:ti_sysbios_rom_ROM_ti_sysbios_knl_Clock_TimerProxy_getPeriod__E)
                  000813b6    00000002     F28004x_P2_p28FP.obj (.econst:ti_sysbios_rom_ROM_ti_sysbios_knl_Clock_TimerProxy_getStatus__E)
                  000813b8    00000002     F28004x_P2_p28FP.obj (.econst:ti_sysbios_rom_ROM_ti_sysbios_knl_Clock_TimerProxy_setNextTick__E)
                  000813ba    00000002     F28004x_P2_p28FP.obj (.econst:ti_sysbios_rom_ROM_ti_sysbios_knl_Clock_TimerProxy_setPeriodMicroSecs__E)
                  000813bc    00000002     F28004x_P2_p28FP.obj (.econst:ti_sysbios_rom_ROM_ti_sysbios_knl_Clock_TimerProxy_start__E)
                  000813be    00000002     F28004x_P2_p28FP.obj (.econst:ti_sysbios_rom_ROM_ti_sysbios_knl_Clock_TimerProxy_startup__E)
                  000813c0    00000002     F28004x_P2_p28FP.obj (.econst:ti_sysbios_rom_ROM_ti_sysbios_knl_Clock_TimerProxy_stop__E)
                  000813c2    00000002     F28004x_P2_p28FP.obj (.econst:ti_sysbios_rom_ROM_xdc_runtime_Core_assignLabel__I)
                  000813c4    00000002     F28004x_P2_p28FP.obj (.econst:ti_sysbios_rom_ROM_xdc_runtime_Core_assignParams__I)
                  000813c6    00000002     F28004x_P2_p28FP.obj (.econst:ti_sysbios_rom_ROM_xdc_runtime_Core_constructObject__I)
                  000813c8    00000002     F28004x_P2_p28FP.obj (.econst:ti_sysbios_rom_ROM_xdc_runtime_Core_createObject__I)
                  000813ca    00000002     F28004x_P2_p28FP.obj (.econst:ti_sysbios_rom_ROM_xdc_runtime_Core_deleteObject__I)
                  000813cc    00000002     F28004x_P2_p28FP.obj (.econst:ti_sysbios_rom_ROM_xdc_runtime_Error_check__E)
                  000813ce    00000002     F28004x_P2_p28FP.obj (.econst:ti_sysbios_rom_ROM_xdc_runtime_Error_raiseX__E)
                  000813d0    00000002     F28004x_P2_p28FP.obj (.econst:ti_sysbios_rom_ROM_xdc_runtime_Memory_alloc__E)
                  000813d2    00000002     F28004x_P2_p28FP.obj (.econst:ti_sysbios_rom_ROM_xdc_runtime_Memory_calloc__E)
                  000813d4    00000002     F28004x_P2_p28FP.obj (.econst:ti_sysbios_rom_ROM_xdc_runtime_Memory_free__E)
                  000813d6    00000002     F28004x_P2_p28FP.obj (.econst:ti_sysbios_rom_ROM_xdc_runtime_Memory_getMaxDefaultTypeAlign__E)
                  000813d8    00000002     F28004x_P2_p28FP.obj (.econst:ti_sysbios_rom_ROM_xdc_runtime_Startup_getState__I)
                  000813da    00000002     F28004x_P2_p28FP.obj (.econst:ti_sysbios_rom_ROM_xdc_runtime_System_exit__E)

.sysbios_rom_const 
*          0    000813dc    00000014     
                  000813dc    00000002     F28004x_P2_p28FP.obj (.econst:ti_sysbios_gates_GateMutex_Instance_State_sem__O)
                  000813de    00000002     F28004x_P2_p28FP.obj (.econst:ti_sysbios_knl_Clock_Module_State_clockQ__O)
                  000813e0    00000002     F28004x_P2_p28FP.obj (.econst:ti_sysbios_knl_Event_Instance_State_pendQ__O)
                  000813e2    00000002     F28004x_P2_p28FP.obj (.econst:ti_sysbios_knl_Mailbox_Instance_State_dataQue__O)
                  000813e4    00000002     F28004x_P2_p28FP.obj (.econst:ti_sysbios_knl_Mailbox_Instance_State_dataSem__O)
                  000813e6    00000002     F28004x_P2_p28FP.obj (.econst:ti_sysbios_knl_Mailbox_Instance_State_freeQue__O)
                  000813e8    00000002     F28004x_P2_p28FP.obj (.econst:ti_sysbios_knl_Mailbox_Instance_State_freeSem__O)
                  000813ea    00000002     F28004x_P2_p28FP.obj (.econst:ti_sysbios_knl_Semaphore_Instance_State_pendQ__O)
                  000813ec    00000002     F28004x_P2_p28FP.obj (.econst:ti_sysbios_knl_Task_Module_State_inactiveQ__O)
                  000813ee    00000002     F28004x_P2_p28FP.obj (.econst:ti_sysbios_knl_Task_Module_State_terminatedQ__O)

.econst    0    00081500    00001983     
                  00081500    00001723     F28004x_P2_p28FP.obj (.econst:xdc_runtime_Text_charTab__A)
                  00082c23    00000064     F28004x_P2_p28FP.obj (.econst:xdc_runtime_Text_nodeTab__A)
                  00082c87    00000001     F28004x_P2_p28FP.obj (.econst:xdc_runtime_Core_Module__id__C)
                  00082c88    0000005d     F28004x_P2_p28FP.obj (.econst:.string)
                  00082ce5    00000001     F28004x_P2_p28FP.obj (.econst:xdc_runtime_Error_Module__loggerDefined__C)
                  00082ce6    00000058     ti.targets.rts2800.a28FP : Error.o28FP (.econst:.string)
                  00082d3e    00000043                              : Text.o28FP (.econst:.string)
                  00082d81    00000001     F28004x_P2_p28FP.obj (.econst:xdc_runtime_Error_maxDepth__C)
                  00082d82    0000002a     ti.targets.rts2800.a28FP : Startup.o28FP (.econst:.string)
                  00082dac    00000014     F28004x_P2_p28FP.obj (.econst:xdc_runtime_HeapStd_Module__FXNS__C)
                  00082dc0    00000014     F28004x_P2_p28FP.obj (.econst:xdc_runtime_Startup_sfxnTab__A)
                  00082dd4    00000011     ti.targets.rts2800.a28FP : System.o28FP (.econst:_digtohex)
                  00082de5    00000001     F28004x_P2_p28FP.obj (.econst:xdc_runtime_Error_policy__C)
                  00082de6    00000010     F28004x_P2_p28FP.obj (.econst:xdc_runtime_HeapStd_Object__DESC__C)
                  00082df6    0000000e     F28004x_P2_p28FP.obj (.econst:xdc_runtime_HeapStd_Object__PARAMS__C)
                  00082e04    0000000a     F28004x_P2_p28FP.obj (.econst:xdc_runtime_Startup_sfxnRts__A)
                  00082e0e    00000007     ti.targets.rts2800.a28FP : System.o28FP (.econst:.string)
                  00082e15    00000001     F28004x_P2_p28FP.obj (.econst:xdc_runtime_HeapStd_Module__id__C)
                  00082e16    00000005     ti.targets.rts2800.a28FP : Assert.o28FP (.econst:.string)
                  00082e1b    00000001     F28004x_P2_p28FP.obj (.econst:xdc_runtime_Memory_Module__id__C)
                  00082e1c    00000004     F28004x_P2_p28FP.obj (.econst:xdc_runtime_Startup_firstFxns__A)
                  00082e20    00000004     F28004x_P2_p28FP.obj (.econst:xdc_runtime_Startup_firstFxns__C)
                  00082e24    00000004     F28004x_P2_p28FP.obj (.econst:xdc_runtime_Startup_lastFxns__C)
                  00082e28    00000002     F28004x_P2_p28FP.obj (.econst:ti_sysbios_knl_Idle_funcList__A)
                  00082e2a    00000002     F28004x_P2_p28FP.obj (.econst:xdc_runtime_Assert_E_assertFailed__C)
                  00082e2c    00000002     F28004x_P2_p28FP.obj (.econst:xdc_runtime_Core_A_initializedParams__C)
                  00082e2e    00000002     F28004x_P2_p28FP.obj (.econst:xdc_runtime_Core_Module__diagsEnabled__C)
                  00082e30    00000002     F28004x_P2_p28FP.obj (.econst:xdc_runtime_Core_Module__diagsIncluded__C)
                  00082e32    00000002     F28004x_P2_p28FP.obj (.econst:xdc_runtime_Core_Module__diagsMask__C)
                  00082e34    00000002     F28004x_P2_p28FP.obj (.econst:xdc_runtime_Error_E_memory__C)
                  00082e36    00000002     F28004x_P2_p28FP.obj (.econst:xdc_runtime_Error_Module__diagsEnabled__C)
                  00082e38    00000002     F28004x_P2_p28FP.obj (.econst:xdc_runtime_Error_Module__diagsIncluded__C)
                  00082e3a    00000002     F28004x_P2_p28FP.obj (.econst:xdc_runtime_Error_Module__diagsMask__C)
                  00082e3c    00000002     F28004x_P2_p28FP.obj (.econst:xdc_runtime_Error_Module__loggerFxn8__C)
                  00082e3e    00000002     F28004x_P2_p28FP.obj (.econst:xdc_runtime_Error_Module__loggerObj__C)
                  00082e40    00000002     F28004x_P2_p28FP.obj (.econst:xdc_runtime_Error_policyFxn__C)
                  00082e42    00000002     F28004x_P2_p28FP.obj (.econst:xdc_runtime_Error_raiseHook__C)
                  00082e44    00000002     F28004x_P2_p28FP.obj (.econst:xdc_runtime_HeapStd_A_align__C)
                  00082e46    00000002     F28004x_P2_p28FP.obj (.econst:xdc_runtime_HeapStd_A_invalidTotalFreeSize__C)
                  00082e48    00000002     F28004x_P2_p28FP.obj (.econst:xdc_runtime_HeapStd_A_zeroSize__C)
                  00082e4a    00000002     F28004x_P2_p28FP.obj (.econst:xdc_runtime_HeapStd_E_noRTSMemory__C)
                  00082e4c    00000002     F28004x_P2_p28FP.obj (.econst:xdc_runtime_HeapStd_Module__diagsEnabled__C)
                  00082e4e    00000002     F28004x_P2_p28FP.obj (.econst:xdc_runtime_HeapStd_Module__diagsIncluded__C)
                  00082e50    00000002     F28004x_P2_p28FP.obj (.econst:xdc_runtime_HeapStd_Module__diagsMask__C)
                  00082e52    00000002     F28004x_P2_p28FP.obj (.econst:xdc_runtime_IGateProvider_Interface__BASE__C)
                  00082e54    00000002     F28004x_P2_p28FP.obj (.econst:xdc_runtime_IHeap_Interface__BASE__C)
                  00082e56    00000002     F28004x_P2_p28FP.obj (.econst:xdc_runtime_IModule_Interface__BASE__C)
                  00082e58    00000002     F28004x_P2_p28FP.obj (.econst:xdc_runtime_Log_L_error__C)
                  00082e5a    00000002     F28004x_P2_p28FP.obj (.econst:xdc_runtime_Memory_defaultHeapInstance__C)
                  00082e5c    00000002     F28004x_P2_p28FP.obj (.econst:xdc_runtime_Startup_execImpl__C)
                  00082e5e    00000002     F28004x_P2_p28FP.obj (.econst:xdc_runtime_Startup_sfxnRts__C)
                  00082e60    00000002     F28004x_P2_p28FP.obj (.econst:xdc_runtime_Startup_sfxnTab__C)
                  00082e62    00000002     F28004x_P2_p28FP.obj (.econst:xdc_runtime_Startup_startModsFxn__C)
                  00082e64    00000002     F28004x_P2_p28FP.obj (.econst:xdc_runtime_SysMin_bufSize__C)
                  00082e66    00000002     F28004x_P2_p28FP.obj (.econst:xdc_runtime_SysMin_outputFunc__C)
                  00082e68    00000002     F28004x_P2_p28FP.obj (.econst:xdc_runtime_System_Module__gateObj__C)
                  00082e6a    00000002     F28004x_P2_p28FP.obj (.econst:xdc_runtime_System_abortFxn__C)
                  00082e6c    00000002     F28004x_P2_p28FP.obj (.econst:xdc_runtime_System_exitFxn__C)
                  00082e6e    00000002     F28004x_P2_p28FP.obj (.econst:xdc_runtime_System_extendFxn__C)
                  00082e70    00000002     F28004x_P2_p28FP.obj (.econst:xdc_runtime_Text_charTab__C)
                  00082e72    00000002     F28004x_P2_p28FP.obj (.econst:xdc_runtime_Text_nameEmpty__C)
                  00082e74    00000002     F28004x_P2_p28FP.obj (.econst:xdc_runtime_Text_nameStatic__C)
                  00082e76    00000002     F28004x_P2_p28FP.obj (.econst:xdc_runtime_Text_nameUnknown__C)
                  00082e78    00000002     F28004x_P2_p28FP.obj (.econst:xdc_runtime_Text_nodeTab__C)
                  00082e7a    00000002     F28004x_P2_p28FP.obj (.econst:xdc_runtime_Text_visitRopeFxn__C)
                  00082e7c    00000001     F28004x_P2_p28FP.obj (.econst:xdc_runtime_Startup_maxPasses__C)
                  00082e7d    00000001     F28004x_P2_p28FP.obj (.econst:xdc_runtime_SysMin_flushAtExit__C)
                  00082e7e    00000001     F28004x_P2_p28FP.obj (.econst:xdc_runtime_System_maxAtexitHandlers__C)
                  00082e7f    00000001     F28004x_P2_p28FP.obj (.econst:xdc_runtime_Text_charCnt__C)
                  00082e80    00000001     F28004x_P2_p28FP.obj (.econst:xdc_runtime_Text_isLoaded__C)
                  00082e81    00000001     F28004x_P2_p28FP.obj (.econst:xdc_runtime_Text_registryModsLastId__C)
                  00082e82    00000001     F28004x_P2_p28FP.obj (.econst:xdc_runtime_Text_unnamedModsLastId__C)

.text      0    00084000    000011f5     
                  00084000    0000025f     ti.targets.rts2800.a28FP : System.o28FP (.text:_xdc_runtime_System_doPrint__I)
                  0008425f    00000206     rts2800_fpu32.lib : trgdrv.obj (.text)
                  00084465    00000107                       : ll_div.obj (.text)
                  0008456c    000000f7     ti.targets.rts2800.a28FP : HeapStd.o28FP (.text:_xdc_runtime_HeapStd_alloc__E)
                  00084663    000000d7                              : Core-mem.o28FP (.text:_xdc_runtime_Core_createObject__I)
                  0008473a    000000a5                              : Error.o28FP (.text:_xdc_runtime_Error_policyDefault__E)
                  000847df    000000a2                              : Core-smem.o28FP (.text:_xdc_runtime_Core_constructObject__I)
                  00084881    0000009a     F28004x_P2.obj (.text:_main)
                  0008491b    00000001     Boot.a28FP : Boot.o28FP (.text:_ti_catalog_c2800_initF2837x_Boot_defaultLimpAbortFunction)
                  0008491c    00000094     rts2800_fpu32.lib : ankmsg.obj (.text)
                  000849b0    0000008c     ti.targets.rts2800.a28FP : HeapStd.o28FP (.text:_xdc_runtime_HeapStd_Instance_init__E)
                  00084a3c    0000007d                              : Startup.o28FP (.text:_xdc_runtime_Startup_startMods__I)
                  00084ab9    0000007b                              : Text.o28FP (.text:_xdc_runtime_Text_putSite__E)
                  00084b34    00000076                              : HeapStd.o28FP (.text:_xdc_runtime_HeapStd_free__E)
                  00084baa    00000063     boot.a28FP : boot_cg.o28FP (.text)
                  00084c0d    00000051     ti.targets.rts2800.a28FP : Core-mem.o28FP (.text:_xdc_runtime_Core_deleteObject__I)
                  00084c5e    0000004e                              : Memory.o28FP (.text:_xdc_runtime_Memory_alloc__E)
                  00084cac    0000004c                              : Text.o28FP (.text:_xdc_runtime_Text_putLab__E)
                  00084cf8    00000049     Boot.a28FP : Boot.o28FP (.text:.bootCodeSection:_ti_catalog_c2800_initF2837x_Boot_configurePllDivs)
                  00084d41    00000047     rts2800_fpu32.lib : cpy_tbl.obj (.text)
                  00084d88    00000043     ti.targets.rts2800.a28FP : Error.o28FP (.text:_xdc_runtime_Error_setX__E)
                  00084dcb    00000042                              : Core-params.o28FP (.text:_xdc_runtime_Core_assignParams__I)
                  00084e0d    00000040                              : System.o28FP (.text:_xdc_runtime_System_formatNum__I)
                  00084e4d    0000003a                              : Text.o28FP (.text:_xdc_runtime_Text_putMod__E)
                  00084e87    00000039                              : Text.o28FP (.text:_xdc_runtime_Text_visitRope2__I)
                  00084ec0    00000036                              : Error.o28FP (.text:_xdc_runtime_Error_print__E)
                  00084ef6    00000035                              : Startup.o28FP (.text:_xdc_runtime_Startup_exec__E)
                  00084f2b    00000032                              : Assert.o28FP (.text:_xdc_runtime_Assert_raise__I)
                  00084f5d    0000002a                              : Text.o28FP (.text:_xdc_runtime_Text_xprintf__I)
                  00084f87    00000028                              : SysMin.o28FP (.text:_xdc_runtime_SysMin_flush__E)
                  00084faf    00000023                              : System.o28FP (.text:_xdc_runtime_System_processAtExit__E)
                  00084fd2    00000021                              : System.o28FP (.text:_xdc_runtime_System_atexit__E)
                  00084ff3    0000001e                              : SysMin.o28FP (.text:_xdc_runtime_SysMin_putch__E)
                  00085011    0000001a                              : Core-label.o28FP (.text:_xdc_runtime_Core_assignLabel__I)
                  0008502b    0000001a     rts2800_fpu32.lib : cpy_utils.obj (.text)
                  00085045    00000019     ti.targets.rts2800.a28FP : Memory.o28FP (.text:_xdc_runtime_Memory_valloc__E)
                  0008505e    00000019                              : System.o28FP (.text:_xdc_runtime_System_avprintf__E)
                  00085077    00000019                              : System.o28FP (.text:_xdc_runtime_System_putchar__I)
                  00085090    00000019     rts2800_fpu32.lib : args_main.obj (.text)
                  000850a9    00000019                       : exit.obj (.text)
                  000850c2    00000018     ti.targets.rts2800.a28FP : System.o28FP (.text:_xdc_runtime_System_vprintf__E)
                  000850da    00000018                              : Text.o28FP (.text:_xdc_runtime_Text_printVisFxn__I)
                  000850f2    00000017                              : SysMin.o28FP (.text:_xdc_runtime_SysMin_abort__E)
                  00085109    00000015                              : Text.o28FP (.text:_xdc_runtime_Text_cordText__E)
                  0008511e    00000011                              : Error.o28FP (.text:_xdc_runtime_Error_raiseX__E)
                  0008512f    0000000e                              : Registry.o28FP (.text:_xdc_runtime_Registry_findById__E)
                  0008513d    0000000e                              : SysMin.o28FP (.text:_xdc_runtime_SysMin_Module_startup__E)
                  0008514b    0000000d                              : Error.o28FP (.text:_xdc_runtime_Error_check__E)
                  00085158    0000000d                              : System.o28FP (.text:_xdc_runtime_System_abort__E)
                  00085165    0000000c                              : Memory.o28FP (.text:_xdc_runtime_Memory_free__E)
                  00085171    0000000c                              : Text.o28FP (.text:_xdc_runtime_Text_ropeText__E)
                  0008517d    0000000b                              : SysMin.o28FP (.text:_xdc_runtime_SysMin_exit__E)
                  00085188    0000000b                              : System.o28FP (.text:_xdc_runtime_System_exit__E)
                  00085193    00000009                              : System.o28FP (.text:_xdc_runtime_System_vsnprintf__E)
                  0008519c    00000009     rts2800_fpu32.lib : _lock.obj (.text)
                  000851a5    00000008     Boot.a28FP : Boot.o28FP (.text:.bootCodeSection:_ti_catalog_c2800_initF2837x_Boot_initSharedRAMs)
                  000851ad    00000008     ti.targets.rts2800.a28FP : Memory.o28FP (.text:_xdc_runtime_Memory_calloc__E)
                  000851b5    00000008                              : SysMin.o28FP (.text:_xdc_runtime_SysMin_ready__E)
                  000851bd    00000008     rts2800_fpu32.lib : strlen.obj (.text)
                  000851c5    00000007     ti.targets.rts2800.a28FP : Error.o28FP (.text:_xdc_runtime_Error_init__E)
                  000851cc    00000007                              : HeapStd.o28FP (.text:_xdc_runtime_HeapStd_getStats__E)
                  000851d3    00000006                              : Gate.o28FP (.text:_xdc_runtime_Gate_enterSystem__E)
                  000851d9    00000006                              : Gate.o28FP (.text:_xdc_runtime_Gate_leaveSystem__E)
                  000851df    00000005     rts2800_fpu32.lib : strcpy.obj (.text)
                  000851e4    00000004     ti.targets.rts2800.a28FP : Memory.o28FP (.text:_xdc_runtime_Memory_getMaxDefaultTypeAlign__E)
                  000851e8    00000003                              : System.o28FP (.text:_xdc_runtime_System_Module_startup__E)
                  000851eb    00000003                              : System.o28FP (.text:_xdc_runtime_System_abortStd__E)
                  000851ee    00000003                              : System.o28FP (.text:_xdc_runtime_System_exitStd__E)
                  000851f1    00000002                              : Error.o28FP (.text:_xdc_runtime_Error_getSite__E)
                  000851f3    00000002                              : HeapStd.o28FP (.text:_xdc_runtime_HeapStd_isBlocking__E)

ramfuncs   1    00008000    00000000     UNINITIALIZED

.stack     1    00008000    00001000     UNINITIALIZED
                  00008000    00001000     --HOLE--

.ebss      1    00009000    00000869     UNINITIALIZED
                  00009000    00000740     F28004x_P2_p28FP.obj (.ebss)
                  00009740    00000100     F28004x_P2_p28FP.obj (.ebss:taskStackSection)
                  00009840    00000008     rts2800_fpu32.lib : trgdrv.obj (.ebss)
                  00009848    00000004     F28004x_P2_p28FP.obj (.ebss:_xdc_runtime_Registry_Module__state__V)
                  0000984c    00000004     F28004x_P2_p28FP.obj (.ebss:_xdc_runtime_Startup_Module__state__V)
                  00009850    00000004     F28004x_P2_p28FP.obj (.ebss:_xdc_runtime_SysMin_Module__state__V)
                  00009854    00000004     F28004x_P2_p28FP.obj (.ebss:_xdc_runtime_System_Module__state__V)
                  00009858    00000004     F28004x_P2_p28FP.obj (.ebss:_xdc_runtime_Text_Module__state__V)
                  0000985c    00000004     rts2800_fpu32.lib : exit.obj (.ebss)
                  00009860    00000002                       : _lock.obj (.ebss:__lock)
                  00009862    00000002                       : _lock.obj (.ebss:__unlock)
                  00009864    00000002     F28004x_P2_p28FP.obj (.ebss:_xdc_runtime_HeapStd_Module__state__V)
                  00009866    00000002     F28004x_P2_p28FP.obj (.ebss:_xdc_runtime_Memory_Module__state__V)
                  00009868    00000001     F28004x_P2_p28FP.obj (.ebss:_xdc_runtime_Error_Module__state__V)

.cio       1    00009880    00000120     UNINITIALIZED
                  00009880    00000120     rts2800_fpu32.lib : ankmsg.obj (.cio)

GETBUFFER 
*          0    0003f800    00000000     DSECT

GETWRITEIDX 
*          0    0003f800    00000000     DSECT

PUTREADIDX 
*          0    0003f800    00000000     DSECT

.text:ti_catalog_c2800_initF2837x_flashfuncs 
*          0    000804a4    00000027     RUN ADDR = 0000b000
                  000804a4    00000027     Boot.a28FP : Boot.o28FP (.text:ti_catalog_c2800_initF2837x_flashfuncs:_ti_catalog_c2800_initF2837x_Boot_initFlash)

.sysbios_rom_text 
*          0    003f7200    00001d9a     
                  003f7200    000000f6     mangled_BIOS_rom.obj (.text:_ti_sysbios_family_c28_Timer_Instance_init__E)
                  003f72f6    000000b4     mangled_BIOS_rom.obj (.text:_ti_sysbios_knl_Task_Instance_init__E)
                  003f73aa    0000009d     mangled_BIOS_rom.obj (.text:_ti_sysbios_knl_Mailbox_Instance_init__E)
                  003f7447    00000099     mangled_BIOS_rom.obj (.text:_ti_sysbios_family_c28_Timer_reconfig__E)
                  003f74e0    00000094     mangled_BIOS_rom.obj (.text:_ti_sysbios_knl_Event_pend__E)
                  003f7574    00000092     mangled_BIOS_rom.obj (.text:_ti_sysbios_family_c28_Hwi_clearInterrupt__E)
                  003f7606    00000083     mangled_BIOS_rom.obj (.text:_ti_sysbios_knl_Semaphore_pend__E)
                  003f7689    0000007f     mangled_BIOS_rom.obj (.text:_ti_sysbios_knl_Task_checkStacks__E)
                  003f7708    00000078     mangled_BIOS_rom.obj (.text:_ti_sysbios_family_c28_Hwi_Instance_init__E)
                  003f7780    00000074     mangled_BIOS_rom.obj (.text:_ti_sysbios_knl_Clock_workFuncDynamic__E)
                  003f77f4    0000006f     mangled_BIOS_rom.obj (.text:_ti_sysbios_knl_Task_Instance_finalize__E)
                  003f7863    00000066     mangled_BIOS_rom.obj (.text:_ti_sysbios_family_c28_Timer_stopAndClear__I)
                  003f78c9    00000065     mangled_BIOS_rom.obj (.text:_ti_sysbios_family_c28_Hwi_post__E)
                  003f792e    00000065     mangled_BIOS_rom.obj (.text:_ti_sysbios_knl_Task_setPri__E)
                  003f7993    00000057     mangled_BIOS_rom.obj (.text:_ti_sysbios_knl_Swi_setAttrs__E)
                  003f79ea    00000054     mangled_BIOS_rom.obj (.text:_ti_sysbios_family_c28_Timer_Object__create__S)
                  003f7a3e    00000054     mangled_BIOS_rom.obj (.text:_ti_sysbios_knl_Clock_startI__E)
                  003f7a92    00000052     mangled_BIOS_rom.obj (.text:_ti_sysbios_family_c28_Hwi_Object__create__S)
                  003f7ae4    0000004f     mangled_BIOS_rom.obj (.text:_ti_sysbios_knl_Task_sleep__E)
                  003f7b33    0000004e     mangled_BIOS_rom.obj (.text:_ti_sysbios_knl_Task_postInit__I)
                  003f7b81    0000004d     mangled_BIOS_rom.obj (.text:_ti_sysbios_family_c28_Hwi_dispatchCore__I)
                  003f7bce    0000004c     mangled_BIOS_rom.obj (.text:_ti_sysbios_family_c28_Hwi_create)
                  003f7c1a    0000004b     mangled_BIOS_rom.obj (.text:_ti_sysbios_knl_Clock_workFunc__E)
                  003f7c65    0000004a     mangled_BIOS_rom.obj (.text:_ti_sysbios_family_c28_Hwi_Module_startup__E)
                  003f7caf    0000004a     mangled_BIOS_rom.obj (.text:_ti_sysbios_knl_Mailbox_Instance_finalize__E)
                  003f7cf9    00000049     mangled_BIOS_rom.obj (.text:_ti_sysbios_knl_Mailbox_post__E)
                  003f7d42    00000048     mangled_BIOS_rom.obj (.text:_ti_sysbios_family_c28_Hwi_construct)
                  003f7d8a    00000046     mangled_BIOS_rom.obj (.text:_ti_sysbios_knl_Swi_construct)
                  003f7dd0    00000046     mangled_BIOS_rom.obj (.text:_ti_sysbios_knl_Swi_run__I)
                  003f7e16    00000046     mangled_BIOS_rom.obj (.text:_ti_sysbios_knl_Task_construct)
                  003f7e5c    00000045     mangled_BIOS_rom.obj (.text:_ti_sysbios_knl_Swi_Instance_init__E)
                  003f7ea1    00000044     mangled_BIOS_rom.obj (.text:_ti_sysbios_family_c28_Hwi_unPluggedInterrupt__I)
                  003f7ee5    00000044     mangled_BIOS_rom.obj (.text:_ti_sysbios_knl_Clock_walkQueueDynamic__E)
                  003f7f29    00000044     mangled_BIOS_rom.obj (.text:_ti_sysbios_knl_Swi_create)
                  003f7f6d    00000044     mangled_BIOS_rom.obj (.text:_ti_sysbios_knl_Task_create)
                  003f7fb1    00000043     mangled_BIOS_rom.obj (.text:_ti_sysbios_family_c28_TaskSupport_start__E)
                  003f7ff4    00000043     mangled_BIOS_rom.obj (.text:_ti_sysbios_family_c28_Timer_postInit__I)
                  003f8037    00000040     mangled_BIOS_rom.obj (.text:_ti_sysbios_knl_Swi_restoreHwi__E)
                  003f8077    0000003e     mangled_BIOS_rom.obj (.text:_ti_sysbios_family_c28_Hwi_reconfig__E)
                  003f80b5    0000003e     mangled_BIOS_rom.obj (.text:_ti_sysbios_knl_Mailbox_pend__E)
                  003f80f3    0000003b     mangled_BIOS_rom.obj (.text:_ti_sysbios_knl_Event_post__E)
                  003f812e    0000003a     mangled_BIOS_rom.obj (.text:_ti_sysbios_family_c28_Hwi_enableInterrupt__E)
                  003f8168    00000033     mangled_BIOS_rom.obj (.text:_ti_sysbios_knl_Task_startCore__E)
                  003f819b    0000002f     mangled_BIOS_rom.obj (.text:_ti_sysbios_family_c28_Hwi_getInterruptFlag__E)
                  003f81ca    0000002f     mangled_BIOS_rom.obj (.text:_ti_sysbios_knl_Semaphore_post__E)
                  003f81f9    0000002f     mangled_BIOS_rom.obj (.text:_ti_sysbios_knl_Swi_runLoop__I)
                  003f8228    0000002f     mangled_BIOS_rom.obj (.text:_ti_sysbios_knl_Swi_schedule__I)
                  003f8257    0000002d     mangled_BIOS_rom.obj (.text:_ti_sysbios_knl_Task_Module_startup__E)
                  003f8284    0000002c     mangled_BIOS_rom.obj (.text:_ti_sysbios_family_c28_Hwi_getStackInfo__E)
                  003f82b0    0000002c     mangled_BIOS_rom.obj (.text:_ti_sysbios_family_c28_Timer_start__E)
                  003f82dc    0000002c     mangled_BIOS_rom.obj (.text:_ti_sysbios_knl_Mailbox_Module_startup__E)
                  003f8308    0000002b     mangled_BIOS_rom.obj (.text:_ti_sysbios_family_c28_Hwi_disablePIEIER__E)
                  003f8333    0000002a     mangled_BIOS_rom.obj (.text:_ti_sysbios_family_c28_Hwi_enablePIEIER__E)
                  003f835d    0000002a     mangled_BIOS_rom.obj (.text:_ti_sysbios_family_c28_Timer_getExpiredCounts64__E)
                  003f8387    00000029     mangled_BIOS_rom.obj (.text:_ti_sysbios_family_c28_Hwi_restorePIEIER__E)
                  003f83b0    00000029     mangled_BIOS_rom.obj (.text:_ti_sysbios_knl_Clock_create)
                  003f83d9    00000028     mangled_BIOS_rom.obj (.text:_ti_sysbios_family_c28_Hwi_disableInterrupt__E)
                  003f8401    00000028     mangled_BIOS_rom.obj (.text:_ti_sysbios_knl_Task_deleteTerminatedTasksFunc__I)
                  003f8429    00000026     mangled_BIOS_rom.obj (.text:_ti_sysbios_family_c28_Timer_getExpiredCounts__E)
                  003f844f    00000026     mangled_BIOS_rom.obj (.text:_ti_sysbios_knl_Semaphore_Object__create__S)
                  003f8475    00000026     mangled_BIOS_rom.obj (.text:_ti_sysbios_knl_Task_schedule__I)
                  003f849b    00000025     mangled_BIOS_rom.obj (.text:_ti_sysbios_knl_Clock_construct)
                  003f84c0    00000024     mangled_BIOS_rom.obj (.text:_ti_sysbios_knl_Swi_post__E)
                  003f84e4    00000023     mangled_BIOS_rom.obj (.text:_ti_sysbios_knl_Clock_Instance_init__E)
                  003f8507    00000022     mangled_BIOS_rom.obj (.text:_ti_sysbios_knl_Semaphore_create)
                  003f8529    00000022     mangled_BIOS_rom.obj (.text:_ti_sysbios_knl_Task_stat__E)
                  003f854b    00000021     mangled_BIOS_rom.obj (.text:_ti_sysbios_knl_Task_allBlockedFunction__I)
                  003f856c    00000020     mangled_BIOS_rom.obj (.text:_ti_sysbios_family_c28_Timer_setPrescale__E)
                  003f858c    00000020     mangled_BIOS_rom.obj (.text:_ti_sysbios_knl_Task_yield__E)
                  003f85ac    0000001f     mangled_BIOS_rom.obj (.text:_ti_sysbios_knl_Semaphore_construct)
                  003f85cb    0000001f     mangled_BIOS_rom.obj (.text:_ti_sysbios_knl_Task_exit__E)
                  003f85ea    0000001e     mangled_BIOS_rom.obj (.text:_ti_sysbios_hal_Hwi_checkStack)
                  003f8608    0000001e     mangled_BIOS_rom.obj (.text:_ti_sysbios_knl_Swi_getAttrs__E)
                  003f8626    0000001e     mangled_BIOS_rom.obj (.text:_ti_sysbios_knl_Task_blockI__E)
                  003f8644    0000001d     mangled_BIOS_rom.obj (.text:_ti_sysbios_gates_GateMutex_Object__create__S)
                  003f8661    0000001d     mangled_BIOS_rom.obj (.text:_ti_sysbios_hal_Hwi_initStack)
                  003f867e    0000001d     mangled_BIOS_rom.obj (.text:_ti_sysbios_knl_Queue_Object__create__S)
                  003f869b    0000001c     mangled_BIOS_rom.obj (.text:_ti_sysbios_family_c28_Timer_Instance_finalize__E)
                  003f86b7    0000001c     mangled_BIOS_rom.obj (.text:_ti_sysbios_family_c28_Timer_trigger__E)
                  003f86d3    0000001c     mangled_BIOS_rom.obj (.text:_ti_sysbios_hal_Timer_Instance_init__E)
                  003f86ef    0000001b     mangled_BIOS_rom.obj (.text:_ti_sysbios_knl_Task_processVitalTaskFlag__I)
                  003f870a    0000001a     mangled_BIOS_rom.obj (.text:_ti_sysbios_family_c28_Timer_oneShotStub__I)
                  003f8724    0000001a     mangled_BIOS_rom.obj (.text:_ti_sysbios_hal_Hwi_Instance_init__E)
                  003f873e    0000001a     mangled_BIOS_rom.obj (.text:_ti_sysbios_knl_Clock_addI__E)
                  003f8758    0000001a     mangled_BIOS_rom.obj (.text:_ti_sysbios_knl_Mailbox_postInit__I)
                  003f8772    00000019     mangled_BIOS_rom.obj (.text:_ti_sysbios_family_c28_Timer_setFunc__E)
                  003f878b    00000019     mangled_BIOS_rom.obj (.text:_ti_sysbios_gates_GateHwi_Object__create__S)
                  003f87a4    00000019     mangled_BIOS_rom.obj (.text:_ti_sysbios_gates_GateMutex_enter__E)
                  003f87bd    00000019     mangled_BIOS_rom.obj (.text:_ti_sysbios_knl_Swi_restore__E)
                  003f87d6    00000018     mangled_BIOS_rom.obj (.text:_ti_sysbios_knl_Clock_getTicks__E)
                  003f87ee    00000017     mangled_BIOS_rom.obj (.text:_ti_sysbios_family_c28_Hwi_Instance_finalize__E)
                  003f8805    00000017     mangled_BIOS_rom.obj (.text:_ti_sysbios_family_c28_Timer_startup__E)
                  003f881c    00000017     mangled_BIOS_rom.obj (.text:_ti_sysbios_knl_Clock_scheduleNextTick__E)
                  003f8833    00000017     mangled_BIOS_rom.obj (.text:_ti_sysbios_knl_Event_pendTimeout__I)
                  003f884a    00000017     mangled_BIOS_rom.obj (.text:_ti_sysbios_knl_Queue_construct)
                  003f8861    00000017     mangled_BIOS_rom.obj (.text:_ti_sysbios_knl_Semaphore_pendTimeout__I)
                  003f8878    00000017     mangled_BIOS_rom.obj (.text:_ti_sysbios_knl_Swi_raisePri__E)
                  003f888f    00000017     mangled_BIOS_rom.obj (.text:_ti_sysbios_knl_Task_unblockI__E)
                  003f88a6    00000016     mangled_BIOS_rom.obj (.text:_ti_sysbios_family_c28_Hwi_Object__get__S)
                  003f88bc    00000016     mangled_BIOS_rom.obj (.text:_ti_sysbios_family_c28_Timer_Module_startup__E)
                  003f88d2    00000016     mangled_BIOS_rom.obj (.text:_ti_sysbios_knl_Clock_Module_startup__E)
                  003f88e8    00000016     mangled_BIOS_rom.obj (.text:_ti_sysbios_knl_Queue_Object__get__S)
                  003f88fe    00000016     mangled_BIOS_rom.obj (.text:_ti_sysbios_knl_Task_restore__E)
                  003f8914    00000015     mangled_BIOS_rom.obj (.text:_ti_sysbios_family_c28_Hwi_getIERBit__I)
                  003f8929    00000015     mangled_BIOS_rom.obj (.text:_ti_sysbios_gates_GateMutex_Object__delete__S)
                  003f893e    00000015     mangled_BIOS_rom.obj (.text:_ti_sysbios_knl_Idle_run__E)
                  003f8953    00000015     mangled_BIOS_rom.obj (.text:_ti_sysbios_knl_Semaphore_Instance_init__E)
                  003f8968    00000015     mangled_BIOS_rom.obj (.text:_ti_sysbios_knl_Swi_andn__E)
                  003f897d    00000014     mangled_BIOS_rom.obj (.text:_ti_sysbios_family_c28_Hwi_Object__delete__S)
                  003f8991    00000014     mangled_BIOS_rom.obj (.text:_ti_sysbios_family_c28_Timer_Object__delete__S)
                  003f89a5    00000014     mangled_BIOS_rom.obj (.text:_ti_sysbios_gates_GateHwi_Object__delete__S)
                  003f89b9    00000014     mangled_BIOS_rom.obj (.text:_ti_sysbios_knl_Swi_dec__E)
                  003f89cd    00000014     mangled_BIOS_rom.obj (.text:_ti_sysbios_knl_Task_Object__delete__S)
                  003f89e1    00000013     mangled_BIOS_rom.obj (.text:_ti_sysbios_family_c28_Timer_checkOverflow__I)
                  003f89f4    00000013     mangled_BIOS_rom.obj (.text:_ti_sysbios_knl_Event_checkEvents__I)
                  003f8a07    00000013     mangled_BIOS_rom.obj (.text:_ti_sysbios_knl_Task_getMode__E)
                  003f8a1a    00000012     mangled_BIOS_rom.obj (.text:_ti_sysbios_family_c28_Timer_setPeriod__E)
                  003f8a2c    00000012     mangled_BIOS_rom.obj (.text:_ti_sysbios_knl_Clock_tickReconfig__E)
                  003f8a3e    00000012     mangled_BIOS_rom.obj (.text:_ti_sysbios_knl_Mailbox_Object__get__S)
                  003f8a50    00000012     mangled_BIOS_rom.obj (.text:_ti_sysbios_knl_Swi_Object__get__S)
                  003f8a62    00000012     mangled_BIOS_rom.obj (.text:_ti_sysbios_knl_Task_Object__get__S)
                  003f8a74    00000011     mangled_BIOS_rom.obj (.text:_ti_sysbios_gates_GateHwi_Handle__label__S)
                  003f8a85    00000011     mangled_BIOS_rom.obj (.text:_ti_sysbios_gates_GateMutex_Handle__label__S)
                  003f8a96    00000010     mangled_BIOS_rom.obj (.text:_ti_sysbios_family_c28_Timer_stop__E)
                  003f8aa6    00000010     mangled_BIOS_rom.obj (.text:_ti_sysbios_hal_Hwi_HwiProxy_create)
                  003f8ab6    00000010     mangled_BIOS_rom.obj (.text:_ti_sysbios_knl_Semaphore_Object__destruct__S)
                  003f8ac6    00000010     mangled_BIOS_rom.obj (.text:_ti_sysbios_knl_Task_restoreHwi__E)
                  003f8ad6    0000000f     mangled_BIOS_rom.obj (.text:_ti_sysbios_family_c28_Hwi_Params__init__S)
                  003f8ae5    0000000f     mangled_BIOS_rom.obj (.text:_ti_sysbios_gates_GateMutex_Instance_init__E)
                  003f8af4    0000000f     mangled_BIOS_rom.obj (.text:_ti_sysbios_hal_Hwi_Module_startup__E)
                  003f8b03    0000000f     mangled_BIOS_rom.obj (.text:_ti_sysbios_knl_Clock_Params__init__S)
                  003f8b12    0000000f     mangled_BIOS_rom.obj (.text:_ti_sysbios_knl_Clock_getTimeout__E)
                  003f8b21    0000000f     mangled_BIOS_rom.obj (.text:_ti_sysbios_knl_Queue_Object__destruct__S)
                  003f8b30    0000000f     mangled_BIOS_rom.obj (.text:_ti_sysbios_knl_Queue_destruct)
                  003f8b3f    0000000f     mangled_BIOS_rom.obj (.text:_ti_sysbios_knl_Semaphore_Params__init__S)
                  003f8b4e    0000000f     mangled_BIOS_rom.obj (.text:_ti_sysbios_knl_Swi_Params__init__S)
                  003f8b5d    0000000f     mangled_BIOS_rom.obj (.text:_ti_sysbios_knl_Task_Params__init__S)
                  003f8b6c    0000000f     mangled_BIOS_rom.obj (.text:_ti_sysbios_knl_Task_getFunc__E)
                  003f8b7b    0000000e     mangled_BIOS_rom.obj (.text:_ti_sysbios_family_c28_f2837x_TimestampProvider_get64__E)
                  003f8b89    0000000e     mangled_BIOS_rom.obj (.text:_ti_sysbios_knl_Swi_restorePri__E)
                  003f8b97    0000000d     mangled_BIOS_rom.obj (.text:_ti_sysbios_family_c28_Hwi_Module__startupDone__S)
                  003f8ba4    0000000d     mangled_BIOS_rom.obj (.text:_ti_sysbios_family_c28_Hwi_dispatchC__I)
                  003f8bb1    0000000d     mangled_BIOS_rom.obj (.text:_ti_sysbios_family_c28_Timer_Module__startupDone__S)
                  003f8bbe    0000000d     mangled_BIOS_rom.obj (.text:_ti_sysbios_family_c28_Timer_getPrescaleCount__E)
                  003f8bcb    0000000d     mangled_BIOS_rom.obj (.text:_ti_sysbios_family_c28_Timer_getPrescale__E)
                  003f8bd8    0000000d     mangled_BIOS_rom.obj (.text:_ti_sysbios_hal_Hwi_HwiProxy_Object__create__S)
                  003f8be5    0000000d     mangled_BIOS_rom.obj (.text:_ti_sysbios_hal_Timer_Module__startupDone__S)
                  003f8bf2    0000000d     mangled_BIOS_rom.obj (.text:_ti_sysbios_knl_Clock_tickStart__E)
                  003f8bff    0000000d     mangled_BIOS_rom.obj (.text:_ti_sysbios_knl_Clock_tickStop__E)
                  003f8c0c    0000000d     mangled_BIOS_rom.obj (.text:_ti_sysbios_knl_Swi_getFunc__E)
                  003f8c19    0000000d     mangled_BIOS_rom.obj (.text:_ti_sysbios_knl_Task_enter__I)
                  003f8c26    0000000c     mangled_BIOS_rom.obj (.text:_ti_sysbios_gates_GateMutex_leave__E)
                  003f8c32    0000000c     mangled_BIOS_rom.obj (.text:_ti_sysbios_knl_Clock_Instance_finalize__E)
                  003f8c3e    0000000c     mangled_BIOS_rom.obj (.text:_ti_sysbios_knl_Clock_setFunc__E)
                  003f8c4a    0000000c     mangled_BIOS_rom.obj (.text:_ti_sysbios_knl_Queue_get__E)
                  003f8c56    0000000c     mangled_BIOS_rom.obj (.text:_ti_sysbios_knl_Queue_put__E)
                  003f8c62    0000000c     mangled_BIOS_rom.obj (.text:_ti_sysbios_knl_Task_enabled__E)
                  003f8c6e    0000000b     mangled_BIOS_rom.obj (.text:_ti_sysbios_family_c28_Hwi_plug__E)
                  003f8c79    0000000b     mangled_BIOS_rom.obj (.text:_ti_sysbios_hal_Timer_Module_startup__E)
                  003f8c84    0000000b     mangled_BIOS_rom.obj (.text:_ti_sysbios_knl_Swi_inc__E)
                  003f8c8f    0000000b     mangled_BIOS_rom.obj (.text:_ti_sysbios_knl_Swi_or__E)
                  003f8c9a    0000000b     mangled_BIOS_rom.obj (.text:_ti_sysbios_knl_Task_Object__first__S)
                  003f8ca5    0000000b     mangled_BIOS_rom.obj (.text:_ti_sysbios_knl_Task_Object__next__S)
                  003f8cb0    0000000b     mangled_BIOS_rom.obj (.text:_ti_sysbios_knl_Task_sleepTimeout__I)
                  003f8cbb    0000000a     mangled_BIOS_rom.obj (.text:_ti_sysbios_family_c28_Hwi_ack__I)
                  003f8cc5    0000000a     mangled_BIOS_rom.obj (.text:_ti_sysbios_knl_Clock_start__E)
                  003f8ccf    0000000a     mangled_BIOS_rom.obj (.text:_ti_sysbios_knl_Event_Instance_init__E)
                  003f8cd9    0000000a     mangled_BIOS_rom.obj (.text:_ti_sysbios_knl_Task_getIdleTaskHandle__E)
                  003f8ce3    00000009     mangled_BIOS_rom.obj (.text:_ti_sysbios_family_c28_Hwi_getHandle__E)
                  003f8cec    00000009     mangled_BIOS_rom.obj (.text:_ti_sysbios_family_c28_TaskSupport_checkStack__E)
                  003f8cf5    00000009     mangled_BIOS_rom.obj (.text:_ti_sysbios_family_c28_TaskSupport_stackUsed__E)
                  003f8cfe    00000009     mangled_BIOS_rom.obj (.text:_ti_sysbios_family_c28_Timer_getCount__E)
                  003f8d07    00000009     mangled_BIOS_rom.obj (.text:_ti_sysbios_hal_Hwi_getFunc__E)
                  003f8d10    00000009     mangled_BIOS_rom.obj (.text:_ti_sysbios_knl_Queue_isQueued__E)
                  003f8d19    00000009     mangled_BIOS_rom.obj (.text:_ti_sysbios_knl_Task_unblock__E)
                  003f8d22    00000008     mangled_BIOS_rom.obj (.text:_ti_sysbios_BIOS_setThreadType__E)
                  003f8d2a    00000008     mangled_BIOS_rom.obj (.text:_ti_sysbios_family_c28_Hwi_getFunc__E)
                  003f8d32    00000008     mangled_BIOS_rom.obj (.text:_ti_sysbios_family_c28_Hwi_getHookContext__E)
                  003f8d3a    00000008     mangled_BIOS_rom.obj (.text:_ti_sysbios_family_c28_Hwi_restoreInterrupt__E)
                  003f8d42    00000008     mangled_BIOS_rom.obj (.text:_ti_sysbios_family_c28_Hwi_setHookContext__E)
                  003f8d4a    00000008     mangled_BIOS_rom.obj (.text:_ti_sysbios_family_c28_Timer_getPeriod__E)
                  003f8d52    00000008     mangled_BIOS_rom.obj (.text:_ti_sysbios_gates_GateMutex_Instance_finalize__E)
                  003f8d5a    00000008     mangled_BIOS_rom.obj (.text:_ti_sysbios_hal_Hwi_HwiProxy_getFunc__E)
                  003f8d62    00000008     mangled_BIOS_rom.obj (.text:_ti_sysbios_hal_Hwi_HwiProxy_getHookContext__E)
                  003f8d6a    00000008     mangled_BIOS_rom.obj (.text:_ti_sysbios_hal_Hwi_HwiProxy_setHookContext__E)
                  003f8d72    00000008     mangled_BIOS_rom.obj (.text:_ti_sysbios_hal_Hwi_getHookContext__E)
                  003f8d7a    00000008     mangled_BIOS_rom.obj (.text:_ti_sysbios_hal_Hwi_setFunc__E)
                  003f8d82    00000008     mangled_BIOS_rom.obj (.text:_ti_sysbios_hal_Timer_Instance_finalize__E)
                  003f8d8a    00000008     mangled_BIOS_rom.obj (.text:_ti_sysbios_knl_Clock_getTickPeriod__E)
                  003f8d92    00000008     mangled_BIOS_rom.obj (.text:_ti_sysbios_knl_Semaphore_Instance_finalize__E)
                  003f8d9a    00000008     mangled_BIOS_rom.obj (.text:_ti_sysbios_knl_Swi_enabled__E)
                  003f8da2    00000008     mangled_BIOS_rom.obj (.text:_ti_sysbios_knl_Swi_getHookContext__E)
                  003f8daa    00000008     mangled_BIOS_rom.obj (.text:_ti_sysbios_knl_Swi_setHookContext__E)
                  003f8db2    00000008     mangled_BIOS_rom.obj (.text:_ti_sysbios_knl_Task_block__E)
                  003f8dba    00000008     mangled_BIOS_rom.obj (.text:_ti_sysbios_knl_Task_getHookContext__E)
                  003f8dc2    00000008     mangled_BIOS_rom.obj (.text:_ti_sysbios_knl_Task_setHookContext__E)
                  003f8dca    00000007     mangled_BIOS_rom.obj (.text:_ti_sysbios_BIOS_setCpuFreq__E)
                  003f8dd1    00000007     mangled_BIOS_rom.obj (.text:_ti_sysbios_family_c28_Hwi_setFunc__E)
                  003f8dd8    00000007     mangled_BIOS_rom.obj (.text:_ti_sysbios_family_c28_Timer_getFreq__E)
                  003f8ddf    00000007     mangled_BIOS_rom.obj (.text:_ti_sysbios_family_c28_Timer_getStatus__E)
                  003f8de6    00000007     mangled_BIOS_rom.obj (.text:_ti_sysbios_hal_Hwi_HwiProxy_setFunc__E)
                  003f8ded    00000007     mangled_BIOS_rom.obj (.text:_ti_sysbios_heaps_HeapNull_getStats__E)
                  003f8df4    00000007     mangled_BIOS_rom.obj (.text:_ti_sysbios_knl_Clock_removeI__E)
                  003f8dfb    00000007     mangled_BIOS_rom.obj (.text:_ti_sysbios_knl_Event_sync__E)
                  003f8e02    00000007     mangled_BIOS_rom.obj (.text:_ti_sysbios_knl_Queue_empty__E)
                  003f8e09    00000007     mangled_BIOS_rom.obj (.text:_ti_sysbios_knl_Queue_remove__E)
                  003f8e10    00000007     mangled_BIOS_rom.obj (.text:_ti_sysbios_knl_Semaphore_reset__E)
                  003f8e17    00000006     mangled_BIOS_rom.obj (.text:_ti_sysbios_BIOS_exit__E)
                  003f8e1d    00000006     mangled_BIOS_rom.obj (.text:_ti_sysbios_BIOS_getCpuFreq__E)
                  003f8e23    00000006     mangled_BIOS_rom.obj (.text:_ti_sysbios_BIOS_start__E)
                  003f8e29    00000006     mangled_BIOS_rom.obj (.text:_ti_sysbios_family_c28_Timer_getFunc__E)
                  003f8e2f    00000006     mangled_BIOS_rom.obj (.text:_ti_sysbios_hal_Hwi_Instance_finalize__E)
                  003f8e35    00000006     mangled_BIOS_rom.obj (.text:_ti_sysbios_hal_Timer_getCount__E)
                  003f8e3b    00000006     mangled_BIOS_rom.obj (.text:_ti_sysbios_hal_Timer_getExpiredCounts__E)
                  003f8e41    00000006     mangled_BIOS_rom.obj (.text:_ti_sysbios_hal_Timer_getFreq__E)
                  003f8e47    00000006     mangled_BIOS_rom.obj (.text:_ti_sysbios_hal_Timer_getFunc__E)
                  003f8e4d    00000006     mangled_BIOS_rom.obj (.text:_ti_sysbios_hal_Timer_getMaxTicks__E)
                  003f8e53    00000006     mangled_BIOS_rom.obj (.text:_ti_sysbios_hal_Timer_getPeriod__E)
                  003f8e59    00000006     mangled_BIOS_rom.obj (.text:_ti_sysbios_hal_Timer_setFunc__E)
                  003f8e5f    00000006     mangled_BIOS_rom.obj (.text:_ti_sysbios_hal_Timer_setNextTick__E)
                  003f8e65    00000006     mangled_BIOS_rom.obj (.text:_ti_sysbios_hal_Timer_setPeriodMicroSecs__E)
                  003f8e6b    00000006     mangled_BIOS_rom.obj (.text:_ti_sysbios_hal_Timer_setPeriod__E)
                  003f8e71    00000006     mangled_BIOS_rom.obj (.text:_ti_sysbios_hal_Timer_start__E)
                  003f8e77    00000006     mangled_BIOS_rom.obj (.text:_ti_sysbios_hal_Timer_stop__E)
                  003f8e7d    00000006     mangled_BIOS_rom.obj (.text:_ti_sysbios_hal_Timer_trigger__E)
                  003f8e83    00000006     mangled_BIOS_rom.obj (.text:_ti_sysbios_knl_Clock_tick__E)
                  003f8e89    00000006     mangled_BIOS_rom.obj (.text:_ti_sysbios_knl_Queue_dequeue__E)
                  003f8e8f    00000006     mangled_BIOS_rom.obj (.text:_ti_sysbios_knl_Queue_enqueue__E)
                  003f8e95    00000006     mangled_BIOS_rom.obj (.text:_ti_sysbios_knl_Queue_insert__E)
                  003f8e9b    00000006     mangled_BIOS_rom.obj (.text:_ti_sysbios_knl_Swi_disable__E)
                  003f8ea1    00000006     mangled_BIOS_rom.obj (.text:_ti_sysbios_knl_Task_disable__E)
                  003f8ea7    00000006     mangled_BIOS_rom.obj (.text:_ti_sysbios_knl_Task_getIdleTask__E)
                  003f8ead    00000005     mangled_BIOS_rom.obj (.text:_ti_sysbios_BIOS_getThreadType__E)
                  003f8eb2    00000005     mangled_BIOS_rom.obj (.text:_ti_sysbios_family_c28_Hwi_switchFromBootStack__E)
                  003f8eb7    00000005     mangled_BIOS_rom.obj (.text:_ti_sysbios_gates_GateHwi_enter__E)
                  003f8ebc    00000005     mangled_BIOS_rom.obj (.text:_ti_sysbios_hal_Hwi_HwiProxy_startup__E)
                  003f8ec1    00000005     mangled_BIOS_rom.obj (.text:_ti_sysbios_hal_Hwi_getIrp__E)
                  003f8ec6    00000005     mangled_BIOS_rom.obj (.text:_ti_sysbios_hal_Timer_getNumTimers__E)
                  003f8ecb    00000005     mangled_BIOS_rom.obj (.text:_ti_sysbios_hal_Timer_getStatus__E)
                  003f8ed0    00000005     mangled_BIOS_rom.obj (.text:_ti_sysbios_hal_Timer_startup__E)
                  003f8ed5    00000004     mangled_BIOS_rom.obj (.text:_ti_sysbios_family_c28_Hwi_disable$36)
                  003f8ed9    00000004     mangled_BIOS_rom.obj (.text:_ti_sysbios_family_c28_Hwi_enable$36)
                  003f8edd    00000004     mangled_BIOS_rom.obj (.text:_ti_sysbios_family_c28_Hwi_getTaskSP__E)
                  003f8ee1    00000004     mangled_BIOS_rom.obj (.text:_ti_sysbios_family_c28_TaskSupport_getDefaultStackSize__E)
                  003f8ee5    00000004     mangled_BIOS_rom.obj (.text:_ti_sysbios_family_c28_TaskSupport_getStackAlignment__E)
                  003f8ee9    00000004     mangled_BIOS_rom.obj (.text:_ti_sysbios_family_c28_f2837x_TimestampProvider_get32__E)
                  003f8eed    00000004     mangled_BIOS_rom.obj (.text:_ti_sysbios_knl_Clock_getCompletedTicks__E)
                  003f8ef1    00000004     mangled_BIOS_rom.obj (.text:_ti_sysbios_knl_Clock_getTimerHandle__E)
                  003f8ef5    00000004     mangled_BIOS_rom.obj (.text:_ti_sysbios_knl_Mailbox_getNumPendingMsgs__E)
                  003f8ef9    00000004     mangled_BIOS_rom.obj (.text:_ti_sysbios_knl_Swi_enable__E)
                  003f8efd    00000004     mangled_BIOS_rom.obj (.text:_ti_sysbios_knl_Swi_getTrigger__E)
                  003f8f01    00000004     mangled_BIOS_rom.obj (.text:_ti_sysbios_knl_Swi_self__E)
                  003f8f05    00000004     mangled_BIOS_rom.obj (.text:_ti_sysbios_knl_Swi_startup__E)
                  003f8f09    00000004     mangled_BIOS_rom.obj (.text:_ti_sysbios_knl_Swi_unlockSched__E)
                  003f8f0d    00000004     mangled_BIOS_rom.obj (.text:_ti_sysbios_knl_Task_enable__E)
                  003f8f11    00000004     mangled_BIOS_rom.obj (.text:_ti_sysbios_knl_Task_self__E)
                  003f8f15    00000004     mangled_BIOS_rom.obj (.text:_ti_sysbios_knl_Task_unlockSched__E)
                  003f8f19    00000003     mangled_BIOS_rom.obj (.text:_ti_sysbios_BIOS_RtsGateProxy_enter__E)
                  003f8f1c    00000003     mangled_BIOS_rom.obj (.text:_ti_sysbios_BIOS_RtsGateProxy_leave__E)
                  003f8f1f    00000003     mangled_BIOS_rom.obj (.text:_ti_sysbios_family_c28_Hwi_getIrp__E)
                  003f8f22    00000003     mangled_BIOS_rom.obj (.text:_ti_sysbios_family_c28_Hwi_restore$36)
                  003f8f25    00000003     mangled_BIOS_rom.obj (.text:_ti_sysbios_family_c28_f2837x_TimestampProvider_Module_startup__E)
                  003f8f28    00000003     mangled_BIOS_rom.obj (.text:_ti_sysbios_gates_GateHwi_leave__E)
                  003f8f2b    00000003     mangled_BIOS_rom.obj (.text:_ti_sysbios_hal_Hwi_HwiProxy_getIrp__E)
                  003f8f2e    00000003     mangled_BIOS_rom.obj (.text:_ti_sysbios_hal_Hwi_setHookContext__E)
                  003f8f31    00000003     mangled_BIOS_rom.obj (.text:_ti_sysbios_knl_Clock_getPeriod__E)
                  003f8f34    00000003     mangled_BIOS_rom.obj (.text:_ti_sysbios_knl_Clock_isActive__E)
                  003f8f37    00000003     mangled_BIOS_rom.obj (.text:_ti_sysbios_knl_Clock_setPeriod__E)
                  003f8f3a    00000003     mangled_BIOS_rom.obj (.text:_ti_sysbios_knl_Clock_stop__E)
                  003f8f3d    00000003     mangled_BIOS_rom.obj (.text:_ti_sysbios_knl_Idle_loop__E)
                  003f8f40    00000003     mangled_BIOS_rom.obj (.text:_ti_sysbios_knl_Intrinsics_SupportProxy_maxbit__E)
                  003f8f43    00000003     mangled_BIOS_rom.obj (.text:_ti_sysbios_knl_Mailbox_getNumFreeMsgs__E)
                  003f8f46    00000003     mangled_BIOS_rom.obj (.text:_ti_sysbios_knl_Queue_Instance_init__E)
                  003f8f49    00000003     mangled_BIOS_rom.obj (.text:_ti_sysbios_knl_Queue_elemClear__E)
                  003f8f4c    00000003     mangled_BIOS_rom.obj (.text:_ti_sysbios_knl_Semaphore_destruct)
                  003f8f4f    00000003     mangled_BIOS_rom.obj (.text:_ti_sysbios_knl_Swi_Module_startup__E)
                  003f8f52    00000003     mangled_BIOS_rom.obj (.text:_ti_sysbios_knl_Swi_getPri__E)
                  003f8f55    00000003     mangled_BIOS_rom.obj (.text:_ti_sysbios_knl_Task_SupportProxy_swap__E)
[...]
0     003f8d52  _ti_sysbios_gates_GateMutex_Instance_finalize__E                          
0     003f8d5a  _ti_sysbios_hal_Hwi_HwiProxy_getFunc__E                                   
0     003f8d62  _ti_sysbios_hal_Hwi_HwiProxy_getHookContext__E                            
0     003f8d6a  _ti_sysbios_hal_Hwi_HwiProxy_setHookContext__E                            
0     003f8d72  _ti_sysbios_hal_Hwi_getHookContext__E                                     
0     003f8d7a  _ti_sysbios_hal_Hwi_setFunc__E                                            
0     003f8d82  _ti_sysbios_hal_Timer_Instance_finalize__E                                
0     003f8d8a  _ti_sysbios_knl_Clock_getTickPeriod__E                                    
0     003f8d92  _ti_sysbios_knl_Semaphore_Instance_finalize__E                            
0     003f8d9a  _ti_sysbios_knl_Swi_enabled__E                                            
0     003f8da2  _ti_sysbios_knl_Swi_getHookContext__E                                     
0     003f8daa  _ti_sysbios_knl_Swi_setHookContext__E                                     
0     003f8db2  _ti_sysbios_knl_Task_block__E                                             
0     003f8dba  _ti_sysbios_knl_Task_getHookContext__E                                    
0     003f8dc2  _ti_sysbios_knl_Task_setHookContext__E                                    
0     003f8dca  _ti_sysbios_BIOS_setCpuFreq__E                                            
0     003f8dd1  _ti_sysbios_family_c28_Hwi_setFunc__E                                     
0     003f8dd8  _ti_sysbios_family_c28_Timer_getFreq__E                                   
0     003f8ddf  _ti_sysbios_family_c28_Timer_getStatus__E                                 
0     003f8de6  _ti_sysbios_hal_Hwi_HwiProxy_setFunc__E                                   
0     003f8ded  _ti_sysbios_heaps_HeapNull_getStats__E                                    
0     003f8df4  _ti_sysbios_knl_Clock_removeI__E                                          
0     003f8dfb  _ti_sysbios_knl_Event_sync__E                                             
0     003f8e02  _ti_sysbios_knl_Queue_empty__E                                            
0     003f8e09  _ti_sysbios_knl_Queue_remove__E                                           
0     003f8e10  _ti_sysbios_knl_Semaphore_reset__E                                        
0     003f8e17  _ti_sysbios_BIOS_exit__E                                                  
0     003f8e1d  _ti_sysbios_BIOS_getCpuFreq__E                                            
0     003f8e1d  _ti_sysbios_family_c28_f2837x_TimestampProvider_getFreq__E                
0     003f8e23  _ti_sysbios_BIOS_start__E                                                 
0     003f8e29  _ti_sysbios_family_c28_Timer_getFunc__E                                   
0     003f8e2f  _ti_sysbios_hal_Hwi_Instance_finalize__E                                  
0     003f8e35  _ti_sysbios_hal_Timer_getCount__E                                         
0     003f8e3b  _ti_sysbios_hal_Timer_getExpiredCounts__E                                 
0     003f8e41  _ti_sysbios_hal_Timer_getFreq__E                                          
0     003f8e47  _ti_sysbios_hal_Timer_getFunc__E                                          
0     003f8e4d  _ti_sysbios_hal_Timer_getMaxTicks__E                                      
0     003f8e53  _ti_sysbios_hal_Timer_getPeriod__E                                        
0     003f8e59  _ti_sysbios_hal_Timer_setFunc__E                                          
0     003f8e5f  _ti_sysbios_hal_Timer_setNextTick__E                                      
0     003f8e65  _ti_sysbios_hal_Timer_setPeriodMicroSecs__E                               
0     003f8e6b  _ti_sysbios_hal_Timer_setPeriod__E                                        
0     003f8e71  _ti_sysbios_hal_Timer_start__E                                            
0     003f8e77  _ti_sysbios_hal_Timer_stop__E                                             
0     003f8e7d  _ti_sysbios_hal_Timer_trigger__E                                          
0     003f8e83  _ti_sysbios_knl_Clock_tick__E                                             
0     003f8e89  _ti_sysbios_knl_Queue_dequeue__E                                          
0     003f8e8f  _ti_sysbios_knl_Queue_enqueue__E                                          
0     003f8e95  _ti_sysbios_knl_Queue_insert__E                                           
0     003f8e9b  _ti_sysbios_knl_Swi_disable__E                                            
0     003f8ea1  _ti_sysbios_knl_Task_disable__E                                           
0     003f8ea7  _ti_sysbios_knl_Task_getIdleTask__E                                       
0     003f8ead  _ti_sysbios_BIOS_getThreadType__E                                         
0     003f8eb2  _ti_sysbios_family_c28_Hwi_switchFromBootStack__E                         
0     003f8eb2  _ti_sysbios_hal_Hwi_HwiProxy_switchFromBootStack__E                       
0     003f8eb2  _ti_sysbios_hal_Hwi_switchFromBootStack__E                                
0     003f8eb7  _ti_sysbios_gates_GateHwi_enter__E                                        
0     003f8ebc  _ti_sysbios_hal_Hwi_HwiProxy_startup__E                                   
0     003f8ebc  _ti_sysbios_hal_Hwi_startup__E                                            
0     003f8ec1  _ti_sysbios_hal_Hwi_getIrp__E                                             
0     003f8ec6  _ti_sysbios_hal_Timer_getNumTimers__E                                     
0     003f8ecb  _ti_sysbios_hal_Timer_getStatus__E                                        
0     003f8ed0  _ti_sysbios_hal_Timer_startup__E                                          
0     003f8ed5  _ti_sysbios_hal_Hwi_HwiProxy_disable__E                                   
0     003f8ed5  _ti_sysbios_hal_Hwi_disable__E                                            
0     003f8ed9  _ti_sysbios_hal_Hwi_HwiProxy_enable__E                                    
0     003f8ed9  _ti_sysbios_hal_Hwi_enable__E                                             
0     003f8edd  _ti_sysbios_family_c28_Hwi_getTaskSP__E                                   
0     003f8edd  _ti_sysbios_hal_Hwi_HwiProxy_getTaskSP__E                                 
0     003f8edd  _ti_sysbios_hal_Hwi_getTaskSP__E                                          
0     003f8ee1  _ti_sysbios_family_c28_TaskSupport_getDefaultStackSize__E                 
0     003f8ee1  _ti_sysbios_knl_Task_SupportProxy_getDefaultStackSize__E                  
0     003f8ee5  _ti_sysbios_family_c28_TaskSupport_getStackAlignment__E                   
0     003f8ee5  _ti_sysbios_knl_Task_SupportProxy_getStackAlignment__E                    
0     003f8ee9  _ti_sysbios_family_c28_f2837x_TimestampProvider_get32__E                  
0     003f8eed  _ti_sysbios_knl_Clock_getCompletedTicks__E                                
0     003f8ef1  _ti_sysbios_knl_Clock_getTimerHandle__E                                   
0     003f8ef5  _ti_sysbios_knl_Mailbox_getNumPendingMsgs__E                              
0     003f8ef9  _ti_sysbios_knl_Swi_enable__E                                             
0     003f8efd  _ti_sysbios_knl_Swi_getTrigger__E                                         
0     003f8f01  _ti_sysbios_knl_Swi_self__E                                               
0     003f8f05  _ti_sysbios_knl_Swi_startup__E                                            
0     003f8f09  _ti_sysbios_knl_Swi_unlockSched__E                                        
0     003f8f0d  _ti_sysbios_knl_Task_enable__E                                            
0     003f8f11  _ti_sysbios_knl_Task_self__E                                              
0     003f8f15  _ti_sysbios_knl_Task_unlockSched__E                                       
0     003f8f19  _ti_sysbios_BIOS_RtsGateProxy_enter__E                                    
0     003f8f1c  _ti_sysbios_BIOS_RtsGateProxy_leave__E                                    
0     003f8f1f  _ti_sysbios_family_c28_Hwi_getIrp__E                                      
0     003f8f22  _ti_sysbios_hal_Hwi_HwiProxy_restore__E                                   
0     003f8f22  _ti_sysbios_hal_Hwi_restore__E                                            
0     003f8f25  _ti_sysbios_family_c28_f2837x_TimestampProvider_Module_startup__E         
0     003f8f28  _ti_sysbios_gates_GateHwi_leave__E                                        
0     003f8f2b  _ti_sysbios_hal_Hwi_HwiProxy_getIrp__E                                    
0     003f8f2e  _ti_sysbios_hal_Hwi_setHookContext__E                                     
0     003f8f31  _ti_sysbios_knl_Clock_getPeriod__E                                        
0     003f8f34  _ti_sysbios_knl_Clock_isActive__E                                         
0     003f8f37  _ti_sysbios_knl_Clock_setPeriod__E                                        
0     003f8f3a  _ti_sysbios_knl_Clock_stop__E                                             
0     003f8f3d  _ti_sysbios_knl_Idle_loop__E                                              
0     003f8f40  _ti_sysbios_knl_Intrinsics_SupportProxy_maxbit__E                         
0     003f8f40  _ti_sysbios_knl_Intrinsics_maxbit__E                                      
0     003f8f43  _ti_sysbios_knl_Mailbox_getNumFreeMsgs__E                                 
0     003f8f46  _ti_sysbios_knl_Queue_Instance_init__E                                    
0     003f8f49  _ti_sysbios_knl_Queue_elemClear__E                                        
0     003f8f4c  _ti_sysbios_knl_Semaphore_destruct                                        
0     003f8f4f  _ti_sysbios_knl_Swi_Module_startup__E                                     
0     003f8f52  _ti_sysbios_knl_Swi_getPri__E                                             
0     003f8f55  _ti_sysbios_knl_Task_SupportProxy_swap__E                                 
0     003f8f58  _ti_sysbios_knl_Task_getArg0__E                                           
0     003f8f5b  _ti_sysbios_knl_Task_getArg1__E                                           
0     003f8f5e  _ti_sysbios_knl_Task_getEnv__E                                            
0     003f8f61  _ti_sysbios_knl_Task_setArg0__E                                           
0     003f8f64  _ti_sysbios_knl_Task_setArg1__E                                           
0     003f8f67  _ti_sysbios_knl_Task_setEnv__E                                            
0     003f8f6a  _ti_sysbios_knl_Task_startup__E                                           
0     003f8f6d  _ti_sysbios_family_c28_Hwi_postInit__I                                    
0     003f8f6f  _ti_sysbios_family_c28_TaskSupport_Module__startupDone__S                 
0     003f8f6f  _ti_sysbios_knl_Task_SupportProxy_Module__startupDone__S                  
0     003f8f71  _ti_sysbios_family_c28_Timer_getCurrentTick__E                            
0     003f8f73  _ti_sysbios_family_c28_Timer_getExpiredTicks__E                           
0     003f8f75  _ti_sysbios_family_c28_Timer_getMaxTicks__E                               
0     003f8f77  _ti_sysbios_family_c28_Timer_getNumTimers__E                              
0     003f8f79  _ti_sysbios_gates_GateHwi_query__E                                        
0     003f8f7b  _ti_sysbios_BIOS_RtsGateProxy_query__E                                    
0     003f8f7b  _ti_sysbios_gates_GateMutex_query__E                                      
0     003f8f7d  _ti_sysbios_heaps_HeapNull_alloc__E                                       
0     003f8f7f  _ti_sysbios_heaps_HeapNull_isBlocking__E                                  
0     003f8f81  _ti_sysbios_knl_Clock_setTimeout__E                                       
0     003f8f83  _ti_sysbios_knl_Event_getPostedEvents__E                                  
0     003f8f85  _ti_sysbios_knl_Mailbox_getMsgSize__E                                     
0     003f8f87  _ti_sysbios_knl_Queue_head__E                                             
0     003f8f89  _ti_sysbios_knl_Queue_next__E                                             
0     003f8f8b  _ti_sysbios_knl_Queue_prev__E                                             
0     003f8f8d  _ti_sysbios_knl_Semaphore_getCount__E                                     
0     003f8f8f  _ti_sysbios_knl_Swi_postInit__I                                           
0     003f8f91  _ti_sysbios_knl_Task_getPri__E                                            
0     003f8f93  _ti_sysbios_family_c28_Timer_setNextTick__E                               
0     003f8f94  _ti_sysbios_gates_GateHwi_Instance_init__E                                
0     003f8f95  _ti_sysbios_heaps_HeapNull_Instance_init__E                               
0     003f8f96  _ti_sysbios_heaps_HeapNull_free__E                                        
0     003f8f97  _ti_sysbios_knl_Clock_logTick__E                                          
0     003f8f98  _ti_sysbios_knl_Semaphore_registerEvent__E                                
0     003f8f99  _ti_sysbios_knl_Swi_Instance_finalize__E                                  
0     003f8f9a  _ti_sysbios_family_c28_Hwi_dispatchTable                                  
0     003f8ff7  _ti_sysbios_family_c28_Hwi_dispatchPie                                    
0     003f9035  _ti_sysbios_family_c28_TaskSupport_buildTaskStack                         
0     003f905a  _ti_sysbios_family_c28_TaskSupport_swap__E                                
0     003f9077  _ti_sysbios_family_c28_Hwi_switchAndDispatch__I                           
0     003f9092  _ti_sysbios_family_xxx_Hwi_switchAndRunFunc                               
0     003f90aa  _ti_sysbios_family_c28_TaskSupport_glue                                   
0     003f90b3  _ti_sysbios_family_c28_IntrinsicsSupport_maxbit__E                        
0     003f90b9  _ti_sysbios_family_c28_Hwi_getIFR__I                                      
0     003f90bc  _ti_sysbios_family_c28_Hwi_interruptReturn__I                             
0     003f90f6  _memcpy                                                                   
0     003f9103  _memset                                                                   
0     003f9110  _ti_sysbios_rom_c28_f28004x_F28004x_REVISION__C                           
1     00000780  _ti_sysbios_knl_Task_Module__state__V                                     
1     0000079e  _ti_sysbios_knl_Clock_Module__state__V                                    
1     000007b4  _ti_sysbios_knl_Swi_Module__state__V                                      
1     000007c0  _ti_sysbios_BIOS_Module__state__V                                         
1     000007d2  _ti_sysbios_family_c28_Hwi_Module__state__V                               
1     000007e2  _ti_sysbios_family_c28_Timer_Module__state__V                             
1     00008000  _RamfuncsLoadEnd                                                          
1     00008000  _RamfuncsLoadStart                                                        
1     00008000  _RamfuncsRunEnd                                                           
1     00008000  _RamfuncsRunStart                                                         
1     00008000  __stack                                                                   
1     00009000  __STACK_END                                                               
1     00009000  _ti_sysbios_knl_Task_Module_State_0_idleTask__A                           
1     00009002  _ti_sysbios_gates_GateHwi_Object__table__V                                
1     00009004  _ti_sysbios_gates_GateHwi_Module__root__V                                 
1     00009008  _ti_sysbios_family_c28_Timer_Module__root__V                              
1     0000900c  _ti_sysbios_knl_Semaphore_Module__root__V                                 
1     00009010  _ti_sysbios_knl_Mailbox_Module__root__V                                   
1     00009014  _xdc_runtime_HeapStd_Module__root__V                                      
1     00009018  _ti_sysbios_knl_Queue_Module__root__V                                     
1     0000901c  _ti_sysbios_knl_Swi_Module__root__V                                       
1     00009020  _ti_sysbios_knl_Event_Module__root__V                                     
1     00009024  _ti_sysbios_hal_Hwi_Module__root__V                                       
1     00009028  _ti_sysbios_hal_Timer_Module__root__V                                     
1     0000902c  _ti_sysbios_knl_Clock_Module__root__V                                     
1     00009030  _ti_sysbios_gates_GateMutex_Module__root__V                               
1     00009034  _ti_sysbios_knl_Task_Module__root__V                                      
1     00009038  _ti_sysbios_heaps_HeapNull_Module__root__V                                
1     0000903c  _ti_sysbios_family_c28_Hwi_Module__root__V                                
1     00009040  _xdc_runtime_HeapStd_Object__table__V                                     
1     00009046  _ti_sysbios_gates_GateMutex_Object__table__V                              
1     00009054  _xdc_runtime_System_Module_State_0_atexitHandlers__A                      
1     00009064  _ti_sysbios_family_c28_Hwi_Object__table__V                               
1     00009080  _ti_sysbios_knl_Swi_Object__table__V                                      
1     00009094  _ti_sysbios_family_c28_Timer_Object__table__V                             
1     000090c0  _ti_sysbios_knl_Task_Object__table__V                                     
1     00009100  _ti_sysbios_knl_Task_Module_State_0_readyQ__A                             
1     00009140  _ti_sysbios_knl_Swi_Module_State_0_readyQ__A                              
1     00009180  _ti_sysbios_family_c28_Hwi_Module_State_0_dispatchTable__A                
1     00009340  _xdc_runtime_SysMin_Module_State_0_outbuf__A                              
1     00009740  _ti_sysbios_knl_Task_Instance_State_0_stack__A                            
1     00009848  _xdc_runtime_Registry_Module__state__V                                    
1     0000984c  _xdc_runtime_Startup_Module__state__V                                     
1     00009850  _xdc_runtime_SysMin_Module__state__V                                      
1     00009854  _xdc_runtime_System_Module__state__V                                      
1     00009858  _xdc_runtime_Text_Module__state__V                                        
1     0000985c  ___TI_cleanup_ptr                                                         
1     0000985e  ___TI_dtors_ptr                                                           
1     00009860  __lock                                                                    
1     00009862  __unlock                                                                  
1     00009864  _xdc_runtime_HeapStd_Module__state__V                                     
1     00009866  _xdc_runtime_Memory_Module__state__V                                      
1     00009868  _xdc_runtime_Error_Module__state__V                                       
1     00009880  __CIOBUF_                                                                 
abs   00000000  _RamfuncsLoadSize                                                         
abs   00000000  _RamfuncsRunSize                                                          
abs   00000001  _xdc_runtime_Startup__EXECFXN__C                                          
abs   00000001  _xdc_runtime_Startup__RESETFXN__C                                         
abs   00001000  __STACK_SIZE                                                              
abs   ffffffff  ___c_args__                                                               
abs   ffffffff  ___pinit__                                                                
abs   ffffffff  pinit                                                                     

[799 symbols]
