******************************************************************************
               TMS320C6x Linker Unix v8.1.3                    
******************************************************************************
>> Linked Wed Mar  7 23:19:49 2018

OUTPUT FILE NAME:   <test/xwr16xx/minimal/xwr16xx_mmwave_minimal_dss.xe674>
ENTRY POINT SYMBOL: "_c_int00"  address: 007f6a80


MEMORY CONFIGURATION

         name            origin    length      used     unused   attr    fill
----------------------  --------  ---------  --------  --------  ----  --------
PAGE 0:
  L2SRAM_UMAP1          007e0000   00020000  0001b820  000047e0  RWIX
  L2SRAM_UMAP0          00800000   00020000  000103eb  0000fc15  RWIX
  L1PSRAM               00e00000   00004000  00000000  00004000  RWIX
  L1DSRAM               00f00000   00004000  00000000  00004000  RWIX
  L3SRAM                20000000   000a0000  00000000  000a0000  RWIX
  HSRAM                 21080000   00008000  00000000  00008000  RWIX

PAGE 1:
  L3SRAM                20000000   000a0000  00000000  000a0000  RWIX


SEGMENT ALLOCATION MAP

run origin  load origin   length   init length attrs members
----------  ----------- ---------- ----------- ----- -------
007e0000    007e0000    0001b820   0001b820    r-x
  007e0000    007e0000    00000200   00000200    r-x .vecs
  007e0200    007e0200    0001b620   0001b620    r-x .text
00800000    00800000    0000a400   00000000    rw-
  00800000    00800000    00008000   00000000    rw- systemHeap
  00808000    00808000    00002400   00000000    rw- .MCPILogBuffer
0080a400    0080a400    00003352   00003352    r--
  0080a400    0080a400    00003352   00003352    r-- .const
0080d758    0080d758    00002bb8   0000104c    rw-
  0080d758    0080d758    0000104c   0000104c    rw- .fardata
  0080e7a8    0080e7a8    00001000   00000000    rw- .stack
  0080f7a8    0080f7a8    00000a48   00000000    rw- .far
  008101f0    008101f0    00000120   00000000    rw- .cio
00810310    00810310    000000b4   000000b4    r--
  00810310    00810310    000000b4   000000b4    r-- .switch
008103c4    008103c4    00000031   00000020    rw-
  008103c4    008103c4    00000020   00000020    rw- .neardata
  008103e4    008103e4    00000011   00000000    rw- .bss


SECTION ALLOCATION MAP

 output                                  attributes/
section   page    origin      length       input sections
--------  ----  ----------  ----------   ----------------
xdc.meta   0    00000000    00000118     COPY SECTION
                  00000000    00000118     dss_pe674.oe674 (xdc.meta)

.vecs      0    007e0000    00000200     
                  007e0000    00000200     dss_pe674.oe674 (.vecs)

systemHeap 
*          0    00800000    00008000     UNINITIALIZED
                  00800000    00008000     dss_pe674.oe674 (systemHeap)

.MCPILogBuffer 
*          0    00808000    00002400     UNINITIALIZED
                  00808000    00002400     main_min_dss.oe674 (.MCPILogBuffer)

.stack     0    0080e7a8    00001000     UNINITIALIZED
                  0080e7a8    00000008     boot.ae674 : boot.oe674 (.stack)
                  0080e7b0    00000ff8     --HOLE--

.neardata 
*          0    008103c4    00000020     
                  008103c4    00000018     main_min_dss.oe674 (.neardata)
                  008103dc    00000004     libcrc_xwr16xx.ae674 : crc_xwr16xx.oe674 (.neardata)
                  008103e0    00000004     libtestlogger_xwr16xx.ae674 : logger.oe674 (.neardata)

.bss       0    008103e4    00000011     UNINITIALIZED
                  008103e4    00000004     (.common:MCPI_FailSignature)
                  008103e8    00000004     (.common:gMMWaveHandle)
                  008103ec    00000004     (.common:gTestSelection)
                  008103f0    00000004     (.common:socHandle)
                  008103f4    00000001     (.common:MCPI_Result)

.cinit     0    00800000    00000000     UNINITIALIZED

.far       0    0080f7a8    00000a48     UNINITIALIZED
                  0080f7a8    00000800     dss_pe674.oe674 (.far:taskStackSection)
                  0080ffa8    00000140     (.common:__TI_tmpnams)
                  008100e8    000000f8     (.common:gMMWave_MCB)
                  008101e0    00000008     (.common:gMMWave_XWR16xxMCB)
                  008101e8    00000008     (.common:parmbuf)

.text      0    007e0200    0001b620     
                  007e0200    00000940     main_min_dss.oe674 (.text:MmwaveLink_initTask)
                  007e0b40    000008a0     ti.targets.rts6000.ae674 : System.oe674 (.text:xdc_runtime_System_doPrint__I)
                  007e13e0    00000860     rts6740_elf.lib : _printfi.obj (.text:_pproc_diouxp)
                  007e1c40    000007e0     sysbios.ae674 : BIOS.obj (.text:ti_sysbios_knl_Semaphore_pend__E)
                  007e2420    00000780     rts6740_elf.lib : _printfi.obj (.text:__TI_printfi)
                  007e2ba0    00000780     sysbios.ae674 : BIOS.obj (.text:ti_sysbios_family_c64p_Exception_handler__I)
                  007e3320    00000640                   : BIOS.obj (.text:ti_sysbios_heaps_HeapMem_allocUnprotected__E)
                  007e3960    000005c0     rts6740_elf.lib : divd.obj (.text:__c6xabi_divd)
                  007e3f20    000005c0     sysbios.ae674 : BIOS.obj (.text:ti_sysbios_heaps_HeapMem_freeUnprotected__E)
                  007e44e0    000005a0     rts6740_elf.lib : _printfi.obj (.text:_pconv_g)
                  007e4a80    000005a0                     : _printfi.obj (.text:_setfield)
                  007e5020    00000580     sysbios.ae674 : BIOS.obj (.text:ti_sysbios_knl_Task_Instance_finalize__E)
                  007e55a0    000004e0                   : BIOS.obj (.text:ti_sysbios_knl_Task_sleep__E)
                  007e5a80    000004a0     libmmwave_xwr16xx.ae674 : mmwave_xwr16xx.oe674 (.text:MMWave_deviceExecuteFxn)
                  007e5f20    000004a0     rts6740_elf.lib : _printfi.obj (.text:_pconv_e)
                  007e63c0    00000460     sysbios.ae674 : BIOS.obj (.text:ti_sysbios_timers_rti_Timer_Module_startup__E)
                  007e6820    00000420     libmailbox_xwr16xx.ae674 : mailbox.oe674 (.text:Mailbox_open)
                  007e6c40    00000420     rts6740_elf.lib : _printfi.obj (.text:_pconv_a)
                  007e7060    000003e0     libmmwavelink_xwr16xx.ae674 : rl_driver.oe674 (.text:rlDriverRxHdrRead)
                  007e7440    000003c0     sysbios.ae674 : BIOS.obj (.text:ti_sysbios_knl_Task_Module_startup__E)
                  007e7800    00000380                   : BIOS.obj (.text:ti_sysbios_knl_Task_Instance_init__E)
                  007e7b80    00000360     libcrc_xwr16xx.ae674 : crc.oe674 (.text:CRC_open)
                  007e7ee0    00000360     rts6740_elf.lib : _printfi.obj (.text:acvt)
                  007e8240    00000360                     : fputs.obj (.text:fputs)
                  007e85a0    00000320                     : _printfi.obj (.text:_pproc_fgea)
                  007e88c0    000002e0     libmmwavelink_xwr16xx.ae674 : rl_driver.oe674 (.text:rlDriverCmdInvoke)
                  007e8ba0    000002e0     sysbios.ae674 : BIOS.obj (.text:ti_sysbios_heaps_HeapMem_Instance_init__E)
                  007e8e80    000002a0     libcrc_xwr16xx.ae674 : crc.oe674 (.text:CRC_computeSignature)
                  007e9120    000002a0     rts6740_elf.lib : _printfi.obj (.text:_pconv_f)
                  007e93c0    000002a0                     : _printfi.obj (.text:_pproc_fwp)
                  007e9660    000002a0                     : _printfi.obj (.text:fcvt)
                  007e9900    000002a0     sysbios.ae674 : BIOS.obj (.text:ti_sysbios_family_c64p_Cache_Module_startup__E)
                  007e9ba0    000002a0                   : BIOS.obj (.text:ti_sysbios_knl_Clock_workFunc__E)
                  007e9e40    000002a0                   : BIOS.obj (.text:ti_sysbios_knl_Semaphore_post__E)
                  007ea0e0    00000260     libtestlogger_xwr16xx.ae674 : logger.oe674 (.text:MCPI_setFeatureTestResult)
                  007ea340    00000260     rts6740_elf.lib : imath64.obj (.text:__c6xabi_divull)
                  007ea5a0    00000260     libmmwavelink_xwr16xx.ae674 : rl_driver.oe674 (.text:rlDriverMsgRead)
                  007ea800    00000260     sysbios.ae674 : BIOS.obj (.text:ti_sysbios_family_c64p_Hwi_dispatchCore__I)
                  007eaa60    00000260     ti.targets.rts6000.ae674 : Startup.oe674 (.text:xdc_runtime_Startup_startMods__I)
                  007eacc0    00000240     libmmwave_xwr16xx.ae674 : mmwave_link.oe674 (.text:MMWave_startLink)
                  007eaf00    00000240     libmmwavelink_xwr16xx.ae674 : rl_driver.oe674 (.text:rlDriverCmdSendRetry)
                  007eb140    00000240                                 : rl_driver.oe674 (.text:rlDriverInit)
                  007eb380    00000240     rts6740_elf.lib : setvbuf.obj (.text:setvbuf)
                  007eb5c0    00000240     sysbios.ae674 : BIOS.obj (.text:ti_sysbios_family_c64p_Exception_internalHandler__I)
                  007eb800    00000240                   : BIOS.obj (.text:ti_sysbios_timers_rti_Timer_getFreq__E)
                  007eba40    00000240     ti.targets.rts6000.ae674 : Core-mem.oe674 (.text:xdc_runtime_Core_createObject__I)
                  007ebc80    00000240     dss_pe674.oe674 (.text:xdc_runtime_System_printfExtend__I)
                  007ebec0    00000220     libmmwave_xwr16xx.ae674 : mmwave_link.oe674 (.text:MMWave_openLink)
                  007ec0e0    00000220     libmailbox_xwr16xx.ae674 : mailbox.oe674 (.text:Mailbox_write)
                  007ec300    00000220     common_min.oe674 (.text:Mmwave_testLinkAPI)
                  007ec520    00000220     rts6740_elf.lib : fputc.obj (.text:fputc)
                  007ec740    00000220     sysbios.ae674 : BIOS.obj (.text:ti_sysbios_family_c64p_Cache_block__I)
                  007ec960    00000220                   : BIOS.obj (.text:ti_sysbios_family_c64p_Hwi_reconfig__E)
                  007ecb80    00000220                   : BIOS.obj (.text:ti_sysbios_knl_Swi_run__I)
                  007ecda0    00000200     libmmwave_xwr16xx.ae674 : mmwave_link.oe674 (.text:MMWave_initMMWaveLink)
                  007ecfa0    00000200     rts6740_elf.lib : _printfi.obj (.text:_ltostr)
                  007ed1a0    00000200     sysbios.ae674 : c64p_Hwi_disp_always.obj (.text:_ti_sysbios_family_c64p_Hwi_dispatchAlways)
                  007ed3a0    00000200                   : BIOS.obj (.text:ti_sysbios_family_c64p_EventCombiner_dispatchPlug__E)
                  007ed5a0    00000200                   : BIOS.obj (.text:ti_sysbios_family_c64p_EventCombiner_dispatch__E)
                  007ed7a0    00000200     ti.targets.rts6000.ae674 : Error.oe674 (.text:xdc_runtime_Error_policyDefault__E)
                  007ed9a0    000001e0     libmmwavelink_xwr16xx.ae674 : rl_driver.oe674 (.text:rlDriverRdVerifyMsg)
                  007edb80    000001e0     sysbios.ae674 : BIOS.obj (.text:ti_sysbios_gates_GateMutex_enter__E)
                  007edd60    000001e0                   : BIOS.obj (.text:ti_sysbios_knl_Task_checkStacks__E)
                  007edf40    000001e0                   : BIOS.obj (.text:ti_sysbios_knl_Task_exit__E)
                  007ee120    000001e0     ti.targets.rts6000.ae674 : Text.oe674 (.text:xdc_runtime_Text_putSite__E)
                  007ee300    000001c0     libmmwave_xwr16xx.ae674 : mmwave_xwr16xx.oe674 (.text:MMWave_deviceInitFxn)
                  007ee4c0    000001c0     libmailbox_xwr16xx.ae674 : mailbox.oe674 (.text:Mailbox_read)
                  007ee680    000001c0     rts6740_elf.lib : imath40.obj (.text:__c6xabi_divul)
                  007ee840    000001c0                     : frexp.obj (.text:frexp)
                  007eea00    000001a0                     : trgdrv.obj (.text:HOSTrename)
                  007eeba0    000001a0                     : lowlev.obj (.text:getdevice)
                  007eed40    000001a0     libmmwavelink_xwr16xx.ae674 : rl_driver.oe674 (.text:rlDriverDeInit)
                  007eeee0    000001a0                                 : rl_sensor.oe674 (.text:rlSetChirpConfig)
                  007ef080    000001a0     sysbios.ae674 : BIOS.obj (.text:ti_sysbios_family_c64p_Cache_getL2InitSize__I)
                  007ef220    000001a0                   : BIOS.obj (.text:ti_sysbios_heaps_HeapBuf_Module_startup__E)
                  007ef3c0    000001a0                   : BIOS.obj (.text:ti_sysbios_knl_Task_schedule__I)
                  007ef560    000001a0                   : BIOS.obj (.text:ti_sysbios_timers_rti_Timer_startup__E)
                  007ef700    000001a0     ti.targets.rts6000.ae674 : Core-smem.oe674 (.text:xdc_runtime_Core_constructObject__I)
                  007ef8a0    00000180     libmmwave_xwr16xx.ae674 : mmwave_fullcfg.oe674 (.text:MMWave_flushCfg)
                  007efa20    00000180                             : mmwave.oe674 (.text:MMWave_start)
                  007efba0    00000180     rts6740_elf.lib : ldexp.obj (.text:ldexp)
                  007efd20    00000180     libmmwavelink_xwr16xx.ae674 : rl_driver.oe674 (.text:rlDriverMsgWrite)
                  007efea0    00000180                                 : rl_sensor.oe674 (.text:rlSetProfileConfig)
                  007f0020    00000180     sysbios.ae674 : c64p_Exception_asm.obj (.text)
                  007f01a0    00000180                   : BIOS.obj (.text:ti_sysbios_knl_Task_postInit__I)
                  007f0320    00000180                   : BIOS.obj (.text:ti_sysbios_knl_Task_startCore__E)
                  007f04a0    00000160     libmmwave_xwr16xx.ae674 : mmwave_link.oe674 (.text:MMWave_asyncEventHandler)
                  007f0600    00000160                             : mmwave_link.oe674 (.text:MMWave_computeCRC)
                  007f0760    00000160     libmailbox_xwr16xx.ae674 : mailbox.oe674 (.text:Mailbox_close)
                  007f08c0    00000160     libmmwavelink_xwr16xx.ae674 : rl_driver.oe674 (.text:rlDriverMsgReadCmdCtx)
                  007f0a20    00000160                                 : rl_driver.oe674 (.text:rlDriverWaitForResponse)
                  007f0b80    00000160     sysbios.ae674 : BIOS.obj (.text:ti_sysbios_knl_Swi_post__E)
                  007f0ce0    00000160     ti.targets.rts6000.ae674 : Text.oe674 (.text:xdc_runtime_Text_putMod__E)
                  007f0e40    00000140     libmmwave_xwr16xx.ae674 : mmwave_fullcfg.oe674 (.text:MMWave_addChirp)
                  007f0f80    00000140                             : mmwave.oe674 (.text:MMWave_init)
                  007f10c0    00000140     rts6740_elf.lib : fclose.obj (.text:__TI_closefile)
                  007f1200    00000140                     : fflush.obj (.text:fflush)
                  007f1340    00000140     libmmwavelink_xwr16xx.ae674 : rl_device.oe674 (.text:rlDevicePowerOn)
                  007f1480    00000140                                 : rl_driver.oe674 (.text:rlDriverMsgCmdReply)
                  007f15c0    00000140                                 : rl_sensor.oe674 (.text:rlSetFrameConfig)
                  007f1700    00000140     sysbios.ae674 : BIOS.obj (.text:ti_sysbios_family_c64p_Cache_getL1DInitSize__I)
                  007f1840    00000140                   : BIOS.obj (.text:ti_sysbios_family_c64p_Cache_getL1PInitSize__I)
                  007f1980    00000140                   : BIOS.obj (.text:ti_sysbios_family_c64p_Hwi_Module_startup__E)
                  007f1ac0    00000140                   : BIOS.obj (.text:ti_sysbios_knl_Semaphore_Instance_init__E)
                  007f1c00    00000140                   : BIOS.obj (.text:ti_sysbios_knl_Task_blockI__E)
                  007f1d40    00000140                   : BIOS.obj (.text:ti_sysbios_timers_rti_Timer_initDevice__I)
                  007f1e80    00000140     ti.targets.rts6000.ae674 : Core-mem.oe674 (.text:xdc_runtime_Core_deleteObject__I)
                  007f1fc0    00000140                              : Text.oe674 (.text:xdc_runtime_Text_putLab__E)
                  007f2100    00000120     libsoc_xwr16xx.ae674 : soc.oe674 (.text:SOC_init)
                  007f2220    00000120     boot.ae674 : autoinit.oe674 (.text:_auto_init_elf)
                  007f2340    00000120     rts6740_elf.lib : fseek.obj (.text:fseek)
                  007f2460    00000120     libmmwavelink_xwr16xx.ae674 : rl_driver.oe674 (.text:rlDriverAsyncEventHandler)
                  007f2580    00000120     sysbios.ae674 : BIOS.obj (.text:ti_sysbios_family_c64p_Hwi_Instance_init__E)
                  007f26a0    00000120                   : BIOS.obj (.text:ti_sysbios_knl_Swi_restoreHwi__E)
                  007f27c0    00000120                   : BIOS.obj (.text:ti_sysbios_knl_Task_unblockI__E)
                  007f28e0    00000100     rts6740_elf.lib : trgdrv.obj (.text:HOSTlseek)
                  007f29e0    00000100     libmmwave_xwr16xx.ae674 : mmwave_fullcfg.oe674 (.text:MMWave_addBpmChirp)
                  007f2ae0    00000100                             : mmwave_fullcfg.oe674 (.text:MMWave_addProfile)
                  007f2be0    00000100                             : mmwave_link.oe674 (.text:MMWave_deinitLink)
                  007f2ce0    00000100                             : mmwave_xwr16xx.oe674 (.text:MMWave_deviceCfgAsyncEvent)
                  007f2de0    00000100                             : mmwave.oe674 (.text:MMWave_open)
                  007f2ee0    00000100     libmailbox_xwr16xx.ae674 : mailbox.oe674 (.text:Mailbox_readFlush)
                  007f2fe0    00000100     libsoc_xwr16xx.ae674 : soc_xwr16xx_dss.oe674 (.text:SOC_deviceInit)
                  007f30e0    00000100     rts6740_elf.lib : _io_perm.obj (.text:__TI_wrt_ok)
                  007f31e0    00000100                     : atoi.obj (.text:atoi)
                  007f32e0    00000100     main_min_dss.oe674 (.text:main)
                  007f33e0    00000100     libmmwavelink_xwr16xx.ae674 : rl_device.oe674 (.text:rlDevicePowerOff)
                  007f34e0    00000100                                 : rl_driver.oe674 (.text:rlDriverClientCbCheck)
                  007f35e0    00000100                                 : rl_driver.oe674 (.text:rlDriverOsiCbCheck)
                  007f36e0    00000100                                 : rl_driver.oe674 (.text:rlDriverValidateHdr)
                  007f37e0    00000100     sysbios.ae674 : BIOS.obj (.text:ti_sysbios_family_c64p_Hwi_Instance_finalize__E)
                  007f38e0    00000100                   : BIOS.obj (.text:ti_sysbios_knl_Swi_schedule__I)
                  007f39e0    00000100     ti.targets.rts6000.ae674 : Error.oe674 (.text:xdc_runtime_Error_print__E)
                  007f3ae0    00000100                              : Memory.oe674 (.text:xdc_runtime_Memory_alloc__E)
                  007f3be0    00000100                              : Startup.oe674 (.text:xdc_runtime_Startup_exec__E)
                  007f3ce0    000000e0     libcrc_xwr16xx.ae674 : crc.oe674 (.text:CRC_getTransactionId)
                  007f3dc0    000000e0     rts6740_elf.lib : trgdrv.obj (.text:HOSTopen)
                  007f3ea0    000000e0                     : trgdrv.obj (.text:HOSTwrite)
                  007f3f80    000000e0     libmmwave_xwr16xx.ae674 : mmwave_xwr16xx.oe674 (.text:MMWave_deviceOpenFxn)
                  007f4060    000000e0                             : mmwave_xwr16xx.oe674 (.text:MMWave_deviceStartFxn)
                  007f4140    000000e0                             : mmwave_link.oe674 (.text:MMWave_stopLink)
                  007f4220    000000e0     libmailbox_xwr16xx.ae674 : mailbox.oe674 (.text:Mailbox_boxFullISRMssDss)
                  007f4300    000000e0                              : mailbox.oe674 (.text:Mailbox_init)
                  007f43e0    000000e0     common_min.oe674 (.text:Mmwave_openFxn)
                  007f44c0    000000e0     rts6740_elf.lib : lowlev.obj (.text:close)
                  007f45a0    000000e0                     : ltoa.obj (.text:ltoa)
                  007f4680    000000e0                     : memset.obj (.text:memset)
                  007f4760    000000e0                     : printf.obj (.text:printf)
                  007f4840    000000e0     libmmwavelink_xwr16xx.ae674 : rl_device.oe674 (.text:rlDeviceGetVersion)
                  007f4920    000000e0                                 : rl_driver.oe674 (.text:rlDriverCalChkSum)
                  007f4a00    000000e0                                 : rl_driver.oe674 (.text:rlDriverHostIrqHandler)
                  007f4ae0    000000e0                                 : rl_driver.oe674 (.text:rlDriverMsgReadSpawnCtx)
                  007f4bc0    000000e0                                 : rl_driver.oe674 (.text:rlDriverProcRdMsg)
                  007f4ca0    000000e0     sysbios.ae674 : BIOS.obj (.text:ti_sysbios_knl_Swi_runLoop__I)
                  007f4d80    000000e0                   : BIOS.obj (.text:ti_sysbios_knl_Swi_startup__E)
                  007f4e60    000000e0     ti.targets.rts6000.ae674 : Text.oe674 (.text:xdc_runtime_Text_visitRope2__I)
                  007f4f40    000000c0     libcrc_xwr16xx.ae674 : crc.oe674 (.text:CRC_getSignature)
                  007f5000    000000c0     rts6740_elf.lib : trgdrv.obj (.text:HOSTread)
                  007f50c0    000000c0                     : trgdrv.obj (.text:HOSTunlink)
                  007f5180    000000c0     libmmwave_xwr16xx.ae674 : mmwave.oe674 (.text:MMWave_close)
                  007f5240    000000c0                             : mmwave.oe674 (.text:MMWave_deinit)
                  007f5300    000000c0                             : mmwave_xwr16xx.oe674 (.text:MMWave_deviceCloseFxn)
                  007f53c0    000000c0                             : mmwave_xwr16xx.oe674 (.text:MMWave_deviceDeinitFxn)
                  007f5480    000000c0                             : mmwave_xwr16xx.oe674 (.text:MMWave_deviceEventFxn)
                  007f5540    000000c0                             : mmwave_xwr16xx.oe674 (.text:MMWave_deviceStopFxn)
                  007f5600    000000c0                             : mmwave_link.oe674 (.text:MMWave_initCRC)
                  007f56c0    000000c0                             : mmwave_link.oe674 (.text:MMWave_spawn)
                  007f5780    000000c0                             : mmwave.oe674 (.text:MMWave_stop)
                  007f5840    000000c0     libmailbox_xwr16xx.ae674 : mailbox.oe674 (.text:Mailbox_boxFullISRProcessing)
                  007f5900    000000c0     main_min_dss.oe674 (.text:Test_setupEventCombiner)
                  007f59c0    000000c0     rts6740_elf.lib : fflush.obj (.text:__TI_doflush)
                  007f5a80    000000c0                     : divu.obj (.text:__divu)
                  007f5b40    000000c0                     : remi.obj (.text:__remi)
                  007f5c00    000000c0                     : exit.obj (.text:exit)
                  007f5cc0    000000c0     libmmwavelink_xwr16xx.ae674 : rl_driver.oe674 (.text:rlDriverExecuteGetApi)
                  007f5d80    000000c0     dss_pe674.oe674 (.text:ti_sysbios_family_c64p_Hwi_create)
                  007f5e40    000000c0     sysbios.ae674 : BIOS.obj (.text:ti_sysbios_heaps_HeapMem_alloc__E)
                  007f5f00    000000c0                   : BIOS.obj (.text:ti_sysbios_heaps_HeapMem_getStats__E)
                  007f5fc0    000000c0                   : BIOS.obj (.text:ti_sysbios_knl_Clock_logTick__E)
                  007f6080    000000c0                   : BIOS.obj (.text:ti_sysbios_knl_Task_allBlockedFunction__I)
                  007f6140    000000c0     dss_pe674.oe674 (.text:ti_sysbios_knl_Task_create)
                  007f6200    000000c0     rts6740_elf.lib : tls.obj (.text:tls:init:__TI_tls_init)
                  007f62c0    000000c0     ti.targets.rts6000.ae674 : Assert.oe674 (.text:xdc_runtime_Assert_raise__I)
                  007f6380    000000c0                              : Error.oe674 (.text:xdc_runtime_Error_setX__E)
                  007f6440    000000a0     rts6740_elf.lib : trgdrv.obj (.text:HOSTclose)
                  007f64e0    000000a0     libmmwave_xwr16xx.ae674 : mmwave.oe674 (.text:MMWave_execute)
                  007f6580    000000a0                             : mmwave_link.oe674 (.text:MMWave_executeLink)
                  007f6620    000000a0                             : mmwave_link.oe674 (.text:MMWave_initLink)
                  007f66c0    000000a0                             : mmwave_link.oe674 (.text:MMWave_mboxOpen)
                  007f6760    000000a0                             : mmwave.oe674 (.text:MMWave_sync)
                  007f6800    000000a0     libmailbox_xwr16xx.ae674 : mailbox.oe674 (.text:Mailbox_boxEmptyISRProcessing)
                  007f68a0    000000a0     libsoc_xwr16xx.ae674 : soc.oe674 (.text:SOC_SystemISR)
                  007f6940    000000a0     rts6740_elf.lib : fopen.obj (.text:__TI_cleanup)
                  007f69e0    000000a0                     : remu.obj (.text:__remu)
                  007f6a80    000000a0     boot.ae674 : boot.oe674 (.text:_c_int00)
                  007f6b20    000000a0     sysbios.ae674 : c64p_Hwi_asm.obj (.text:_ti_sysbios_family_c64p_Hwi_plug__E)
                  007f6bc0    000000a0     rts6740_elf.lib : memcpy64.obj (.text:memcpy)
                  007f6c60    000000a0     libmmwavelink_xwr16xx.ae674 : rl_controller.oe674 (.text:rlAppendSubBlock)
                  007f6d00    000000a0                                 : rl_driver.oe674 (.text:rlDriverExecuteSetApi)
                  007f6da0    000000a0                                 : rl_driver.oe674 (.text:rlDriverVerifyCRC)
                  007f6e40    000000a0                                 : rl_controller.oe674 (.text:rlGetSubBlock)
                  007f6ee0    000000a0     rts6740_elf.lib : snprintf.obj (.text:snprintf)
                  007f6f80    000000a0     sysbios.ae674 : BIOS.obj (.text:ti_sysbios_family_c64p_Exception_Module_startup__E)
                  007f7020    000000a0                   : BIOS.obj (.text:ti_sysbios_family_c64p_Hwi_dispatchC__I)
                  007f70c0    000000a0                   : BIOS.obj (.text:ti_sysbios_family_c64p_Hwi_eventMap__E)
                  007f7160    000000a0                   : BIOS.obj (.text:ti_sysbios_family_c64p_Hwi_getStackInfo__E)
                  007f7200    000000a0                   : BIOS.obj (.text:ti_sysbios_heaps_HeapMem_init__I)
                  007f72a0    000000a0     ti.targets.rts6000.ae674 : Core-params.oe674 (.text:xdc_runtime_Core_assignParams__I)
                  007f7340    000000a0                              : System.oe674 (.text:xdc_runtime_System_formatNum__I)
                  007f73e0    000000a0                              : System.oe674 (.text:xdc_runtime_System_putchar__I)
                  007f7480    000000a0                              : Text.oe674 (.text:xdc_runtime_Text_printVisFxn__I)
                  007f7520    000000a0                              : Text.oe674 (.text:xdc_runtime_Text_xprintf__I)
                  007f75c0    00000080     libmmwave_xwr16xx.ae674 : mmwave_link.oe674 (.text:MMWave_mboxWrite)
                  007f7640    00000080     libmailbox_xwr16xx.ae674 : mailbox.oe674 (.text:Mailbox_writeReset)
                  007f76c0    00000080     common_min.oe674 (.text:Mmwave_populateDefaultOpenCfg)
                  007f7740    00000080     libosal_xwr16xx.ae674 : SemaphoreP_tirtos.oe674 (.text:SemaphoreP_create)
                  007f77c0    00000080     rts6740_elf.lib : trgmsg.obj (.text:__TI_readmsg)
                  007f7840    00000080                     : trgmsg.obj (.text:__TI_writemsg)
                  007f78c0    00000080                     : llshift.obj (.text:__c6xabi_llshl)
                  007f7940    00000080                     : snprintf.obj (.text:_outs)
                  007f79c0    00000080     sysbios.ae674 : c62_TaskSupport_asm.obj (.text:_ti_sysbios_family_c62_TaskSupport_swap__E)
                  007f7a40    00000080     libmmwavelink_xwr16xx.ae674 : rl_driver.oe674 (.text:rlDeviceIdentifyCmdDir)
                  007f7ac0    00000080                                 : rl_driver.oe674 (.text:rlDriverOsiInit)
                  007f7b40    00000080     dss_pe674.oe674 (.text:ti_sysbios_BIOS_atExitFunc__I)
                  007f7bc0    00000080     dss_pe674.oe674 (.text:ti_sysbios_BIOS_registerRTSLock__I)
                  007f7c40    00000080     sysbios.ae674 : BIOS.obj (.text:ti_sysbios_family_c64p_Cache_invL1pAll__E)
                  007f7cc0    00000080     dss_pe674.oe674 (.text:ti_sysbios_gates_GateHwi_Object__create__S)
                  007f7d40    00000080     dss_pe674.oe674 (.text:ti_sysbios_gates_GateMutex_Object__create__S)
                  007f7dc0    00000080     sysbios.ae674 : BIOS.obj (.text:ti_sysbios_hal_Hwi_checkStack)
                  007f7e40    00000080                   : BIOS.obj (.text:ti_sysbios_hal_Hwi_initStack)
                  007f7ec0    00000080     dss_pe674.oe674 (.text:ti_sysbios_heaps_HeapMem_Object__create__S)
                  007f7f40    00000080     dss_pe674.oe674 (.text:ti_sysbios_knl_Clock_doTick__I)
                  007f7fc0    00000080     sysbios.ae674 : BIOS.obj (.text:ti_sysbios_knl_Idle_run__E)
                  007f8040    00000080     dss_pe674.oe674 (.text:ti_sysbios_knl_Semaphore_create)
                  007f80c0    00000080     sysbios.ae674 : BIOS.obj (.text:ti_sysbios_knl_Semaphore_pendTimeout__I)
                  007f8140    00000080                   : BIOS.obj (.text:ti_sysbios_timers_rti_Timer_stop__E)
                  007f81c0    00000080     rts6740_elf.lib : lowlev.obj (.text:unlink)
                  007f8240    00000080     ti.targets.rts6000.ae674 : Core-label.oe674 (.text:xdc_runtime_Core_assignLabel__I)
                  007f82c0    00000080                              : SysStd.oe674 (.text:xdc_runtime_SysStd_abort__E)
                  007f8340    00000080                              : System.oe674 (.text:xdc_runtime_System_atexit__E)
                  007f83c0    00000080                              : System.oe674 (.text:xdc_runtime_System_avprintf__E)
                  007f8440    00000080                              : System.oe674 (.text:xdc_runtime_System_processAtExit__E)
                  007f84c0    00000080                              : System.oe674 (.text:xdc_runtime_System_vprintf__E)
                  007f8540    00000060     libcrc_xwr16xx.ae674 : crc.oe674 (.text:CRC_close)
                  007f85a0    00000060                          : crc.oe674 (.text:CRC_getCRCDataSelectBitValue)
                  007f8600    00000060                          : crc.oe674 (.text:CRC_getCRCTypeBitValue)
                  007f8660    00000060                          : crc.oe674 (.text:CRC_isTransactionIdValid)
                  007f86c0    00000060                          : crc.oe674 (.text:CRC_resetSignature)
                  007f8720    00000060     libmmwave_xwr16xx.ae674 : mmwave.oe674 (.text:MMWave_decodeError)
                  007f8780    00000060                             : mmwave_listlib.oe674 (.text:MMWave_listCat)
                  007f87e0    00000060                             : mmwave_listlib.oe674 (.text:MMWave_listRemoveNode)
                  007f8840    00000060                             : mmwave_osal.oe674 (.text:MMWave_osalMutexCreate)
                  007f88a0    00000060                             : mmwave_osal.oe674 (.text:MMWave_osalSemCreate)
                  007f8900    00000060     libmailbox_xwr16xx.ae674 : mailbox.oe674 (.text:Mailbox_Config_init)
                  007f8960    00000060     libsoc_xwr16xx.ae674 : soc_xwr16xx.oe674 (.text:SOC_setMMWaveDSSLinkState)
                  007f89c0    00000060                          : soc_xwr16xx.oe674 (.text:SOC_setMMWaveMSSLinkState)
                  007f8a20    00000060                          : soc.oe674 (.text:SOC_unhaltBSS)
                  007f8a80    00000060                          : soc_xwr16xx_dss.oe674 (.text:SOC_waitBSSPowerUp)
                  007f8ae0    00000060     rts6740_elf.lib : llshift.obj (.text:__c6xabi_llshru)
                  007f8b40    00000060                     : imath64.obj (.text:_subcull)
                  007f8ba0    00000060     sysbios.ae674 : c64p_Hwi_asm_switch.obj (.text:_ti_sysbios_family_c64p_Hwi_switchAndDispatch__I)
                  007f8c00    00000060                   : c64p_Hwi_asm_switch.obj (.text:_ti_sysbios_family_xxx_Hwi_switchAndRunFunc)
                  007f8c60    00000060     rts6740_elf.lib : lowlev.obj (.text:lseek)
                  007f8cc0    00000060                     : memccpy.obj (.text:memccpy)
                  007f8d20    00000060     libmmwavelink_xwr16xx.ae674 : rl_device.oe674 (.text:rlDeviceGetMssVersion)
                  007f8d80    00000060                                 : rl_driver.oe674 (.text:rlDriverConstructInMsg)
                  007f8de0    00000060                                 : rl_sensor.oe674 (.text:rlEnableContMode)
                  007f8e40    00000060                                 : rl_sensor.oe674 (.text:rlRfInitCalibConfig)
                  007f8ea0    00000060                                 : rl_sensor.oe674 (.text:rlRfRunTimeCalibConfig)
                  007f8f00    00000060                                 : rl_sensor.oe674 (.text:rlRfSetCalMonFreqLimitConfig)
                  007f8f60    00000060                                 : rl_sensor.oe674 (.text:rlRfSetCalMonTimeUnitConfig)
                  007f8fc0    00000060                                 : rl_sensor.oe674 (.text:rlRfSetDeviceCfg)
                  007f9020    00000060                                 : rl_sensor.oe674 (.text:rlSensorStart)
                  007f9080    00000060                                 : rl_sensor.oe674 (.text:rlSensorStop)
                  007f90e0    00000060                                 : rl_sensor.oe674 (.text:rlSetAdcOutConfig)
                  007f9140    00000060                                 : rl_sensor.oe674 (.text:rlSetChannelConfig)
                  007f91a0    00000060                                 : rl_sensor.oe674 (.text:rlSetLowPowerModeConfig)
                  007f9200    00000060     dss_pe674.oe674 (.text:ti_sysbios_BIOS_errorRaiseHook__I)
                  007f9260    00000060     dss_pe674.oe674 (.text:ti_sysbios_BIOS_removeRTSLock__I)
                  007f92c0    00000060     dss_pe674.oe674 (.text:ti_sysbios_BIOS_startFunc__I)
                  007f9320    00000060     sysbios.ae674 : BIOS.obj (.text:ti_sysbios_family_c62_TaskSupport_start__E)
                  007f9380    00000060                   : BIOS.obj (.text:ti_sysbios_family_c64p_Cache_setMar__E)
                  007f93e0    00000060                   : BIOS.obj (.text:ti_sysbios_family_c64p_EventCombiner_Module_startup__E)
                  007f9440    00000060                   : BIOS.obj (.text:ti_sysbios_family_c64p_EventCombiner_unused__E)
                  007f94a0    00000060     dss_pe674.oe674 (.text:ti_sysbios_gates_GateMutex_Object__delete__S)
                  007f9500    00000060     sysbios.ae674 : BIOS.obj (.text:ti_sysbios_heaps_HeapMem_free__E)
                  007f9560    00000060                   : BIOS.obj (.text:ti_sysbios_knl_Clock_Module_startup__E)
                  007f95c0    00000060     dss_pe674.oe674 (.text:ti_sysbios_knl_Queue_construct)
                  007f9620    00000060     dss_pe674.oe674 (.text:ti_sysbios_knl_Semaphore_Object__delete__S)
                  007f9680    00000060     dss_pe674.oe674 (.text:ti_sysbios_knl_Semaphore_construct)
                  007f96e0    00000060     sysbios.ae674 : BIOS.obj (.text:ti_sysbios_knl_Swi_Module_startup__E)
                  007f9740    00000060                   : BIOS.obj (.text:ti_sysbios_knl_Task_enter__I)
                  007f97a0    00000060     dss_pe674.oe674 (.text:ti_sysbios_rts_gnu_MemAlloc_alloc)
                  007f9800    00000060     rts6740_elf.lib : lowlev.obj (.text:write)
                  007f9860    00000060     ti.targets.rts6000.ae674 : Memory.oe674 (.text:xdc_runtime_Memory_valloc__E)
                  007f98c0    00000060                              : Text.oe674 (.text:xdc_runtime_Text_cordText__E)
                  007f9920    00000040     libcrc_xwr16xx.ae674 : crc.oe674 (.text:CRC_getSignatureRegister)
                  007f9960    00000040                          : crc.oe674 (.text:CRC_releaseTransactionId)
                  007f99a0    00000040     libmmwave_xwr16xx.ae674 : mmwave.oe674 (.text:CSL_FEXTR)
                  007f99e0    00000040     libsoc_xwr16xx.ae674 : soc.oe674 (.text:CSL_FEXTR)
                  007f9a20    00000040                          : soc_xwr16xx.oe674 (.text:CSL_FEXTR)
                  007f9a60    00000040     libcrc_xwr16xx.ae674 : crc.oe674 (.text:CSL_FINSR)
                  007f9aa0    00000040     libmailbox_xwr16xx.ae674 : mailbox.oe674 (.text:CSL_FINSR)
                  007f9ae0    00000040     libsoc_xwr16xx.ae674 : soc.oe674 (.text:CSL_FINSR)
                  007f9b20    00000040                          : soc_xwr16xx.oe674 (.text:CSL_FINSR)
                  007f9b60    00000040                          : soc_xwr16xx_dss.oe674 (.text:CSL_FINSR)
                  007f9ba0    00000040     libosal_xwr16xx.ae674 : HwiP_tirtos.oe674 (.text:HwiP_create)
                  007f9be0    00000040                           : HwiP_tirtos.oe674 (.text:HwiP_delete)
                  007f9c20    00000040     libtestlogger_xwr16xx.ae674 : logger.oe674 (.text:MCPI_Initialize)
                  007f9c60    00000040     libmmwave_xwr16xx.ae674 : mmwave_xwr16xx.oe674 (.text:MMWave_deviceSyncFxn)
                  007f9ca0    00000040                             : mmwave.oe674 (.text:MMWave_encodeError)
                  007f9ce0    00000040                             : mmwave_listlib.oe674 (.text:MMWave_listAdd)
                  007f9d20    00000040                             : mmwave_listlib.oe674 (.text:MMWave_listRemove)
                  007f9d60    00000040                             : mmwave_osal.oe674 (.text:MMWave_osalMutexLock)
                  007f9da0    00000040                             : mmwave_osal.oe674 (.text:MMWave_osalSemWait)
                  007f9de0    00000040     libmailbox_xwr16xx.ae674 : mailbox.oe674 (.text:Mailbox_boxEmptyISRBss)
                  007f9e20    00000040                              : mailbox.oe674 (.text:Mailbox_boxEmptyISRMssDss)
                  007f9e60    00000040                              : mailbox.oe674 (.text:Mailbox_boxFullISRBss)
                  007f9ea0    00000040     common_min.oe674 (.text:Mmwave_cfgFxn)
                  007f9ee0    00000040     common_min.oe674 (.text:Mmwave_ctrlTask)
                  007f9f20    00000040     common_min.oe674 (.text:Mmwave_eventFxn)
                  007f9f60    00000040     libsoc_xwr16xx.ae674 : soc_xwr16xx.oe674 (.text:SOC_isMMWaveDSSOperational)
                  007f9fa0    00000040                          : soc_xwr16xx.oe674 (.text:SOC_isMMWaveMSSOperational)
                  007f9fe0    00000040     rts6740_elf.lib : frcmpyd_div.obj (.text:__TI_frcmpyd_div)
                  007fa020    00000040                     : isinf.obj (.text:__c6xabi_isinf)
                  007fa060    00000040                     : _printfi.obj (.text:__c6xabi_isnan)
                  007fa0a0    00000040                     : strasg.obj (.text:__strasgi_64plus)
                  007fa0e0    00000040                     : args_main.obj (.text:_args_main)
                  007fa120    00000040                     : snprintf.obj (.text:_outc)
                  007fa160    00000040     sysbios.ae674 : c62_TaskSupport_asm.obj (.text:_ti_sysbios_family_c62_TaskSupport_buildTaskStack)
                  007fa1a0    00000040     dss_pe674.oe674 (.text:free)
                  007fa1e0    00000040     libmmwavelink_xwr16xx.ae674 : rl_controller.oe674 (.text:rlAppendDummy)
                  007fa220    00000040                                 : rl_device.oe674 (.text:rlDeviceGetRfVersion)
                  007fa260    00000040                                 : rl_driver.oe674 (.text:rlDriverCalCRC)
                  007fa2a0    00000040                                 : rl_driver.oe674 (.text:rlDriverFillPayload)
                  007fa2e0    00000040                                 : rl_sensor.oe674 (.text:rlRfInit)
                  007fa320    00000040     dss_pe674.oe674 (.text:ti_sysbios_BIOS_exitFunc__I)
                  007fa360    00000040     dss_pe674.oe674 (.text:ti_sysbios_BIOS_rtsLock__I)
                  007fa3a0    00000040     dss_pe674.oe674 (.text:ti_sysbios_BIOS_rtsUnlock__I)
                  007fa3e0    00000040     sysbios.ae674 : BIOS.obj (.text:ti_sysbios_family_c64p_EventCombiner_disableEvent__E)
                  007fa420    00000040                   : BIOS.obj (.text:ti_sysbios_family_c64p_Hwi_disableInterrupt__E)
                  007fa460    00000040                   : BIOS.obj (.text:ti_sysbios_family_c64p_Hwi_enableInterrupt__E)
                  007fa4a0    00000040     dss_pe674.oe674 (.text:ti_sysbios_gates_GateHwi_Handle__label__S)
                  007fa4e0    00000040     dss_pe674.oe674 (.text:ti_sysbios_gates_GateHwi_Object__delete__S)
                  007fa520    00000040     dss_pe674.oe674 (.text:ti_sysbios_gates_GateMutex_Handle__label__S)
                  007fa560    00000040     sysbios.ae674 : BIOS.obj (.text:ti_sysbios_gates_GateMutex_Instance_init__E)
                  007fa5a0    00000040                   : BIOS.obj (.text:ti_sysbios_gates_GateMutex_leave__E)
                  007fa5e0    00000040     dss_pe674.oe674 (.text:ti_sysbios_heaps_HeapMem_Handle__label__S)
                  007fa620    00000040     dss_pe674.oe674 (.text:ti_sysbios_heaps_HeapMem_Object__delete__S)
                  007fa660    00000040     dss_pe674.oe674 (.text:ti_sysbios_heaps_HeapMem_Object__get__S)
                  007fa6a0    00000040     dss_pe674.oe674 (.text:ti_sysbios_knl_Semaphore_destruct)
                  007fa6e0    00000040     dss_pe674.oe674 (.text:ti_sysbios_knl_Swi_Object__get__S)
                  007fa720    00000040     dss_pe674.oe674 (.text:ti_sysbios_knl_Task_Object__get__S)
                  007fa760    00000040     sysbios.ae674 : BIOS.obj (.text:ti_sysbios_knl_Task_sleepTimeout__I)
                  007fa7a0    00000040                   : BIOS.obj (.text:ti_sysbios_timers_rti_Timer_periodicStub__E)
                  007fa7e0    00000040     ti.targets.rts6000.ae674 : Error.oe674 (.text:xdc_runtime_Error_check__E)
                  007fa820    00000040                              : Error.oe674 (.text:xdc_runtime_Error_init__E)
                  007fa860    00000040                              : Registry.oe674 (.text:xdc_runtime_Registry_findById__E)
                  007fa8a0    00000040                              : System.oe674 (.text:xdc_runtime_System_abort__E)
                  007fa8e0    00000040     dss_pe674.oe674 (.text:xdc_runtime_System_aprintf__E)
                  007fa920    00000040     ti.targets.rts6000.ae674 : System.oe674 (.text:xdc_runtime_System_exit__E)
                  007fa960    00000040     dss_pe674.oe674 (.text:xdc_runtime_System_printf__E)
                  007fa9a0    00000020     libcrc_xwr16xx.ae674 : crc.oe674 (.text:CRC_initConfigParams)
                  007fa9c0    00000020     libsoc_xwr16xx.ae674 : soc_xwr16xx_dss.oe674 (.text:CSL_FEXTR)
                  007fa9e0    00000020     libosal_xwr16xx.ae674 : HwiP_tirtos.oe674 (.text:HwiP_Params_init)
                  007faa00    00000020                           : HwiP_tirtos.oe674 (.text:HwiP_disable)
                  007faa20    00000020                           : HwiP_tirtos.oe674 (.text:HwiP_disableInterrupt)
                  007faa40    00000020                           : HwiP_tirtos.oe674 (.text:HwiP_restore)
                  007faa60    00000020     libtestlogger_xwr16xx.ae674 : logger.oe674 (.text:MCPI_setTestResult)
                  007faa80    00000020     libmmwave_xwr16xx.ae674 : mmwave_link.oe674 (.text:MMWave_closeLink)
                  007faaa0    00000020                             : mmwave.oe674 (.text:MMWave_decodeErrorLevel)
                  007faac0    00000020                             : mmwave_xwr16xx.oe674 (.text:MMWave_deviceGetDeviceInfo)
                  007faae0    00000020                             : mmwave_xwr16xx.oe674 (.text:MMWave_deviceMailboxCallbackFxn)
                  007fab00    00000020                             : mmwave_link.oe674 (.text:MMWave_disableDevice)
                  007fab20    00000020                             : mmwave_link.oe674 (.text:MMWave_enableDevice)
                  007fab40    00000020                             : mmwave_listlib.oe674 (.text:MMWave_listGetHead)
                  007fab60    00000020                             : mmwave_link.oe674 (.text:MMWave_maskHostIRQ)
                  007fab80    00000020                             : mmwave_link.oe674 (.text:MMWave_mboxCallbackFxn)
                  007faba0    00000020                             : mmwave_link.oe674 (.text:MMWave_mboxClose)
                  007fabc0    00000020                             : mmwave_link.oe674 (.text:MMWave_mboxRead)
                  007fabe0    00000020                             : mmwave_osal.oe674 (.text:MMWave_osalMutexDelete)
                  007fac00    00000020                             : mmwave_osal.oe674 (.text:MMWave_osalMutexUnlock)
                  007fac20    00000020                             : mmwave_osal.oe674 (.text:MMWave_osalSemDelete)
                  007fac40    00000020                             : mmwave_osal.oe674 (.text:MMWave_osalSemSignal)
                  007fac60    00000020                             : mmwave_link.oe674 (.text:MMWave_registerInterruptHandler)
                  007fac80    00000020                             : mmwave_link.oe674 (.text:MMWave_unmaskHostIRQ)
                  007faca0    00000020                             : mmwave_link.oe674 (.text:MMWave_waitIRQStatus)
                  007facc0    00000020     libosal_xwr16xx.ae674 : MemoryP_tirtos.oe674 (.text:MemoryP_ctrlAlloc)
                  007face0    00000020                           : MemoryP_tirtos.oe674 (.text:MemoryP_ctrlFree)
                  007fad00    00000020     common_min.oe674 (.text:Mmwave_closeFxn)
                  007fad20    00000020     common_min.oe674 (.text:Mmwave_startFxn)
                  007fad40    00000020     common_min.oe674 (.text:Mmwave_stopFxn)
                  007fad60    00000020     libosal_xwr16xx.ae674 : SemaphoreP_tirtos.oe674 (.text:SemaphoreP_Params_init)
                  007fad80    00000020                           : SemaphoreP_tirtos.oe674 (.text:SemaphoreP_delete)
                  007fada0    00000020                           : SemaphoreP_tirtos.oe674 (.text:SemaphoreP_pend)
                  007fadc0    00000020                           : SemaphoreP_tirtos.oe674 (.text:SemaphoreP_post)
                  007fade0    00000020                           : DebugP_tirtos.oe674 (.text:_DebugP_assert)
                  007fae00    00000020     rts6740_elf.lib : errno.obj (.text:__c6xabi_errno_addr)
                  007fae20    00000020                     : push.obj (.text:__pop_rts)
                  007fae40    00000020                     : push.obj (.text:__push_rts)
                  007fae60    00000020     ti.targets.rts6000.ae674 : xdc_noinit.oe674 (.text:__xdc__init)
                  007fae80    00000020     rts6740_elf.lib : _lock.obj (.text:_nop)
                  007faea0    00000020                     : printf.obj (.text:_outc)
                  007faec0    00000020                     : printf.obj (.text:_outs)
                  007faee0    00000020                     : _lock.obj (.text:_register_lock)
                  007faf00    00000020                     : _lock.obj (.text:_register_unlock)
                  007faf20    00000020     sysbios.ae674 : c62_TaskSupport_asm.obj (.text:_ti_sysbios_family_c62_TaskSupport_glue)
                  007faf40    00000020     rts6740_elf.lib : exit.obj (.text:abort)
                  007faf60    00000020                     : fputc.obj (.text:putchar)
                  007faf80    00000020     libmmwavelink_xwr16xx.ae674 : rl_driver.oe674 (.text:rlDriverGetHandle)
                  007fafa0    00000020                                 : rl_driver.oe674 (.text:rlDriverGetPlatformId)
                  007fafc0    00000020                                 : rl_driver.oe674 (.text:rlDriverIsDeviceMapValid)
                  007fafe0    00000020                                 : rl_controller.oe674 (.text:rlGetSubBlockId)
                  007fb000    00000020                                 : rl_controller.oe674 (.text:rlGetSubBlockLen)
                  007fb020    00000020     dss_pe674.oe674 (.text:ti_sysbios_BIOS_RtsGateProxy_enter__E)
                  007fb040    00000020     dss_pe674.oe674 (.text:ti_sysbios_BIOS_RtsGateProxy_leave__E)
                  007fb060    00000020     sysbios.ae674 : BIOS.obj (.text:ti_sysbios_BIOS_exit__E)
                  007fb080    00000020                   : BIOS.obj (.text:ti_sysbios_BIOS_linkedWithIncorrectBootLibrary__E)
                  007fb0a0    00000020     dss_pe674.oe674 (.text:ti_sysbios_BIOS_nullFunc__I)
                  007fb0c0    00000020     sysbios.ae674 : BIOS.obj (.text:ti_sysbios_BIOS_setThreadType__E)
                  007fb0e0    00000020                   : BIOS.obj (.text:ti_sysbios_BIOS_start__E)
                  007fb100    00000020     dss_pe674.oe674 (.text:ti_sysbios_family_c62_TaskSupport_Module__startupDone__S)
                  007fb120    00000020     sysbios.ae674 : BIOS.obj (.text:ti_sysbios_family_c62_TaskSupport_checkStack__E)
                  007fb140    00000020                   : BIOS.obj (.text:ti_sysbios_family_c62_TaskSupport_getStackAlignment__E)
                  007fb160    00000020                   : BIOS.obj (.text:ti_sysbios_family_c64p_Cache_wbInv__E)
                  007fb180    00000020     dss_pe674.oe674 (.text:ti_sysbios_family_c64p_Hwi_Module__startupDone__F)
                  007fb1a0    00000020     dss_pe674.oe674 (.text:ti_sysbios_family_c64p_Hwi_Params__init__S)
                  007fb1c0    00000020     sysbios.ae674 : BIOS.obj (.text:ti_sysbios_family_c64p_Hwi_clearInterrupt__E)
                  007fb1e0    00000020                   : BIOS.obj (.text:ti_sysbios_family_c64p_Hwi_startup__E)
                  007fb200    00000020                   : BIOS.obj (.text:ti_sysbios_family_c64p_Hwi_switchFromBootStack__E)
                  007fb220    00000020                   : BIOS.obj (.text:ti_sysbios_family_c64p_Hwi_unPluggedInterrupt__I)
                  007fb240    00000020                   : BIOS.obj (.text:ti_sysbios_gates_GateHwi_Instance_init__E)
                  007fb260    00000020                   : BIOS.obj (.text:ti_sysbios_gates_GateHwi_enter__E)
                  007fb280    00000020                   : BIOS.obj (.text:ti_sysbios_gates_GateHwi_leave__E)
                  007fb2a0    00000020                   : BIOS.obj (.text:ti_sysbios_gates_GateHwi_query__E)
                  007fb2c0    00000020                   : BIOS.obj (.text:ti_sysbios_gates_GateMutex_Instance_finalize__E)
                  007fb2e0    00000020                   : BIOS.obj (.text:ti_sysbios_gates_GateMutex_query__E)
                  007fb300    00000020                   : BIOS.obj (.text:ti_sysbios_hal_Hwi_Module_startup__E)
                  007fb320    00000020     dss_pe674.oe674 (.text:ti_sysbios_heaps_HeapBuf_Object__get__S)
                  007fb340    00000020     dss_pe674.oe674 (.text:ti_sysbios_heaps_HeapMem_Module_GateProxy_enter__E)
                  007fb360    00000020     dss_pe674.oe674 (.text:ti_sysbios_heaps_HeapMem_Module_GateProxy_leave__E)
                  007fb380    00000020     sysbios.ae674 : BIOS.obj (.text:ti_sysbios_heaps_HeapMem_isBlocking__E)
                  007fb3a0    00000020     dss_pe674.oe674 (.text:ti_sysbios_knl_Clock_TimerProxy_getMaxTicks__E)
                  007fb3c0    00000020     sysbios.ae674 : BIOS.obj (.text:ti_sysbios_knl_Idle_loop__E)
                  007fb3e0    00000020                   : BIOS.obj (.text:ti_sysbios_knl_Queue_Instance_init__E)
                  007fb400    00000020     dss_pe674.oe674 (.text:ti_sysbios_knl_Queue_Object__get__S)
                  007fb420    00000020     dss_pe674.oe674 (.text:ti_sysbios_knl_Queue_destruct)
                  007fb440    00000020     sysbios.ae674 : BIOS.obj (.text:ti_sysbios_knl_Queue_empty__E)
                  007fb460    00000020                   : BIOS.obj (.text:ti_sysbios_knl_Semaphore_Instance_finalize__E)
                  007fb480    00000020     dss_pe674.oe674 (.text:ti_sysbios_knl_Semaphore_Params__init__S)
                  007fb4a0    00000020     dss_pe674.oe674 (.text:ti_sysbios_knl_Semaphore_delete)
                  007fb4c0    00000020     sysbios.ae674 : BIOS.obj (.text:ti_sysbios_knl_Swi_disable__E)
                  007fb4e0    00000020     dss_pe674.oe674 (.text:ti_sysbios_knl_Task_Params__init__S)
                  007fb500    00000020     sysbios.ae674 : BIOS.obj (.text:ti_sysbios_knl_Task_disable__E)
                  007fb520    00000020                   : BIOS.obj (.text:ti_sysbios_knl_Task_startup__E)
                  007fb540    00000020     dss_pe674.oe674 (.text:ti_sysbios_timers_rti_Timer_Module__startupDone__F)
                  007fb560    00000020     sysbios.ae674 : BIOS.obj (.text:ti_sysbios_timers_rti_Timer_getMaxTicks__E)
                  007fb580    00000020     ti.targets.rts6000.ae674 : Error.oe674 (.text:xdc_runtime_Error_getSite__E)
                  007fb5a0    00000020                              : Error.oe674 (.text:xdc_runtime_Error_raiseX__E)
                  007fb5c0    00000020                              : Gate.oe674 (.text:xdc_runtime_Gate_enterSystem__E)
                  007fb5e0    00000020                              : Gate.oe674 (.text:xdc_runtime_Gate_leaveSystem__E)
                  007fb600    00000020     dss_pe674.oe674 (.text:xdc_runtime_IHeap_alloc)
                  007fb620    00000020     dss_pe674.oe674 (.text:xdc_runtime_IHeap_free)
                  007fb640    00000020     ti.targets.rts6000.ae674 : Memory.oe674 (.text:xdc_runtime_Memory_calloc__E)
                  007fb660    00000020                              : Memory.oe674 (.text:xdc_runtime_Memory_free__E)
                  007fb680    00000020                              : Memory.oe674 (.text:xdc_runtime_Memory_getMaxDefaultTypeAlign__E)
                  007fb6a0    00000020     dss_pe674.oe674 (.text:xdc_runtime_Startup_exec__I)
                  007fb6c0    00000020     dss_pe674.oe674 (.text:xdc_runtime_Startup_reset__I)
                  007fb6e0    00000020     ti.targets.rts6000.ae674 : Startup.oe674 (.text:xdc_runtime_Startup_rtsDone__E)
                  007fb700    00000020                              : SysStd.oe674 (.text:xdc_runtime_SysStd_exit__E)
                  007fb720    00000020                              : SysStd.oe674 (.text:xdc_runtime_SysStd_putch__E)
                  007fb740    00000020                              : SysStd.oe674 (.text:xdc_runtime_SysStd_ready__E)
                  007fb760    00000020     dss_pe674.oe674 (.text:xdc_runtime_System_Module_GateProxy_enter__E)
                  007fb780    00000020     dss_pe674.oe674 (.text:xdc_runtime_System_Module_GateProxy_leave__E)
                  007fb7a0    00000020     ti.targets.rts6000.ae674 : System.oe674 (.text:xdc_runtime_System_Module_startup__E)
                  007fb7c0    00000020                              : System.oe674 (.text:xdc_runtime_System_vsnprintf__E)
                  007fb7e0    00000020                              : Text.oe674 (.text:xdc_runtime_Text_ropeText__E)
                  007fb800    00000020     dss_pe674.oe674 (.text:xdc_runtime_Text_visitRope__I)

.const     0    0080a400    00003352     
                  0080a400    00001925     dss_pe674.oe674 (.const:xdc_runtime_Text_charTab__A)
                  0080bd25    00000001     --HOLE-- [fill = 0]
                  0080bd26    00000002     dss_pe674.oe674 (.const:ti_sysbios_family_c64p_Cache_Module__id__C)
                  0080bd28    00000518     sysbios.ae674 : BIOS.obj (.const:.string)
                  0080c240    000004f8     main_min_dss.oe674 (.const:.string)
                  0080c738    00000254     libmmwavelink_xwr16xx.ae674 : rl_sensor.oe674 (.const)
                  0080c98c    00000224     common_min.oe674 (.const:.string)
                  0080cbb0    00000101     rts6740_elf.lib : ctype.obj (.const:.string:_ctypes_)
                  0080ccb1    00000001     --HOLE-- [fill = 0]
                  0080ccb2    00000002     dss_pe674.oe674 (.const:ti_sysbios_family_c64p_EventCombiner_Module__id__C)
                  0080ccb4    00000004     ti.targets.rts6000.ae674 : Assert.oe674 (.const:.string)
                  0080ccb8    000000c8     dss_pe674.oe674 (.const:xdc_runtime_Text_nodeTab__A)
                  0080cd80    00000094     libtestlogger_xwr16xx.ae674 : logger.oe674 (.const:.string)
                  0080ce14    00000070     libmmwavelink_xwr16xx.ae674 : rl_driver.oe674 (.const)
                  0080ce84    0000006c                                 : rl_driver.oe674 (.const:.string)
                  0080cef0    00000064     dss_pe674.oe674 (.const:.string)
                  0080cf54    00000058     ti.targets.rts6000.ae674 : Error.oe674 (.const:.string)
                  0080cfac    0000004c     libmailbox_xwr16xx.ae674 : mailbox.oe674 (.const:.string)
                  0080cff8    00000040     ti.targets.rts6000.ae674 : Text.oe674 (.const:.string)
                  0080d038    0000003c     libsoc_xwr16xx.ae674 : soc_xwr16xx_dss.oe674 (.const:.string)
                  0080d074    0000003c     dss_pe674.oe674 (.const:ti_sysbios_knl_Task_Object__PARAMS__C)
                  0080d0b0    00000034     libmmwave_xwr16xx.ae674 : mmwave_xwr16xx.oe674 (.const:.string)
                  0080d0e4    00000030     dss_pe674.oe674 (.const:ti_sysbios_family_c64p_Hwi_Object__PARAMS__C)
                  0080d114    0000002c     ti.targets.rts6000.ae674 : Startup.oe674 (.const:.string)
                  0080d140    0000002c     dss_pe674.oe674 (.const:xdc_runtime_Startup_sfxnTab__A)
                  0080d16c    00000028     libmmwave_xwr16xx.ae674 : mmwave.oe674 (.const:.string)
                  0080d194    00000028     dss_pe674.oe674 (.const:ti_sysbios_heaps_HeapMem_Module__FXNS__C)
                  0080d1bc    00000024     rts6740_elf.lib : _printfi.obj (.const:.string)
                  0080d1e0    00000024     libmailbox_xwr16xx.ae674 : mailbox.oe674 (.const)
                  0080d204    00000024     dss_pe674.oe674 (.const:ti_sysbios_gates_GateHwi_Module__FXNS__C)
                  0080d228    00000024     dss_pe674.oe674 (.const:ti_sysbios_gates_GateMutex_Module__FXNS__C)
                  0080d24c    00000024     dss_pe674.oe674 (.const:ti_sysbios_heaps_HeapMem_Object__PARAMS__C)
                  0080d270    00000024     dss_pe674.oe674 (.const:ti_sysbios_knl_Semaphore_Object__PARAMS__C)
                  0080d294    00000020     libosal_xwr16xx.ae674 : SemaphoreP_tirtos.oe674 (.const:.string)
                  0080d2b4    00000020     dss_pe674.oe674 (.const:ti_sysbios_family_c64p_Hwi_Object__DESC__C)
                  0080d2d4    00000020     dss_pe674.oe674 (.const:ti_sysbios_gates_GateHwi_Object__DESC__C)
                  0080d2f4    00000020     dss_pe674.oe674 (.const:ti_sysbios_gates_GateMutex_Object__DESC__C)
                  0080d314    00000020     dss_pe674.oe674 (.const:ti_sysbios_heaps_HeapMem_Object__DESC__C)
                  0080d334    00000020     dss_pe674.oe674 (.const:ti_sysbios_knl_Queue_Object__DESC__C)
                  0080d354    00000020     dss_pe674.oe674 (.const:ti_sysbios_knl_Semaphore_Object__DESC__C)
                  0080d374    00000020     dss_pe674.oe674 (.const:ti_sysbios_knl_Task_Object__DESC__C)
                  0080d394    0000001c     libosal_xwr16xx.ae674 : HwiP_tirtos.oe674 (.const:.string)
                  0080d3b0    00000018     libmmwave_xwr16xx.ae674 : mmwave_fullcfg.oe674 (.const:.string)
                  0080d3c8    00000018     ti.targets.rts6000.ae674 : System.oe674 (.const:.string)
                  0080d3e0    00000018     dss_pe674.oe674 (.const:ti_sysbios_gates_GateHwi_Object__PARAMS__C)
                  0080d3f8    00000018     dss_pe674.oe674 (.const:ti_sysbios_gates_GateMutex_Object__PARAMS__C)
                  0080d410    00000018     dss_pe674.oe674 (.const:ti_sysbios_knl_Queue_Object__PARAMS__C)
                  0080d428    00000016     dss_pe674.oe674 (.const:xdc_runtime_Startup_sfxnRts__A)
                  0080d43e    00000002     dss_pe674.oe674 (.const:ti_sysbios_family_c64p_Exception_Module__id__C)
                  0080d440    00000014     libmmwave_xwr16xx.ae674 : mmwave_link.oe674 (.const:.string)
                  0080d454    00000004     dss_pe674.oe674 (.const:ti_sysbios_family_c62_TaskSupport_stackAlignment__C)
                  0080d458    00000010     libmmwavelink_xwr16xx.ae674 : rl_driver.oe674 (.const:$P$T2$3)
                  0080d468    00000010     dss_pe674.oe674 (.const:ti_sysbios_family_c64p_EventCombiner_EVTMASK__C)
                  0080d478    0000000c     libcrc_xwr16xx.ae674 : crc.oe674 (.const:.string)
                  0080d484    00000008     dss_pe674.oe674 (.const:ti_sysbios_knl_Idle_funcList__C)
                  0080d48c    00000004     dss_pe674.oe674 (.const:ti_sysbios_family_c64p_Cache_EMIFA_BASE__C)
                  0080d490    00000008     dss_pe674.oe674 (.const:xdc_runtime_Startup_firstFxns__A)
                  0080d498    00000008     dss_pe674.oe674 (.const:xdc_runtime_Startup_firstFxns__C)
                  0080d4a0    00000008     dss_pe674.oe674 (.const:xdc_runtime_Startup_lastFxns__C)
                  0080d4a8    00000004     dss_pe674.oe674 (.const:ti_sysbios_family_c64p_Cache_EMIFA_CFG__C)
                  0080d4ac    00000004     dss_pe674.oe674 (.const:ti_sysbios_family_c64p_Cache_EMIFA_LENGTH__C)
                  0080d4b0    00000004     dss_pe674.oe674 (.const:ti_sysbios_family_c64p_Cache_EMIFB_BASE__C)
                  0080d4b4    00000004     dss_pe674.oe674 (.const:ti_sysbios_family_c64p_Cache_EMIFB_CFG__C)
                  0080d4b8    00000004     dss_pe674.oe674 (.const:ti_sysbios_family_c64p_Cache_EMIFB_LENGTH__C)
                  0080d4bc    00000004     dss_pe674.oe674 (.const:ti_sysbios_family_c64p_Cache_EMIFC_BASE__C)
                  0080d4c0    00000004     dss_pe674.oe674 (.const:ti_sysbios_family_c64p_Cache_EMIFC_CFG__C)
                  0080d4c4    00000004     dss_pe674.oe674 (.const:ti_sysbios_family_c64p_Cache_EMIFC_LENGTH__C)
                  0080d4c8    00000004     dss_pe674.oe674 (.const:ti_sysbios_family_c64p_Cache_E_invalidL1CacheSize__C)
                  0080d4cc    00000004     dss_pe674.oe674 (.const:ti_sysbios_family_c64p_Cache_E_invalidL2CacheSize__C)
                  0080d4d0    00000004     dss_pe674.oe674 (.const:ti_sysbios_family_c64p_Cache_MAR0_31__C)
                  0080d4d4    00000004     dss_pe674.oe674 (.const:ti_sysbios_family_c64p_Cache_MAR128_159__C)
                  0080d4d8    00000004     dss_pe674.oe674 (.const:ti_sysbios_family_c64p_Cache_MAR160_191__C)
                  0080d4dc    00000004     dss_pe674.oe674 (.const:ti_sysbios_family_c64p_Cache_MAR192_223__C)
                  0080d4e0    00000004     dss_pe674.oe674 (.const:ti_sysbios_family_c64p_Cache_MAR224_255__C)
                  0080d4e4    00000004     dss_pe674.oe674 (.const:ti_sysbios_family_c64p_Cache_MAR32_63__C)
                  0080d4e8    00000004     dss_pe674.oe674 (.const:ti_sysbios_family_c64p_Cache_MAR64_95__C)
                  0080d4ec    00000004     dss_pe674.oe674 (.const:ti_sysbios_family_c64p_Cache_MAR96_127__C)
                  0080d4f0    00000004     dss_pe674.oe674 (.const:ti_sysbios_family_c64p_EventCombiner_A_invalidEventId__C)
                  0080d4f4    00000004     dss_pe674.oe674 (.const:ti_sysbios_family_c64p_EventCombiner_E_unpluggedEvent__C)
                  0080d4f8    00000004     dss_pe674.oe674 (.const:ti_sysbios_family_c64p_EventCombiner_Module__diagsEnabled__C)
                  0080d4fc    00000004     dss_pe674.oe674 (.const:ti_sysbios_family_c64p_EventCombiner_Module__diagsIncluded__C)
                  0080d500    00000004     dss_pe674.oe674 (.const:ti_sysbios_family_c64p_EventCombiner_Module__diagsMask__C)
                  0080d504    00000004     dss_pe674.oe674 (.const:ti_sysbios_family_c64p_Exception_E_exceptionMax__C)
                  0080d508    00000004     dss_pe674.oe674 (.const:ti_sysbios_family_c64p_Exception_exceptionHook__C)
                  0080d50c    00000004     dss_pe674.oe674 (.const:ti_sysbios_family_c64p_Exception_externalHook__C)
                  0080d510    00000004     dss_pe674.oe674 (.const:ti_sysbios_family_c64p_Exception_internalHook__C)
                  0080d514    00000004     dss_pe674.oe674 (.const:ti_sysbios_family_c64p_Exception_nmiHook__C)
                  0080d518    00000004     dss_pe674.oe674 (.const:ti_sysbios_family_c64p_Hwi_E_alreadyDefined__C)
                  0080d51c    00000004     dss_pe674.oe674 (.const:ti_sysbios_family_c64p_Hwi_E_handleNotFound__C)
                  0080d520    00000004     dss_pe674.oe674 (.const:ti_sysbios_family_c64p_Hwi_E_invalidIntNum__C)
                  0080d524    00000004     dss_pe674.oe674 (.const:ti_sysbios_family_c64p_Hwi_LD_end__C)
                  0080d528    00000004     dss_pe674.oe674 (.const:ti_sysbios_family_c64p_Hwi_LM_begin__C)
                  0080d52c    00000004     dss_pe674.oe674 (.const:ti_sysbios_family_c64p_Hwi_Module__diagsEnabled__C)
                  0080d530    00000004     dss_pe674.oe674 (.const:ti_sysbios_family_c64p_Hwi_Module__diagsIncluded__C)
                  0080d534    00000004     dss_pe674.oe674 (.const:ti_sysbios_family_c64p_Hwi_Module__diagsMask__C)
                  0080d538    00000004     dss_pe674.oe674 (.const:ti_sysbios_family_c64p_Hwi_Module__loggerFxn1__C)
                  0080d53c    00000004     dss_pe674.oe674 (.const:ti_sysbios_family_c64p_Hwi_Module__loggerFxn8__C)
                  0080d540    00000004     dss_pe674.oe674 (.const:ti_sysbios_family_c64p_Hwi_Module__loggerObj__C)
                  0080d544    00000004     dss_pe674.oe674 (.const:ti_sysbios_gates_GateMutex_A_badContext__C)
                  0080d548    00000004     dss_pe674.oe674 (.const:ti_sysbios_gates_GateMutex_Instance_State_sem__O)
                  0080d54c    00000004     dss_pe674.oe674 (.const:ti_sysbios_gates_GateMutex_Module__diagsEnabled__C)
                  0080d550    00000004     dss_pe674.oe674 (.const:ti_sysbios_gates_GateMutex_Module__diagsIncluded__C)
                  0080d554    00000004     dss_pe674.oe674 (.const:ti_sysbios_gates_GateMutex_Module__diagsMask__C)
                  0080d558    00000004     dss_pe674.oe674 (.const:ti_sysbios_hal_Hwi_E_stackOverflow__C)
                  0080d55c    00000004     dss_pe674.oe674 (.const:ti_sysbios_heaps_HeapBuf_Instance_State_freeList__O)
                  0080d560    00000004     dss_pe674.oe674 (.const:ti_sysbios_heaps_HeapBuf_Object__count__C)
                  0080d564    00000004     dss_pe674.oe674 (.const:ti_sysbios_heaps_HeapBuf_numConstructedHeaps__C)
                  0080d568    00000004     dss_pe674.oe674 (.const:ti_sysbios_heaps_HeapMem_A_align__C)
                  0080d56c    00000004     dss_pe674.oe674 (.const:ti_sysbios_heaps_HeapMem_A_heapSize__C)
                  0080d570    00000004     dss_pe674.oe674 (.const:ti_sysbios_heaps_HeapMem_A_invalidFree__C)
                  0080d574    00000004     dss_pe674.oe674 (.const:ti_sysbios_heaps_HeapMem_A_zeroBlock__C)
                  0080d578    00000004     dss_pe674.oe674 (.const:ti_sysbios_heaps_HeapMem_E_memory__C)
                  0080d57c    00000004     dss_pe674.oe674 (.const:ti_sysbios_heaps_HeapMem_Module__diagsEnabled__C)
                  0080d580    00000004     dss_pe674.oe674 (.const:ti_sysbios_heaps_HeapMem_Module__diagsIncluded__C)
                  0080d584    00000004     dss_pe674.oe674 (.const:ti_sysbios_heaps_HeapMem_Module__diagsMask__C)
                  0080d588    00000004     dss_pe674.oe674 (.const:ti_sysbios_heaps_HeapMem_Module__gateObj__C)
                  0080d58c    00000004     dss_pe674.oe674 (.const:ti_sysbios_heaps_HeapMem_Object__count__C)
                  0080d590    00000004     dss_pe674.oe674 (.const:ti_sysbios_heaps_HeapMem_reqAlign__C)
                  0080d594    00000004     dss_pe674.oe674 (.const:ti_sysbios_knl_Clock_LM_begin__C)
                  0080d598    00000004     dss_pe674.oe674 (.const:ti_sysbios_knl_Clock_LM_tick__C)
                  0080d59c    00000004     dss_pe674.oe674 (.const:ti_sysbios_knl_Clock_LW_delayed__C)
                  0080d5a0    00000004     dss_pe674.oe674 (.const:ti_sysbios_knl_Clock_Module_State_clockQ__O)
                  0080d5a4    00000004     dss_pe674.oe674 (.const:ti_sysbios_knl_Clock_Module__diagsEnabled__C)
                  0080d5a8    00000004     dss_pe674.oe674 (.const:ti_sysbios_knl_Clock_Module__diagsIncluded__C)
                  0080d5ac    00000004     dss_pe674.oe674 (.const:ti_sysbios_knl_Clock_Module__diagsMask__C)
                  0080d5b0    00000004     dss_pe674.oe674 (.const:ti_sysbios_knl_Clock_Module__loggerFxn1__C)
                  0080d5b4    00000004     dss_pe674.oe674 (.const:ti_sysbios_knl_Clock_Module__loggerFxn2__C)
                  0080d5b8    00000004     dss_pe674.oe674 (.const:ti_sysbios_knl_Clock_Module__loggerObj__C)
                  0080d5bc    00000004     dss_pe674.oe674 (.const:ti_sysbios_knl_Semaphore_A_badContext__C)
                  0080d5c0    00000004     dss_pe674.oe674 (.const:ti_sysbios_knl_Idle_funcList__A)
                  0080d5c4    00000004     dss_pe674.oe674 (.const:ti_sysbios_knl_Semaphore_A_noEvents__C)
                  0080d5c8    00000004     dss_pe674.oe674 (.const:ti_sysbios_knl_Semaphore_A_overflow__C)
                  0080d5cc    00000004     dss_pe674.oe674 (.const:ti_sysbios_knl_Semaphore_A_pendTaskDisabled__C)
                  0080d5d0    00000004     dss_pe674.oe674 (.const:ti_sysbios_knl_Semaphore_Instance_State_pendQ__O)
                  0080d5d4    00000004     dss_pe674.oe674 (.const:ti_sysbios_knl_Semaphore_LM_pend__C)
                  0080d5d8    00000004     dss_pe674.oe674 (.const:ti_sysbios_knl_Semaphore_LM_post__C)
                  0080d5dc    00000004     dss_pe674.oe674 (.const:ti_sysbios_knl_Semaphore_Module__diagsEnabled__C)
                  0080d5e0    00000004     dss_pe674.oe674 (.const:ti_sysbios_knl_Semaphore_Module__diagsIncluded__C)
                  0080d5e4    00000004     dss_pe674.oe674 (.const:ti_sysbios_knl_Semaphore_Module__diagsMask__C)
                  0080d5e8    00000004     dss_pe674.oe674 (.const:ti_sysbios_knl_Semaphore_Module__loggerFxn2__C)
                  0080d5ec    00000004     dss_pe674.oe674 (.const:ti_sysbios_knl_Semaphore_Module__loggerFxn4__C)
                  0080d5f0    00000004     dss_pe674.oe674 (.const:ti_sysbios_knl_Semaphore_Module__loggerObj__C)
                  0080d5f4    00000004     dss_pe674.oe674 (.const:ti_sysbios_knl_Swi_LD_end__C)
                  0080d5f8    00000004     dss_pe674.oe674 (.const:ti_sysbios_knl_Swi_LM_begin__C)
                  0080d5fc    00000004     dss_pe674.oe674 (.const:ti_sysbios_knl_Swi_LM_post__C)
                  0080d600    00000004     dss_pe674.oe674 (.const:ti_sysbios_knl_Swi_Module__diagsEnabled__C)
                  0080d604    00000004     dss_pe674.oe674 (.const:ti_sysbios_knl_Swi_Module__diagsIncluded__C)
                  0080d608    00000004     dss_pe674.oe674 (.const:ti_sysbios_knl_Swi_Module__diagsMask__C)
                  0080d60c    00000004     dss_pe674.oe674 (.const:ti_sysbios_knl_Swi_Module__loggerFxn1__C)
                  0080d610    00000004     dss_pe674.oe674 (.const:ti_sysbios_knl_Swi_Module__loggerFxn4__C)
                  0080d614    00000004     dss_pe674.oe674 (.const:ti_sysbios_knl_Swi_Module__loggerObj__C)
                  0080d618    00000004     dss_pe674.oe674 (.const:ti_sysbios_knl_Swi_Object__count__C)
                  0080d61c    00000004     dss_pe674.oe674 (.const:ti_sysbios_knl_Task_A_badPriority__C)
                  0080d620    00000004     dss_pe674.oe674 (.const:ti_sysbios_knl_Task_A_badTaskState__C)
                  0080d624    00000004     dss_pe674.oe674 (.const:ti_sysbios_knl_Task_A_badThreadType__C)
                  0080d628    00000004     dss_pe674.oe674 (.const:ti_sysbios_knl_Task_A_badTimeout__C)
                  0080d62c    00000004     dss_pe674.oe674 (.const:ti_sysbios_knl_Task_A_noPendElem__C)
                  0080d630    00000004     dss_pe674.oe674 (.const:ti_sysbios_knl_Task_A_sleepTaskDisabled__C)
                  0080d634    00000004     dss_pe674.oe674 (.const:ti_sysbios_knl_Task_E_spOutOfBounds__C)
                  0080d638    00000004     dss_pe674.oe674 (.const:ti_sysbios_knl_Task_E_stackOverflow__C)
                  0080d63c    00000004     dss_pe674.oe674 (.const:ti_sysbios_knl_Task_LD_block__C)
                  0080d640    00000004     dss_pe674.oe674 (.const:ti_sysbios_knl_Task_LD_exit__C)
                  0080d644    00000004     dss_pe674.oe674 (.const:ti_sysbios_knl_Task_LD_ready__C)
                  0080d648    00000004     dss_pe674.oe674 (.const:ti_sysbios_knl_Task_LM_sleep__C)
                  0080d64c    00000004     dss_pe674.oe674 (.const:ti_sysbios_knl_Task_LM_switch__C)
                  0080d650    00000004     dss_pe674.oe674 (.const:ti_sysbios_knl_Task_Module_State_inactiveQ__O)
                  0080d654    00000004     dss_pe674.oe674 (.const:ti_sysbios_knl_Task_Module__diagsEnabled__C)
                  0080d658    00000004     dss_pe674.oe674 (.const:ti_sysbios_knl_Task_Module__diagsIncluded__C)
                  0080d65c    00000004     dss_pe674.oe674 (.const:ti_sysbios_knl_Task_Module__diagsMask__C)
                  0080d660    00000004     dss_pe674.oe674 (.const:ti_sysbios_knl_Task_Module__loggerFxn2__C)
                  0080d664    00000004     dss_pe674.oe674 (.const:ti_sysbios_knl_Task_Module__loggerFxn4__C)
                  0080d668    00000004     dss_pe674.oe674 (.const:ti_sysbios_knl_Task_Module__loggerObj__C)
                  0080d66c    00000004     dss_pe674.oe674 (.const:ti_sysbios_knl_Task_Object__count__C)
                  0080d670    00000004     dss_pe674.oe674 (.const:ti_sysbios_knl_Task_allBlockedFunc__C)
                  0080d674    00000004     dss_pe674.oe674 (.const:ti_sysbios_knl_Task_defaultStackHeap__C)
                  0080d678    00000004     dss_pe674.oe674 (.const:ti_sysbios_knl_Task_defaultStackSize__C)
                  0080d67c    00000004     dss_pe674.oe674 (.const:ti_sysbios_knl_Task_numConstructedTasks__C)
                  0080d680    00000004     dss_pe674.oe674 (.const:ti_sysbios_timers_rti_Timer_E_cannotSupport__C)
                  0080d684    00000004     dss_pe674.oe674 (.const:ti_sysbios_timers_rti_Timer_Module__diagsEnabled__C)
                  0080d688    00000004     dss_pe674.oe674 (.const:ti_sysbios_timers_rti_Timer_Module__diagsIncluded__C)
                  0080d68c    00000004     dss_pe674.oe674 (.const:ti_sysbios_timers_rti_Timer_Module__diagsMask__C)
                  0080d690    00000004     dss_pe674.oe674 (.const:ti_sysbios_timers_rti_Timer_numTimerDevices__C)
                  0080d694    00000004     dss_pe674.oe674 (.const:ti_sysbios_timers_rti_Timer_startupNeeded__C)
                  0080d698    00000004     dss_pe674.oe674 (.const:xdc_runtime_Assert_E_assertFailed__C)
                  0080d69c    00000004     dss_pe674.oe674 (.const:xdc_runtime_Core_A_initializedParams__C)
                  0080d6a0    00000004     dss_pe674.oe674 (.const:xdc_runtime_Core_Module__diagsEnabled__C)
                  0080d6a4    00000004     dss_pe674.oe674 (.const:xdc_runtime_Core_Module__diagsIncluded__C)
                  0080d6a8    00000004     dss_pe674.oe674 (.const:xdc_runtime_Core_Module__diagsMask__C)
                  0080d6ac    00000004     dss_pe674.oe674 (.const:xdc_runtime_Error_E_memory__C)
                  0080d6b0    00000004     dss_pe674.oe674 (.const:xdc_runtime_Error_Module__diagsEnabled__C)
                  0080d6b4    00000004     dss_pe674.oe674 (.const:xdc_runtime_Error_Module__diagsIncluded__C)
                  0080d6b8    00000004     dss_pe674.oe674 (.const:xdc_runtime_Error_Module__diagsMask__C)
                  0080d6bc    00000004     dss_pe674.oe674 (.const:xdc_runtime_Error_Module__loggerFxn8__C)
                  0080d6c0    00000004     dss_pe674.oe674 (.const:xdc_runtime_Error_Module__loggerObj__C)
                  0080d6c4    00000004     dss_pe674.oe674 (.const:xdc_runtime_Error_policyFxn__C)
                  0080d6c8    00000004     dss_pe674.oe674 (.const:xdc_runtime_Error_policy__C)
                  0080d6cc    00000004     dss_pe674.oe674 (.const:xdc_runtime_Error_raiseHook__C)
                  0080d6d0    00000004     dss_pe674.oe674 (.const:xdc_runtime_IGateProvider_Interface__BASE__C)
                  0080d6d4    00000004     dss_pe674.oe674 (.const:xdc_runtime_IHeap_Interface__BASE__C)
                  0080d6d8    00000004     dss_pe674.oe674 (.const:xdc_runtime_IModule_Interface__BASE__C)
                  0080d6dc    00000004     dss_pe674.oe674 (.const:xdc_runtime_Log_L_error__C)
                  0080d6e0    00000004     dss_pe674.oe674 (.const:xdc_runtime_Memory_defaultHeapInstance__C)
                  0080d6e4    00000004     dss_pe674.oe674 (.const:xdc_runtime_Startup_execImpl__C)
                  0080d6e8    00000004     dss_pe674.oe674 (.const:xdc_runtime_Startup_maxPasses__C)
                  0080d6ec    00000004     dss_pe674.oe674 (.const:xdc_runtime_Startup_sfxnRts__C)
                  0080d6f0    00000004     dss_pe674.oe674 (.const:xdc_runtime_Startup_sfxnTab__C)
                  0080d6f4    00000004     dss_pe674.oe674 (.const:xdc_runtime_System_Module__gateObj__C)
                  0080d6f8    00000004     dss_pe674.oe674 (.const:xdc_runtime_System_abortFxn__C)
                  0080d6fc    00000004     dss_pe674.oe674 (.const:xdc_runtime_System_exitFxn__C)
                  0080d700    00000004     dss_pe674.oe674 (.const:xdc_runtime_System_extendFxn__C)
                  0080d704    00000004     dss_pe674.oe674 (.const:xdc_runtime_System_maxAtexitHandlers__C)
                  0080d708    00000004     dss_pe674.oe674 (.const:xdc_runtime_Text_charTab__C)
                  0080d70c    00000004     dss_pe674.oe674 (.const:xdc_runtime_Text_nameEmpty__C)
                  0080d710    00000004     dss_pe674.oe674 (.const:xdc_runtime_Text_nameStatic__C)
                  0080d714    00000004     dss_pe674.oe674 (.const:xdc_runtime_Text_nameUnknown__C)
                  0080d718    00000004     dss_pe674.oe674 (.const:xdc_runtime_Text_nodeTab__C)
                  0080d71c    00000004     dss_pe674.oe674 (.const:xdc_runtime_Text_visitRopeFxn__C)
                  0080d720    00000002     dss_pe674.oe674 (.const:ti_sysbios_family_c64p_Exception_useInternalBuffer__C)
[...]
0080d4bc  ti_sysbios_family_c64p_Cache_EMIFC_BASE__C                   
0080d4c0  ti_sysbios_family_c64p_Cache_EMIFC_CFG__C                    
0080d4c4  ti_sysbios_family_c64p_Cache_EMIFC_LENGTH__C                 
0080d4c8  ti_sysbios_family_c64p_Cache_E_invalidL1CacheSize__C         
0080d4cc  ti_sysbios_family_c64p_Cache_E_invalidL2CacheSize__C         
0080d4d0  ti_sysbios_family_c64p_Cache_MAR0_31__C                      
0080d4d4  ti_sysbios_family_c64p_Cache_MAR128_159__C                   
0080d4d8  ti_sysbios_family_c64p_Cache_MAR160_191__C                   
0080d4dc  ti_sysbios_family_c64p_Cache_MAR192_223__C                   
0080d4e0  ti_sysbios_family_c64p_Cache_MAR224_255__C                   
0080d4e4  ti_sysbios_family_c64p_Cache_MAR32_63__C                     
0080d4e8  ti_sysbios_family_c64p_Cache_MAR64_95__C                     
0080d4ec  ti_sysbios_family_c64p_Cache_MAR96_127__C                    
0080d4f0  ti_sysbios_family_c64p_EventCombiner_A_invalidEventId__C     
0080d4f4  ti_sysbios_family_c64p_EventCombiner_E_unpluggedEvent__C     
0080d4f8  ti_sysbios_family_c64p_EventCombiner_Module__diagsEnabled__C 
0080d4fc  ti_sysbios_family_c64p_EventCombiner_Module__diagsIncluded__C
0080d500  ti_sysbios_family_c64p_EventCombiner_Module__diagsMask__C    
0080d504  ti_sysbios_family_c64p_Exception_E_exceptionMax__C           
0080d508  ti_sysbios_family_c64p_Exception_exceptionHook__C            
0080d50c  ti_sysbios_family_c64p_Exception_externalHook__C             
0080d510  ti_sysbios_family_c64p_Exception_internalHook__C             
0080d514  ti_sysbios_family_c64p_Exception_nmiHook__C                  
0080d518  ti_sysbios_family_c64p_Hwi_E_alreadyDefined__C               
0080d51c  ti_sysbios_family_c64p_Hwi_E_handleNotFound__C               
0080d520  ti_sysbios_family_c64p_Hwi_E_invalidIntNum__C                
0080d524  ti_sysbios_family_c64p_Hwi_LD_end__C                         
0080d528  ti_sysbios_family_c64p_Hwi_LM_begin__C                       
0080d52c  ti_sysbios_family_c64p_Hwi_Module__diagsEnabled__C           
0080d530  ti_sysbios_family_c64p_Hwi_Module__diagsIncluded__C          
0080d534  ti_sysbios_family_c64p_Hwi_Module__diagsMask__C              
0080d538  ti_sysbios_family_c64p_Hwi_Module__loggerFxn1__C             
0080d53c  ti_sysbios_family_c64p_Hwi_Module__loggerFxn8__C             
0080d540  ti_sysbios_family_c64p_Hwi_Module__loggerObj__C              
0080d544  ti_sysbios_gates_GateMutex_A_badContext__C                   
0080d548  ti_sysbios_gates_GateMutex_Instance_State_sem__O             
0080d54c  ti_sysbios_gates_GateMutex_Module__diagsEnabled__C           
0080d550  ti_sysbios_gates_GateMutex_Module__diagsIncluded__C          
0080d554  ti_sysbios_gates_GateMutex_Module__diagsMask__C              
0080d558  ti_sysbios_hal_Hwi_E_stackOverflow__C                        
0080d55c  ti_sysbios_heaps_HeapBuf_Instance_State_freeList__O          
0080d560  ti_sysbios_heaps_HeapBuf_Object__count__C                    
0080d564  ti_sysbios_heaps_HeapBuf_numConstructedHeaps__C              
0080d568  ti_sysbios_heaps_HeapMem_A_align__C                          
0080d56c  ti_sysbios_heaps_HeapMem_A_heapSize__C                       
0080d570  ti_sysbios_heaps_HeapMem_A_invalidFree__C                    
0080d574  ti_sysbios_heaps_HeapMem_A_zeroBlock__C                      
0080d578  ti_sysbios_heaps_HeapMem_E_memory__C                         
0080d57c  ti_sysbios_heaps_HeapMem_Module__diagsEnabled__C             
0080d580  ti_sysbios_heaps_HeapMem_Module__diagsIncluded__C            
0080d584  ti_sysbios_heaps_HeapMem_Module__diagsMask__C                
0080d588  ti_sysbios_heaps_HeapMem_Module__gateObj__C                  
0080d58c  ti_sysbios_heaps_HeapMem_Object__count__C                    
0080d590  ti_sysbios_heaps_HeapMem_reqAlign__C                         
0080d594  ti_sysbios_knl_Clock_LM_begin__C                             
0080d598  ti_sysbios_knl_Clock_LM_tick__C                              
0080d59c  ti_sysbios_knl_Clock_LW_delayed__C                           
0080d5a0  ti_sysbios_knl_Clock_Module_State_clockQ__O                  
0080d5a4  ti_sysbios_knl_Clock_Module__diagsEnabled__C                 
0080d5a8  ti_sysbios_knl_Clock_Module__diagsIncluded__C                
0080d5ac  ti_sysbios_knl_Clock_Module__diagsMask__C                    
0080d5b0  ti_sysbios_knl_Clock_Module__loggerFxn1__C                   
0080d5b4  ti_sysbios_knl_Clock_Module__loggerFxn2__C                   
0080d5b8  ti_sysbios_knl_Clock_Module__loggerObj__C                    
0080d5bc  ti_sysbios_knl_Semaphore_A_badContext__C                     
0080d5c0  ti_sysbios_knl_Idle_funcList__A                              
0080d5c4  ti_sysbios_knl_Semaphore_A_noEvents__C                       
0080d5c8  ti_sysbios_knl_Semaphore_A_overflow__C                       
0080d5cc  ti_sysbios_knl_Semaphore_A_pendTaskDisabled__C               
0080d5d0  ti_sysbios_knl_Semaphore_Instance_State_pendQ__O             
0080d5d4  ti_sysbios_knl_Semaphore_LM_pend__C                          
0080d5d8  ti_sysbios_knl_Semaphore_LM_post__C                          
0080d5dc  ti_sysbios_knl_Semaphore_Module__diagsEnabled__C             
0080d5e0  ti_sysbios_knl_Semaphore_Module__diagsIncluded__C            
0080d5e4  ti_sysbios_knl_Semaphore_Module__diagsMask__C                
0080d5e8  ti_sysbios_knl_Semaphore_Module__loggerFxn2__C               
0080d5ec  ti_sysbios_knl_Semaphore_Module__loggerFxn4__C               
0080d5f0  ti_sysbios_knl_Semaphore_Module__loggerObj__C                
0080d5f4  ti_sysbios_knl_Swi_LD_end__C                                 
0080d5f8  ti_sysbios_knl_Swi_LM_begin__C                               
0080d5fc  ti_sysbios_knl_Swi_LM_post__C                                
0080d600  ti_sysbios_knl_Swi_Module__diagsEnabled__C                   
0080d604  ti_sysbios_knl_Swi_Module__diagsIncluded__C                  
0080d608  ti_sysbios_knl_Swi_Module__diagsMask__C                      
0080d60c  ti_sysbios_knl_Swi_Module__loggerFxn1__C                     
0080d610  ti_sysbios_knl_Swi_Module__loggerFxn4__C                     
0080d614  ti_sysbios_knl_Swi_Module__loggerObj__C                      
0080d618  ti_sysbios_knl_Swi_Object__count__C                          
0080d61c  ti_sysbios_knl_Task_A_badPriority__C                         
0080d620  ti_sysbios_knl_Task_A_badTaskState__C                        
0080d624  ti_sysbios_knl_Task_A_badThreadType__C                       
0080d628  ti_sysbios_knl_Task_A_badTimeout__C                          
0080d62c  ti_sysbios_knl_Task_A_noPendElem__C                          
0080d630  ti_sysbios_knl_Task_A_sleepTaskDisabled__C                   
0080d634  ti_sysbios_knl_Task_E_spOutOfBounds__C                       
0080d638  ti_sysbios_knl_Task_E_stackOverflow__C                       
0080d63c  ti_sysbios_knl_Task_LD_block__C                              
0080d640  ti_sysbios_knl_Task_LD_exit__C                               
0080d644  ti_sysbios_knl_Task_LD_ready__C                              
0080d648  ti_sysbios_knl_Task_LM_sleep__C                              
0080d64c  ti_sysbios_knl_Task_LM_switch__C                             
0080d650  ti_sysbios_knl_Task_Module_State_inactiveQ__O                
0080d654  ti_sysbios_knl_Task_Module__diagsEnabled__C                  
0080d658  ti_sysbios_knl_Task_Module__diagsIncluded__C                 
0080d65c  ti_sysbios_knl_Task_Module__diagsMask__C                     
0080d660  ti_sysbios_knl_Task_Module__loggerFxn2__C                    
0080d664  ti_sysbios_knl_Task_Module__loggerFxn4__C                    
0080d668  ti_sysbios_knl_Task_Module__loggerObj__C                     
0080d66c  ti_sysbios_knl_Task_Object__count__C                         
0080d670  ti_sysbios_knl_Task_allBlockedFunc__C                        
0080d674  ti_sysbios_knl_Task_defaultStackHeap__C                      
0080d678  ti_sysbios_knl_Task_defaultStackSize__C                      
0080d67c  ti_sysbios_knl_Task_numConstructedTasks__C                   
0080d680  ti_sysbios_timers_rti_Timer_E_cannotSupport__C               
0080d684  ti_sysbios_timers_rti_Timer_Module__diagsEnabled__C          
0080d688  ti_sysbios_timers_rti_Timer_Module__diagsIncluded__C         
0080d68c  ti_sysbios_timers_rti_Timer_Module__diagsMask__C             
0080d690  ti_sysbios_timers_rti_Timer_numTimerDevices__C               
0080d694  ti_sysbios_timers_rti_Timer_startupNeeded__C                 
0080d698  xdc_runtime_Assert_E_assertFailed__C                         
0080d69c  xdc_runtime_Core_A_initializedParams__C                      
0080d6a0  xdc_runtime_Core_Module__diagsEnabled__C                     
0080d6a4  xdc_runtime_Core_Module__diagsIncluded__C                    
0080d6a8  xdc_runtime_Core_Module__diagsMask__C                        
0080d6ac  xdc_runtime_Error_E_memory__C                                
0080d6b0  xdc_runtime_Error_Module__diagsEnabled__C                    
0080d6b4  xdc_runtime_Error_Module__diagsIncluded__C                   
0080d6b8  xdc_runtime_Error_Module__diagsMask__C                       
0080d6bc  xdc_runtime_Error_Module__loggerFxn8__C                      
0080d6c0  xdc_runtime_Error_Module__loggerObj__C                       
0080d6c4  xdc_runtime_Error_policyFxn__C                               
0080d6c8  xdc_runtime_Error_policy__C                                  
0080d6cc  xdc_runtime_Error_raiseHook__C                               
0080d6d0  xdc_runtime_IGateProvider_Interface__BASE__C                 
0080d6d4  xdc_runtime_IHeap_Interface__BASE__C                         
0080d6d8  xdc_runtime_IModule_Interface__BASE__C                       
0080d6dc  xdc_runtime_Log_L_error__C                                   
0080d6e0  xdc_runtime_Memory_defaultHeapInstance__C                    
0080d6e4  xdc_runtime_Startup_execImpl__C                              
0080d6e8  xdc_runtime_Startup_maxPasses__C                             
0080d6ec  xdc_runtime_Startup_sfxnRts__C                               
0080d6f0  xdc_runtime_Startup_sfxnTab__C                               
0080d6f4  xdc_runtime_System_Module__gateObj__C                        
0080d6f8  xdc_runtime_System_abortFxn__C                               
0080d6fc  xdc_runtime_System_exitFxn__C                                
0080d700  xdc_runtime_System_extendFxn__C                              
0080d704  xdc_runtime_System_maxAtexitHandlers__C                      
0080d708  xdc_runtime_Text_charTab__C                                  
0080d70c  xdc_runtime_Text_nameEmpty__C                                
0080d710  xdc_runtime_Text_nameStatic__C                               
0080d714  xdc_runtime_Text_nameUnknown__C                              
0080d718  xdc_runtime_Text_nodeTab__C                                  
0080d71c  xdc_runtime_Text_visitRopeFxn__C                             
0080d720  ti_sysbios_family_c64p_Exception_useInternalBuffer__C        
0080d722  ti_sysbios_family_c64p_Hwi_Module__id__C                     
0080d724  ti_sysbios_family_c64p_Hwi_Module__loggerDefined__C          
0080d726  ti_sysbios_gates_GateMutex_Module__id__C                     
0080d728  ti_sysbios_hal_Hwi_Module__id__C                             
0080d72a  ti_sysbios_heaps_HeapMem_Module__id__C                       
0080d72c  ti_sysbios_knl_Clock_Module__id__C                           
0080d72e  ti_sysbios_knl_Clock_Module__loggerDefined__C                
0080d730  ti_sysbios_knl_Semaphore_Module__id__C                       
0080d732  ti_sysbios_knl_Semaphore_Module__loggerDefined__C            
0080d734  ti_sysbios_knl_Swi_Module__id__C                             
0080d736  ti_sysbios_knl_Swi_Module__loggerDefined__C                  
0080d738  ti_sysbios_knl_Task_Module__id__C                            
0080d73a  ti_sysbios_knl_Task_Module__loggerDefined__C                 
0080d73c  ti_sysbios_timers_rti_Timer_Module__id__C                    
0080d73e  ti_sysbios_timers_rti_Timer_continueOnSuspend__C             
0080d740  xdc_runtime_Core_Module__id__C                               
0080d742  xdc_runtime_Error_Module__loggerDefined__C                   
0080d744  xdc_runtime_Error_maxDepth__C                                
0080d746  xdc_runtime_Main_Module__id__C                               
0080d748  xdc_runtime_Memory_Module__id__C                             
0080d74a  xdc_runtime_Text_charCnt__C                                  
0080d74c  xdc_runtime_Text_isLoaded__C                                 
0080d74e  xdc_runtime_Text_registryModsLastId__C                       
0080d750  xdc_runtime_Text_unnamedModsLastId__C                        
0080d758  xdc_runtime_Error_IgnoreBlock                                
0080d778  ti_sysbios_BIOS_Module__state__V                             
0080d79c  ti_sysbios_family_c64p_Cache_Module__state__V                
0080d7a0  ti_sysbios_family_c64p_EventCombiner_Module__state__V        
0080dba0  ti_sysbios_family_c64p_Exception_Module__state__V            
0080dbd0  ti_sysbios_family_c64p_Hwi_Module__root__V                   
0080dbd8  ti_sysbios_family_c64p_Hwi_Module__state__V                  
0080dc44  ti_sysbios_gates_GateHwi_Module__root__V                     
0080dc4c  ti_sysbios_gates_GateMutex_Module__root__V                   
0080dc54  ti_sysbios_hal_Hwi_Module__root__V                           
0080dc5c  ti_sysbios_heaps_HeapBuf_Module__root__V                     
0080dc64  ti_sysbios_heaps_HeapBuf_Module__state__V                    
0080dc68  ti_sysbios_heaps_HeapMem_Module__root__V                     
0080dc70  ti_sysbios_knl_Clock_Module__root__V                         
0080dc78  ti_sysbios_knl_Clock_Module__state__V                        
0080dca4  ti_sysbios_knl_Event_Module__root__V                         
0080dcac  ti_sysbios_knl_Queue_Module__root__V                         
0080dcb4  ti_sysbios_knl_Semaphore_Module__root__V                     
0080dcbc  ti_sysbios_knl_Swi_Module__root__V                           
0080dcc4  ti_sysbios_knl_Swi_Module__state__V                          
0080dce0  ti_sysbios_knl_Task_Module__root__V                          
0080dce8  ti_sysbios_knl_Task_Module__state__V                         
0080dd2c  ti_sysbios_rts_ti_ThreadLocalStorage_Module__state__V        
0080dd38  ti_sysbios_timers_rti_Timer_Module__root__V                  
0080dd40  ti_sysbios_timers_rti_Timer_Module__state__V                 
0080dd50  xdc_runtime_Error_Module__state__V                           
0080dd54  xdc_runtime_Memory_Module__state__V                          
0080dd58  xdc_runtime_Registry_Module__state__V                        
0080dd60  xdc_runtime_Startup_Module__state__V                         
0080dd68  xdc_runtime_System_Module__state__V                          
0080dd70  xdc_runtime_Text_Module__state__V                            
0080dd78  __xdc__init__addr                                            
0080dd7c  D2H_SYNC_PATTERN                                             
0080dd80  H2D_SYNC_PATTERN                                             
0080dd84  H2D_CNYS_PATTERN                                             
0080df6c  rl_txMsg                                                     
0080e06c  rl_rxMsg                                                     
0080e16c  _lock                                                        
0080e170  _ftable                                                      
0080e3f0  ti_sysbios_knl_Swi_Module_State_0_readyQ__A                  
0080e470  ti_sysbios_knl_Task_Module_State_0_readyQ__A                 
0080e568  gMailboxMCB                                                  
0080e5b8  ti_sysbios_knl_Task_Object__table__V                         
0080e604  _unlock                                                      
0080e608  ti_sysbios_gates_GateMutex_Object__table__V                  
0080e648  ti_sysbios_timers_rti_Timer_Object__table__V                 
0080e684  gMailboxDssMssHwCfg                                          
0080e69c  gMailboxDssBssHwCfg                                          
0080e6b4  __TI_ft_end                                                  
0080e6b8  ti_sysbios_knl_Swi_Object__table__V                          
0080e6e8  xdc_runtime_System_Module_State_0_atexitHandlers__A          
0080e708  gSOCHwAttrib                                                 
0080e720  ti_sysbios_family_c64p_Hwi_Object__table__V                  
0080e738  ti_sysbios_heaps_HeapMem_Object__table__V                    
0080e750  ti_sysbios_timers_rti_Timer_Module_State_0_device__A         
0080e768  ti_sysbios_timers_rti_Timer_Module_State_0_intFreqs__A       
0080e778  __TI_cleanup_ptr                                             
0080e77c  __TI_dtors_ptr                                               
0080e780  __TI_enable_exit_profile_output                              
0080e784  __errno                                                      
0080e784  errno                                                        
0080e788  ti_sysbios_hal_Hwi_Object__table__V                          
0080e790  ti_sysbios_timers_rti_Timer_Module_State_0_handles__A        
0080e798  ti_sysbios_gates_GateHwi_Object__table__V                    
0080e7a0  ti_sysbios_knl_Task_Module_State_0_idleTask__A               
0080e7a8  _stack                                                       
0080f7a8  __TI_STACK_END                                               
0080f7a8  ti_sysbios_knl_Task_Instance_State_0_stack__A                
0080ffa8  __TI_tmpnams                                                 
008100e8  gMMWave_MCB                                                  
008101e0  gMMWave_XWR16xxMCB                                           
008101f0  __CIOBUF_                                                    
008103c4  __TI_STATIC_BASE                                             
008103c4  gConfigDetected                                              
008103c8  gStartDetected                                               
008103cc  gStopDetected                                                
008103d0  gOpenDetected                                                
008103d4  gCloseDetected                                               
008103d8  gMCPILogMessageSize                                          
008103dc  gCRCRegister                                                 
008103e4  MCPI_FailSignature                                           
008103e8  gMMWaveHandle                                                
008103ec  gTestSelection                                               
008103f0  socHandle                                                    
008103f4  MCPI_Result                                                  
ffffffff  __TI_pprof_out_hndl                                          
ffffffff  __TI_prof_data_size                                          
ffffffff  __TI_prof_data_start                                         
ffffffff  __binit__                                                    
ffffffff  __c_args__                                                   
ffffffff  binit                                                        
UNDEFED   __TI_CINIT_Base                                              
UNDEFED   __TI_CINIT_Limit                                             
UNDEFED   __TI_Handler_Table_Base                                      
UNDEFED   __TI_Handler_Table_Limit                                     
UNDEFED   __TI_INITARRAY_Base                                          
UNDEFED   __TI_INITARRAY_Limit                                         
UNDEFED   __TI_TLS_INIT_Base                                           
UNDEFED   __TI_TLS_INIT_Limit                                          

[816 symbols]
