<?xml version="1.0"?>
<link_info>
   <banner>TMS320C6x Linker PC v7.4.2</banner>
   <copyright>Copyright (c) 1996-2012 Texas Instruments Incorporated</copyright>
   <link_time>0x573a9713</link_time>
   <output_file>sqrtsp_674LE_LE_COFF.out</output_file>
   <entry_point>
      <name>_c_int00</name>
      <address>0x825e60</address>
   </entry_point>
   <input_file_list>
      <input_file id="fl-2">
         <path>.\</path>
         <kind>object</kind>
         <file>sqrtsp_d.obj</file>
         <name>sqrtsp_d.obj</name>
      </input_file>
      <input_file id="fl-3">
         <path>.\</path>
         <kind>object</kind>
         <file>drvsp.obj</file>
         <name>drvsp.obj</name>
      </input_file>
      <input_file id="fl-4">
         <path>.\</path>
         <kind>object</kind>
         <file>driver.obj</file>
         <name>driver.obj</name>
      </input_file>
      <input_file id="fl-c">
         <path>..\..\..\..\..\lib\</path>
         <kind>archive</kind>
         <file>mathlib.a674</file>
         <name>sqrtsp_c.o674</name>
      </input_file>
      <input_file id="fl-d">
         <path>..\..\..\..\..\lib\</path>
         <kind>archive</kind>
         <file>mathlib.a674</file>
         <name>sqrtsp_v.o674</name>
      </input_file>
      <input_file id="fl-e">
         <path>..\..\..\..\..\lib\</path>
         <kind>archive</kind>
         <file>mathlib.a674</file>
         <name>sqrtsp.o674</name>
      </input_file>
      <input_file id="fl-86">
         <path>C:\MATHLIB_Tools\CCSV5_5_0\ccsv5\tools\compiler\c6000_7.4.2\lib\</path>
         <kind>archive</kind>
         <file>rts6740.lib</file>
         <name>boot.obj</name>
      </input_file>
      <input_file id="fl-87">
         <path>C:\MATHLIB_Tools\CCSV5_5_0\ccsv5\tools\compiler\c6000_7.4.2\lib\</path>
         <kind>archive</kind>
         <file>rts6740.lib</file>
         <name>divd.obj</name>
      </input_file>
      <input_file id="fl-88">
         <path>C:\MATHLIB_Tools\CCSV5_5_0\ccsv5\tools\compiler\c6000_7.4.2\lib\</path>
         <kind>archive</kind>
         <file>rts6740.lib</file>
         <name>divf.obj</name>
      </input_file>
      <input_file id="fl-89">
         <path>C:\MATHLIB_Tools\CCSV5_5_0\ccsv5\tools\compiler\c6000_7.4.2\lib\</path>
         <kind>archive</kind>
         <file>rts6740.lib</file>
         <name>errno.obj</name>
      </input_file>
      <input_file id="fl-8a">
         <path>C:\MATHLIB_Tools\CCSV5_5_0\ccsv5\tools\compiler\c6000_7.4.2\lib\</path>
         <kind>archive</kind>
         <file>rts6740.lib</file>
         <name>exit.obj</name>
      </input_file>
      <input_file id="fl-8b">
         <path>C:\MATHLIB_Tools\CCSV5_5_0\ccsv5\tools\compiler\c6000_7.4.2\lib\</path>
         <kind>archive</kind>
         <file>rts6740.lib</file>
         <name>fclose.obj</name>
      </input_file>
      <input_file id="fl-8c">
         <path>C:\MATHLIB_Tools\CCSV5_5_0\ccsv5\tools\compiler\c6000_7.4.2\lib\</path>
         <kind>archive</kind>
         <file>rts6740.lib</file>
         <name>fflush.obj</name>
      </input_file>
      <input_file id="fl-8d">
         <path>C:\MATHLIB_Tools\CCSV5_5_0\ccsv5\tools\compiler\c6000_7.4.2\lib\</path>
         <kind>archive</kind>
         <file>rts6740.lib</file>
         <name>fixdlli.obj</name>
      </input_file>
      <input_file id="fl-8e">
         <path>C:\MATHLIB_Tools\CCSV5_5_0\ccsv5\tools\compiler\c6000_7.4.2\lib\</path>
         <kind>archive</kind>
         <file>rts6740.lib</file>
         <name>fltllif.obj</name>
      </input_file>
      <input_file id="fl-8f">
         <path>C:\MATHLIB_Tools\CCSV5_5_0\ccsv5\tools\compiler\c6000_7.4.2\lib\</path>
         <kind>archive</kind>
         <file>rts6740.lib</file>
         <name>fopen.obj</name>
      </input_file>
      <input_file id="fl-90">
         <path>C:\MATHLIB_Tools\CCSV5_5_0\ccsv5\tools\compiler\c6000_7.4.2\lib\</path>
         <kind>archive</kind>
         <file>rts6740.lib</file>
         <name>fprintf.obj</name>
      </input_file>
      <input_file id="fl-91">
         <path>C:\MATHLIB_Tools\CCSV5_5_0\ccsv5\tools\compiler\c6000_7.4.2\lib\</path>
         <kind>archive</kind>
         <file>rts6740.lib</file>
         <name>fputc.obj</name>
      </input_file>
      <input_file id="fl-92">
         <path>C:\MATHLIB_Tools\CCSV5_5_0\ccsv5\tools\compiler\c6000_7.4.2\lib\</path>
         <kind>archive</kind>
         <file>rts6740.lib</file>
         <name>fputs.obj</name>
      </input_file>
      <input_file id="fl-93">
         <path>C:\MATHLIB_Tools\CCSV5_5_0\ccsv5\tools\compiler\c6000_7.4.2\lib\</path>
         <kind>archive</kind>
         <file>rts6740.lib</file>
         <name>frcmpyd_div.obj</name>
      </input_file>
      <input_file id="fl-94">
         <path>C:\MATHLIB_Tools\CCSV5_5_0\ccsv5\tools\compiler\c6000_7.4.2\lib\</path>
         <kind>archive</kind>
         <file>rts6740.lib</file>
         <name>isinff.obj</name>
      </input_file>
      <input_file id="fl-95">
         <path>C:\MATHLIB_Tools\CCSV5_5_0\ccsv5\tools\compiler\c6000_7.4.2\lib\</path>
         <kind>archive</kind>
         <file>rts6740.lib</file>
         <name>llshift.obj</name>
      </input_file>
      <input_file id="fl-96">
         <path>C:\MATHLIB_Tools\CCSV5_5_0\ccsv5\tools\compiler\c6000_7.4.2\lib\</path>
         <kind>archive</kind>
         <file>rts6740.lib</file>
         <name>lowlev.obj</name>
      </input_file>
      <input_file id="fl-97">
         <path>C:\MATHLIB_Tools\CCSV5_5_0\ccsv5\tools\compiler\c6000_7.4.2\lib\</path>
         <kind>archive</kind>
         <file>rts6740.lib</file>
         <name>memcpy64.obj</name>
      </input_file>
      <input_file id="fl-98">
         <path>C:\MATHLIB_Tools\CCSV5_5_0\ccsv5\tools\compiler\c6000_7.4.2\lib\</path>
         <kind>archive</kind>
         <file>rts6740.lib</file>
         <name>memory.obj</name>
      </input_file>
      <input_file id="fl-99">
         <path>C:\MATHLIB_Tools\CCSV5_5_0\ccsv5\tools\compiler\c6000_7.4.2\lib\</path>
         <kind>archive</kind>
         <file>rts6740.lib</file>
         <name>memset.obj</name>
      </input_file>
      <input_file id="fl-9a">
         <path>C:\MATHLIB_Tools\CCSV5_5_0\ccsv5\tools\compiler\c6000_7.4.2\lib\</path>
         <kind>archive</kind>
         <file>rts6740.lib</file>
         <name>negll.obj</name>
      </input_file>
      <input_file id="fl-9b">
         <path>C:\MATHLIB_Tools\CCSV5_5_0\ccsv5\tools\compiler\c6000_7.4.2\lib\</path>
         <kind>archive</kind>
         <file>rts6740.lib</file>
         <name>printf.obj</name>
      </input_file>
      <input_file id="fl-9c">
         <path>C:\MATHLIB_Tools\CCSV5_5_0\ccsv5\tools\compiler\c6000_7.4.2\lib\</path>
         <kind>archive</kind>
         <file>rts6740.lib</file>
         <name>rand.obj</name>
      </input_file>
      <input_file id="fl-9d">
         <path>C:\MATHLIB_Tools\CCSV5_5_0\ccsv5\tools\compiler\c6000_7.4.2\lib\</path>
         <kind>archive</kind>
         <file>rts6740.lib</file>
         <name>remove.obj</name>
      </input_file>
      <input_file id="fl-9e">
         <path>C:\MATHLIB_Tools\CCSV5_5_0\ccsv5\tools\compiler\c6000_7.4.2\lib\</path>
         <kind>archive</kind>
         <file>rts6740.lib</file>
         <name>sqrt.obj</name>
      </input_file>
      <input_file id="fl-9f">
         <path>C:\MATHLIB_Tools\CCSV5_5_0\ccsv5\tools\compiler\c6000_7.4.2\lib\</path>
         <kind>archive</kind>
         <file>rts6740.lib</file>
         <name>sqrtf.obj</name>
      </input_file>
      <input_file id="fl-a0">
         <path>C:\MATHLIB_Tools\CCSV5_5_0\ccsv5\tools\compiler\c6000_7.4.2\lib\</path>
         <kind>archive</kind>
         <file>rts6740.lib</file>
         <name>trgdrv.obj</name>
      </input_file>
      <input_file id="fl-a1">
         <path>C:\MATHLIB_Tools\CCSV5_5_0\ccsv5\tools\compiler\c6000_7.4.2\lib\</path>
         <kind>archive</kind>
         <file>rts6740.lib</file>
         <name>trgmsg.obj</name>
      </input_file>
      <input_file id="fl-a2">
         <path>C:\MATHLIB_Tools\CCSV5_5_0\ccsv5\tools\compiler\c6000_7.4.2\lib\</path>
         <kind>archive</kind>
         <file>rts6740.lib</file>
         <name>_io_perm.obj</name>
      </input_file>
      <input_file id="fl-a3">
         <path>C:\MATHLIB_Tools\CCSV5_5_0\ccsv5\tools\compiler\c6000_7.4.2\lib\</path>
         <kind>archive</kind>
         <file>rts6740.lib</file>
         <name>_lock.obj</name>
      </input_file>
      <input_file id="fl-a4">
         <path>C:\MATHLIB_Tools\CCSV5_5_0\ccsv5\tools\compiler\c6000_7.4.2\lib\</path>
         <kind>archive</kind>
         <file>rts6740.lib</file>
         <name>_printfi.obj</name>
      </input_file>
      <input_file id="fl-a5">
         <path>C:\MATHLIB_Tools\CCSV5_5_0\ccsv5\tools\compiler\c6000_7.4.2\lib\</path>
         <kind>archive</kind>
         <file>rts6740.lib</file>
         <name>args_main.obj</name>
      </input_file>
      <input_file id="fl-a6">
         <path>C:\MATHLIB_Tools\CCSV5_5_0\ccsv5\tools\compiler\c6000_7.4.2\lib\</path>
         <kind>archive</kind>
         <file>rts6740.lib</file>
         <name>atoi.obj</name>
      </input_file>
      <input_file id="fl-a7">
         <path>C:\MATHLIB_Tools\CCSV5_5_0\ccsv5\tools\compiler\c6000_7.4.2\lib\</path>
         <kind>archive</kind>
         <file>rts6740.lib</file>
         <name>autoinit.obj</name>
      </input_file>
      <input_file id="fl-a8">
         <path>C:\MATHLIB_Tools\CCSV5_5_0\ccsv5\tools\compiler\c6000_7.4.2\lib\</path>
         <kind>archive</kind>
         <file>rts6740.lib</file>
         <name>cpp_init.obj</name>
      </input_file>
      <input_file id="fl-a9">
         <path>C:\MATHLIB_Tools\CCSV5_5_0\ccsv5\tools\compiler\c6000_7.4.2\lib\</path>
         <kind>archive</kind>
         <file>rts6740.lib</file>
         <name>cpy_tbl.obj</name>
      </input_file>
      <input_file id="fl-aa">
         <path>C:\MATHLIB_Tools\CCSV5_5_0\ccsv5\tools\compiler\c6000_7.4.2\lib\</path>
         <kind>archive</kind>
         <file>rts6740.lib</file>
         <name>ctype.obj</name>
      </input_file>
      <input_file id="fl-ab">
         <path>C:\MATHLIB_Tools\CCSV5_5_0\ccsv5\tools\compiler\c6000_7.4.2\lib\</path>
         <kind>archive</kind>
         <file>rts6740.lib</file>
         <name>defs.obj</name>
      </input_file>
      <input_file id="fl-ac">
         <path>C:\MATHLIB_Tools\CCSV5_5_0\ccsv5\tools\compiler\c6000_7.4.2\lib\</path>
         <kind>archive</kind>
         <file>rts6740.lib</file>
         <name>divu.obj</name>
      </input_file>
      <input_file id="fl-ad">
         <path>C:\MATHLIB_Tools\CCSV5_5_0\ccsv5\tools\compiler\c6000_7.4.2\lib\</path>
         <kind>archive</kind>
         <file>rts6740.lib</file>
         <name>fixdli.obj</name>
      </input_file>
      <input_file id="fl-ae">
         <path>C:\MATHLIB_Tools\CCSV5_5_0\ccsv5\tools\compiler\c6000_7.4.2\lib\</path>
         <kind>archive</kind>
         <file>rts6740.lib</file>
         <name>fltlid.obj</name>
      </input_file>
      <input_file id="fl-af">
         <path>C:\MATHLIB_Tools\CCSV5_5_0\ccsv5\tools\compiler\c6000_7.4.2\lib\</path>
         <kind>archive</kind>
         <file>rts6740.lib</file>
         <name>fseek.obj</name>
      </input_file>
      <input_file id="fl-b0">
         <path>C:\MATHLIB_Tools\CCSV5_5_0\ccsv5\tools\compiler\c6000_7.4.2\lib\</path>
         <kind>archive</kind>
         <file>rts6740.lib</file>
         <name>imath40.obj</name>
      </input_file>
      <input_file id="fl-b1">
         <path>C:\MATHLIB_Tools\CCSV5_5_0\ccsv5\tools\compiler\c6000_7.4.2\lib\</path>
         <kind>archive</kind>
         <file>rts6740.lib</file>
         <name>imath64.obj</name>
      </input_file>
      <input_file id="fl-b2">
         <path>C:\MATHLIB_Tools\CCSV5_5_0\ccsv5\tools\compiler\c6000_7.4.2\lib\</path>
         <kind>archive</kind>
         <file>rts6740.lib</file>
         <name>isinf.obj</name>
      </input_file>
      <input_file id="fl-b3">
         <path>C:\MATHLIB_Tools\CCSV5_5_0\ccsv5\tools\compiler\c6000_7.4.2\lib\</path>
         <kind>archive</kind>
         <file>rts6740.lib</file>
         <name>ltoa.obj</name>
      </input_file>
      <input_file id="fl-b4">
         <path>C:\MATHLIB_Tools\CCSV5_5_0\ccsv5\tools\compiler\c6000_7.4.2\lib\</path>
         <kind>archive</kind>
         <file>rts6740.lib</file>
         <name>memccpy.obj</name>
      </input_file>
      <input_file id="fl-b5">
         <path>C:\MATHLIB_Tools\CCSV5_5_0\ccsv5\tools\compiler\c6000_7.4.2\lib\</path>
         <kind>archive</kind>
         <file>rts6740.lib</file>
         <name>setvbuf.obj</name>
      </input_file>
      <input_file id="fl-b6">
         <path>C:\MATHLIB_Tools\CCSV5_5_0\ccsv5\tools\compiler\c6000_7.4.2\lib\</path>
         <kind>archive</kind>
         <file>rts6740.lib</file>
         <name>abs.obj</name>
      </input_file>
   </input_file_list>
   <object_component_list>
      <object_component id="oc-23">
         <name>.text:optasm</name>
         <load_address>0x82f020</load_address>
         <run_address>0x82f020</run_address>
         <size>0xa0</size>
         <input_file_ref idref="fl-e"/>
      </object_component>
      <object_component id="oc-e2">
         <name>.text:optvec</name>
         <load_address>0x82ecc0</load_address>
         <run_address>0x82ecc0</run_address>
         <size>0x360</size>
         <input_file_ref idref="fl-d"/>
      </object_component>
      <object_component id="oc-e1">
         <name>.text:optci</name>
         <load_address>0x82f0c0</load_address>
         <run_address>0x82f0c0</run_address>
         <size>0x80</size>
         <input_file_ref idref="fl-c"/>
      </object_component>
      <object_component id="oc-db">
         <name>.text</name>
         <load_address>0x81e180</load_address>
         <run_address>0x81e180</run_address>
         <size>0x1040</size>
         <input_file_ref idref="fl-2"/>
      </object_component>
      <object_component id="oc-df">
         <name>.text</name>
         <load_address>0x81f1c0</load_address>
         <run_address>0x81f1c0</run_address>
         <size>0x660</size>
         <input_file_ref idref="fl-4"/>
      </object_component>
      <object_component id="oc-ed">
         <name>.text:__divd</name>
         <load_address>0x81f820</load_address>
         <run_address>0x81f820</run_address>
         <size>0x5a0</size>
         <input_file_ref idref="fl-87"/>
      </object_component>
      <object_component id="oc-11c">
         <name>.text:__getarg_diouxp</name>
         <load_address>0x81fdc0</load_address>
         <run_address>0x81fdc0</run_address>
         <size>0x580</size>
         <input_file_ref idref="fl-a4"/>
      </object_component>
      <object_component id="oc-f4">
         <name>.text:__printfi</name>
         <load_address>0x820340</load_address>
         <run_address>0x820340</run_address>
         <size>0x440</size>
         <input_file_ref idref="fl-a4"/>
      </object_component>
      <object_component id="oc-ff">
         <name>.text:__setfield</name>
         <load_address>0x820780</load_address>
         <run_address>0x820780</run_address>
         <size>0x440</size>
         <input_file_ref idref="fl-a4"/>
      </object_component>
      <object_component id="oc-fc">
         <name>.text:_fputs</name>
         <load_address>0x820bc0</load_address>
         <run_address>0x820bc0</run_address>
         <size>0x3a0</size>
         <input_file_ref idref="fl-92"/>
      </object_component>
      <object_component id="oc-e3">
         <name>.text</name>
         <load_address>0x820f60</load_address>
         <run_address>0x820f60</run_address>
         <size>0x340</size>
         <input_file_ref idref="fl-3"/>
      </object_component>
      <object_component id="oc-10c">
         <name>.text:__pproc_fge</name>
         <load_address>0x8212a0</load_address>
         <run_address>0x8212a0</run_address>
         <size>0x320</size>
         <input_file_ref idref="fl-a4"/>
      </object_component>
      <object_component id="oc-fe">
         <name>.text:__pproc_fwp</name>
         <load_address>0x8215c0</load_address>
         <run_address>0x8215c0</run_address>
         <size>0x2c0</size>
         <input_file_ref idref="fl-a4"/>
      </object_component>
      <object_component id="oc-121">
         <name>.text:_ecvt</name>
         <load_address>0x821880</load_address>
         <run_address>0x821880</run_address>
         <size>0x2a0</size>
         <input_file_ref idref="fl-a4"/>
      </object_component>
      <object_component id="oc-124">
         <name>.text:_fcvt</name>
         <load_address>0x821b20</load_address>
         <run_address>0x821b20</run_address>
         <size>0x2a0</size>
         <input_file_ref idref="fl-a4"/>
      </object_component>
      <object_component id="oc-ef">
         <name>.text:__divf</name>
         <load_address>0x821dc0</load_address>
         <run_address>0x821dc0</run_address>
         <size>0x280</size>
         <input_file_ref idref="fl-88"/>
      </object_component>
      <object_component id="oc-106">
         <name>.text:_free</name>
         <load_address>0x822040</load_address>
         <run_address>0x822040</run_address>
         <size>0x280</size>
         <input_file_ref idref="fl-98"/>
      </object_component>
      <object_component id="oc-12c">
         <name>.text:__divull</name>
         <load_address>0x8222c0</load_address>
         <run_address>0x8222c0</run_address>
         <size>0x260</size>
         <input_file_ref idref="fl-b1"/>
      </object_component>
      <object_component id="oc-11b">
         <name>.text:__pconv_e</name>
         <load_address>0x822520</load_address>
         <run_address>0x822520</run_address>
         <size>0x260</size>
         <input_file_ref idref="fl-a4"/>
      </object_component>
      <object_component id="oc-10d">
         <name>.text:__pproc_diouxp</name>
         <load_address>0x822780</load_address>
         <run_address>0x822780</run_address>
         <size>0x240</size>
         <input_file_ref idref="fl-a4"/>
      </object_component>
      <object_component id="oc-100">
         <name>.text:__pproc_str</name>
         <load_address>0x8229c0</load_address>
         <run_address>0x8229c0</run_address>
         <size>0x220</size>
         <input_file_ref idref="fl-a4"/>
      </object_component>
      <object_component id="oc-101">
         <name>.text:_fputc</name>
         <load_address>0x822be0</load_address>
         <run_address>0x822be0</run_address>
         <size>0x220</size>
         <input_file_ref idref="fl-91"/>
      </object_component>
      <object_component id="oc-119">
         <name>.text:__pconv_g</name>
         <load_address>0x822e00</load_address>
         <run_address>0x822e00</run_address>
         <size>0x200</size>
         <input_file_ref idref="fl-a4"/>
      </object_component>
      <object_component id="oc-115">
         <name>.text:_setvbuf</name>
         <load_address>0x823000</load_address>
         <run_address>0x823000</run_address>
         <size>0x200</size>
         <input_file_ref idref="fl-b5"/>
      </object_component>
      <object_component id="oc-123">
         <name>.text:__mcpy</name>
         <load_address>0x823200</load_address>
         <run_address>0x823200</run_address>
         <size>0x1c0</size>
         <input_file_ref idref="fl-a4"/>
      </object_component>
      <object_component id="oc-f7">
         <name>.text:__openfile</name>
         <load_address>0x8233c0</load_address>
         <run_address>0x8233c0</run_address>
         <size>0x1c0</size>
         <input_file_ref idref="fl-8f"/>
      </object_component>
      <object_component id="oc-12b">
         <name>.text:__divul</name>
         <load_address>0x823580</load_address>
         <run_address>0x823580</run_address>
         <size>0x1a0</size>
         <input_file_ref idref="fl-b0"/>
      </object_component>
      <object_component id="oc-d6">
         <name>.text:_HOSTrename</name>
         <load_address>0x823720</load_address>
         <run_address>0x823720</run_address>
         <size>0x180</size>
         <input_file_ref idref="fl-a0"/>
      </object_component>
      <object_component id="oc-120">
         <name>.text:_malloc</name>
         <load_address>0x8238a0</load_address>
         <run_address>0x8238a0</run_address>
         <size>0x180</size>
         <input_file_ref idref="fl-98"/>
      </object_component>
      <object_component id="oc-104">
         <name>.text:_open</name>
         <load_address>0x823a20</load_address>
         <run_address>0x823a20</run_address>
         <size>0x180</size>
         <input_file_ref idref="fl-96"/>
      </object_component>
      <object_component id="oc-fd">
         <name>.text:__pproc_fflags</name>
         <load_address>0x823ba0</load_address>
         <run_address>0x823ba0</run_address>
         <size>0x140</size>
         <input_file_ref idref="fl-a4"/>
      </object_component>
      <object_component id="oc-110">
         <name>.text:_getdevice</name>
         <load_address>0x823ce0</load_address>
         <run_address>0x823ce0</run_address>
         <size>0x140</size>
         <input_file_ref idref="fl-96"/>
      </object_component>
      <object_component id="oc-fa">
         <name>.text:__closefile</name>
         <load_address>0x823e20</load_address>
         <run_address>0x823e20</run_address>
         <size>0x120</size>
         <input_file_ref idref="fl-8b"/>
      </object_component>
      <object_component id="oc-11d">
         <name>.text:__ltostr</name>
         <load_address>0x823f40</load_address>
         <run_address>0x823f40</run_address>
         <size>0x120</size>
         <input_file_ref idref="fl-a4"/>
      </object_component>
      <object_component id="oc-f6">
         <name>.text:__search_fp</name>
         <load_address>0x824060</load_address>
         <run_address>0x824060</run_address>
         <size>0x120</size>
         <input_file_ref idref="fl-8f"/>
      </object_component>
      <object_component id="oc-114">
         <name>.text:_fseek</name>
         <load_address>0x824180</load_address>
         <run_address>0x824180</run_address>
         <size>0x120</size>
         <input_file_ref idref="fl-af"/>
      </object_component>
      <object_component id="oc-d4">
         <name>.text:_HOSTlseek</name>
         <load_address>0x8242a0</load_address>
         <run_address>0x8242a0</run_address>
         <size>0x100</size>
         <input_file_ref idref="fl-a0"/>
      </object_component>
      <object_component id="oc-e6">
         <name>.text:__fixdlli</name>
         <load_address>0x8243a0</load_address>
         <run_address>0x8243a0</run_address>
         <size>0x100</size>
         <input_file_ref idref="fl-8d"/>
      </object_component>
      <object_component id="oc-109">
         <name>.text:__wrt_ok</name>
         <load_address>0x8244a0</load_address>
         <run_address>0x8244a0</run_address>
         <size>0x100</size>
         <input_file_ref idref="fl-a2"/>
      </object_component>
      <object_component id="oc-ea">
         <name>.text:_fprintf</name>
         <load_address>0x8245a0</load_address>
         <run_address>0x8245a0</run_address>
         <size>0x100</size>
         <input_file_ref idref="fl-90"/>
      </object_component>
      <object_component id="oc-e4">
         <name>.text:_sqrt</name>
         <load_address>0x8246a0</load_address>
         <run_address>0x8246a0</run_address>
         <size>0x100</size>
         <input_file_ref idref="fl-9e"/>
      </object_component>
      <object_component id="oc-e0">
         <name>.text:_sqrtf</name>
         <load_address>0x8247a0</load_address>
         <run_address>0x8247a0</run_address>
         <size>0x100</size>
         <input_file_ref idref="fl-9f"/>
      </object_component>
      <object_component id="oc-d0">
         <name>.text:_HOSTopen</name>
         <load_address>0x8248a0</load_address>
         <run_address>0x8248a0</run_address>
         <size>0xe0</size>
         <input_file_ref idref="fl-a0"/>
      </object_component>
      <object_component id="oc-e5">
         <name>.text:__fltllif</name>
         <load_address>0x824980</load_address>
         <run_address>0x824980</run_address>
         <size>0xe0</size>
         <input_file_ref idref="fl-8e"/>
      </object_component>
      <object_component id="oc-10b">
         <name>.text:_atoi</name>
         <load_address>0x824a60</load_address>
         <run_address>0x824a60</run_address>
         <size>0xe0</size>
         <input_file_ref idref="fl-a6"/>
      </object_component>
      <object_component id="oc-107">
         <name>.text:_close</name>
         <load_address>0x824b40</load_address>
         <run_address>0x824b40</run_address>
         <size>0xe0</size>
         <input_file_ref idref="fl-96"/>
      </object_component>
      <object_component id="oc-102">
         <name>.text:_memset</name>
         <load_address>0x824c20</load_address>
         <run_address>0x824c20</run_address>
         <size>0xe0</size>
         <input_file_ref idref="fl-99"/>
      </object_component>
      <object_component id="oc-e7">
         <name>.text:_printf</name>
         <load_address>0x824d00</load_address>
         <run_address>0x824d00</run_address>
         <size>0xe0</size>
         <input_file_ref idref="fl-9b"/>
      </object_component>
      <object_component id="oc-d2">
         <name>.text:_HOSTread</name>
         <load_address>0x824de0</load_address>
         <run_address>0x824de0</run_address>
         <size>0xc0</size>
         <input_file_ref idref="fl-a0"/>
      </object_component>
      <object_component id="oc-d5">
         <name>.text:_HOSTunlink</name>
         <load_address>0x824ea0</load_address>
         <run_address>0x824ea0</run_address>
         <size>0xc0</size>
         <input_file_ref idref="fl-a0"/>
      </object_component>
      <object_component id="oc-d3">
         <name>.text:_HOSTwrite</name>
         <load_address>0x824f60</load_address>
         <run_address>0x824f60</run_address>
         <size>0xc0</size>
         <input_file_ref idref="fl-a0"/>
      </object_component>
      <object_component id="oc-cd">
         <name>.text:__auto_init</name>
         <load_address>0x825020</load_address>
         <run_address>0x825020</run_address>
         <size>0xc0</size>
         <input_file_ref idref="fl-a7"/>
      </object_component>
      <object_component id="oc-126">
         <name>.text:__div</name>
         <load_address>0x8250e0</load_address>
         <run_address>0x8250e0</run_address>
         <size>0xc0</size>
         <input_file_ref idref="fl-a4"/>
      </object_component>
      <object_component id="oc-12a">
         <name>.text:__divu</name>
         <load_address>0x8251a0</load_address>
         <run_address>0x8251a0</run_address>
         <size>0xc0</size>
         <input_file_ref idref="fl-ac"/>
      </object_component>
      <object_component id="oc-105">
         <name>.text:__doflush</name>
         <load_address>0x825260</load_address>
         <run_address>0x825260</run_address>
         <size>0xc0</size>
         <input_file_ref idref="fl-8c"/>
      </object_component>
      <object_component id="oc-cf">
         <name>.text:_exit</name>
         <load_address>0x825320</load_address>
         <run_address>0x825320</run_address>
         <size>0xc0</size>
         <input_file_ref idref="fl-8a"/>
      </object_component>
      <object_component id="oc-128">
         <name>.text:_ltoa</name>
         <load_address>0x8253e0</load_address>
         <run_address>0x8253e0</run_address>
         <size>0xc0</size>
         <input_file_ref idref="fl-b3"/>
      </object_component>
      <object_component id="oc-d1">
         <name>.text:_HOSTclose</name>
         <load_address>0x8254a0</load_address>
         <run_address>0x8254a0</run_address>
         <size>0xa0</size>
         <input_file_ref idref="fl-a0"/>
      </object_component>
      <object_component id="oc-103">
         <name>.text:__cleanup</name>
         <load_address>0x825540</load_address>
         <run_address>0x825540</run_address>
         <size>0xa0</size>
         <input_file_ref idref="fl-8f"/>
      </object_component>
      <object_component id="oc-12e">
         <name>.text:__divli</name>
         <load_address>0x8255e0</load_address>
         <run_address>0x8255e0</run_address>
         <size>0xa0</size>
         <input_file_ref idref="fl-b0"/>
      </object_component>
      <object_component id="oc-122">
         <name>.text:__ecpy</name>
         <load_address>0x825680</load_address>
         <run_address>0x825680</run_address>
         <size>0xa0</size>
         <input_file_ref idref="fl-a4"/>
      </object_component>
      <object_component id="oc-125">
         <name>.text:__fcpy</name>
         <load_address>0x825720</load_address>
         <run_address>0x825720</run_address>
         <size>0xa0</size>
         <input_file_ref idref="fl-a4"/>
      </object_component>
      <object_component id="oc-127">
         <name>.text:__fixdli</name>
         <load_address>0x8257c0</load_address>
         <run_address>0x8257c0</run_address>
         <size>0xa0</size>
         <input_file_ref idref="fl-ad"/>
      </object_component>
      <object_component id="oc-11a">
         <name>.text:__pconv_f</name>
         <load_address>0x825860</load_address>
         <run_address>0x825860</run_address>
         <size>0xa0</size>
         <input_file_ref idref="fl-a4"/>
      </object_component>
      <object_component id="oc-d8">
         <name>.text:_copy_in</name>
         <load_address>0x825900</load_address>
         <run_address>0x825900</run_address>
         <size>0xa0</size>
         <input_file_ref idref="fl-a9"/>
      </object_component>
      <object_component id="oc-11e">
         <name>.text:_finddevice</name>
         <load_address>0x8259a0</load_address>
         <run_address>0x8259a0</run_address>
         <size>0xa0</size>
         <input_file_ref idref="fl-96"/>
      </object_component>
      <object_component id="oc-11f">
         <name>.text:_lseek</name>
         <load_address>0x825a40</load_address>
         <run_address>0x825a40</run_address>
         <size>0xa0</size>
         <input_file_ref idref="fl-96"/>
      </object_component>
      <object_component id="oc-d9">
         <name>.text:_memcpy</name>
         <load_address>0x825ae0</load_address>
         <run_address>0x825ae0</run_address>
         <size>0xa0</size>
         <input_file_ref idref="fl-97"/>
      </object_component>
      <object_component id="oc-112">
         <name>.text:_minsert</name>
         <load_address>0x825b80</load_address>
         <run_address>0x825b80</run_address>
         <size>0xa0</size>
         <input_file_ref idref="fl-98"/>
      </object_component>
      <object_component id="oc-111">
         <name>.text:_mremove</name>
         <load_address>0x825c20</load_address>
         <run_address>0x825c20</run_address>
         <size>0xa0</size>
         <input_file_ref idref="fl-98"/>
      </object_component>
      <object_component id="oc-10a">
         <name>.text:_write</name>
         <load_address>0x825cc0</load_address>
         <run_address>0x825cc0</run_address>
         <size>0xa0</size>
         <input_file_ref idref="fl-96"/>
      </object_component>
      <object_component id="oc-129">
         <name>.text:__fltlid</name>
         <load_address>0x825d60</load_address>
         <run_address>0x825d60</run_address>
         <size>0x80</size>
         <input_file_ref idref="fl-ae"/>
      </object_component>
      <object_component id="oc-f1">
         <name>.text:__llshl</name>
         <load_address>0x825de0</load_address>
         <run_address>0x825de0</run_address>
         <size>0x80</size>
         <input_file_ref idref="fl-95"/>
      </object_component>
      <object_component id="oc-1b">
         <name>.text:_c_int00</name>
         <load_address>0x825e60</load_address>
         <run_address>0x825e60</run_address>
         <size>0x80</size>
         <input_file_ref idref="fl-86"/>
      </object_component>
      <object_component id="oc-e8">
         <name>.text:_rand</name>
         <load_address>0x825ee0</load_address>
         <run_address>0x825ee0</run_address>
         <size>0x80</size>
         <input_file_ref idref="fl-9c"/>
      </object_component>
      <object_component id="oc-de">
         <name>.text:_readmsg</name>
         <load_address>0x825f60</load_address>
         <run_address>0x825f60</run_address>
         <size>0x80</size>
         <input_file_ref idref="fl-a1"/>
      </object_component>
      <object_component id="oc-113">
         <name>.text:_unlink</name>
         <load_address>0x825fe0</load_address>
         <run_address>0x825fe0</run_address>
         <size>0x80</size>
         <input_file_ref idref="fl-96"/>
      </object_component>
      <object_component id="oc-da">
         <name>.text:___TI_cpp_init</name>
         <load_address>0x826060</load_address>
         <run_address>0x826060</run_address>
         <size>0x60</size>
         <input_file_ref idref="fl-a8"/>
      </object_component>
      <object_component id="oc-12f">
         <name>.text:__subcull</name>
         <load_address>0x8260c0</load_address>
         <run_address>0x8260c0</run_address>
         <size>0x60</size>
         <input_file_ref idref="fl-b1"/>
      </object_component>
      <object_component id="oc-eb">
         <name>.text:_fclose</name>
         <load_address>0x826120</load_address>
         <run_address>0x826120</run_address>
         <size>0x60</size>
         <input_file_ref idref="fl-8b"/>
      </object_component>
      <object_component id="oc-e9">
         <name>.text:_fopen</name>
         <load_address>0x826180</load_address>
         <run_address>0x826180</run_address>
         <size>0x60</size>
         <input_file_ref idref="fl-8f"/>
      </object_component>
      <object_component id="oc-10e">
         <name>.text:_memccpy</name>
         <load_address>0x8261e0</load_address>
         <run_address>0x8261e0</run_address>
         <size>0x60</size>
         <input_file_ref idref="fl-b4"/>
      </object_component>
      <object_component id="oc-ec">
         <name>.text:_srand</name>
         <load_address>0x826240</load_address>
         <run_address>0x826240</run_address>
         <size>0x60</size>
         <input_file_ref idref="fl-9c"/>
      </object_component>
      <object_component id="oc-10f">
         <name>.text:_tabinit</name>
         <load_address>0x8262a0</load_address>
         <run_address>0x8262a0</run_address>
         <size>0x60</size>
         <input_file_ref idref="fl-96"/>
      </object_component>
      <object_component id="oc-dd">
         <name>.text:_writemsg</name>
         <load_address>0x826300</load_address>
         <run_address>0x826300</run_address>
         <size>0x60</size>
         <input_file_ref idref="fl-a1"/>
      </object_component>
      <object_component id="oc-118">
         <name>.text:___isinf</name>
         <load_address>0x826360</load_address>
         <run_address>0x826360</run_address>
         <size>0x40</size>
         <input_file_ref idref="fl-b2"/>
      </object_component>
      <object_component id="oc-117">
         <name>.text:___isnan</name>
         <load_address>0x8263a0</load_address>
         <run_address>0x8263a0</run_address>
         <size>0x40</size>
         <input_file_ref idref="fl-a4"/>
      </object_component>
      <object_component id="oc-ce">
         <name>.text:__args_main</name>
         <load_address>0x8263e0</load_address>
         <run_address>0x8263e0</run_address>
         <size>0x40</size>
         <input_file_ref idref="fl-a5"/>
      </object_component>
      <object_component id="oc-fb">
         <name>.text:__frcmpyd_div</name>
         <load_address>0x826420</load_address>
         <run_address>0x826420</run_address>
         <size>0x40</size>
         <input_file_ref idref="fl-93"/>
      </object_component>
      <object_component id="oc-f2">
         <name>.text:__llshru</name>
         <load_address>0x826460</load_address>
         <run_address>0x826460</run_address>
         <size>0x40</size>
         <input_file_ref idref="fl-95"/>
      </object_component>
      <object_component id="oc-12d">
         <name>.text:__remli</name>
         <load_address>0x8264a0</load_address>
         <run_address>0x8264a0</run_address>
         <size>0x40</size>
         <input_file_ref idref="fl-b0"/>
      </object_component>
      <object_component id="oc-ee">
         <name>.text:___isinff</name>
         <load_address>0x8264e0</load_address>
         <run_address>0x8264e0</run_address>
         <size>0x20</size>
         <input_file_ref idref="fl-94"/>
      </object_component>
      <object_component id="oc-f0">
         <name>.text:__negll</name>
         <load_address>0x826500</load_address>
         <run_address>0x826500</run_address>
         <size>0x20</size>
         <input_file_ref idref="fl-9a"/>
      </object_component>
      <object_component id="oc-d7">
         <name>.text:__nop</name>
         <load_address>0x826520</load_address>
         <run_address>0x826520</run_address>
         <size>0x20</size>
         <input_file_ref idref="fl-a3"/>
      </object_component>
      <object_component id="oc-f9">
         <name>.text:__outc</name>
         <load_address>0x826540</load_address>
         <run_address>0x826540</run_address>
         <size>0x20</size>
         <input_file_ref idref="fl-90"/>
      </object_component>
      <object_component id="oc-f5">
         <name>.text:__outc</name>
         <load_address>0x826560</load_address>
         <run_address>0x826560</run_address>
         <size>0x20</size>
         <input_file_ref idref="fl-9b"/>
      </object_component>
      <object_component id="oc-f8">
         <name>.text:__outs</name>
         <load_address>0x826580</load_address>
         <run_address>0x826580</run_address>
         <size>0x20</size>
         <input_file_ref idref="fl-90"/>
      </object_component>
      <object_component id="oc-f3">
         <name>.text:__outs</name>
         <load_address>0x8265a0</load_address>
         <run_address>0x8265a0</run_address>
         <size>0x20</size>
         <input_file_ref idref="fl-9b"/>
      </object_component>
      <object_component id="oc-dc">
         <name>.text:_abort</name>
         <load_address>0x8265c0</load_address>
         <run_address>0x8265c0</run_address>
         <size>0x20</size>
         <input_file_ref idref="fl-8a"/>
      </object_component>
      <object_component id="oc-108">
         <name>.text:_remove</name>
         <load_address>0x8265e0</load_address>
         <run_address>0x8265e0</run_address>
         <size>0x20</size>
         <input_file_ref idref="fl-9d"/>
      </object_component>
      <object_component id="oc-150">
         <name>$Tramp$S$$_sqrtsp_v</name>
         <load_address>0x826600</load_address>
         <run_address>0x826600</run_address>
         <size>0x10</size>
         <input_file_ref idref="fl-d"/>
      </object_component>
      <object_component id="oc-14f">
         <name>$Tramp$S$$_sqrtsp_c</name>
         <load_address>0x826610</load_address>
         <run_address>0x826610</run_address>
         <size>0x10</size>
         <input_file_ref idref="fl-c"/>
      </object_component>
      <object_component id="oc-14e">
         <name>$Tramp$S$$_sqrtsp</name>
         <load_address>0x826620</load_address>
         <run_address>0x826620</run_address>
         <size>0x10</size>
         <input_file_ref idref="fl-e"/>
      </object_component>
      <object_component id="oc-20">
         <name>.far</name>
         <uninitialized>true</uninitialized>
         <run_address>0x800000</run_address>
         <size>0x11c80</size>
         <input_file_ref idref="fl-3"/>
      </object_component>
      <object_component id="oc-aa">
         <name>.far</name>
         <uninitialized>true</uninitialized>
         <run_address>0x811c80</run_address>
         <size>0x324</size>
         <input_file_ref idref="fl-ab"/>
      </object_component>
      <object_component id="oc-33">
         <name>.far</name>
         <uninitialized>true</uninitialized>
         <run_address>0x811fa4</run_address>
         <size>0x4</size>
         <input_file_ref idref="fl-89"/>
      </object_component>
      <object_component id="oc-60">
         <name>.far</name>
         <uninitialized>true</uninitialized>
         <run_address>0x811fa8</run_address>
         <size>0x11c</size>
         <input_file_ref idref="fl-96"/>
      </object_component>
      <object_component id="oc-48">
         <name>.far</name>
         <uninitialized>true</uninitialized>
         <run_address>0x8120c4</run_address>
         <size>0x4</size>
         <input_file_ref idref="fl-8f"/>
      </object_component>
      <object_component id="oc-21">
         <name>.far</name>
         <uninitialized>true</uninitialized>
         <run_address>0x8120c8</run_address>
         <size>0x60</size>
         <input_file_ref idref="fl-4"/>
      </object_component>
      <object_component id="oc-1d">
         <name>.far</name>
         <uninitialized>true</uninitialized>
         <run_address>0x812128</run_address>
         <size>0x28</size>
         <input_file_ref idref="fl-2"/>
      </object_component>
      <object_component id="oc-37">
         <name>.far</name>
         <uninitialized>true</uninitialized>
         <run_address>0x812150</run_address>
         <size>0xc</size>
         <input_file_ref idref="fl-8a"/>
      </object_component>
      <object_component id="oc-90">
         <name>.far</name>
         <uninitialized>true</uninitialized>
         <run_address>0x81215c</run_address>
         <size>0x8</size>
         <input_file_ref idref="fl-a3"/>
      </object_component>
      <object_component id="oc-68">
         <name>.far</name>
         <uninitialized>true</uninitialized>
         <run_address>0x812164</run_address>
         <size>0x8</size>
         <input_file_ref idref="fl-98"/>
      </object_component>
      <object_component id="oc-77">
         <name>.far</name>
         <uninitialized>true</uninitialized>
         <run_address>0x812170</run_address>
         <size>0x8</size>
         <input_file_ref idref="fl-9c"/>
      </object_component>
      <object_component id="oc-84">
         <name>.far</name>
         <uninitialized>true</uninitialized>
         <run_address>0x812178</run_address>
         <size>0x8</size>
         <input_file_ref idref="fl-a0"/>
      </object_component>
      <object_component id="oc-28">
         <name>.stack</name>
         <uninitialized>true</uninitialized>
         <run_address>0x812180</run_address>
         <size>0x8</size>
         <input_file_ref idref="fl-86"/>
      </object_component>
      <object_component id="oc-14c">
         <name>.stack</name>
         <uninitialized>true</uninitialized>
         <run_address>0x812180</run_address>
         <size>0x0</size>
      </object_component>
      <object_component id="oc-69">
         <name>.sysmem</name>
         <uninitialized>true</uninitialized>
         <run_address>0x826640</run_address>
         <size>0x8</size>
         <input_file_ref idref="fl-98"/>
      </object_component>
      <object_component id="oc-14d">
         <name>.sysmem</name>
         <uninitialized>true</uninitialized>
         <run_address>0x826640</run_address>
         <size>0x0</size>
      </object_component>
      <object_component id="oc-a9">
         <name>.cinit</name>
         <load_address>0x82e9c8</load_address>
         <run_address>0x82e9c8</run_address>
         <size>0x5c</size>
         <input_file_ref idref="fl-ab"/>
      </object_component>
      <object_component id="oc-5f">
         <name>.cinit</name>
         <load_address>0x82ea28</load_address>
         <run_address>0x82ea28</run_address>
         <size>0x5c</size>
         <input_file_ref idref="fl-96"/>
      </object_component>
      <object_component id="oc-1f">
         <name>.cinit</name>
         <load_address>0x82ea88</load_address>
         <run_address>0x82ea88</run_address>
         <size>0x30</size>
         <input_file_ref idref="fl-3"/>
      </object_component>
      <object_component id="oc-1c">
         <name>.cinit</name>
         <load_address>0x82eab8</load_address>
         <run_address>0x82eab8</run_address>
         <size>0x30</size>
         <input_file_ref idref="fl-2"/>
      </object_component>
      <object_component id="oc-36">
         <name>.cinit</name>
         <load_address>0x82eae8</load_address>
         <run_address>0x82eae8</run_address>
         <size>0x2c</size>
         <input_file_ref idref="fl-8a"/>
      </object_component>
      <object_component id="oc-67">
         <name>.cinit</name>
         <load_address>0x82eb18</load_address>
         <run_address>0x82eb18</run_address>
         <size>0x2c</size>
         <input_file_ref idref="fl-98"/>
      </object_component>
      <object_component id="oc-8f">
         <name>.cinit</name>
         <load_address>0x82eb48</load_address>
         <run_address>0x82eb48</run_address>
         <size>0x1c</size>
         <input_file_ref idref="fl-a3"/>
      </object_component>
      <object_component id="oc-76">
         <name>.cinit</name>
         <load_address>0x82eb68</load_address>
         <run_address>0x82eb68</run_address>
         <size>0x10</size>
         <input_file_ref idref="fl-9c"/>
      </object_component>
      <object_component id="oc-32">
         <name>.cinit</name>
         <load_address>0x82eb78</load_address>
         <run_address>0x82eb78</run_address>
         <size>0xc</size>
         <input_file_ref idref="fl-89"/>
      </object_component>
      <object_component id="oc-47">
         <name>.cinit</name>
         <load_address>0x82eb88</load_address>
         <run_address>0x82eb88</run_address>
         <size>0xc</size>
         <input_file_ref idref="fl-8f"/>
      </object_component>
      <object_component id="oc-22">
         <name>.const:.string</name>
         <load_address>0x82e640</load_address>
         <run_address>0x82e640</run_address>
         <size>0x203</size>
         <input_file_ref idref="fl-4"/>
      </object_component>
      <object_component id="oc-52">
         <name>.const:.string</name>
         <load_address>0x82e843</load_address>
         <run_address>0x82e843</run_address>
         <size>0x2</size>
         <input_file_ref idref="fl-92"/>
      </object_component>
      <object_component id="oc-116">
         <name>.const:.string:__ctypes_</name>
         <load_address>0x82e848</load_address>
         <run_address>0x82e848</run_address>
         <size>0x101</size>
         <input_file_ref idref="fl-aa"/>
      </object_component>
      <object_component id="oc-1e">
         <name>.const:.string</name>
         <load_address>0x82e949</load_address>
         <run_address>0x82e949</run_address>
         <size>0x5a</size>
         <input_file_ref idref="fl-2"/>
      </object_component>
      <object_component id="oc-94">
         <name>.const:.string</name>
         <load_address>0x82e9a3</load_address>
         <run_address>0x82e9a3</run_address>
         <size>0x23</size>
         <input_file_ref idref="fl-a4"/>
      </object_component>
      <object_component id="oc-88">
         <name>.cio</name>
         <uninitialized>true</uninitialized>
         <run_address>0x82eb9c</run_address>
         <size>0x120</size>
         <input_file_ref idref="fl-a1"/>
      </object_component>
      <object_component id="oc-24">
         <name>.debug_info</name>
         <load_address>0x0</load_address>
         <run_address>0x0</run_address>
         <size>0xde</size>
         <input_file_ref idref="fl-e"/>
      </object_component>
      <object_component id="oc-27">
         <name>.debug_info</name>
         <load_address>0xde</load_address>
         <run_address>0xde</run_address>
         <size>0x6f2</size>
         <input_file_ref idref="fl-86"/>
      </object_component>
      <object_component id="oc-2b">
         <name>.debug_info</name>
         <load_address>0x7d0</load_address>
         <run_address>0x7d0</run_address>
         <size>0x96a</size>
         <input_file_ref idref="fl-87"/>
      </object_component>
      <object_component id="oc-2e">
         <name>.debug_info</name>
         <load_address>0x113a</load_address>
         <run_address>0x113a</run_address>
         <size>0x8b5</size>
         <input_file_ref idref="fl-88"/>
      </object_component>
      <object_component id="oc-31">
         <name>.debug_info</name>
         <load_address>0x19ef</load_address>
         <run_address>0x19ef</run_address>
         <size>0x5c9</size>
         <input_file_ref idref="fl-89"/>
      </object_component>
      <object_component id="oc-35">
         <name>.debug_info</name>
         <load_address>0x1fb8</load_address>
         <run_address>0x1fb8</run_address>
         <size>0x7bf</size>
         <input_file_ref idref="fl-8a"/>
      </object_component>
      <object_component id="oc-3a">
         <name>.debug_info</name>
         <load_address>0x2777</load_address>
         <run_address>0x2777</run_address>
         <size>0x867</size>
         <input_file_ref idref="fl-8b"/>
      </object_component>
      <object_component id="oc-3d">
         <name>.debug_info</name>
         <load_address>0x2fde</load_address>
         <run_address>0x2fde</run_address>
         <size>0x768</size>
         <input_file_ref idref="fl-8c"/>
      </object_component>
      <object_component id="oc-40">
         <name>.debug_info</name>
         <load_address>0x3746</load_address>
         <run_address>0x3746</run_address>
         <size>0x69e</size>
         <input_file_ref idref="fl-8d"/>
      </object_component>
      <object_component id="oc-43">
         <name>.debug_info</name>
         <load_address>0x3de4</load_address>
         <run_address>0x3de4</run_address>
         <size>0x676</size>
         <input_file_ref idref="fl-8e"/>
      </object_component>
      <object_component id="oc-46">
         <name>.debug_info</name>
         <load_address>0x445a</load_address>
         <run_address>0x445a</run_address>
         <size>0xa92</size>
         <input_file_ref idref="fl-8f"/>
      </object_component>
      <object_component id="oc-4b">
         <name>.debug_info</name>
         <load_address>0x4eec</load_address>
         <run_address>0x4eec</run_address>
         <size>0x8df</size>
         <input_file_ref idref="fl-90"/>
      </object_component>
      <object_component id="oc-4e">
         <name>.debug_info</name>
         <load_address>0x57cb</load_address>
         <run_address>0x57cb</run_address>
         <size>0x811</size>
         <input_file_ref idref="fl-91"/>
      </object_component>
      <object_component id="oc-51">
         <name>.debug_info</name>
         <load_address>0x5fdc</load_address>
         <run_address>0x5fdc</run_address>
         <size>0xa9d</size>
         <input_file_ref idref="fl-92"/>
      </object_component>
      <object_component id="oc-55">
         <name>.debug_info</name>
         <load_address>0x6a79</load_address>
         <run_address>0x6a79</run_address>
         <size>0x653</size>
         <input_file_ref idref="fl-93"/>
      </object_component>
      <object_component id="oc-58">
         <name>.debug_info</name>
         <load_address>0x70cc</load_address>
         <run_address>0x70cc</run_address>
         <size>0x802</size>
         <input_file_ref idref="fl-94"/>
      </object_component>
      <object_component id="oc-5b">
         <name>.debug_info</name>
         <load_address>0x78ce</load_address>
         <run_address>0x78ce</run_address>
         <size>0x6e8</size>
         <input_file_ref idref="fl-95"/>
      </object_component>
      <object_component id="oc-5e">
         <name>.debug_info</name>
         <load_address>0x7fb6</load_address>
         <run_address>0x7fb6</run_address>
         <size>0x102b</size>
         <input_file_ref idref="fl-96"/>
      </object_component>
      <object_component id="oc-63">
         <name>.debug_info</name>
         <load_address>0x8fe1</load_address>
         <run_address>0x8fe1</run_address>
         <size>0xcc</size>
         <input_file_ref idref="fl-97"/>
      </object_component>
      <object_component id="oc-66">
         <name>.debug_info</name>
         <load_address>0x90ad</load_address>
         <run_address>0x90ad</run_address>
         <size>0xabf</size>
         <input_file_ref idref="fl-98"/>
      </object_component>
      <object_component id="oc-6c">
         <name>.debug_info</name>
         <load_address>0x9b6c</load_address>
         <run_address>0x9b6c</run_address>
         <size>0x79d</size>
         <input_file_ref idref="fl-99"/>
      </object_component>
      <object_component id="oc-6f">
         <name>.debug_info</name>
         <load_address>0xa309</load_address>
         <run_address>0xa309</run_address>
         <size>0x5ff</size>
         <input_file_ref idref="fl-9a"/>
      </object_component>
      <object_component id="oc-72">
         <name>.debug_info</name>
         <load_address>0xa908</load_address>
         <run_address>0xa908</run_address>
         <size>0x8e9</size>
         <input_file_ref idref="fl-9b"/>
      </object_component>
      <object_component id="oc-75">
         <name>.debug_info</name>
         <load_address>0xb1f1</load_address>
         <run_address>0xb1f1</run_address>
         <size>0x6ae</size>
         <input_file_ref idref="fl-9c"/>
      </object_component>
      <object_component id="oc-7a">
         <name>.debug_info</name>
         <load_address>0xb89f</load_address>
         <run_address>0xb89f</run_address>
         <size>0x64b</size>
         <input_file_ref idref="fl-9d"/>
      </object_component>
      <object_component id="oc-7d">
         <name>.debug_info</name>
         <load_address>0xbeea</load_address>
         <run_address>0xbeea</run_address>
         <size>0x85c</size>
         <input_file_ref idref="fl-9e"/>
      </object_component>
      <object_component id="oc-80">
         <name>.debug_info</name>
         <load_address>0xc746</load_address>
         <run_address>0xc746</run_address>
         <size>0x81c</size>
         <input_file_ref idref="fl-9f"/>
      </object_component>
      <object_component id="oc-83">
         <name>.debug_info</name>
         <load_address>0xcf62</load_address>
         <run_address>0xcf62</run_address>
         <size>0xdc3</size>
         <input_file_ref idref="fl-a0"/>
      </object_component>
      <object_component id="oc-87">
         <name>.debug_info</name>
         <load_address>0xdd25</load_address>
         <run_address>0xdd25</run_address>
         <size>0x850</size>
         <input_file_ref idref="fl-a1"/>
      </object_component>
      <object_component id="oc-8b">
         <name>.debug_info</name>
         <load_address>0xe575</load_address>
         <run_address>0xe575</run_address>
         <size>0x741</size>
         <input_file_ref idref="fl-a2"/>
      </object_component>
      <object_component id="oc-8e">
         <name>.debug_info</name>
         <load_address>0xecb6</load_address>
         <run_address>0xecb6</run_address>
         <size>0x633</size>
         <input_file_ref idref="fl-a3"/>
      </object_component>
      <object_component id="oc-93">
         <name>.debug_info</name>
         <load_address>0xf2e9</load_address>
         <run_address>0xf2e9</run_address>
         <size>0x2674</size>
         <input_file_ref idref="fl-a4"/>
      </object_component>
      <object_component id="oc-97">
         <name>.debug_info</name>
         <load_address>0x1195d</load_address>
         <run_address>0x1195d</run_address>
         <size>0x6c8</size>
         <input_file_ref idref="fl-a5"/>
      </object_component>
      <object_component id="oc-9a">
         <name>.debug_info</name>
         <load_address>0x12025</load_address>
         <run_address>0x12025</run_address>
         <size>0x6d5</size>
         <input_file_ref idref="fl-a6"/>
      </object_component>
      <object_component id="oc-9d">
         <name>.debug_info</name>
         <load_address>0x126fa</load_address>
         <run_address>0x126fa</run_address>
         <size>0x83e</size>
         <input_file_ref idref="fl-a7"/>
      </object_component>
      <object_component id="oc-a0">
         <name>.debug_info</name>
         <load_address>0x12f38</load_address>
         <run_address>0x12f38</run_address>
         <size>0x6b6</size>
         <input_file_ref idref="fl-a8"/>
      </object_component>
      <object_component id="oc-a3">
         <name>.debug_info</name>
         <load_address>0x135ee</load_address>
         <run_address>0x135ee</run_address>
         <size>0x7ac</size>
         <input_file_ref idref="fl-a9"/>
      </object_component>
      <object_component id="oc-a6">
         <name>.debug_info</name>
         <load_address>0x13d9a</load_address>
         <run_address>0x13d9a</run_address>
         <size>0x5e1</size>
         <input_file_ref idref="fl-aa"/>
      </object_component>
      <object_component id="oc-a8">
         <name>.debug_info</name>
         <load_address>0x1437b</load_address>
         <run_address>0x1437b</run_address>
         <size>0x6ce</size>
         <input_file_ref idref="fl-ab"/>
      </object_component>
      <object_component id="oc-ac">
         <name>.debug_info</name>
         <load_address>0x14a49</load_address>
         <run_address>0x14a49</run_address>
         <size>0xbd</size>
         <input_file_ref idref="fl-ac"/>
      </object_component>
      <object_component id="oc-af">
         <name>.debug_info</name>
         <load_address>0x14b06</load_address>
         <run_address>0x14b06</run_address>
         <size>0x67e</size>
         <input_file_ref idref="fl-ad"/>
      </object_component>
      <object_component id="oc-b2">
         <name>.debug_info</name>
         <load_address>0x15184</load_address>
         <run_address>0x15184</run_address>
         <size>0x697</size>
         <input_file_ref idref="fl-ae"/>
      </object_component>
      <object_component id="oc-b5">
         <name>.debug_info</name>
         <load_address>0x1581b</load_address>
         <run_address>0x1581b</run_address>
         <size>0x7a0</size>
         <input_file_ref idref="fl-af"/>
      </object_component>
      <object_component id="oc-b8">
         <name>.debug_info</name>
         <load_address>0x15fbb</load_address>
         <run_address>0x15fbb</run_address>
         <size>0x78a</size>
         <input_file_ref idref="fl-b0"/>
      </object_component>
      <object_component id="oc-bb">
         <name>.debug_info</name>
         <load_address>0x16745</load_address>
         <run_address>0x16745</run_address>
         <size>0x785</size>
         <input_file_ref idref="fl-b1"/>
      </object_component>
      <object_component id="oc-be">
         <name>.debug_info</name>
         <load_address>0x16eca</load_address>
         <run_address>0x16eca</run_address>
         <size>0x7fd</size>
         <input_file_ref idref="fl-b2"/>
      </object_component>
      <object_component id="oc-c1">
         <name>.debug_info</name>
         <load_address>0x176c7</load_address>
         <run_address>0x176c7</run_address>
         <size>0x716</size>
         <input_file_ref idref="fl-b3"/>
      </object_component>
      <object_component id="oc-c4">
         <name>.debug_info</name>
         <load_address>0x17ddd</load_address>
         <run_address>0x17ddd</run_address>
         <size>0x6b9</size>
         <input_file_ref idref="fl-b4"/>
      </object_component>
      <object_component id="oc-c7">
         <name>.debug_info</name>
         <load_address>0x18496</load_address>
         <run_address>0x18496</run_address>
         <size>0x7f3</size>
         <input_file_ref idref="fl-b5"/>
      </object_component>
      <object_component id="oc-ca">
         <name>.debug_info</name>
         <load_address>0x18c89</load_address>
         <run_address>0x18c89</run_address>
         <size>0x5b3</size>
         <input_file_ref idref="fl-b6"/>
      </object_component>
      <object_component id="oc-155">
         <name>.debug_info</name>
         <load_address>0x1923c</load_address>
         <run_address>0x1923c</run_address>
         <size>0x106</size>
      </object_component>
      <object_component id="oc-25">
         <name>.debug_line</name>
         <load_address>0x0</load_address>
         <run_address>0x0</run_address>
         <size>0x67</size>
         <input_file_ref idref="fl-e"/>
      </object_component>
      <object_component id="oc-29">
         <name>.debug_line</name>
         <load_address>0x67</load_address>
         <run_address>0x67</run_address>
         <size>0x3d</size>
         <input_file_ref idref="fl-86"/>
      </object_component>
      <object_component id="oc-2c">
         <name>.debug_line</name>
         <load_address>0xa4</load_address>
         <run_address>0xa4</run_address>
         <size>0x3c</size>
         <input_file_ref idref="fl-87"/>
      </object_component>
      <object_component id="oc-2f">
         <name>.debug_line</name>
         <load_address>0xe0</load_address>
         <run_address>0xe0</run_address>
         <size>0x3c</size>
         <input_file_ref idref="fl-88"/>
      </object_component>
      <object_component id="oc-38">
         <name>.debug_line</name>
         <load_address>0x11c</load_address>
         <run_address>0x11c</run_address>
         <size>0x4f</size>
         <input_file_ref idref="fl-8a"/>
      </object_component>
      <object_component id="oc-3b">
         <name>.debug_line</name>
         <load_address>0x16b</load_address>
         <run_address>0x16b</run_address>
         <size>0x53</size>
         <input_file_ref idref="fl-8b"/>
      </object_component>
      <object_component id="oc-3e">
         <name>.debug_line</name>
         <load_address>0x1be</load_address>
         <run_address>0x1be</run_address>
         <size>0x3e</size>
         <input_file_ref idref="fl-8c"/>
      </object_component>
      <object_component id="oc-41">
         <name>.debug_line</name>
         <load_address>0x1fc</load_address>
         <run_address>0x1fc</run_address>
         <size>0x3d</size>
         <input_file_ref idref="fl-8d"/>
      </object_component>
      <object_component id="oc-44">
         <name>.debug_line</name>
         <load_address>0x239</load_address>
         <run_address>0x239</run_address>
         <size>0x3d</size>
         <input_file_ref idref="fl-8e"/>
      </object_component>
      <object_component id="oc-49">
         <name>.debug_line</name>
         <load_address>0x276</load_address>
         <run_address>0x276</run_address>
         <size>0x92</size>
         <input_file_ref idref="fl-8f"/>
      </object_component>
      <object_component id="oc-4c">
         <name>.debug_line</name>
         <load_address>0x308</load_address>
         <run_address>0x308</run_address>
         <size>0x6b</size>
         <input_file_ref idref="fl-90"/>
      </object_component>
      <object_component id="oc-4f">
         <name>.debug_line</name>
         <load_address>0x373</load_address>
         <run_address>0x373</run_address>
         <size>0x3f</size>
         <input_file_ref idref="fl-91"/>
      </object_component>
      <object_component id="oc-53">
         <name>.debug_line</name>
         <load_address>0x3b2</load_address>
         <run_address>0x3b2</run_address>
         <size>0x93</size>
         <input_file_ref idref="fl-92"/>
      </object_component>
      <object_component id="oc-56">
         <name>.debug_line</name>
         <load_address>0x445</load_address>
         <run_address>0x445</run_address>
         <size>0x3e</size>
         <input_file_ref idref="fl-93"/>
      </object_component>
      <object_component id="oc-59">
         <name>.debug_line</name>
         <load_address>0x483</load_address>
         <run_address>0x483</run_address>
         <size>0x39</size>
         <input_file_ref idref="fl-94"/>
      </object_component>
      <object_component id="oc-5c">
         <name>.debug_line</name>
         <load_address>0x4bc</load_address>
         <run_address>0x4bc</run_address>
         <size>0x56</size>
         <input_file_ref idref="fl-95"/>
      </object_component>
      <object_component id="oc-61">
         <name>.debug_line</name>
         <load_address>0x512</load_address>
         <run_address>0x512</run_address>
         <size>0x130</size>
         <input_file_ref idref="fl-96"/>
      </object_component>
      <object_component id="oc-64">
         <name>.debug_line</name>
         <load_address>0x642</load_address>
         <run_address>0x642</run_address>
         <size>0x4a</size>
         <input_file_ref idref="fl-97"/>
      </object_component>
      <object_component id="oc-6a">
         <name>.debug_line</name>
         <load_address>0x68c</load_address>
         <run_address>0x68c</run_address>
         <size>0xa7</size>
         <input_file_ref idref="fl-98"/>
      </object_component>
      <object_component id="oc-6d">
         <name>.debug_line</name>
         <load_address>0x733</load_address>
         <run_address>0x733</run_address>
         <size>0x46</size>
         <input_file_ref idref="fl-99"/>
      </object_component>
      <object_component id="oc-70">
         <name>.debug_line</name>
         <load_address>0x779</load_address>
         <run_address>0x779</run_address>
         <size>0x39</size>
         <input_file_ref idref="fl-9a"/>
      </object_component>
      <object_component id="oc-73">
         <name>.debug_line</name>
         <load_address>0x7b2</load_address>
         <run_address>0x7b2</run_address>
         <size>0x6a</size>
         <input_file_ref idref="fl-9b"/>
      </object_component>
      <object_component id="oc-78">
         <name>.debug_line</name>
         <load_address>0x81c</load_address>
         <run_address>0x81c</run_address>
         <size>0x53</size>
         <input_file_ref idref="fl-9c"/>
      </object_component>
      <object_component id="oc-7b">
         <name>.debug_line</name>
         <load_address>0x86f</load_address>
         <run_address>0x86f</run_address>
         <size>0x39</size>
         <input_file_ref idref="fl-9d"/>
      </object_component>
      <object_component id="oc-7e">
         <name>.debug_line</name>
         <load_address>0x8a8</load_address>
         <run_address>0x8a8</run_address>
         <size>0x68</size>
         <input_file_ref idref="fl-9e"/>
      </object_component>
      <object_component id="oc-81">
         <name>.debug_line</name>
         <load_address>0x910</load_address>
         <run_address>0x910</run_address>
         <size>0x38</size>
         <input_file_ref idref="fl-9f"/>
      </object_component>
      <object_component id="oc-85">
         <name>.debug_line</name>
         <load_address>0x948</load_address>
         <run_address>0x948</run_address>
         <size>0x126</size>
         <input_file_ref idref="fl-a0"/>
      </object_component>
      <object_component id="oc-89">
         <name>.debug_line</name>
         <load_address>0xa6e</load_address>
         <run_address>0xa6e</run_address>
         <size>0x66</size>
         <input_file_ref idref="fl-a1"/>
      </object_component>
      <object_component id="oc-8c">
         <name>.debug_line</name>
         <load_address>0xad4</load_address>
         <run_address>0xad4</run_address>
         <size>0x40</size>
         <input_file_ref idref="fl-a2"/>
      </object_component>
      <object_component id="oc-91">
         <name>.debug_line</name>
         <load_address>0xb14</load_address>
         <run_address>0xb14</run_address>
         <size>0x35</size>
         <input_file_ref idref="fl-a3"/>
      </object_component>
      <object_component id="oc-95">
         <name>.debug_line</name>
         <load_address>0xb49</load_address>
         <run_address>0xb49</run_address>
         <size>0x31a</size>
         <input_file_ref idref="fl-a4"/>
      </object_component>
      <object_component id="oc-98">
         <name>.debug_line</name>
         <load_address>0xe63</load_address>
         <run_address>0xe63</run_address>
         <size>0x3f</size>
         <input_file_ref idref="fl-a5"/>
      </object_component>
      <object_component id="oc-9b">
         <name>.debug_line</name>
         <load_address>0xea2</load_address>
         <run_address>0xea2</run_address>
         <size>0x45</size>
         <input_file_ref idref="fl-a6"/>
      </object_component>
      <object_component id="oc-9e">
         <name>.debug_line</name>
         <load_address>0xee7</load_address>
         <run_address>0xee7</run_address>
         <size>0x49</size>
         <input_file_ref idref="fl-a7"/>
      </object_component>
      <object_component id="oc-a1">
         <name>.debug_line</name>
         <load_address>0xf30</load_address>
         <run_address>0xf30</run_address>
         <size>0x45</size>
         <input_file_ref idref="fl-a8"/>
      </object_component>
      <object_component id="oc-a4">
         <name>.debug_line</name>
         <load_address>0xf75</load_address>
         <run_address>0xf75</run_address>
         <size>0x44</size>
         <input_file_ref idref="fl-a9"/>
      </object_component>
      <object_component id="oc-ad">
         <name>.debug_line</name>
         <load_address>0xfb9</load_address>
         <run_address>0xfb9</run_address>
         <size>0x44</size>
         <input_file_ref idref="fl-ac"/>
      </object_component>
      <object_component id="oc-b0">
         <name>.debug_line</name>
         <load_address>0xffd</load_address>
         <run_address>0xffd</run_address>
         <size>0x3d</size>
         <input_file_ref idref="fl-ad"/>
      </object_component>
      <object_component id="oc-b3">
         <name>.debug_line</name>
         <load_address>0x103a</load_address>
         <run_address>0x103a</run_address>
         <size>0x3d</size>
         <input_file_ref idref="fl-ae"/>
      </object_component>
      <object_component id="oc-b6">
         <name>.debug_line</name>
         <load_address>0x1077</load_address>
         <run_address>0x1077</run_address>
         <size>0x3c</size>
         <input_file_ref idref="fl-af"/>
      </object_component>
      <object_component id="oc-b9">
         <name>.debug_line</name>
         <load_address>0x10b3</load_address>
         <run_address>0x10b3</run_address>
         <size>0x73</size>
         <input_file_ref idref="fl-b0"/>
      </object_component>
      <object_component id="oc-bc">
         <name>.debug_line</name>
         <load_address>0x1126</load_address>
         <run_address>0x1126</run_address>
         <size>0x61</size>
         <input_file_ref idref="fl-b1"/>
      </object_component>
      <object_component id="oc-bf">
         <name>.debug_line</name>
         <load_address>0x1187</load_address>
         <run_address>0x1187</run_address>
         <size>0x38</size>
         <input_file_ref idref="fl-b2"/>
      </object_component>
      <object_component id="oc-c2">
         <name>.debug_line</name>
         <load_address>0x11bf</load_address>
         <run_address>0x11bf</run_address>
         <size>0x40</size>
         <input_file_ref idref="fl-b3"/>
      </object_component>
      <object_component id="oc-c5">
         <name>.debug_line</name>
         <load_address>0x11ff</load_address>
         <run_address>0x11ff</run_address>
         <size>0x3f</size>
         <input_file_ref idref="fl-b4"/>
      </object_component>
      <object_component id="oc-c8">
         <name>.debug_line</name>
         <load_address>0x123e</load_address>
         <run_address>0x123e</run_address>
         <size>0x3f</size>
         <input_file_ref idref="fl-b5"/>
      </object_component>
      <object_component id="oc-cb">
         <name>.debug_line</name>
         <load_address>0x127d</load_address>
         <run_address>0x127d</run_address>
         <size>0x23</size>
         <input_file_ref idref="fl-b6"/>
      </object_component>
      <object_component id="oc-26">
         <name>.debug_abbrev</name>
         <load_address>0x0</load_address>
         <run_address>0x0</run_address>
         <size>0x23</size>
         <input_file_ref idref="fl-e"/>
      </object_component>
      <object_component id="oc-2a">
         <name>.debug_abbrev</name>
         <load_address>0x23</load_address>
         <run_address>0x23</run_address>
         <size>0xfe</size>
         <input_file_ref idref="fl-86"/>
      </object_component>
      <object_component id="oc-2d">
         <name>.debug_abbrev</name>
         <load_address>0x121</load_address>
         <run_address>0x121</run_address>
         <size>0xf5</size>
         <input_file_ref idref="fl-87"/>
      </object_component>
      <object_component id="oc-30">
         <name>.debug_abbrev</name>
         <load_address>0x216</load_address>
         <run_address>0x216</run_address>
         <size>0xe7</size>
         <input_file_ref idref="fl-88"/>
      </object_component>
      <object_component id="oc-34">
         <name>.debug_abbrev</name>
         <load_address>0x2fd</load_address>
         <run_address>0x2fd</run_address>
         <size>0x44</size>
         <input_file_ref idref="fl-89"/>
      </object_component>
      <object_component id="oc-39">
         <name>.debug_abbrev</name>
         <load_address>0x341</load_address>
         <run_address>0x341</run_address>
         <size>0x119</size>
         <input_file_ref idref="fl-8a"/>
      </object_component>
      <object_component id="oc-3c">
         <name>.debug_abbrev</name>
         <load_address>0x45a</load_address>
         <run_address>0x45a</run_address>
         <size>0x130</size>
         <input_file_ref idref="fl-8b"/>
      </object_component>
      <object_component id="oc-3f">
         <name>.debug_abbrev</name>
         <load_address>0x58a</load_address>
         <run_address>0x58a</run_address>
         <size>0x12d</size>
         <input_file_ref idref="fl-8c"/>
      </object_component>
      <object_component id="oc-42">
         <name>.debug_abbrev</name>
         <load_address>0x6b7</load_address>
         <run_address>0x6b7</run_address>
         <size>0xba</size>
         <input_file_ref idref="fl-8d"/>
      </object_component>
      <object_component id="oc-45">
         <name>.debug_abbrev</name>
         <load_address>0x771</load_address>
         <run_address>0x771</run_address>
         <size>0xa6</size>
         <input_file_ref idref="fl-8e"/>
      </object_component>
      <object_component id="oc-4a">
         <name>.debug_abbrev</name>
         <load_address>0x817</load_address>
         <run_address>0x817</run_address>
         <size>0x1cd</size>
         <input_file_ref idref="fl-8f"/>
      </object_component>
      <object_component id="oc-4d">
         <name>.debug_abbrev</name>
         <load_address>0x9e4</load_address>
         <run_address>0x9e4</run_address>
         <size>0x14f</size>
         <input_file_ref idref="fl-90"/>
      </object_component>
      <object_component id="oc-50">
         <name>.debug_abbrev</name>
         <load_address>0xb33</load_address>
         <run_address>0xb33</run_address>
         <size>0x11f</size>
         <input_file_ref idref="fl-91"/>
      </object_component>
      <object_component id="oc-54">
         <name>.debug_abbrev</name>
         <load_address>0xc52</load_address>
         <run_address>0xc52</run_address>
         <size>0x14b</size>
         <input_file_ref idref="fl-92"/>
      </object_component>
      <object_component id="oc-57">
         <name>.debug_abbrev</name>
         <load_address>0xd9d</load_address>
         <run_address>0xd9d</run_address>
         <size>0x8c</size>
         <input_file_ref idref="fl-93"/>
      </object_component>
      <object_component id="oc-5a">
         <name>.debug_abbrev</name>
         <load_address>0xe29</load_address>
         <run_address>0xe29</run_address>
         <size>0xd0</size>
         <input_file_ref idref="fl-94"/>
      </object_component>
      <object_component id="oc-5d">
         <name>.debug_abbrev</name>
         <load_address>0xef9</load_address>
         <run_address>0xef9</run_address>
         <size>0xa3</size>
         <input_file_ref idref="fl-95"/>
      </object_component>
      <object_component id="oc-62">
         <name>.debug_abbrev</name>
         <load_address>0xf9c</load_address>
         <run_address>0xf9c</run_address>
         <size>0x215</size>
         <input_file_ref idref="fl-96"/>
      </object_component>
      <object_component id="oc-65">
         <name>.debug_abbrev</name>
         <load_address>0x11b1</load_address>
         <run_address>0x11b1</run_address>
         <size>0x3a</size>
         <input_file_ref idref="fl-97"/>
      </object_component>
      <object_component id="oc-6b">
         <name>.debug_abbrev</name>
         <load_address>0x11eb</load_address>
         <run_address>0x11eb</run_address>
         <size>0x1f8</size>
         <input_file_ref idref="fl-98"/>
      </object_component>
      <object_component id="oc-6e">
         <name>.debug_abbrev</name>
         <load_address>0x13e3</load_address>
         <run_address>0x13e3</run_address>
         <size>0xd0</size>
         <input_file_ref idref="fl-99"/>
      </object_component>
      <object_component id="oc-71">
         <name>.debug_abbrev</name>
         <load_address>0x14b3</load_address>
         <run_address>0x14b3</run_address>
         <size>0x71</size>
         <input_file_ref idref="fl-9a"/>
      </object_component>
      <object_component id="oc-74">
[...]
         <name>binit</name>
         <value>0xffffffff</value>
      </symbol>
      <symbol id="sm-b">
         <name>___binit__</name>
         <value>0xffffffff</value>
      </symbol>
      <symbol id="sm-c">
         <name>__STACK_SIZE</name>
         <value>0xc000</value>
      </symbol>
      <symbol id="sm-d">
         <name>__STACK_END</name>
         <value>0x81e180</value>
      </symbol>
      <symbol id="sm-e">
         <name>__SYSMEM_SIZE</name>
         <value>0x8000</value>
      </symbol>
      <symbol id="sm-f">
         <name>___c_args__</name>
         <value>0xffffffff</value>
      </symbol>
      <symbol id="sm-10">
         <name>.text</name>
         <value>0xffffffff</value>
      </symbol>
      <symbol id="sm-11">
         <name>___text__</name>
         <value>0xffffffff</value>
      </symbol>
      <symbol id="sm-12">
         <name>etext</name>
         <value>0xffffffff</value>
      </symbol>
      <symbol id="sm-13">
         <name>___etext__</name>
         <value>0xffffffff</value>
      </symbol>
      <symbol id="sm-14">
         <name>.data</name>
         <value>0xffffffff</value>
      </symbol>
      <symbol id="sm-15">
         <name>___data__</name>
         <value>0xffffffff</value>
      </symbol>
      <symbol id="sm-16">
         <name>edata</name>
         <value>0xffffffff</value>
      </symbol>
      <symbol id="sm-17">
         <name>___edata__</name>
         <value>0xffffffff</value>
      </symbol>
      <symbol id="sm-18">
         <name>.bss</name>
         <value>0x800000</value>
      </symbol>
      <symbol id="sm-19">
         <name>___bss__</name>
         <value>0x800000</value>
      </symbol>
      <symbol id="sm-1a">
         <name>end</name>
         <value>0x800000</value>
      </symbol>
      <symbol id="sm-1b">
         <name>___end__</name>
         <value>0x800000</value>
      </symbol>
      <symbol id="sm-1c">
         <name>___TI_pprof_out_hndl</name>
         <value>0xffffffff</value>
      </symbol>
      <symbol id="sm-1d">
         <name>___TI_prof_data_start</name>
         <value>0xffffffff</value>
      </symbol>
      <symbol id="sm-1e">
         <name>___TI_prof_data_size</name>
         <value>0xffffffff</value>
      </symbol>
      <symbol id="sm-1f">
         <name>$bss</name>
         <value>0x800000</value>
      </symbol>
      <symbol id="sm-8d">
         <name>_main</name>
         <value>0x81e180</value>
         <object_component_ref idref="oc-db"/>
      </symbol>
      <symbol id="sm-8e">
         <name>_a</name>
         <value>0x812128</value>
         <object_component_ref idref="oc-1d"/>
      </symbol>
      <symbol id="sm-ac">
         <name>_input_data</name>
         <value>0x80ddf8</value>
         <object_component_ref idref="oc-20"/>
      </symbol>
      <symbol id="sm-ad">
         <name>_output_data</name>
         <value>0x8041a0</value>
         <object_component_ref idref="oc-20"/>
      </symbol>
      <symbol id="sm-ae">
         <name>_b_sc</name>
         <value>0x804010</value>
         <object_component_ref idref="oc-20"/>
      </symbol>
      <symbol id="sm-af">
         <name>_a_sc</name>
         <value>0x803e80</value>
         <object_component_ref idref="oc-20"/>
      </symbol>
      <symbol id="sm-b0">
         <name>_a_ext</name>
         <value>0x800000</value>
         <object_component_ref idref="oc-20"/>
      </symbol>
      <symbol id="sm-b1">
         <name>_b_ext</name>
         <value>0x801f40</value>
         <object_component_ref idref="oc-20"/>
      </symbol>
      <symbol id="sm-b2">
         <name>_output</name>
         <value>0x80dde0</value>
         <object_component_ref idref="oc-20"/>
      </symbol>
      <symbol id="sm-b3">
         <name>_isequal</name>
         <value>0x820f84</value>
         <object_component_ref idref="oc-e3"/>
      </symbol>
      <symbol id="sm-b4">
         <name>_input</name>
         <value>0x811c78</value>
         <object_component_ref idref="oc-20"/>
      </symbol>
      <symbol id="sm-b5">
         <name>_gimme_random</name>
         <value>0x821254</value>
         <object_component_ref idref="oc-e3"/>
      </symbol>
      <symbol id="sm-f7">
         <name>_print_test_results</name>
         <value>0x81f1c0</value>
         <object_component_ref idref="oc-df"/>
      </symbol>
      <symbol id="sm-f8">
         <name>_fcn_pass</name>
         <value>0x812110</value>
         <object_component_ref idref="oc-21"/>
      </symbol>
      <symbol id="sm-f9">
         <name>_print_memory_results</name>
         <value>0x81f68c</value>
         <object_component_ref idref="oc-df"/>
      </symbol>
      <symbol id="sm-fa">
         <name>_driver_init</name>
         <value>0x81f76c</value>
         <object_component_ref idref="oc-df"/>
      </symbol>
      <symbol id="sm-fb">
         <name>_fp</name>
         <value>0x8120cc</value>
         <object_component_ref idref="oc-21"/>
      </symbol>
      <symbol id="sm-fc">
         <name>_print_profile_results</name>
         <value>0x81f56c</value>
         <object_component_ref idref="oc-df"/>
      </symbol>
      <symbol id="sm-fd">
         <name>_all_pass</name>
         <value>0x812124</value>
         <object_component_ref idref="oc-21"/>
      </symbol>
      <symbol id="sm-fe">
         <name>_t_stop</name>
         <value>0x8120d8</value>
         <object_component_ref idref="oc-21"/>
      </symbol>
      <symbol id="sm-ff">
         <name>_t_offset</name>
         <value>0x8120e0</value>
         <object_component_ref idref="oc-21"/>
      </symbol>
      <symbol id="sm-100">
         <name>_seed</name>
         <value>0x8120c8</value>
         <object_component_ref idref="oc-21"/>
      </symbol>
      <symbol id="sm-101">
         <name>_cycle_counts</name>
         <value>0x8120e8</value>
         <object_component_ref idref="oc-21"/>
      </symbol>
      <symbol id="sm-102">
         <name>_t_start</name>
         <value>0x8120d0</value>
         <object_component_ref idref="oc-21"/>
      </symbol>
      <symbol id="sm-108">
         <name>_sqrtsp_c</name>
         <value>0x82f0c0</value>
         <object_component_ref idref="oc-e1"/>
      </symbol>
      <symbol id="sm-111">
         <name>_sqrtsp_v</name>
         <value>0x82ecc0</value>
         <object_component_ref idref="oc-e2"/>
      </symbol>
      <symbol id="sm-11a">
         <name>_sqrtsp</name>
         <value>0x82f020</value>
         <object_component_ref idref="oc-23"/>
      </symbol>
      <symbol id="sm-12a">
         <name>_c_int00</name>
         <value>0x825e60</value>
         <object_component_ref idref="oc-1b"/>
      </symbol>
      <symbol id="sm-12b">
         <name>__stack</name>
         <value>0x812180</value>
         <object_component_ref idref="oc-28"/>
      </symbol>
      <symbol id="sm-13d">
         <name>__divd</name>
         <value>0x81f820</value>
         <object_component_ref idref="oc-ed"/>
      </symbol>
      <symbol id="sm-14d">
         <name>__divf</name>
         <value>0x821dc0</value>
         <object_component_ref idref="oc-ef"/>
      </symbol>
      <symbol id="sm-157">
         <name>_errno</name>
         <value>0x811fa4</value>
         <object_component_ref idref="oc-33"/>
      </symbol>
      <symbol id="sm-16e">
         <name>C$$EXIT</name>
         <value>0x8265c0</value>
         <object_component_ref idref="oc-dc"/>
      </symbol>
      <symbol id="sm-16f">
         <name>_exit</name>
         <value>0x825320</value>
         <object_component_ref idref="oc-cf"/>
      </symbol>
      <symbol id="sm-170">
         <name>___TI_enable_exit_profile_output</name>
         <value>0x812158</value>
         <object_component_ref idref="oc-37"/>
      </symbol>
      <symbol id="sm-171">
         <name>_abort</name>
         <value>0x8265c0</value>
         <object_component_ref idref="oc-dc"/>
      </symbol>
      <symbol id="sm-172">
         <name>__cleanup_ptr</name>
         <value>0x812150</value>
         <object_component_ref idref="oc-37"/>
      </symbol>
      <symbol id="sm-173">
         <name>__dtors_ptr</name>
         <value>0x812154</value>
         <object_component_ref idref="oc-37"/>
      </symbol>
      <symbol id="sm-189">
         <name>__closefile</name>
         <value>0x823e20</value>
         <object_component_ref idref="oc-fa"/>
      </symbol>
      <symbol id="sm-18a">
         <name>_fclose</name>
         <value>0x826120</value>
         <object_component_ref idref="oc-eb"/>
      </symbol>
      <symbol id="sm-197">
         <name>__doflush</name>
         <value>0x825260</value>
         <object_component_ref idref="oc-105"/>
      </symbol>
      <symbol id="sm-1a7">
         <name>__fixdlli</name>
         <value>0x8243a0</value>
         <object_component_ref idref="oc-e6"/>
      </symbol>
      <symbol id="sm-1b5">
         <name>__fltllif</name>
         <value>0x824980</value>
         <object_component_ref idref="oc-e5"/>
      </symbol>
      <symbol id="sm-1de">
         <name>__cleanup</name>
         <value>0x825540</value>
         <object_component_ref idref="oc-103"/>
      </symbol>
      <symbol id="sm-1df">
         <name>_fopen</name>
         <value>0x826180</value>
         <object_component_ref idref="oc-e9"/>
      </symbol>
      <symbol id="sm-1f4">
         <name>_fprintf</name>
         <value>0x8245a0</value>
         <object_component_ref idref="oc-ea"/>
      </symbol>
      <symbol id="sm-20f">
         <name>_putc</name>
         <value>0x822be0</value>
         <object_component_ref idref="oc-101"/>
      </symbol>
      <symbol id="sm-210">
         <name>_fputc</name>
         <value>0x822be0</value>
         <object_component_ref idref="oc-101"/>
      </symbol>
      <symbol id="sm-232">
         <name>_fputs</name>
         <value>0x820bc0</value>
         <object_component_ref idref="oc-fc"/>
      </symbol>
      <symbol id="sm-23c">
         <name>__frcmpyd_div</name>
         <value>0x826420</value>
         <object_component_ref idref="oc-fb"/>
      </symbol>
      <symbol id="sm-246">
         <name>___isinff</name>
         <value>0x8264e0</value>
         <object_component_ref idref="oc-ee"/>
      </symbol>
      <symbol id="sm-254">
         <name>__llshl</name>
         <value>0x825de0</value>
         <object_component_ref idref="oc-f1"/>
      </symbol>
      <symbol id="sm-255">
         <name>__llshru</name>
         <value>0x826460</value>
         <object_component_ref idref="oc-f2"/>
      </symbol>
      <symbol id="sm-2a3">
         <name>_unlink</name>
         <value>0x825fe0</value>
         <object_component_ref idref="oc-113"/>
      </symbol>
      <symbol id="sm-2a4">
         <name>_open</name>
         <value>0x823a20</value>
         <object_component_ref idref="oc-104"/>
      </symbol>
      <symbol id="sm-2a5">
         <name>_lseek</name>
         <value>0x825a40</value>
         <object_component_ref idref="oc-11f"/>
      </symbol>
      <symbol id="sm-2a6">
         <name>_close</name>
         <value>0x824b40</value>
         <object_component_ref idref="oc-107"/>
      </symbol>
      <symbol id="sm-2a7">
         <name>_write</name>
         <value>0x825cc0</value>
         <object_component_ref idref="oc-10a"/>
      </symbol>
      <symbol id="sm-2af">
         <name>_memcpy</name>
         <value>0x825ae0</value>
         <object_component_ref idref="oc-d9"/>
      </symbol>
      <symbol id="sm-2e8">
         <name>__sys_memory</name>
         <value>0x826640</value>
         <object_component_ref idref="oc-69"/>
      </symbol>
      <symbol id="sm-2e9">
         <name>_free</name>
         <value>0x822040</value>
         <object_component_ref idref="oc-106"/>
      </symbol>
      <symbol id="sm-2ea">
         <name>_malloc</name>
         <value>0x8238a0</value>
         <object_component_ref idref="oc-120"/>
      </symbol>
      <symbol id="sm-2f5">
         <name>_memset</name>
         <value>0x824c20</value>
         <object_component_ref idref="oc-102"/>
      </symbol>
      <symbol id="sm-2ff">
         <name>__negll</name>
         <value>0x826500</value>
         <object_component_ref idref="oc-f0"/>
      </symbol>
      <symbol id="sm-314">
         <name>_printf</name>
         <value>0x824d00</value>
         <object_component_ref idref="oc-e7"/>
      </symbol>
      <symbol id="sm-329">
         <name>_rand</name>
         <value>0x825ee0</value>
         <object_component_ref idref="oc-e8"/>
      </symbol>
      <symbol id="sm-32a">
         <name>_srand</name>
         <value>0x826240</value>
         <object_component_ref idref="oc-ec"/>
      </symbol>
      <symbol id="sm-334">
         <name>_remove</name>
         <value>0x8265e0</value>
         <object_component_ref idref="oc-108"/>
      </symbol>
      <symbol id="sm-340">
         <name>_sqrt</name>
         <value>0x8246a0</value>
         <object_component_ref idref="oc-e4"/>
      </symbol>
      <symbol id="sm-34b">
         <name>_sqrtf</name>
         <value>0x8247a0</value>
         <object_component_ref idref="oc-e0"/>
      </symbol>
      <symbol id="sm-374">
         <name>_HOSTopen</name>
         <value>0x8248a0</value>
         <object_component_ref idref="oc-d0"/>
      </symbol>
      <symbol id="sm-375">
         <name>_HOSTread</name>
         <value>0x824de0</value>
         <object_component_ref idref="oc-d2"/>
      </symbol>
      <symbol id="sm-376">
         <name>_HOSTrename</name>
         <value>0x823720</value>
         <object_component_ref idref="oc-d6"/>
      </symbol>
      <symbol id="sm-377">
         <name>_HOSTwrite</name>
         <value>0x824f60</value>
         <object_component_ref idref="oc-d3"/>
      </symbol>
      <symbol id="sm-378">
         <name>_HOSTlseek</name>
         <value>0x8242a0</value>
         <object_component_ref idref="oc-d4"/>
      </symbol>
      <symbol id="sm-379">
         <name>_HOSTunlink</name>
         <value>0x824ea0</value>
         <object_component_ref idref="oc-d5"/>
      </symbol>
      <symbol id="sm-37a">
         <name>_HOSTclose</name>
         <value>0x8254a0</value>
         <object_component_ref idref="oc-d1"/>
      </symbol>
      <symbol id="sm-38a">
         <name>C$$IO$$</name>
         <value>0x826358</value>
         <object_component_ref idref="oc-dd"/>
      </symbol>
      <symbol id="sm-38b">
         <name>__CIOBUF_</name>
         <value>0x82eb9c</value>
         <object_component_ref idref="oc-88"/>
      </symbol>
      <symbol id="sm-38c">
         <name>_readmsg</name>
         <value>0x825f60</value>
         <object_component_ref idref="oc-de"/>
      </symbol>
      <symbol id="sm-38d">
         <name>_writemsg</name>
         <value>0x826300</value>
         <object_component_ref idref="oc-dd"/>
      </symbol>
      <symbol id="sm-39c">
         <name>__wrt_ok</name>
         <value>0x8244a0</value>
         <object_component_ref idref="oc-109"/>
      </symbol>
      <symbol id="sm-3aa">
         <name>__unlock</name>
         <value>0x812160</value>
         <object_component_ref idref="oc-90"/>
      </symbol>
      <symbol id="sm-3ab">
         <name>__lock</name>
         <value>0x81215c</value>
         <object_component_ref idref="oc-90"/>
      </symbol>
      <symbol id="sm-3ac">
         <name>__nop</name>
         <value>0x826520</value>
         <object_component_ref idref="oc-d7"/>
      </symbol>
      <symbol id="sm-4b6">
         <name>__printfi</name>
         <value>0x820340</value>
         <object_component_ref idref="oc-f4"/>
      </symbol>
      <symbol id="sm-4c0">
         <name>__args_main</name>
         <value>0x8263e0</value>
         <object_component_ref idref="oc-ce"/>
      </symbol>
      <symbol id="sm-4c1">
         <name>__TI_args_main</name>
         <value>0x1</value>
      </symbol>
      <symbol id="sm-4cf">
         <name>_atoi</name>
         <value>0x824a60</value>
         <object_component_ref idref="oc-10b"/>
      </symbol>
      <symbol id="sm-4de">
         <name>__auto_init</name>
         <value>0x825020</value>
         <object_component_ref idref="oc-cd"/>
      </symbol>
      <symbol id="sm-4eb">
         <name>___TI_cpp_init</name>
         <value>0x826060</value>
         <object_component_ref idref="oc-da"/>
      </symbol>
      <symbol id="sm-4f9">
         <name>_copy_in</name>
         <value>0x825900</value>
         <object_component_ref idref="oc-d8"/>
      </symbol>
      <symbol id="sm-501">
         <name>__ctypes_</name>
         <value>0x82e848</value>
         <object_component_ref idref="oc-116"/>
      </symbol>
      <symbol id="sm-50b">
         <name>__tmpnams</name>
         <value>0x811e60</value>
         <object_component_ref idref="oc-aa"/>
      </symbol>
      <symbol id="sm-50c">
         <name>__ft_end</name>
         <value>0x811fa0</value>
         <object_component_ref idref="oc-aa"/>
      </symbol>
      <symbol id="sm-50d">
         <name>__ftable</name>
         <value>0x811c80</value>
         <object_component_ref idref="oc-aa"/>
      </symbol>
      <symbol id="sm-516">
         <name>__c6xabi_divu</name>
         <value>0x8251a0</value>
         <object_component_ref idref="oc-12a"/>
      </symbol>
      <symbol id="sm-517">
         <name>__divu</name>
         <value>0x8251a0</value>
         <object_component_ref idref="oc-12a"/>
      </symbol>
      <symbol id="sm-524">
         <name>__fixdli</name>
         <value>0x8257c0</value>
         <object_component_ref idref="oc-127"/>
      </symbol>
      <symbol id="sm-52f">
         <name>__fltlid</name>
         <value>0x825d60</value>
         <object_component_ref idref="oc-129"/>
      </symbol>
      <symbol id="sm-540">
         <name>_fseek</name>
         <value>0x824180</value>
         <object_component_ref idref="oc-114"/>
      </symbol>
      <symbol id="sm-550">
         <name>__divul</name>
         <value>0x823580</value>
         <object_component_ref idref="oc-12b"/>
      </symbol>
      <symbol id="sm-551">
         <name>__remli</name>
         <value>0x8264a0</value>
         <object_component_ref idref="oc-12d"/>
      </symbol>
      <symbol id="sm-552">
         <name>__divli</name>
         <value>0x8255e0</value>
         <object_component_ref idref="oc-12e"/>
      </symbol>
      <symbol id="sm-566">
         <name>__subcull</name>
         <value>0x8260c0</value>
         <object_component_ref idref="oc-12f"/>
      </symbol>
      <symbol id="sm-567">
         <name>__divull</name>
         <value>0x8222c0</value>
         <object_component_ref idref="oc-12c"/>
      </symbol>
      <symbol id="sm-571">
         <name>___isinf</name>
         <value>0x826360</value>
         <object_component_ref idref="oc-118"/>
      </symbol>
      <symbol id="sm-57e">
         <name>_ltoa</name>
         <value>0x8253e0</value>
         <object_component_ref idref="oc-128"/>
      </symbol>
      <symbol id="sm-58b">
         <name>_memccpy</name>
         <value>0x8261e0</value>
         <object_component_ref idref="oc-10e"/>
      </symbol>
      <symbol id="sm-5a1">
         <name>_setvbuf</name>
         <value>0x823000</value>
         <object_component_ref idref="oc-115"/>
      </symbol>
   </symbol_table>
</link_info>
